L 07/13/2025 - 01:26:41: [CvarSettings] [c2m1_highway] Could not find CVar specified (confogl_boss_unprohibit)
L 07/13/2025 - 01:26:41: [CvarSettings] [c2m1_highway] Could not find CVar specified (ssb_block_car_alarms)
L 07/13/2025 - 01:26:41: [CvarSettings] [c2m1_highway] Could not find CVar specified (ssb_block_horde)
L 07/13/2025 - 01:28:02: [CvarSettings] [c2m1_highway] Could not find CVar specified (confogl_boss_unprohibit)
L 07/13/2025 - 01:28:02: [CvarSettings] [c2m1_highway] Could not find CVar specified (gfc_hittable_override)
L 07/13/2025 - 01:28:02: [CvarSettings] [c2m1_highway] Could not find CVar specified (gfc_hittable_rage_override)
L 07/13/2025 - 01:28:02: [CvarSettings] [c2m1_highway] Could not find CVar specified (gfc_rock_override)
L 07/13/2025 - 01:28:02: [CvarSettings] [c2m1_highway] Could not find CVar specified (gfc_rock_rage_override)
L 07/13/2025 - 01:28:02: [CvarSettings] [c2m1_highway] Could not find CVar specified (gfc_spit_extra_time)
L 07/13/2025 - 01:28:02: [CvarSettings] [c2m1_highway] Could not find CVar specified (gfc_common_extra_time)
L 07/13/2025 - 01:28:02: [CvarSettings] [c2m1_highway] Could not find CVar specified (gfc_hunter_duration)
L 07/13/2025 - 01:28:02: [CvarSettings] [c2m1_highway] Could not find CVar specified (gfc_jockey_duration)
L 07/13/2025 - 01:28:02: [CvarSettings] [c2m1_highway] Could not find CVar specified (gfc_smoker_duration)
L 07/13/2025 - 01:28:02: [CvarSettings] [c2m1_highway] Could not find CVar specified (gfc_charger_duration)
L 07/13/2025 - 01:28:02: [CvarSettings] [c2m1_highway] Could not find CVar specified (gfc_charger_stagger_extra_time)
L 07/13/2025 - 01:28:02: [CvarSettings] [c2m1_highway] Could not find CVar specified (gfc_charger_stagger_flags)
L 07/13/2025 - 01:28:02: [CvarSettings] [c2m1_highway] Could not find CVar specified (gfc_common_zc_flags)
L 07/13/2025 - 01:28:02: [CvarSettings] [c2m1_highway] Could not find CVar specified (gfc_spit_zc_flags)
L 07/13/2025 - 01:28:02: [CvarSettings] [c2m1_highway] Could not find CVar specified (gfc_godframe_glows)
L 07/13/2025 - 01:28:02: [CvarSettings] [c2m1_highway] Could not find CVar specified (gfc_ff_min_time)
L 07/13/2025 - 01:28:02: [CvarSettings] [c2m1_highway] Could not find CVar specified (l4d2_undoff_enable)
L 07/13/2025 - 01:28:02: [CvarSettings] [c2m1_highway] Could not find CVar specified (l4d2_undoff_blockzerodmg)
L 07/13/2025 - 01:28:02: [CvarSettings] [c2m1_highway] Could not find CVar specified (l4d2_undoff_permdmgfrac)
L 07/13/2025 - 01:28:02: [CvarSettings] [c2m1_highway] Could not find CVar specified (l4d2_shotgun_ff_multi)
L 07/13/2025 - 01:28:02: [CvarSettings] [c2m1_highway] Could not find CVar specified (l4d2_shotgun_ff_min)
L 07/13/2025 - 01:28:02: [CvarSettings] [c2m1_highway] Could not find CVar specified (l4d2_shotgun_ff_max)
L 07/13/2025 - 01:28:31: [CvarSettings] [c2m1_highway] Could not find CVar specified (confogl_boss_unprohibit)
L 07/13/2025 - 01:28:31: [CvarSettings] [c2m1_highway] Could not find CVar specified (ssb_block_car_alarms)
L 07/13/2025 - 01:28:31: [CvarSettings] [c2m1_highway] Could not find CVar specified (ssb_block_horde)
L 07/13/2025 - 02:11:26: [CvarSettings] [c2m1_highway] Could not find CVar specified (confogl_boss_unprohibit)
L 07/13/2025 - 02:11:26: [CvarSettings] [c2m1_highway] Could not find CVar specified (gfc_hittable_override)
L 07/13/2025 - 02:11:26: [CvarSettings] [c2m1_highway] Could not find CVar specified (gfc_hittable_rage_override)
L 07/13/2025 - 02:11:26: [CvarSettings] [c2m1_highway] Could not find CVar specified (gfc_rock_override)
L 07/13/2025 - 02:11:26: [CvarSettings] [c2m1_highway] Could not find CVar specified (gfc_rock_rage_override)
L 07/13/2025 - 02:11:26: [CvarSettings] [c2m1_highway] Could not find CVar specified (gfc_spit_extra_time)
L 07/13/2025 - 02:11:26: [CvarSettings] [c2m1_highway] Could not find CVar specified (gfc_common_extra_time)
L 07/13/2025 - 02:11:26: [CvarSettings] [c2m1_highway] Could not find CVar specified (gfc_hunter_duration)
L 07/13/2025 - 02:11:26: [CvarSettings] [c2m1_highway] Could not find CVar specified (gfc_jockey_duration)
L 07/13/2025 - 02:11:26: [CvarSettings] [c2m1_highway] Could not find CVar specified (gfc_smoker_duration)
L 07/13/2025 - 02:11:26: [CvarSettings] [c2m1_highway] Could not find CVar specified (gfc_charger_duration)
L 07/13/2025 - 02:11:26: [CvarSettings] [c2m1_highway] Could not find CVar specified (gfc_charger_stagger_extra_time)
L 07/13/2025 - 02:11:26: [CvarSettings] [c2m1_highway] Could not find CVar specified (gfc_charger_stagger_flags)
L 07/13/2025 - 02:11:26: [CvarSettings] [c2m1_highway] Could not find CVar specified (gfc_common_zc_flags)
L 07/13/2025 - 02:11:26: [CvarSettings] [c2m1_highway] Could not find CVar specified (gfc_spit_zc_flags)
L 07/13/2025 - 02:11:26: [CvarSettings] [c2m1_highway] Could not find CVar specified (gfc_godframe_glows)
L 07/13/2025 - 02:11:26: [CvarSettings] [c2m1_highway] Could not find CVar specified (gfc_ff_min_time)
L 07/13/2025 - 02:11:26: [CvarSettings] [c2m1_highway] Could not find CVar specified (l4d2_undoff_enable)
L 07/13/2025 - 02:11:26: [CvarSettings] [c2m1_highway] Could not find CVar specified (l4d2_undoff_blockzerodmg)
L 07/13/2025 - 02:11:26: [CvarSettings] [c2m1_highway] Could not find CVar specified (l4d2_undoff_permdmgfrac)
L 07/13/2025 - 02:11:26: [CvarSettings] [c2m1_highway] Could not find CVar specified (l4d2_shotgun_ff_multi)
L 07/13/2025 - 02:11:26: [CvarSettings] [c2m1_highway] Could not find CVar specified (l4d2_shotgun_ff_min)
L 07/13/2025 - 02:11:26: [CvarSettings] [c2m1_highway] Could not find CVar specified (l4d2_shotgun_ff_max)
L 07/13/2025 - 09:32:51: [CvarSettings] [c2m1_highway] Could not find CVar specified (confogl_boss_unprohibit)
L 07/13/2025 - 09:32:51: [CvarSettings] [c2m1_highway] Could not find CVar specified (gfc_hittable_override)
L 07/13/2025 - 09:32:51: [CvarSettings] [c2m1_highway] Could not find CVar specified (gfc_hittable_rage_override)
L 07/13/2025 - 09:32:51: [CvarSettings] [c2m1_highway] Could not find CVar specified (gfc_rock_override)
L 07/13/2025 - 09:32:51: [CvarSettings] [c2m1_highway] Could not find CVar specified (gfc_rock_rage_override)
L 07/13/2025 - 09:32:51: [CvarSettings] [c2m1_highway] Could not find CVar specified (gfc_spit_extra_time)
L 07/13/2025 - 09:32:51: [CvarSettings] [c2m1_highway] Could not find CVar specified (gfc_common_extra_time)
L 07/13/2025 - 09:32:51: [CvarSettings] [c2m1_highway] Could not find CVar specified (gfc_hunter_duration)
L 07/13/2025 - 09:32:51: [CvarSettings] [c2m1_highway] Could not find CVar specified (gfc_jockey_duration)
L 07/13/2025 - 09:32:51: [CvarSettings] [c2m1_highway] Could not find CVar specified (gfc_smoker_duration)
L 07/13/2025 - 09:32:51: [CvarSettings] [c2m1_highway] Could not find CVar specified (gfc_charger_duration)
L 07/13/2025 - 09:32:51: [CvarSettings] [c2m1_highway] Could not find CVar specified (gfc_charger_stagger_extra_time)
L 07/13/2025 - 09:32:51: [CvarSettings] [c2m1_highway] Could not find CVar specified (gfc_charger_stagger_flags)
L 07/13/2025 - 09:32:51: [CvarSettings] [c2m1_highway] Could not find CVar specified (gfc_common_zc_flags)
L 07/13/2025 - 09:32:51: [CvarSettings] [c2m1_highway] Could not find CVar specified (gfc_spit_zc_flags)
L 07/13/2025 - 09:32:51: [CvarSettings] [c2m1_highway] Could not find CVar specified (gfc_godframe_glows)
L 07/13/2025 - 09:32:51: [CvarSettings] [c2m1_highway] Could not find CVar specified (gfc_ff_min_time)
L 07/13/2025 - 09:32:51: [CvarSettings] [c2m1_highway] Could not find CVar specified (l4d2_undoff_enable)
L 07/13/2025 - 09:32:51: [CvarSettings] [c2m1_highway] Could not find CVar specified (l4d2_undoff_blockzerodmg)
L 07/13/2025 - 09:32:51: [CvarSettings] [c2m1_highway] Could not find CVar specified (l4d2_undoff_permdmgfrac)
L 07/13/2025 - 09:32:51: [CvarSettings] [c2m1_highway] Could not find CVar specified (l4d2_shotgun_ff_multi)
L 07/13/2025 - 09:32:51: [CvarSettings] [c2m1_highway] Could not find CVar specified (l4d2_shotgun_ff_min)
L 07/13/2025 - 09:32:51: [CvarSettings] [c2m1_highway] Could not find CVar specified (l4d2_shotgun_ff_max)
L 07/13/2025 - 09:50:01: [CvarSettings] [c2m1_highway] Could not find CVar specified (confogl_boss_unprohibit)
L 07/13/2025 - 09:50:01: [CvarSettings] [c2m1_highway] Could not find CVar specified (gfc_hittable_override)
L 07/13/2025 - 09:50:01: [CvarSettings] [c2m1_highway] Could not find CVar specified (gfc_hittable_rage_override)
L 07/13/2025 - 09:50:01: [CvarSettings] [c2m1_highway] Could not find CVar specified (gfc_rock_override)
L 07/13/2025 - 09:50:01: [CvarSettings] [c2m1_highway] Could not find CVar specified (gfc_rock_rage_override)
L 07/13/2025 - 09:50:01: [CvarSettings] [c2m1_highway] Could not find CVar specified (gfc_spit_extra_time)
L 07/13/2025 - 09:50:01: [CvarSettings] [c2m1_highway] Could not find CVar specified (gfc_common_extra_time)
L 07/13/2025 - 09:50:01: [CvarSettings] [c2m1_highway] Could not find CVar specified (gfc_hunter_duration)
L 07/13/2025 - 09:50:01: [CvarSettings] [c2m1_highway] Could not find CVar specified (gfc_jockey_duration)
L 07/13/2025 - 09:50:01: [CvarSettings] [c2m1_highway] Could not find CVar specified (gfc_smoker_duration)
L 07/13/2025 - 09:50:01: [CvarSettings] [c2m1_highway] Could not find CVar specified (gfc_charger_duration)
L 07/13/2025 - 09:50:01: [CvarSettings] [c2m1_highway] Could not find CVar specified (gfc_charger_stagger_extra_time)
L 07/13/2025 - 09:50:01: [CvarSettings] [c2m1_highway] Could not find CVar specified (gfc_charger_stagger_flags)
L 07/13/2025 - 09:50:01: [CvarSettings] [c2m1_highway] Could not find CVar specified (gfc_common_zc_flags)
L 07/13/2025 - 09:50:01: [CvarSettings] [c2m1_highway] Could not find CVar specified (gfc_spit_zc_flags)
L 07/13/2025 - 09:50:01: [CvarSettings] [c2m1_highway] Could not find CVar specified (gfc_godframe_glows)
L 07/13/2025 - 09:50:01: [CvarSettings] [c2m1_highway] Could not find CVar specified (gfc_ff_min_time)
L 07/13/2025 - 09:50:01: [CvarSettings] [c2m1_highway] Could not find CVar specified (l4d2_undoff_enable)
L 07/13/2025 - 09:50:01: [CvarSettings] [c2m1_highway] Could not find CVar specified (l4d2_undoff_blockzerodmg)
L 07/13/2025 - 09:50:01: [CvarSettings] [c2m1_highway] Could not find CVar specified (l4d2_undoff_permdmgfrac)
L 07/13/2025 - 09:50:01: [CvarSettings] [c2m1_highway] Could not find CVar specified (l4d2_shotgun_ff_multi)
L 07/13/2025 - 09:50:01: [CvarSettings] [c2m1_highway] Could not find CVar specified (l4d2_shotgun_ff_min)
L 07/13/2025 - 09:50:01: [CvarSettings] [c2m1_highway] Could not find CVar specified (l4d2_shotgun_ff_max)
L 07/13/2025 - 10:32:43: [CvarSettings] [c2m1_highway] Could not find CVar specified (confogl_boss_unprohibit)
L 07/13/2025 - 10:32:43: [CvarSettings] [c2m1_highway] Could not find CVar specified (tankgank_killoncrash)
L 07/13/2025 - 10:32:43: [CvarSettings] [c2m1_highway] Could not find CVar specified (gfc_hittable_override)
L 07/13/2025 - 10:32:43: [CvarSettings] [c2m1_highway] Could not find CVar specified (gfc_hittable_rage_override)
L 07/13/2025 - 10:32:43: [CvarSettings] [c2m1_highway] Could not find CVar specified (gfc_rock_override)
L 07/13/2025 - 10:32:43: [CvarSettings] [c2m1_highway] Could not find CVar specified (gfc_rock_rage_override)
L 07/13/2025 - 10:32:43: [CvarSettings] [c2m1_highway] Could not find CVar specified (gfc_spit_extra_time)
L 07/13/2025 - 10:32:43: [CvarSettings] [c2m1_highway] Could not find CVar specified (gfc_common_extra_time)
L 07/13/2025 - 10:32:43: [CvarSettings] [c2m1_highway] Could not find CVar specified (gfc_hunter_duration)
L 07/13/2025 - 10:32:43: [CvarSettings] [c2m1_highway] Could not find CVar specified (gfc_jockey_duration)
L 07/13/2025 - 10:32:43: [CvarSettings] [c2m1_highway] Could not find CVar specified (gfc_smoker_duration)
L 07/13/2025 - 10:32:43: [CvarSettings] [c2m1_highway] Could not find CVar specified (gfc_charger_duration)
L 07/13/2025 - 10:32:43: [CvarSettings] [c2m1_highway] Could not find CVar specified (gfc_charger_stagger_extra_time)
L 07/13/2025 - 10:32:43: [CvarSettings] [c2m1_highway] Could not find CVar specified (gfc_charger_stagger_flags)
L 07/13/2025 - 10:32:43: [CvarSettings] [c2m1_highway] Could not find CVar specified (gfc_common_zc_flags)
L 07/13/2025 - 10:32:43: [CvarSettings] [c2m1_highway] Could not find CVar specified (gfc_spit_zc_flags)
L 07/13/2025 - 10:32:43: [CvarSettings] [c2m1_highway] Could not find CVar specified (gfc_godframe_glows)
L 07/13/2025 - 10:32:43: [CvarSettings] [c2m1_highway] Could not find CVar specified (gfc_ff_min_time)
L 07/13/2025 - 10:32:43: [CvarSettings] [c2m1_highway] Could not find CVar specified (l4d2_undoff_enable)
L 07/13/2025 - 10:32:43: [CvarSettings] [c2m1_highway] Could not find CVar specified (l4d2_undoff_blockzerodmg)
L 07/13/2025 - 10:32:43: [CvarSettings] [c2m1_highway] Could not find CVar specified (l4d2_undoff_permdmgfrac)
L 07/13/2025 - 10:32:43: [CvarSettings] [c2m1_highway] Could not find CVar specified (l4d2_shotgun_ff_multi)
L 07/13/2025 - 10:32:43: [CvarSettings] [c2m1_highway] Could not find CVar specified (l4d2_shotgun_ff_min)
L 07/13/2025 - 10:32:43: [CvarSettings] [c2m1_highway] Could not find CVar specified (l4d2_shotgun_ff_max)
L 07/13/2025 - 11:47:11: [CvarSettings] [c2m1_highway] Could not find CVar specified (confogl_boss_unprohibit)
L 07/13/2025 - 11:47:11: [CvarSettings] [c2m1_highway] Could not find CVar specified (gfc_hittable_override)
L 07/13/2025 - 11:47:11: [CvarSettings] [c2m1_highway] Could not find CVar specified (gfc_hittable_rage_override)
L 07/13/2025 - 11:47:11: [CvarSettings] [c2m1_highway] Could not find CVar specified (gfc_rock_override)
L 07/13/2025 - 11:47:11: [CvarSettings] [c2m1_highway] Could not find CVar specified (gfc_rock_rage_override)
L 07/13/2025 - 11:47:11: [CvarSettings] [c2m1_highway] Could not find CVar specified (gfc_spit_extra_time)
L 07/13/2025 - 11:47:11: [CvarSettings] [c2m1_highway] Could not find CVar specified (gfc_common_extra_time)
L 07/13/2025 - 11:47:11: [CvarSettings] [c2m1_highway] Could not find CVar specified (gfc_hunter_duration)
L 07/13/2025 - 11:47:11: [CvarSettings] [c2m1_highway] Could not find CVar specified (gfc_jockey_duration)
L 07/13/2025 - 11:47:11: [CvarSettings] [c2m1_highway] Could not find CVar specified (gfc_smoker_duration)
L 07/13/2025 - 11:47:11: [CvarSettings] [c2m1_highway] Could not find CVar specified (gfc_charger_duration)
L 07/13/2025 - 11:47:11: [CvarSettings] [c2m1_highway] Could not find CVar specified (gfc_charger_stagger_extra_time)
L 07/13/2025 - 11:47:11: [CvarSettings] [c2m1_highway] Could not find CVar specified (gfc_charger_stagger_flags)
L 07/13/2025 - 11:47:11: [CvarSettings] [c2m1_highway] Could not find CVar specified (gfc_common_zc_flags)
L 07/13/2025 - 11:47:11: [CvarSettings] [c2m1_highway] Could not find CVar specified (gfc_spit_zc_flags)
L 07/13/2025 - 11:47:11: [CvarSettings] [c2m1_highway] Could not find CVar specified (gfc_godframe_glows)
L 07/13/2025 - 11:47:11: [CvarSettings] [c2m1_highway] Could not find CVar specified (gfc_ff_min_time)
L 07/13/2025 - 11:47:11: [CvarSettings] [c2m1_highway] Could not find CVar specified (l4d2_undoff_enable)
L 07/13/2025 - 11:47:11: [CvarSettings] [c2m1_highway] Could not find CVar specified (l4d2_undoff_blockzerodmg)
L 07/13/2025 - 11:47:11: [CvarSettings] [c2m1_highway] Could not find CVar specified (l4d2_undoff_permdmgfrac)
L 07/13/2025 - 11:47:11: [CvarSettings] [c2m1_highway] Could not find CVar specified (l4d2_shotgun_ff_multi)
L 07/13/2025 - 11:47:11: [CvarSettings] [c2m1_highway] Could not find CVar specified (l4d2_shotgun_ff_min)
L 07/13/2025 - 11:47:11: [CvarSettings] [c2m1_highway] Could not find CVar specified (l4d2_shotgun_ff_max)
L 07/13/2025 - 14:03:12: [CvarSettings] [c2m1_highway] Could not find CVar specified (confogl_boss_unprohibit)
L 07/13/2025 - 14:03:12: [CvarSettings] [c2m1_highway] Could not find CVar specified (ssb_block_car_alarms)
L 07/13/2025 - 14:03:12: [CvarSettings] [c2m1_highway] Could not find CVar specified (ssb_block_horde)
L 07/13/2025 - 14:10:31: [CvarSettings] [c2m1_highway] Could not find CVar specified (confogl_boss_unprohibit)
L 07/13/2025 - 14:10:31: [CvarSettings] [c2m1_highway] Could not find CVar specified (gfc_hittable_override)
L 07/13/2025 - 14:10:31: [CvarSettings] [c2m1_highway] Could not find CVar specified (gfc_hittable_rage_override)
L 07/13/2025 - 14:10:31: [CvarSettings] [c2m1_highway] Could not find CVar specified (gfc_rock_override)
L 07/13/2025 - 14:10:31: [CvarSettings] [c2m1_highway] Could not find CVar specified (gfc_rock_rage_override)
L 07/13/2025 - 14:10:31: [CvarSettings] [c2m1_highway] Could not find CVar specified (gfc_spit_extra_time)
L 07/13/2025 - 14:10:31: [CvarSettings] [c2m1_highway] Could not find CVar specified (gfc_common_extra_time)
L 07/13/2025 - 14:10:31: [CvarSettings] [c2m1_highway] Could not find CVar specified (gfc_hunter_duration)
L 07/13/2025 - 14:10:31: [CvarSettings] [c2m1_highway] Could not find CVar specified (gfc_jockey_duration)
L 07/13/2025 - 14:10:31: [CvarSettings] [c2m1_highway] Could not find CVar specified (gfc_smoker_duration)
L 07/13/2025 - 14:10:31: [CvarSettings] [c2m1_highway] Could not find CVar specified (gfc_charger_duration)
L 07/13/2025 - 14:10:31: [CvarSettings] [c2m1_highway] Could not find CVar specified (gfc_charger_stagger_extra_time)
L 07/13/2025 - 14:10:31: [CvarSettings] [c2m1_highway] Could not find CVar specified (gfc_charger_stagger_flags)
L 07/13/2025 - 14:10:31: [CvarSettings] [c2m1_highway] Could not find CVar specified (gfc_common_zc_flags)
L 07/13/2025 - 14:10:31: [CvarSettings] [c2m1_highway] Could not find CVar specified (gfc_spit_zc_flags)
L 07/13/2025 - 14:10:31: [CvarSettings] [c2m1_highway] Could not find CVar specified (gfc_godframe_glows)
L 07/13/2025 - 14:10:31: [CvarSettings] [c2m1_highway] Could not find CVar specified (gfc_ff_min_time)
L 07/13/2025 - 14:10:31: [CvarSettings] [c2m1_highway] Could not find CVar specified (l4d2_undoff_enable)
L 07/13/2025 - 14:10:31: [CvarSettings] [c2m1_highway] Could not find CVar specified (l4d2_undoff_blockzerodmg)
L 07/13/2025 - 14:10:31: [CvarSettings] [c2m1_highway] Could not find CVar specified (l4d2_undoff_permdmgfrac)
L 07/13/2025 - 14:10:31: [CvarSettings] [c2m1_highway] Could not find CVar specified (l4d2_shotgun_ff_multi)
L 07/13/2025 - 14:10:31: [CvarSettings] [c2m1_highway] Could not find CVar specified (l4d2_shotgun_ff_min)
L 07/13/2025 - 14:10:31: [CvarSettings] [c2m1_highway] Could not find CVar specified (l4d2_shotgun_ff_max)
L 07/13/2025 - 14:28:18: [CvarSettings] [c2m1_highway] Could not find CVar specified (confogl_boss_unprohibit)
L 07/13/2025 - 14:28:18: [CvarSettings] [c2m1_highway] Could not find CVar specified (ssb_block_car_alarms)
L 07/13/2025 - 14:28:18: [CvarSettings] [c2m1_highway] Could not find CVar specified (ssb_block_horde)
L 07/13/2025 - 15:01:39: [CvarSettings] [c2m1_highway] Could not find CVar specified (confogl_boss_unprohibit)
L 07/13/2025 - 15:01:39: [CvarSettings] [c2m1_highway] Could not find CVar specified (gfc_hittable_override)
L 07/13/2025 - 15:01:39: [CvarSettings] [c2m1_highway] Could not find CVar specified (gfc_hittable_rage_override)
L 07/13/2025 - 15:01:39: [CvarSettings] [c2m1_highway] Could not find CVar specified (gfc_rock_override)
L 07/13/2025 - 15:01:39: [CvarSettings] [c2m1_highway] Could not find CVar specified (gfc_rock_rage_override)
L 07/13/2025 - 15:01:39: [CvarSettings] [c2m1_highway] Could not find CVar specified (gfc_spit_extra_time)
L 07/13/2025 - 15:01:39: [CvarSettings] [c2m1_highway] Could not find CVar specified (gfc_common_extra_time)
L 07/13/2025 - 15:01:39: [CvarSettings] [c2m1_highway] Could not find CVar specified (gfc_hunter_duration)
L 07/13/2025 - 15:01:39: [CvarSettings] [c2m1_highway] Could not find CVar specified (gfc_jockey_duration)
L 07/13/2025 - 15:01:39: [CvarSettings] [c2m1_highway] Could not find CVar specified (gfc_smoker_duration)
L 07/13/2025 - 15:01:39: [CvarSettings] [c2m1_highway] Could not find CVar specified (gfc_charger_duration)
L 07/13/2025 - 15:01:39: [CvarSettings] [c2m1_highway] Could not find CVar specified (gfc_charger_stagger_extra_time)
L 07/13/2025 - 15:01:39: [CvarSettings] [c2m1_highway] Could not find CVar specified (gfc_charger_stagger_flags)
L 07/13/2025 - 15:01:39: [CvarSettings] [c2m1_highway] Could not find CVar specified (gfc_common_zc_flags)
L 07/13/2025 - 15:01:39: [CvarSettings] [c2m1_highway] Could not find CVar specified (gfc_spit_zc_flags)
L 07/13/2025 - 15:01:39: [CvarSettings] [c2m1_highway] Could not find CVar specified (gfc_godframe_glows)
L 07/13/2025 - 15:01:39: [CvarSettings] [c2m1_highway] Could not find CVar specified (gfc_ff_min_time)
L 07/13/2025 - 15:01:39: [CvarSettings] [c2m1_highway] Could not find CVar specified (l4d2_undoff_enable)
L 07/13/2025 - 15:01:39: [CvarSettings] [c2m1_highway] Could not find CVar specified (l4d2_undoff_blockzerodmg)
L 07/13/2025 - 15:01:39: [CvarSettings] [c2m1_highway] Could not find CVar specified (l4d2_undoff_permdmgfrac)
L 07/13/2025 - 15:01:39: [CvarSettings] [c2m1_highway] Could not find CVar specified (l4d2_shotgun_ff_multi)
L 07/13/2025 - 15:01:39: [CvarSettings] [c2m1_highway] Could not find CVar specified (l4d2_shotgun_ff_min)
L 07/13/2025 - 15:01:39: [CvarSettings] [c2m1_highway] Could not find CVar specified (l4d2_shotgun_ff_max)
L 07/13/2025 - 15:08:46: [CvarSettings] [c2m1_highway] Could not find CVar specified (confogl_defibrillator_limit)
L 07/13/2025 - 15:08:46: [CvarSettings] [c2m1_highway] Could not find CVar specified (tongue_drag_first_damage_interval)
L 07/13/2025 - 15:08:46: [CvarSettings] [c2m1_highway] Could not find CVar specified (tongue_drag_first_damage)
L 07/13/2025 - 15:08:46: [CvarSettings] [c2m1_highway] Could not find CVar specified (tongue_drag_damage_interval)
L 07/13/2025 - 15:08:46: [CvarSettings] [c2m1_highway] Could not find CVar specified (confogl_boss_unprohibit)
L 07/13/2025 - 15:08:46: [CvarSettings] [c2m1_highway] Could not find CVar specified (sm_skill_report_hunterdp)
L 07/13/2025 - 15:09:22: [CvarSettings] [c2m1_highway] Could not find CVar specified (confogl_boss_unprohibit)
L 07/13/2025 - 15:09:22: [CvarSettings] [c2m1_highway] Could not find CVar specified (gfc_hittable_override)
L 07/13/2025 - 15:09:22: [CvarSettings] [c2m1_highway] Could not find CVar specified (gfc_hittable_rage_override)
L 07/13/2025 - 15:09:22: [CvarSettings] [c2m1_highway] Could not find CVar specified (gfc_rock_override)
L 07/13/2025 - 15:09:22: [CvarSettings] [c2m1_highway] Could not find CVar specified (gfc_rock_rage_override)
L 07/13/2025 - 15:09:22: [CvarSettings] [c2m1_highway] Could not find CVar specified (gfc_spit_extra_time)
L 07/13/2025 - 15:09:22: [CvarSettings] [c2m1_highway] Could not find CVar specified (gfc_common_extra_time)
L 07/13/2025 - 15:09:22: [CvarSettings] [c2m1_highway] Could not find CVar specified (gfc_hunter_duration)
L 07/13/2025 - 15:09:22: [CvarSettings] [c2m1_highway] Could not find CVar specified (gfc_jockey_duration)
L 07/13/2025 - 15:09:22: [CvarSettings] [c2m1_highway] Could not find CVar specified (gfc_smoker_duration)
L 07/13/2025 - 15:09:22: [CvarSettings] [c2m1_highway] Could not find CVar specified (gfc_charger_duration)
L 07/13/2025 - 15:09:22: [CvarSettings] [c2m1_highway] Could not find CVar specified (gfc_charger_stagger_extra_time)
L 07/13/2025 - 15:09:22: [CvarSettings] [c2m1_highway] Could not find CVar specified (gfc_charger_stagger_flags)
L 07/13/2025 - 15:09:22: [CvarSettings] [c2m1_highway] Could not find CVar specified (gfc_common_zc_flags)
L 07/13/2025 - 15:09:22: [CvarSettings] [c2m1_highway] Could not find CVar specified (gfc_spit_zc_flags)
L 07/13/2025 - 15:09:22: [CvarSettings] [c2m1_highway] Could not find CVar specified (gfc_godframe_glows)
L 07/13/2025 - 15:09:22: [CvarSettings] [c2m1_highway] Could not find CVar specified (gfc_ff_min_time)
L 07/13/2025 - 15:09:22: [CvarSettings] [c2m1_highway] Could not find CVar specified (l4d2_undoff_enable)
L 07/13/2025 - 15:09:22: [CvarSettings] [c2m1_highway] Could not find CVar specified (l4d2_undoff_blockzerodmg)
L 07/13/2025 - 15:09:22: [CvarSettings] [c2m1_highway] Could not find CVar specified (l4d2_undoff_permdmgfrac)
L 07/13/2025 - 15:09:22: [CvarSettings] [c2m1_highway] Could not find CVar specified (l4d2_shotgun_ff_multi)
L 07/13/2025 - 15:09:22: [CvarSettings] [c2m1_highway] Could not find CVar specified (l4d2_shotgun_ff_min)
L 07/13/2025 - 15:09:22: [CvarSettings] [c2m1_highway] Could not find CVar specified (l4d2_shotgun_ff_max)
L 07/13/2025 - 15:11:22: [CvarSettings] [c2m1_highway] Could not find CVar specified (confogl_defibrillator_limit)
L 07/13/2025 - 15:11:22: [CvarSettings] [c2m1_highway] Could not find CVar specified (tongue_drag_first_damage_interval)
L 07/13/2025 - 15:11:22: [CvarSettings] [c2m1_highway] Could not find CVar specified (tongue_drag_first_damage)
L 07/13/2025 - 15:11:22: [CvarSettings] [c2m1_highway] Could not find CVar specified (tongue_drag_damage_interval)
L 07/13/2025 - 15:11:22: [CvarSettings] [c2m1_highway] Could not find CVar specified (confogl_boss_unprohibit)
L 07/13/2025 - 15:11:22: [CvarSettings] [c2m1_highway] Could not find CVar specified (sm_skill_report_hunterdp)
L 07/13/2025 - 15:35:17: [CvarSettings] [c2m1_highway] Could not find CVar specified (confogl_boss_unprohibit)
L 07/13/2025 - 15:48:11: [CvarSettings] [c1m1_hotel] Could not find CVar specified (confogl_boss_unprohibit)
L 07/13/2025 - 15:48:11: [CvarSettings] [c1m1_hotel] Could not find CVar specified (tankgank_killoncrash)
L 07/13/2025 - 16:22:54: [CvarSettings] [c1m4_atrium] Could not find CVar specified (confogl_boss_unprohibit)
L 07/13/2025 - 16:22:54: [CvarSettings] [c1m4_atrium] Could not find CVar specified (ssb_block_car_alarms)
L 07/13/2025 - 16:22:54: [CvarSettings] [c1m4_atrium] Could not find CVar specified (ssb_block_horde)
L 07/13/2025 - 16:24:49: [CvarSettings] [c1m1_hotel] Could not find CVar specified (confogl_boss_unprohibit)
L 07/13/2025 - 16:24:49: [CvarSettings] [c1m1_hotel] Could not find CVar specified (tankgank_killoncrash)
L 07/13/2025 - 18:17:13: [CvarSettings] [c2m1_highway] Could not find CVar specified (confogl_boss_unprohibit)
L 07/13/2025 - 18:17:13: [CvarSettings] [c2m1_highway] Could not find CVar specified (gfc_hittable_override)
L 07/13/2025 - 18:17:13: [CvarSettings] [c2m1_highway] Could not find CVar specified (gfc_hittable_rage_override)
L 07/13/2025 - 18:17:13: [CvarSettings] [c2m1_highway] Could not find CVar specified (gfc_rock_override)
L 07/13/2025 - 18:17:13: [CvarSettings] [c2m1_highway] Could not find CVar specified (gfc_rock_rage_override)
L 07/13/2025 - 18:17:13: [CvarSettings] [c2m1_highway] Could not find CVar specified (gfc_spit_extra_time)
L 07/13/2025 - 18:17:13: [CvarSettings] [c2m1_highway] Could not find CVar specified (gfc_common_extra_time)
L 07/13/2025 - 18:17:13: [CvarSettings] [c2m1_highway] Could not find CVar specified (gfc_hunter_duration)
L 07/13/2025 - 18:17:13: [CvarSettings] [c2m1_highway] Could not find CVar specified (gfc_jockey_duration)
L 07/13/2025 - 18:17:13: [CvarSettings] [c2m1_highway] Could not find CVar specified (gfc_smoker_duration)
L 07/13/2025 - 18:17:13: [CvarSettings] [c2m1_highway] Could not find CVar specified (gfc_charger_duration)
L 07/13/2025 - 18:17:13: [CvarSettings] [c2m1_highway] Could not find CVar specified (gfc_charger_stagger_extra_time)
L 07/13/2025 - 18:17:13: [CvarSettings] [c2m1_highway] Could not find CVar specified (gfc_charger_stagger_flags)
L 07/13/2025 - 18:17:13: [CvarSettings] [c2m1_highway] Could not find CVar specified (gfc_common_zc_flags)
L 07/13/2025 - 18:17:13: [CvarSettings] [c2m1_highway] Could not find CVar specified (gfc_spit_zc_flags)
L 07/13/2025 - 18:17:13: [CvarSettings] [c2m1_highway] Could not find CVar specified (gfc_godframe_glows)
L 07/13/2025 - 18:17:13: [CvarSettings] [c2m1_highway] Could not find CVar specified (gfc_ff_min_time)
L 07/13/2025 - 18:17:13: [CvarSettings] [c2m1_highway] Could not find CVar specified (l4d2_undoff_enable)
L 07/13/2025 - 18:17:13: [CvarSettings] [c2m1_highway] Could not find CVar specified (l4d2_undoff_blockzerodmg)
L 07/13/2025 - 18:17:13: [CvarSettings] [c2m1_highway] Could not find CVar specified (l4d2_undoff_permdmgfrac)
L 07/13/2025 - 18:17:13: [CvarSettings] [c2m1_highway] Could not find CVar specified (l4d2_shotgun_ff_multi)
L 07/13/2025 - 18:17:13: [CvarSettings] [c2m1_highway] Could not find CVar specified (l4d2_shotgun_ff_min)
L 07/13/2025 - 18:17:13: [CvarSettings] [c2m1_highway] Could not find CVar specified (l4d2_shotgun_ff_max)
L 07/13/2025 - 18:32:10: [CvarSettings] [c2m1_highway] Could not find CVar specified (confogl_boss_unprohibit)
L 07/13/2025 - 18:32:10: [CvarSettings] [c2m1_highway] Could not find CVar specified (gfc_hittable_override)
L 07/13/2025 - 18:32:10: [CvarSettings] [c2m1_highway] Could not find CVar specified (gfc_hittable_rage_override)
L 07/13/2025 - 18:32:10: [CvarSettings] [c2m1_highway] Could not find CVar specified (gfc_rock_override)
L 07/13/2025 - 18:32:10: [CvarSettings] [c2m1_highway] Could not find CVar specified (gfc_rock_rage_override)
L 07/13/2025 - 18:32:10: [CvarSettings] [c2m1_highway] Could not find CVar specified (gfc_spit_extra_time)
L 07/13/2025 - 18:32:10: [CvarSettings] [c2m1_highway] Could not find CVar specified (gfc_common_extra_time)
L 07/13/2025 - 18:32:10: [CvarSettings] [c2m1_highway] Could not find CVar specified (gfc_hunter_duration)
L 07/13/2025 - 18:32:10: [CvarSettings] [c2m1_highway] Could not find CVar specified (gfc_jockey_duration)
L 07/13/2025 - 18:32:10: [CvarSettings] [c2m1_highway] Could not find CVar specified (gfc_smoker_duration)
L 07/13/2025 - 18:32:10: [CvarSettings] [c2m1_highway] Could not find CVar specified (gfc_charger_duration)
L 07/13/2025 - 18:32:10: [CvarSettings] [c2m1_highway] Could not find CVar specified (gfc_charger_stagger_extra_time)
L 07/13/2025 - 18:32:10: [CvarSettings] [c2m1_highway] Could not find CVar specified (gfc_charger_stagger_flags)
L 07/13/2025 - 18:32:10: [CvarSettings] [c2m1_highway] Could not find CVar specified (gfc_common_zc_flags)
L 07/13/2025 - 18:32:10: [CvarSettings] [c2m1_highway] Could not find CVar specified (gfc_spit_zc_flags)
L 07/13/2025 - 18:32:10: [CvarSettings] [c2m1_highway] Could not find CVar specified (gfc_godframe_glows)
L 07/13/2025 - 18:32:10: [CvarSettings] [c2m1_highway] Could not find CVar specified (gfc_ff_min_time)
L 07/13/2025 - 18:32:10: [CvarSettings] [c2m1_highway] Could not find CVar specified (l4d2_undoff_enable)
L 07/13/2025 - 18:32:10: [CvarSettings] [c2m1_highway] Could not find CVar specified (l4d2_undoff_blockzerodmg)
L 07/13/2025 - 18:32:10: [CvarSettings] [c2m1_highway] Could not find CVar specified (l4d2_undoff_permdmgfrac)
L 07/13/2025 - 18:32:10: [CvarSettings] [c2m1_highway] Could not find CVar specified (l4d2_shotgun_ff_multi)
L 07/13/2025 - 18:32:10: [CvarSettings] [c2m1_highway] Could not find CVar specified (l4d2_shotgun_ff_min)
L 07/13/2025 - 18:32:10: [CvarSettings] [c2m1_highway] Could not find CVar specified (l4d2_shotgun_ff_max)
L 07/13/2025 - 18:46:53: [CvarSettings] [c2m1_highway] Could not find CVar specified (confogl_boss_unprohibit)
L 07/13/2025 - 18:46:53: [CvarSettings] [c2m1_highway] Could not find CVar specified (gfc_hittable_override)
L 07/13/2025 - 18:46:53: [CvarSettings] [c2m1_highway] Could not find CVar specified (gfc_hittable_rage_override)
L 07/13/2025 - 18:46:53: [CvarSettings] [c2m1_highway] Could not find CVar specified (gfc_rock_override)
L 07/13/2025 - 18:46:53: [CvarSettings] [c2m1_highway] Could not find CVar specified (gfc_rock_rage_override)
L 07/13/2025 - 18:46:53: [CvarSettings] [c2m1_highway] Could not find CVar specified (gfc_spit_extra_time)
L 07/13/2025 - 18:46:53: [CvarSettings] [c2m1_highway] Could not find CVar specified (gfc_common_extra_time)
L 07/13/2025 - 18:46:53: [CvarSettings] [c2m1_highway] Could not find CVar specified (gfc_hunter_duration)
L 07/13/2025 - 18:46:53: [CvarSettings] [c2m1_highway] Could not find CVar specified (gfc_jockey_duration)
L 07/13/2025 - 18:46:53: [CvarSettings] [c2m1_highway] Could not find CVar specified (gfc_smoker_duration)
L 07/13/2025 - 18:46:53: [CvarSettings] [c2m1_highway] Could not find CVar specified (gfc_charger_duration)
L 07/13/2025 - 18:46:53: [CvarSettings] [c2m1_highway] Could not find CVar specified (gfc_charger_stagger_extra_time)
L 07/13/2025 - 18:46:53: [CvarSettings] [c2m1_highway] Could not find CVar specified (gfc_charger_stagger_flags)
L 07/13/2025 - 18:46:53: [CvarSettings] [c2m1_highway] Could not find CVar specified (gfc_common_zc_flags)
L 07/13/2025 - 18:46:53: [CvarSettings] [c2m1_highway] Could not find CVar specified (gfc_spit_zc_flags)
L 07/13/2025 - 18:46:53: [CvarSettings] [c2m1_highway] Could not find CVar specified (gfc_godframe_glows)
L 07/13/2025 - 18:46:53: [CvarSettings] [c2m1_highway] Could not find CVar specified (gfc_ff_min_time)
L 07/13/2025 - 18:46:53: [CvarSettings] [c2m1_highway] Could not find CVar specified (l4d2_undoff_enable)
L 07/13/2025 - 18:46:53: [CvarSettings] [c2m1_highway] Could not find CVar specified (l4d2_undoff_blockzerodmg)
L 07/13/2025 - 18:46:53: [CvarSettings] [c2m1_highway] Could not find CVar specified (l4d2_undoff_permdmgfrac)
L 07/13/2025 - 18:46:53: [CvarSettings] [c2m1_highway] Could not find CVar specified (l4d2_shotgun_ff_multi)
L 07/13/2025 - 18:46:53: [CvarSettings] [c2m1_highway] Could not find CVar specified (l4d2_shotgun_ff_min)
L 07/13/2025 - 18:46:53: [CvarSettings] [c2m1_highway] Could not find CVar specified (l4d2_shotgun_ff_max)
L 07/13/2025 - 19:13:46: [CvarSettings] [c2m1_highway] Could not find CVar specified (confogl_boss_unprohibit)
L 07/13/2025 - 19:16:38: [CvarSettings] [c2m1_highway] Could not find CVar specified (confogl_boss_unprohibit)
L 07/13/2025 - 19:20:27: [CvarSettings] [c2m1_highway] Could not find CVar specified (confogl_boss_unprohibit)
L 07/13/2025 - 19:43:41: [CvarSettings] [c2m1_highway] Could not find CVar specified (confogl_defibrillator_limit)
L 07/13/2025 - 19:43:41: [CvarSettings] [c2m1_highway] Could not find CVar specified (tongue_drag_first_damage_interval)
L 07/13/2025 - 19:43:41: [CvarSettings] [c2m1_highway] Could not find CVar specified (tongue_drag_first_damage)
L 07/13/2025 - 19:43:41: [CvarSettings] [c2m1_highway] Could not find CVar specified (tongue_drag_damage_interval)
L 07/13/2025 - 19:43:41: [CvarSettings] [c2m1_highway] Could not find CVar specified (confogl_boss_unprohibit)
L 07/13/2025 - 19:43:41: [CvarSettings] [c2m1_highway] Could not find CVar specified (sm_skill_report_hunterdp)
L 07/13/2025 - 21:22:24: [CvarSettings] [c2m1_highway] Could not find CVar specified (confogl_boss_unprohibit)
L 07/13/2025 - 22:14:04: [CvarSettings] [c2m1_highway] Could not find CVar specified (confogl_boss_unprohibit)
L 07/13/2025 - 22:28:19: [CvarSettings] [c2m1_highway] Could not find CVar specified (confogl_boss_unprohibit)
