L 07/09/2025 - 21:15:14: [CvarSettings] [c2m1_highway] Could not find CVar specified (confogl_boss_unprohibit)
L 07/09/2025 - 21:20:40: [CvarSettings] [c2m1_highway] Could not find CVar specified (confogl_boss_unprohibit)
L 07/09/2025 - 21:22:39: [CvarSettings] [c2m1_highway] Could not find CVar specified (confogl_boss_unprohibit)
L 07/09/2025 - 21:48:35: [CvarSettings] [c2m1_highway] Could not find CVar specified (confogl_boss_unprohibit)
L 07/09/2025 - 21:52:05: [CvarSettings] [c2m1_highway] Could not find CVar specified (confogl_boss_unprohibit)
L 07/09/2025 - 21:55:07: [CvarSettings] [c2m1_highway] Could not find CVar specified (confogl_boss_unprohibit)
L 07/09/2025 - 21:59:45: [CvarSettings] [c2m1_highway] Could not find CVar specified (confogl_boss_unprohibit)
L 07/09/2025 - 22:24:26: [CvarSettings] [c2m1_highway] Could not find CVar specified (confogl_boss_unprohibit)
L 07/09/2025 - 22:30:58: [CvarSettings] [c2m1_highway] Could not find CVar specified (confogl_boss_unprohibit)
L 07/09/2025 - 22:32:15: [CvarSettings] [c2m1_highway] Could not find CVar specified (confogl_boss_unprohibit)
L 07/09/2025 - 22:37:55: [CvarSettings] [c2m1_highway] Could not find CVar specified (confogl_boss_unprohibit)
L 07/09/2025 - 22:50:34: [CvarSettings] [c2m1_highway] Could not find CVar specified (confogl_boss_unprohibit)
L 07/09/2025 - 23:00:56: [CvarSettings] [c2m1_highway] Could not find CVar specified (confogl_boss_unprohibit)
L 07/09/2025 - 23:09:37: [CvarSettings] [c2m1_highway] Could not find CVar specified (confogl_boss_unprohibit)
L 07/09/2025 - 23:19:04: [CvarSettings] [c2m1_highway] Could not find CVar specified (confogl_boss_unprohibit)
L 07/09/2025 - 23:19:04: [CvarSettings] [c2m1_highway] Could not find CVar specified (gfc_hittable_override)
L 07/09/2025 - 23:19:04: [CvarSettings] [c2m1_highway] Could not find CVar specified (gfc_hittable_rage_override)
L 07/09/2025 - 23:19:04: [CvarSettings] [c2m1_highway] Could not find CVar specified (gfc_rock_override)
L 07/09/2025 - 23:19:04: [CvarSettings] [c2m1_highway] Could not find CVar specified (gfc_rock_rage_override)
L 07/09/2025 - 23:19:04: [CvarSettings] [c2m1_highway] Could not find CVar specified (gfc_spit_extra_time)
L 07/09/2025 - 23:19:04: [CvarSettings] [c2m1_highway] Could not find CVar specified (gfc_common_extra_time)
L 07/09/2025 - 23:19:04: [CvarSettings] [c2m1_highway] Could not find CVar specified (gfc_hunter_duration)
L 07/09/2025 - 23:19:04: [CvarSettings] [c2m1_highway] Could not find CVar specified (gfc_jockey_duration)
L 07/09/2025 - 23:19:04: [CvarSettings] [c2m1_highway] Could not find CVar specified (gfc_smoker_duration)
L 07/09/2025 - 23:19:04: [CvarSettings] [c2m1_highway] Could not find CVar specified (gfc_charger_duration)
L 07/09/2025 - 23:19:04: [CvarSettings] [c2m1_highway] Could not find CVar specified (gfc_charger_stagger_extra_time)
L 07/09/2025 - 23:19:04: [CvarSettings] [c2m1_highway] Could not find CVar specified (gfc_charger_stagger_flags)
L 07/09/2025 - 23:19:04: [CvarSettings] [c2m1_highway] Could not find CVar specified (gfc_common_zc_flags)
L 07/09/2025 - 23:19:04: [CvarSettings] [c2m1_highway] Could not find CVar specified (gfc_spit_zc_flags)
L 07/09/2025 - 23:19:04: [CvarSettings] [c2m1_highway] Could not find CVar specified (gfc_godframe_glows)
L 07/09/2025 - 23:19:04: [CvarSettings] [c2m1_highway] Could not find CVar specified (gfc_ff_min_time)
L 07/09/2025 - 23:19:04: [CvarSettings] [c2m1_highway] Could not find CVar specified (l4d2_undoff_enable)
L 07/09/2025 - 23:19:04: [CvarSettings] [c2m1_highway] Could not find CVar specified (l4d2_undoff_blockzerodmg)
L 07/09/2025 - 23:19:04: [CvarSettings] [c2m1_highway] Could not find CVar specified (l4d2_undoff_permdmgfrac)
L 07/09/2025 - 23:19:04: [CvarSettings] [c2m1_highway] Could not find CVar specified (l4d2_shotgun_ff_multi)
L 07/09/2025 - 23:19:04: [CvarSettings] [c2m1_highway] Could not find CVar specified (l4d2_shotgun_ff_min)
L 07/09/2025 - 23:19:04: [CvarSettings] [c2m1_highway] Could not find CVar specified (l4d2_shotgun_ff_max)
L 07/09/2025 - 23:22:10: [CvarSettings] [c2m1_highway] Could not find CVar specified (confogl_boss_unprohibit)
L 07/09/2025 - 23:22:10: [CvarSettings] [c2m1_highway] Could not find CVar specified (gfc_hittable_override)
L 07/09/2025 - 23:22:10: [CvarSettings] [c2m1_highway] Could not find CVar specified (gfc_hittable_rage_override)
L 07/09/2025 - 23:22:10: [CvarSettings] [c2m1_highway] Could not find CVar specified (gfc_rock_override)
L 07/09/2025 - 23:22:10: [CvarSettings] [c2m1_highway] Could not find CVar specified (gfc_rock_rage_override)
L 07/09/2025 - 23:22:10: [CvarSettings] [c2m1_highway] Could not find CVar specified (gfc_spit_extra_time)
L 07/09/2025 - 23:22:10: [CvarSettings] [c2m1_highway] Could not find CVar specified (gfc_common_extra_time)
L 07/09/2025 - 23:22:10: [CvarSettings] [c2m1_highway] Could not find CVar specified (gfc_hunter_duration)
L 07/09/2025 - 23:22:10: [CvarSettings] [c2m1_highway] Could not find CVar specified (gfc_jockey_duration)
L 07/09/2025 - 23:22:10: [CvarSettings] [c2m1_highway] Could not find CVar specified (gfc_smoker_duration)
L 07/09/2025 - 23:22:10: [CvarSettings] [c2m1_highway] Could not find CVar specified (gfc_charger_duration)
L 07/09/2025 - 23:22:10: [CvarSettings] [c2m1_highway] Could not find CVar specified (gfc_charger_stagger_extra_time)
L 07/09/2025 - 23:22:10: [CvarSettings] [c2m1_highway] Could not find CVar specified (gfc_charger_stagger_flags)
L 07/09/2025 - 23:22:10: [CvarSettings] [c2m1_highway] Could not find CVar specified (gfc_common_zc_flags)
L 07/09/2025 - 23:22:10: [CvarSettings] [c2m1_highway] Could not find CVar specified (gfc_spit_zc_flags)
L 07/09/2025 - 23:22:10: [CvarSettings] [c2m1_highway] Could not find CVar specified (gfc_godframe_glows)
L 07/09/2025 - 23:22:10: [CvarSettings] [c2m1_highway] Could not find CVar specified (gfc_ff_min_time)
L 07/09/2025 - 23:22:10: [CvarSettings] [c2m1_highway] Could not find CVar specified (l4d2_undoff_enable)
L 07/09/2025 - 23:22:10: [CvarSettings] [c2m1_highway] Could not find CVar specified (l4d2_undoff_blockzerodmg)
L 07/09/2025 - 23:22:10: [CvarSettings] [c2m1_highway] Could not find CVar specified (l4d2_undoff_permdmgfrac)
L 07/09/2025 - 23:22:10: [CvarSettings] [c2m1_highway] Could not find CVar specified (l4d2_shotgun_ff_multi)
L 07/09/2025 - 23:22:10: [CvarSettings] [c2m1_highway] Could not find CVar specified (l4d2_shotgun_ff_min)
L 07/09/2025 - 23:22:10: [CvarSettings] [c2m1_highway] Could not find CVar specified (l4d2_shotgun_ff_max)
L 07/09/2025 - 23:24:49: [CvarSettings] [c2m1_highway] Could not find CVar specified (confogl_boss_unprohibit)
L 07/09/2025 - 23:24:49: [CvarSettings] [c2m1_highway] Could not find CVar specified (gfc_hittable_override)
L 07/09/2025 - 23:24:49: [CvarSettings] [c2m1_highway] Could not find CVar specified (gfc_hittable_rage_override)
L 07/09/2025 - 23:24:49: [CvarSettings] [c2m1_highway] Could not find CVar specified (gfc_rock_override)
L 07/09/2025 - 23:24:49: [CvarSettings] [c2m1_highway] Could not find CVar specified (gfc_rock_rage_override)
L 07/09/2025 - 23:24:49: [CvarSettings] [c2m1_highway] Could not find CVar specified (gfc_spit_extra_time)
L 07/09/2025 - 23:24:49: [CvarSettings] [c2m1_highway] Could not find CVar specified (gfc_common_extra_time)
L 07/09/2025 - 23:24:49: [CvarSettings] [c2m1_highway] Could not find CVar specified (gfc_hunter_duration)
L 07/09/2025 - 23:24:49: [CvarSettings] [c2m1_highway] Could not find CVar specified (gfc_jockey_duration)
L 07/09/2025 - 23:24:49: [CvarSettings] [c2m1_highway] Could not find CVar specified (gfc_smoker_duration)
L 07/09/2025 - 23:24:49: [CvarSettings] [c2m1_highway] Could not find CVar specified (gfc_charger_duration)
L 07/09/2025 - 23:24:49: [CvarSettings] [c2m1_highway] Could not find CVar specified (gfc_charger_stagger_extra_time)
L 07/09/2025 - 23:24:49: [CvarSettings] [c2m1_highway] Could not find CVar specified (gfc_charger_stagger_flags)
L 07/09/2025 - 23:24:49: [CvarSettings] [c2m1_highway] Could not find CVar specified (gfc_common_zc_flags)
L 07/09/2025 - 23:24:49: [CvarSettings] [c2m1_highway] Could not find CVar specified (gfc_spit_zc_flags)
L 07/09/2025 - 23:24:49: [CvarSettings] [c2m1_highway] Could not find CVar specified (gfc_godframe_glows)
L 07/09/2025 - 23:24:49: [CvarSettings] [c2m1_highway] Could not find CVar specified (gfc_ff_min_time)
L 07/09/2025 - 23:24:49: [CvarSettings] [c2m1_highway] Could not find CVar specified (l4d2_undoff_enable)
L 07/09/2025 - 23:24:49: [CvarSettings] [c2m1_highway] Could not find CVar specified (l4d2_undoff_blockzerodmg)
L 07/09/2025 - 23:24:49: [CvarSettings] [c2m1_highway] Could not find CVar specified (l4d2_undoff_permdmgfrac)
L 07/09/2025 - 23:24:49: [CvarSettings] [c2m1_highway] Could not find CVar specified (l4d2_shotgun_ff_multi)
L 07/09/2025 - 23:24:49: [CvarSettings] [c2m1_highway] Could not find CVar specified (l4d2_shotgun_ff_min)
L 07/09/2025 - 23:24:49: [CvarSettings] [c2m1_highway] Could not find CVar specified (l4d2_shotgun_ff_max)
L 07/09/2025 - 23:27:04: [CvarSettings] [c2m1_highway] Could not find CVar specified (confogl_boss_unprohibit)
L 07/09/2025 - 23:27:04: [CvarSettings] [c2m1_highway] Could not find CVar specified (gfc_hittable_override)
L 07/09/2025 - 23:27:04: [CvarSettings] [c2m1_highway] Could not find CVar specified (gfc_hittable_rage_override)
L 07/09/2025 - 23:27:04: [CvarSettings] [c2m1_highway] Could not find CVar specified (gfc_rock_override)
L 07/09/2025 - 23:27:04: [CvarSettings] [c2m1_highway] Could not find CVar specified (gfc_rock_rage_override)
L 07/09/2025 - 23:27:04: [CvarSettings] [c2m1_highway] Could not find CVar specified (gfc_spit_extra_time)
L 07/09/2025 - 23:27:04: [CvarSettings] [c2m1_highway] Could not find CVar specified (gfc_common_extra_time)
L 07/09/2025 - 23:27:04: [CvarSettings] [c2m1_highway] Could not find CVar specified (gfc_hunter_duration)
L 07/09/2025 - 23:27:04: [CvarSettings] [c2m1_highway] Could not find CVar specified (gfc_jockey_duration)
L 07/09/2025 - 23:27:04: [CvarSettings] [c2m1_highway] Could not find CVar specified (gfc_smoker_duration)
L 07/09/2025 - 23:27:04: [CvarSettings] [c2m1_highway] Could not find CVar specified (gfc_charger_duration)
L 07/09/2025 - 23:27:04: [CvarSettings] [c2m1_highway] Could not find CVar specified (gfc_charger_stagger_extra_time)
L 07/09/2025 - 23:27:04: [CvarSettings] [c2m1_highway] Could not find CVar specified (gfc_charger_stagger_flags)
L 07/09/2025 - 23:27:04: [CvarSettings] [c2m1_highway] Could not find CVar specified (gfc_common_zc_flags)
L 07/09/2025 - 23:27:04: [CvarSettings] [c2m1_highway] Could not find CVar specified (gfc_spit_zc_flags)
L 07/09/2025 - 23:27:04: [CvarSettings] [c2m1_highway] Could not find CVar specified (gfc_godframe_glows)
L 07/09/2025 - 23:27:04: [CvarSettings] [c2m1_highway] Could not find CVar specified (gfc_ff_min_time)
L 07/09/2025 - 23:27:04: [CvarSettings] [c2m1_highway] Could not find CVar specified (l4d2_undoff_enable)
L 07/09/2025 - 23:27:04: [CvarSettings] [c2m1_highway] Could not find CVar specified (l4d2_undoff_blockzerodmg)
L 07/09/2025 - 23:27:04: [CvarSettings] [c2m1_highway] Could not find CVar specified (l4d2_undoff_permdmgfrac)
L 07/09/2025 - 23:27:04: [CvarSettings] [c2m1_highway] Could not find CVar specified (l4d2_shotgun_ff_multi)
L 07/09/2025 - 23:27:04: [CvarSettings] [c2m1_highway] Could not find CVar specified (l4d2_shotgun_ff_min)
L 07/09/2025 - 23:27:04: [CvarSettings] [c2m1_highway] Could not find CVar specified (l4d2_shotgun_ff_max)
L 07/09/2025 - 23:28:29: [CvarSettings] [c2m1_highway] Could not find CVar specified (confogl_boss_unprohibit)
L 07/09/2025 - 23:28:29: [CvarSettings] [c2m1_highway] Could not find CVar specified (gfc_hittable_override)
L 07/09/2025 - 23:28:29: [CvarSettings] [c2m1_highway] Could not find CVar specified (gfc_hittable_rage_override)
L 07/09/2025 - 23:28:29: [CvarSettings] [c2m1_highway] Could not find CVar specified (gfc_rock_override)
L 07/09/2025 - 23:28:29: [CvarSettings] [c2m1_highway] Could not find CVar specified (gfc_rock_rage_override)
L 07/09/2025 - 23:28:29: [CvarSettings] [c2m1_highway] Could not find CVar specified (gfc_spit_extra_time)
L 07/09/2025 - 23:28:29: [CvarSettings] [c2m1_highway] Could not find CVar specified (gfc_common_extra_time)
L 07/09/2025 - 23:28:29: [CvarSettings] [c2m1_highway] Could not find CVar specified (gfc_hunter_duration)
L 07/09/2025 - 23:28:29: [CvarSettings] [c2m1_highway] Could not find CVar specified (gfc_jockey_duration)
L 07/09/2025 - 23:28:29: [CvarSettings] [c2m1_highway] Could not find CVar specified (gfc_smoker_duration)
L 07/09/2025 - 23:28:29: [CvarSettings] [c2m1_highway] Could not find CVar specified (gfc_charger_duration)
L 07/09/2025 - 23:28:29: [CvarSettings] [c2m1_highway] Could not find CVar specified (gfc_charger_stagger_extra_time)
L 07/09/2025 - 23:28:29: [CvarSettings] [c2m1_highway] Could not find CVar specified (gfc_charger_stagger_flags)
L 07/09/2025 - 23:28:29: [CvarSettings] [c2m1_highway] Could not find CVar specified (gfc_common_zc_flags)
L 07/09/2025 - 23:28:29: [CvarSettings] [c2m1_highway] Could not find CVar specified (gfc_spit_zc_flags)
L 07/09/2025 - 23:28:29: [CvarSettings] [c2m1_highway] Could not find CVar specified (gfc_godframe_glows)
L 07/09/2025 - 23:28:29: [CvarSettings] [c2m1_highway] Could not find CVar specified (gfc_ff_min_time)
L 07/09/2025 - 23:28:29: [CvarSettings] [c2m1_highway] Could not find CVar specified (l4d2_undoff_enable)
L 07/09/2025 - 23:28:29: [CvarSettings] [c2m1_highway] Could not find CVar specified (l4d2_undoff_blockzerodmg)
L 07/09/2025 - 23:28:29: [CvarSettings] [c2m1_highway] Could not find CVar specified (l4d2_undoff_permdmgfrac)
L 07/09/2025 - 23:28:29: [CvarSettings] [c2m1_highway] Could not find CVar specified (l4d2_shotgun_ff_multi)
L 07/09/2025 - 23:28:29: [CvarSettings] [c2m1_highway] Could not find CVar specified (l4d2_shotgun_ff_min)
L 07/09/2025 - 23:28:29: [CvarSettings] [c2m1_highway] Could not find CVar specified (l4d2_shotgun_ff_max)
L 07/09/2025 - 23:43:05: [CvarSettings] [c2m1_highway] Could not find CVar specified (confogl_boss_unprohibit)
L 07/09/2025 - 23:43:05: [CvarSettings] [c2m1_highway] Could not find CVar specified (gfc_hittable_override)
L 07/09/2025 - 23:43:05: [CvarSettings] [c2m1_highway] Could not find CVar specified (gfc_hittable_rage_override)
L 07/09/2025 - 23:43:05: [CvarSettings] [c2m1_highway] Could not find CVar specified (gfc_rock_override)
L 07/09/2025 - 23:43:05: [CvarSettings] [c2m1_highway] Could not find CVar specified (gfc_rock_rage_override)
L 07/09/2025 - 23:43:05: [CvarSettings] [c2m1_highway] Could not find CVar specified (gfc_spit_extra_time)
L 07/09/2025 - 23:43:05: [CvarSettings] [c2m1_highway] Could not find CVar specified (gfc_common_extra_time)
L 07/09/2025 - 23:43:05: [CvarSettings] [c2m1_highway] Could not find CVar specified (gfc_hunter_duration)
L 07/09/2025 - 23:43:05: [CvarSettings] [c2m1_highway] Could not find CVar specified (gfc_jockey_duration)
L 07/09/2025 - 23:43:05: [CvarSettings] [c2m1_highway] Could not find CVar specified (gfc_smoker_duration)
L 07/09/2025 - 23:43:05: [CvarSettings] [c2m1_highway] Could not find CVar specified (gfc_charger_duration)
L 07/09/2025 - 23:43:05: [CvarSettings] [c2m1_highway] Could not find CVar specified (gfc_charger_stagger_extra_time)
L 07/09/2025 - 23:43:05: [CvarSettings] [c2m1_highway] Could not find CVar specified (gfc_charger_stagger_flags)
L 07/09/2025 - 23:43:05: [CvarSettings] [c2m1_highway] Could not find CVar specified (gfc_common_zc_flags)
L 07/09/2025 - 23:43:05: [CvarSettings] [c2m1_highway] Could not find CVar specified (gfc_spit_zc_flags)
L 07/09/2025 - 23:43:05: [CvarSettings] [c2m1_highway] Could not find CVar specified (gfc_godframe_glows)
L 07/09/2025 - 23:43:05: [CvarSettings] [c2m1_highway] Could not find CVar specified (gfc_ff_min_time)
L 07/09/2025 - 23:43:05: [CvarSettings] [c2m1_highway] Could not find CVar specified (l4d2_undoff_enable)
L 07/09/2025 - 23:43:05: [CvarSettings] [c2m1_highway] Could not find CVar specified (l4d2_undoff_blockzerodmg)
L 07/09/2025 - 23:43:05: [CvarSettings] [c2m1_highway] Could not find CVar specified (l4d2_undoff_permdmgfrac)
L 07/09/2025 - 23:43:05: [CvarSettings] [c2m1_highway] Could not find CVar specified (l4d2_shotgun_ff_multi)
L 07/09/2025 - 23:43:05: [CvarSettings] [c2m1_highway] Could not find CVar specified (l4d2_shotgun_ff_min)
L 07/09/2025 - 23:43:05: [CvarSettings] [c2m1_highway] Could not find CVar specified (l4d2_shotgun_ff_max)
L 07/09/2025 - 23:43:30: [CvarSettings] [c2m1_highway] Could not find CVar specified (confogl_boss_unprohibit)
L 07/09/2025 - 23:43:31: [CvarSettings] [c2m1_highway] Could not find CVar specified (gfc_hittable_override)
L 07/09/2025 - 23:43:31: [CvarSettings] [c2m1_highway] Could not find CVar specified (gfc_hittable_rage_override)
L 07/09/2025 - 23:43:31: [CvarSettings] [c2m1_highway] Could not find CVar specified (gfc_rock_override)
L 07/09/2025 - 23:43:31: [CvarSettings] [c2m1_highway] Could not find CVar specified (gfc_rock_rage_override)
L 07/09/2025 - 23:43:31: [CvarSettings] [c2m1_highway] Could not find CVar specified (gfc_spit_extra_time)
L 07/09/2025 - 23:43:31: [CvarSettings] [c2m1_highway] Could not find CVar specified (gfc_common_extra_time)
L 07/09/2025 - 23:43:31: [CvarSettings] [c2m1_highway] Could not find CVar specified (gfc_hunter_duration)
L 07/09/2025 - 23:43:31: [CvarSettings] [c2m1_highway] Could not find CVar specified (gfc_jockey_duration)
L 07/09/2025 - 23:43:31: [CvarSettings] [c2m1_highway] Could not find CVar specified (gfc_smoker_duration)
L 07/09/2025 - 23:43:31: [CvarSettings] [c2m1_highway] Could not find CVar specified (gfc_charger_duration)
L 07/09/2025 - 23:43:31: [CvarSettings] [c2m1_highway] Could not find CVar specified (gfc_charger_stagger_extra_time)
L 07/09/2025 - 23:43:31: [CvarSettings] [c2m1_highway] Could not find CVar specified (gfc_charger_stagger_flags)
L 07/09/2025 - 23:43:31: [CvarSettings] [c2m1_highway] Could not find CVar specified (gfc_common_zc_flags)
L 07/09/2025 - 23:43:31: [CvarSettings] [c2m1_highway] Could not find CVar specified (gfc_spit_zc_flags)
L 07/09/2025 - 23:43:31: [CvarSettings] [c2m1_highway] Could not find CVar specified (gfc_godframe_glows)
L 07/09/2025 - 23:43:31: [CvarSettings] [c2m1_highway] Could not find CVar specified (gfc_ff_min_time)
L 07/09/2025 - 23:43:31: [CvarSettings] [c2m1_highway] Could not find CVar specified (l4d2_undoff_enable)
L 07/09/2025 - 23:43:31: [CvarSettings] [c2m1_highway] Could not find CVar specified (l4d2_undoff_blockzerodmg)
L 07/09/2025 - 23:43:31: [CvarSettings] [c2m1_highway] Could not find CVar specified (l4d2_undoff_permdmgfrac)
L 07/09/2025 - 23:43:31: [CvarSettings] [c2m1_highway] Could not find CVar specified (l4d2_shotgun_ff_multi)
L 07/09/2025 - 23:43:31: [CvarSettings] [c2m1_highway] Could not find CVar specified (l4d2_shotgun_ff_min)
L 07/09/2025 - 23:43:31: [CvarSettings] [c2m1_highway] Could not find CVar specified (l4d2_shotgun_ff_max)
L 07/09/2025 - 23:46:47: [CvarSettings] [c2m1_highway] Could not find CVar specified (confogl_boss_unprohibit)
L 07/09/2025 - 23:46:47: [CvarSettings] [c2m1_highway] Could not find CVar specified (gfc_hittable_override)
L 07/09/2025 - 23:46:47: [CvarSettings] [c2m1_highway] Could not find CVar specified (gfc_hittable_rage_override)
L 07/09/2025 - 23:46:47: [CvarSettings] [c2m1_highway] Could not find CVar specified (gfc_rock_override)
L 07/09/2025 - 23:46:47: [CvarSettings] [c2m1_highway] Could not find CVar specified (gfc_rock_rage_override)
L 07/09/2025 - 23:46:47: [CvarSettings] [c2m1_highway] Could not find CVar specified (gfc_spit_extra_time)
L 07/09/2025 - 23:46:47: [CvarSettings] [c2m1_highway] Could not find CVar specified (gfc_common_extra_time)
L 07/09/2025 - 23:46:47: [CvarSettings] [c2m1_highway] Could not find CVar specified (gfc_hunter_duration)
L 07/09/2025 - 23:46:47: [CvarSettings] [c2m1_highway] Could not find CVar specified (gfc_jockey_duration)
L 07/09/2025 - 23:46:47: [CvarSettings] [c2m1_highway] Could not find CVar specified (gfc_smoker_duration)
L 07/09/2025 - 23:46:47: [CvarSettings] [c2m1_highway] Could not find CVar specified (gfc_charger_duration)
L 07/09/2025 - 23:46:47: [CvarSettings] [c2m1_highway] Could not find CVar specified (gfc_charger_stagger_extra_time)
L 07/09/2025 - 23:46:47: [CvarSettings] [c2m1_highway] Could not find CVar specified (gfc_charger_stagger_flags)
L 07/09/2025 - 23:46:47: [CvarSettings] [c2m1_highway] Could not find CVar specified (gfc_common_zc_flags)
L 07/09/2025 - 23:46:47: [CvarSettings] [c2m1_highway] Could not find CVar specified (gfc_spit_zc_flags)
L 07/09/2025 - 23:46:47: [CvarSettings] [c2m1_highway] Could not find CVar specified (gfc_godframe_glows)
L 07/09/2025 - 23:46:47: [CvarSettings] [c2m1_highway] Could not find CVar specified (gfc_ff_min_time)
L 07/09/2025 - 23:46:47: [CvarSettings] [c2m1_highway] Could not find CVar specified (l4d2_undoff_enable)
L 07/09/2025 - 23:46:47: [CvarSettings] [c2m1_highway] Could not find CVar specified (l4d2_undoff_blockzerodmg)
L 07/09/2025 - 23:46:47: [CvarSettings] [c2m1_highway] Could not find CVar specified (l4d2_undoff_permdmgfrac)
L 07/09/2025 - 23:46:47: [CvarSettings] [c2m1_highway] Could not find CVar specified (l4d2_shotgun_ff_multi)
L 07/09/2025 - 23:46:47: [CvarSettings] [c2m1_highway] Could not find CVar specified (l4d2_shotgun_ff_min)
L 07/09/2025 - 23:46:47: [CvarSettings] [c2m1_highway] Could not find CVar specified (l4d2_shotgun_ff_max)
L 07/09/2025 - 23:53:34: [CvarSettings] [c2m1_highway] Could not find CVar specified (confogl_boss_unprohibit)
L 07/09/2025 - 23:53:34: [CvarSettings] [c2m1_highway] Could not find CVar specified (gfc_hittable_override)
L 07/09/2025 - 23:53:34: [CvarSettings] [c2m1_highway] Could not find CVar specified (gfc_hittable_rage_override)
L 07/09/2025 - 23:53:34: [CvarSettings] [c2m1_highway] Could not find CVar specified (gfc_rock_override)
L 07/09/2025 - 23:53:34: [CvarSettings] [c2m1_highway] Could not find CVar specified (gfc_rock_rage_override)
L 07/09/2025 - 23:53:34: [CvarSettings] [c2m1_highway] Could not find CVar specified (gfc_spit_extra_time)
L 07/09/2025 - 23:53:34: [CvarSettings] [c2m1_highway] Could not find CVar specified (gfc_common_extra_time)
L 07/09/2025 - 23:53:34: [CvarSettings] [c2m1_highway] Could not find CVar specified (gfc_hunter_duration)
L 07/09/2025 - 23:53:34: [CvarSettings] [c2m1_highway] Could not find CVar specified (gfc_jockey_duration)
L 07/09/2025 - 23:53:34: [CvarSettings] [c2m1_highway] Could not find CVar specified (gfc_smoker_duration)
L 07/09/2025 - 23:53:34: [CvarSettings] [c2m1_highway] Could not find CVar specified (gfc_charger_duration)
L 07/09/2025 - 23:53:34: [CvarSettings] [c2m1_highway] Could not find CVar specified (gfc_charger_stagger_extra_time)
L 07/09/2025 - 23:53:34: [CvarSettings] [c2m1_highway] Could not find CVar specified (gfc_charger_stagger_flags)
L 07/09/2025 - 23:53:34: [CvarSettings] [c2m1_highway] Could not find CVar specified (gfc_common_zc_flags)
L 07/09/2025 - 23:53:34: [CvarSettings] [c2m1_highway] Could not find CVar specified (gfc_spit_zc_flags)
L 07/09/2025 - 23:53:34: [CvarSettings] [c2m1_highway] Could not find CVar specified (gfc_godframe_glows)
L 07/09/2025 - 23:53:34: [CvarSettings] [c2m1_highway] Could not find CVar specified (gfc_ff_min_time)
L 07/09/2025 - 23:53:34: [CvarSettings] [c2m1_highway] Could not find CVar specified (l4d2_undoff_enable)
L 07/09/2025 - 23:53:34: [CvarSettings] [c2m1_highway] Could not find CVar specified (l4d2_undoff_blockzerodmg)
L 07/09/2025 - 23:53:34: [CvarSettings] [c2m1_highway] Could not find CVar specified (l4d2_undoff_permdmgfrac)
L 07/09/2025 - 23:53:34: [CvarSettings] [c2m1_highway] Could not find CVar specified (l4d2_shotgun_ff_multi)
L 07/09/2025 - 23:53:34: [CvarSettings] [c2m1_highway] Could not find CVar specified (l4d2_shotgun_ff_min)
L 07/09/2025 - 23:53:34: [CvarSettings] [c2m1_highway] Could not find CVar specified (l4d2_shotgun_ff_max)
