L 07/12/2025 - 13:59:00: [CvarSettings] [c2m1_highway] Could not find CVar specified (confogl_boss_unprohibit)
L 07/12/2025 - 13:59:00: [CvarSettings] [c2m1_highway] Could not find CVar specified (tankgank_killoncrash)
L 07/12/2025 - 13:59:00: [CvarSettings] [c2m1_highway] Could not find CVar specified (gfc_hittable_override)
L 07/12/2025 - 13:59:00: [CvarSettings] [c2m1_highway] Could not find CVar specified (gfc_hittable_rage_override)
L 07/12/2025 - 13:59:00: [CvarSettings] [c2m1_highway] Could not find CVar specified (gfc_rock_override)
L 07/12/2025 - 13:59:00: [CvarSettings] [c2m1_highway] Could not find CVar specified (gfc_rock_rage_override)
L 07/12/2025 - 13:59:00: [CvarSettings] [c2m1_highway] Could not find CVar specified (gfc_spit_extra_time)
L 07/12/2025 - 13:59:00: [CvarSettings] [c2m1_highway] Could not find CVar specified (gfc_common_extra_time)
L 07/12/2025 - 13:59:00: [CvarSettings] [c2m1_highway] Could not find CVar specified (gfc_hunter_duration)
L 07/12/2025 - 13:59:00: [CvarSettings] [c2m1_highway] Could not find CVar specified (gfc_jockey_duration)
L 07/12/2025 - 13:59:00: [CvarSettings] [c2m1_highway] Could not find CVar specified (gfc_smoker_duration)
L 07/12/2025 - 13:59:00: [CvarSettings] [c2m1_highway] Could not find CVar specified (gfc_charger_duration)
L 07/12/2025 - 13:59:00: [CvarSettings] [c2m1_highway] Could not find CVar specified (gfc_charger_stagger_extra_time)
L 07/12/2025 - 13:59:00: [CvarSettings] [c2m1_highway] Could not find CVar specified (gfc_charger_stagger_flags)
L 07/12/2025 - 13:59:00: [CvarSettings] [c2m1_highway] Could not find CVar specified (gfc_common_zc_flags)
L 07/12/2025 - 13:59:00: [CvarSettings] [c2m1_highway] Could not find CVar specified (gfc_spit_zc_flags)
L 07/12/2025 - 13:59:00: [CvarSettings] [c2m1_highway] Could not find CVar specified (gfc_godframe_glows)
L 07/12/2025 - 13:59:00: [CvarSettings] [c2m1_highway] Could not find CVar specified (gfc_ff_min_time)
L 07/12/2025 - 13:59:00: [CvarSettings] [c2m1_highway] Could not find CVar specified (l4d2_undoff_enable)
L 07/12/2025 - 13:59:00: [CvarSettings] [c2m1_highway] Could not find CVar specified (l4d2_undoff_blockzerodmg)
L 07/12/2025 - 13:59:00: [CvarSettings] [c2m1_highway] Could not find CVar specified (l4d2_undoff_permdmgfrac)
L 07/12/2025 - 13:59:00: [CvarSettings] [c2m1_highway] Could not find CVar specified (l4d2_shotgun_ff_multi)
L 07/12/2025 - 13:59:00: [CvarSettings] [c2m1_highway] Could not find CVar specified (l4d2_shotgun_ff_min)
L 07/12/2025 - 13:59:00: [CvarSettings] [c2m1_highway] Could not find CVar specified (l4d2_shotgun_ff_max)
L 07/12/2025 - 13:59:54: [CvarSettings] [c2m1_highway] Could not find CVar specified (confogl_boss_unprohibit)
L 07/12/2025 - 13:59:54: [CvarSettings] [c2m1_highway] Could not find CVar specified (gfc_hittable_override)
L 07/12/2025 - 13:59:54: [CvarSettings] [c2m1_highway] Could not find CVar specified (gfc_hittable_rage_override)
L 07/12/2025 - 13:59:54: [CvarSettings] [c2m1_highway] Could not find CVar specified (gfc_rock_override)
L 07/12/2025 - 13:59:54: [CvarSettings] [c2m1_highway] Could not find CVar specified (gfc_rock_rage_override)
L 07/12/2025 - 13:59:54: [CvarSettings] [c2m1_highway] Could not find CVar specified (gfc_spit_extra_time)
L 07/12/2025 - 13:59:54: [CvarSettings] [c2m1_highway] Could not find CVar specified (gfc_common_extra_time)
L 07/12/2025 - 13:59:54: [CvarSettings] [c2m1_highway] Could not find CVar specified (gfc_hunter_duration)
L 07/12/2025 - 13:59:54: [CvarSettings] [c2m1_highway] Could not find CVar specified (gfc_jockey_duration)
L 07/12/2025 - 13:59:54: [CvarSettings] [c2m1_highway] Could not find CVar specified (gfc_smoker_duration)
L 07/12/2025 - 13:59:54: [CvarSettings] [c2m1_highway] Could not find CVar specified (gfc_charger_duration)
L 07/12/2025 - 13:59:54: [CvarSettings] [c2m1_highway] Could not find CVar specified (gfc_charger_stagger_extra_time)
L 07/12/2025 - 13:59:54: [CvarSettings] [c2m1_highway] Could not find CVar specified (gfc_charger_stagger_flags)
L 07/12/2025 - 13:59:54: [CvarSettings] [c2m1_highway] Could not find CVar specified (gfc_common_zc_flags)
L 07/12/2025 - 13:59:54: [CvarSettings] [c2m1_highway] Could not find CVar specified (gfc_spit_zc_flags)
L 07/12/2025 - 13:59:54: [CvarSettings] [c2m1_highway] Could not find CVar specified (gfc_godframe_glows)
L 07/12/2025 - 13:59:54: [CvarSettings] [c2m1_highway] Could not find CVar specified (gfc_ff_min_time)
L 07/12/2025 - 13:59:54: [CvarSettings] [c2m1_highway] Could not find CVar specified (l4d2_undoff_enable)
L 07/12/2025 - 13:59:54: [CvarSettings] [c2m1_highway] Could not find CVar specified (l4d2_undoff_blockzerodmg)
L 07/12/2025 - 13:59:54: [CvarSettings] [c2m1_highway] Could not find CVar specified (l4d2_undoff_permdmgfrac)
L 07/12/2025 - 13:59:54: [CvarSettings] [c2m1_highway] Could not find CVar specified (l4d2_shotgun_ff_multi)
L 07/12/2025 - 13:59:54: [CvarSettings] [c2m1_highway] Could not find CVar specified (l4d2_shotgun_ff_min)
L 07/12/2025 - 13:59:54: [CvarSettings] [c2m1_highway] Could not find CVar specified (l4d2_shotgun_ff_max)
L 07/12/2025 - 14:02:19: [CvarSettings] [c8m1_apartment] Could not find CVar specified (confogl_boss_unprohibit)
L 07/12/2025 - 14:02:19: [CvarSettings] [c8m1_apartment] Could not find CVar specified (tankgank_killoncrash)
L 07/12/2025 - 14:02:19: [CvarSettings] [c8m1_apartment] Could not find CVar specified (gfc_hittable_override)
L 07/12/2025 - 14:02:19: [CvarSettings] [c8m1_apartment] Could not find CVar specified (gfc_hittable_rage_override)
L 07/12/2025 - 14:02:19: [CvarSettings] [c8m1_apartment] Could not find CVar specified (gfc_rock_override)
L 07/12/2025 - 14:02:19: [CvarSettings] [c8m1_apartment] Could not find CVar specified (gfc_rock_rage_override)
L 07/12/2025 - 14:02:19: [CvarSettings] [c8m1_apartment] Could not find CVar specified (gfc_spit_extra_time)
L 07/12/2025 - 14:02:19: [CvarSettings] [c8m1_apartment] Could not find CVar specified (gfc_common_extra_time)
L 07/12/2025 - 14:02:19: [CvarSettings] [c8m1_apartment] Could not find CVar specified (gfc_hunter_duration)
L 07/12/2025 - 14:02:19: [CvarSettings] [c8m1_apartment] Could not find CVar specified (gfc_jockey_duration)
L 07/12/2025 - 14:02:19: [CvarSettings] [c8m1_apartment] Could not find CVar specified (gfc_smoker_duration)
L 07/12/2025 - 14:02:19: [CvarSettings] [c8m1_apartment] Could not find CVar specified (gfc_charger_duration)
L 07/12/2025 - 14:02:19: [CvarSettings] [c8m1_apartment] Could not find CVar specified (gfc_charger_stagger_extra_time)
L 07/12/2025 - 14:02:19: [CvarSettings] [c8m1_apartment] Could not find CVar specified (gfc_charger_stagger_flags)
L 07/12/2025 - 14:02:19: [CvarSettings] [c8m1_apartment] Could not find CVar specified (gfc_common_zc_flags)
L 07/12/2025 - 14:02:19: [CvarSettings] [c8m1_apartment] Could not find CVar specified (gfc_spit_zc_flags)
L 07/12/2025 - 14:02:19: [CvarSettings] [c8m1_apartment] Could not find CVar specified (gfc_godframe_glows)
L 07/12/2025 - 14:02:19: [CvarSettings] [c8m1_apartment] Could not find CVar specified (gfc_ff_min_time)
L 07/12/2025 - 14:02:19: [CvarSettings] [c8m1_apartment] Could not find CVar specified (l4d2_undoff_enable)
L 07/12/2025 - 14:02:19: [CvarSettings] [c8m1_apartment] Could not find CVar specified (l4d2_undoff_blockzerodmg)
L 07/12/2025 - 14:02:19: [CvarSettings] [c8m1_apartment] Could not find CVar specified (l4d2_undoff_permdmgfrac)
L 07/12/2025 - 14:02:19: [CvarSettings] [c8m1_apartment] Could not find CVar specified (l4d2_shotgun_ff_multi)
L 07/12/2025 - 14:02:19: [CvarSettings] [c8m1_apartment] Could not find CVar specified (l4d2_shotgun_ff_min)
L 07/12/2025 - 14:02:19: [CvarSettings] [c8m1_apartment] Could not find CVar specified (l4d2_shotgun_ff_max)
L 07/12/2025 - 15:13:46: [CvarSettings] [c2m1_highway] Could not find CVar specified (confogl_boss_unprohibit)
L 07/12/2025 - 15:13:46: [CvarSettings] [c2m1_highway] Could not find CVar specified (gfc_hittable_override)
L 07/12/2025 - 15:13:46: [CvarSettings] [c2m1_highway] Could not find CVar specified (gfc_hittable_rage_override)
L 07/12/2025 - 15:13:46: [CvarSettings] [c2m1_highway] Could not find CVar specified (gfc_rock_override)
L 07/12/2025 - 15:13:46: [CvarSettings] [c2m1_highway] Could not find CVar specified (gfc_rock_rage_override)
L 07/12/2025 - 15:13:46: [CvarSettings] [c2m1_highway] Could not find CVar specified (gfc_spit_extra_time)
L 07/12/2025 - 15:13:46: [CvarSettings] [c2m1_highway] Could not find CVar specified (gfc_common_extra_time)
L 07/12/2025 - 15:13:46: [CvarSettings] [c2m1_highway] Could not find CVar specified (gfc_hunter_duration)
L 07/12/2025 - 15:13:46: [CvarSettings] [c2m1_highway] Could not find CVar specified (gfc_jockey_duration)
L 07/12/2025 - 15:13:46: [CvarSettings] [c2m1_highway] Could not find CVar specified (gfc_smoker_duration)
L 07/12/2025 - 15:13:46: [CvarSettings] [c2m1_highway] Could not find CVar specified (gfc_charger_duration)
L 07/12/2025 - 15:13:46: [CvarSettings] [c2m1_highway] Could not find CVar specified (gfc_charger_stagger_extra_time)
L 07/12/2025 - 15:13:46: [CvarSettings] [c2m1_highway] Could not find CVar specified (gfc_charger_stagger_flags)
L 07/12/2025 - 15:13:46: [CvarSettings] [c2m1_highway] Could not find CVar specified (gfc_common_zc_flags)
L 07/12/2025 - 15:13:46: [CvarSettings] [c2m1_highway] Could not find CVar specified (gfc_spit_zc_flags)
L 07/12/2025 - 15:13:46: [CvarSettings] [c2m1_highway] Could not find CVar specified (gfc_godframe_glows)
L 07/12/2025 - 15:13:46: [CvarSettings] [c2m1_highway] Could not find CVar specified (gfc_ff_min_time)
L 07/12/2025 - 15:13:46: [CvarSettings] [c2m1_highway] Could not find CVar specified (l4d2_undoff_enable)
L 07/12/2025 - 15:13:46: [CvarSettings] [c2m1_highway] Could not find CVar specified (l4d2_undoff_blockzerodmg)
L 07/12/2025 - 15:13:46: [CvarSettings] [c2m1_highway] Could not find CVar specified (l4d2_undoff_permdmgfrac)
L 07/12/2025 - 15:13:46: [CvarSettings] [c2m1_highway] Could not find CVar specified (l4d2_shotgun_ff_multi)
L 07/12/2025 - 15:13:46: [CvarSettings] [c2m1_highway] Could not find CVar specified (l4d2_shotgun_ff_min)
L 07/12/2025 - 15:13:46: [CvarSettings] [c2m1_highway] Could not find CVar specified (l4d2_shotgun_ff_max)
L 07/12/2025 - 15:15:21: [CvarSettings] [c2m1_highway] Could not find CVar specified (confogl_boss_unprohibit)
L 07/12/2025 - 15:15:21: [CvarSettings] [c2m1_highway] Could not find CVar specified (gfc_hittable_override)
L 07/12/2025 - 15:15:21: [CvarSettings] [c2m1_highway] Could not find CVar specified (gfc_hittable_rage_override)
L 07/12/2025 - 15:15:21: [CvarSettings] [c2m1_highway] Could not find CVar specified (gfc_rock_override)
L 07/12/2025 - 15:15:21: [CvarSettings] [c2m1_highway] Could not find CVar specified (gfc_rock_rage_override)
L 07/12/2025 - 15:15:21: [CvarSettings] [c2m1_highway] Could not find CVar specified (gfc_spit_extra_time)
L 07/12/2025 - 15:15:21: [CvarSettings] [c2m1_highway] Could not find CVar specified (gfc_common_extra_time)
L 07/12/2025 - 15:15:21: [CvarSettings] [c2m1_highway] Could not find CVar specified (gfc_hunter_duration)
L 07/12/2025 - 15:15:21: [CvarSettings] [c2m1_highway] Could not find CVar specified (gfc_jockey_duration)
L 07/12/2025 - 15:15:21: [CvarSettings] [c2m1_highway] Could not find CVar specified (gfc_smoker_duration)
L 07/12/2025 - 15:15:21: [CvarSettings] [c2m1_highway] Could not find CVar specified (gfc_charger_duration)
L 07/12/2025 - 15:15:21: [CvarSettings] [c2m1_highway] Could not find CVar specified (gfc_charger_stagger_extra_time)
L 07/12/2025 - 15:15:21: [CvarSettings] [c2m1_highway] Could not find CVar specified (gfc_charger_stagger_flags)
L 07/12/2025 - 15:15:21: [CvarSettings] [c2m1_highway] Could not find CVar specified (gfc_common_zc_flags)
L 07/12/2025 - 15:15:21: [CvarSettings] [c2m1_highway] Could not find CVar specified (gfc_spit_zc_flags)
L 07/12/2025 - 15:15:21: [CvarSettings] [c2m1_highway] Could not find CVar specified (gfc_godframe_glows)
L 07/12/2025 - 15:15:21: [CvarSettings] [c2m1_highway] Could not find CVar specified (gfc_ff_min_time)
L 07/12/2025 - 15:15:21: [CvarSettings] [c2m1_highway] Could not find CVar specified (l4d2_undoff_enable)
L 07/12/2025 - 15:15:21: [CvarSettings] [c2m1_highway] Could not find CVar specified (l4d2_undoff_blockzerodmg)
L 07/12/2025 - 15:15:21: [CvarSettings] [c2m1_highway] Could not find CVar specified (l4d2_undoff_permdmgfrac)
L 07/12/2025 - 15:15:21: [CvarSettings] [c2m1_highway] Could not find CVar specified (l4d2_shotgun_ff_multi)
L 07/12/2025 - 15:15:21: [CvarSettings] [c2m1_highway] Could not find CVar specified (l4d2_shotgun_ff_min)
L 07/12/2025 - 15:15:21: [CvarSettings] [c2m1_highway] Could not find CVar specified (l4d2_shotgun_ff_max)
L 07/12/2025 - 15:41:43: [CvarSettings] [c2m1_highway] Could not find CVar specified (confogl_boss_unprohibit)
L 07/12/2025 - 15:41:43: [CvarSettings] [c2m1_highway] Could not find CVar specified (gfc_hittable_override)
L 07/12/2025 - 15:41:43: [CvarSettings] [c2m1_highway] Could not find CVar specified (gfc_hittable_rage_override)
L 07/12/2025 - 15:41:43: [CvarSettings] [c2m1_highway] Could not find CVar specified (gfc_rock_override)
L 07/12/2025 - 15:41:43: [CvarSettings] [c2m1_highway] Could not find CVar specified (gfc_rock_rage_override)
L 07/12/2025 - 15:41:43: [CvarSettings] [c2m1_highway] Could not find CVar specified (gfc_spit_extra_time)
L 07/12/2025 - 15:41:43: [CvarSettings] [c2m1_highway] Could not find CVar specified (gfc_common_extra_time)
L 07/12/2025 - 15:41:43: [CvarSettings] [c2m1_highway] Could not find CVar specified (gfc_hunter_duration)
L 07/12/2025 - 15:41:43: [CvarSettings] [c2m1_highway] Could not find CVar specified (gfc_jockey_duration)
L 07/12/2025 - 15:41:43: [CvarSettings] [c2m1_highway] Could not find CVar specified (gfc_smoker_duration)
L 07/12/2025 - 15:41:43: [CvarSettings] [c2m1_highway] Could not find CVar specified (gfc_charger_duration)
L 07/12/2025 - 15:41:43: [CvarSettings] [c2m1_highway] Could not find CVar specified (gfc_charger_stagger_extra_time)
L 07/12/2025 - 15:41:43: [CvarSettings] [c2m1_highway] Could not find CVar specified (gfc_charger_stagger_flags)
L 07/12/2025 - 15:41:43: [CvarSettings] [c2m1_highway] Could not find CVar specified (gfc_common_zc_flags)
L 07/12/2025 - 15:41:43: [CvarSettings] [c2m1_highway] Could not find CVar specified (gfc_spit_zc_flags)
L 07/12/2025 - 15:41:43: [CvarSettings] [c2m1_highway] Could not find CVar specified (gfc_godframe_glows)
L 07/12/2025 - 15:41:43: [CvarSettings] [c2m1_highway] Could not find CVar specified (gfc_ff_min_time)
L 07/12/2025 - 15:41:43: [CvarSettings] [c2m1_highway] Could not find CVar specified (l4d2_undoff_enable)
L 07/12/2025 - 15:41:43: [CvarSettings] [c2m1_highway] Could not find CVar specified (l4d2_undoff_blockzerodmg)
L 07/12/2025 - 15:41:43: [CvarSettings] [c2m1_highway] Could not find CVar specified (l4d2_undoff_permdmgfrac)
L 07/12/2025 - 15:41:43: [CvarSettings] [c2m1_highway] Could not find CVar specified (l4d2_shotgun_ff_multi)
L 07/12/2025 - 15:41:43: [CvarSettings] [c2m1_highway] Could not find CVar specified (l4d2_shotgun_ff_min)
L 07/12/2025 - 15:41:43: [CvarSettings] [c2m1_highway] Could not find CVar specified (l4d2_shotgun_ff_max)
L 07/12/2025 - 18:11:57: [CvarSettings] [c2m1_highway] Could not find CVar specified (confogl_boss_unprohibit)
L 07/12/2025 - 18:11:57: [CvarSettings] [c2m1_highway] Could not find CVar specified (ssb_block_car_alarms)
L 07/12/2025 - 18:11:57: [CvarSettings] [c2m1_highway] Could not find CVar specified (ssb_block_horde)
L 07/12/2025 - 18:25:08: [CvarSettings] [c2m2_fairgrounds] Could not find CVar specified (confogl_boss_unprohibit)
L 07/12/2025 - 18:26:11: [CvarSettings] [c2m1_highway] Could not find CVar specified (confogl_boss_unprohibit)
L 07/12/2025 - 18:26:11: [CvarSettings] [c2m1_highway] Could not find CVar specified (gfc_hittable_override)
L 07/12/2025 - 18:26:11: [CvarSettings] [c2m1_highway] Could not find CVar specified (gfc_hittable_rage_override)
L 07/12/2025 - 18:26:11: [CvarSettings] [c2m1_highway] Could not find CVar specified (gfc_rock_override)
L 07/12/2025 - 18:26:11: [CvarSettings] [c2m1_highway] Could not find CVar specified (gfc_rock_rage_override)
L 07/12/2025 - 18:26:11: [CvarSettings] [c2m1_highway] Could not find CVar specified (gfc_spit_extra_time)
L 07/12/2025 - 18:26:11: [CvarSettings] [c2m1_highway] Could not find CVar specified (gfc_common_extra_time)
L 07/12/2025 - 18:26:11: [CvarSettings] [c2m1_highway] Could not find CVar specified (gfc_hunter_duration)
L 07/12/2025 - 18:26:11: [CvarSettings] [c2m1_highway] Could not find CVar specified (gfc_jockey_duration)
L 07/12/2025 - 18:26:11: [CvarSettings] [c2m1_highway] Could not find CVar specified (gfc_smoker_duration)
L 07/12/2025 - 18:26:11: [CvarSettings] [c2m1_highway] Could not find CVar specified (gfc_charger_duration)
L 07/12/2025 - 18:26:11: [CvarSettings] [c2m1_highway] Could not find CVar specified (gfc_charger_stagger_extra_time)
L 07/12/2025 - 18:26:11: [CvarSettings] [c2m1_highway] Could not find CVar specified (gfc_charger_stagger_flags)
L 07/12/2025 - 18:26:11: [CvarSettings] [c2m1_highway] Could not find CVar specified (gfc_common_zc_flags)
L 07/12/2025 - 18:26:11: [CvarSettings] [c2m1_highway] Could not find CVar specified (gfc_spit_zc_flags)
L 07/12/2025 - 18:26:11: [CvarSettings] [c2m1_highway] Could not find CVar specified (gfc_godframe_glows)
L 07/12/2025 - 18:26:11: [CvarSettings] [c2m1_highway] Could not find CVar specified (gfc_ff_min_time)
L 07/12/2025 - 18:26:11: [CvarSettings] [c2m1_highway] Could not find CVar specified (l4d2_undoff_enable)
L 07/12/2025 - 18:26:11: [CvarSettings] [c2m1_highway] Could not find CVar specified (l4d2_undoff_blockzerodmg)
L 07/12/2025 - 18:26:11: [CvarSettings] [c2m1_highway] Could not find CVar specified (l4d2_undoff_permdmgfrac)
L 07/12/2025 - 18:26:11: [CvarSettings] [c2m1_highway] Could not find CVar specified (l4d2_shotgun_ff_multi)
L 07/12/2025 - 18:26:11: [CvarSettings] [c2m1_highway] Could not find CVar specified (l4d2_shotgun_ff_min)
L 07/12/2025 - 18:26:11: [CvarSettings] [c2m1_highway] Could not find CVar specified (l4d2_shotgun_ff_max)
L 07/12/2025 - 18:38:13: [CvarSettings] [c2m1_highway] Could not find CVar specified (confogl_boss_unprohibit)
L 07/12/2025 - 18:38:13: [CvarSettings] [c2m1_highway] Could not find CVar specified (gfc_hittable_override)
L 07/12/2025 - 18:38:13: [CvarSettings] [c2m1_highway] Could not find CVar specified (gfc_hittable_rage_override)
L 07/12/2025 - 18:38:13: [CvarSettings] [c2m1_highway] Could not find CVar specified (gfc_rock_override)
L 07/12/2025 - 18:38:13: [CvarSettings] [c2m1_highway] Could not find CVar specified (gfc_rock_rage_override)
L 07/12/2025 - 18:38:13: [CvarSettings] [c2m1_highway] Could not find CVar specified (gfc_spit_extra_time)
L 07/12/2025 - 18:38:13: [CvarSettings] [c2m1_highway] Could not find CVar specified (gfc_common_extra_time)
L 07/12/2025 - 18:38:13: [CvarSettings] [c2m1_highway] Could not find CVar specified (gfc_hunter_duration)
L 07/12/2025 - 18:38:13: [CvarSettings] [c2m1_highway] Could not find CVar specified (gfc_jockey_duration)
L 07/12/2025 - 18:38:13: [CvarSettings] [c2m1_highway] Could not find CVar specified (gfc_smoker_duration)
L 07/12/2025 - 18:38:13: [CvarSettings] [c2m1_highway] Could not find CVar specified (gfc_charger_duration)
L 07/12/2025 - 18:38:13: [CvarSettings] [c2m1_highway] Could not find CVar specified (gfc_charger_stagger_extra_time)
L 07/12/2025 - 18:38:13: [CvarSettings] [c2m1_highway] Could not find CVar specified (gfc_charger_stagger_flags)
L 07/12/2025 - 18:38:13: [CvarSettings] [c2m1_highway] Could not find CVar specified (gfc_common_zc_flags)
L 07/12/2025 - 18:38:13: [CvarSettings] [c2m1_highway] Could not find CVar specified (gfc_spit_zc_flags)
L 07/12/2025 - 18:38:13: [CvarSettings] [c2m1_highway] Could not find CVar specified (gfc_godframe_glows)
L 07/12/2025 - 18:38:13: [CvarSettings] [c2m1_highway] Could not find CVar specified (gfc_ff_min_time)
L 07/12/2025 - 18:38:13: [CvarSettings] [c2m1_highway] Could not find CVar specified (l4d2_undoff_enable)
L 07/12/2025 - 18:38:13: [CvarSettings] [c2m1_highway] Could not find CVar specified (l4d2_undoff_blockzerodmg)
L 07/12/2025 - 18:38:13: [CvarSettings] [c2m1_highway] Could not find CVar specified (l4d2_undoff_permdmgfrac)
L 07/12/2025 - 18:38:13: [CvarSettings] [c2m1_highway] Could not find CVar specified (l4d2_shotgun_ff_multi)
L 07/12/2025 - 18:38:13: [CvarSettings] [c2m1_highway] Could not find CVar specified (l4d2_shotgun_ff_min)
L 07/12/2025 - 18:38:13: [CvarSettings] [c2m1_highway] Could not find CVar specified (l4d2_shotgun_ff_max)
L 07/12/2025 - 18:38:49: [CvarSettings] [c2m1_highway] Could not find CVar specified (confogl_boss_unprohibit)
L 07/12/2025 - 18:38:49: [CvarSettings] [c2m1_highway] Could not find CVar specified (gfc_hittable_override)
L 07/12/2025 - 18:38:49: [CvarSettings] [c2m1_highway] Could not find CVar specified (gfc_hittable_rage_override)
L 07/12/2025 - 18:38:49: [CvarSettings] [c2m1_highway] Could not find CVar specified (gfc_rock_override)
L 07/12/2025 - 18:38:49: [CvarSettings] [c2m1_highway] Could not find CVar specified (gfc_rock_rage_override)
L 07/12/2025 - 18:38:49: [CvarSettings] [c2m1_highway] Could not find CVar specified (gfc_spit_extra_time)
L 07/12/2025 - 18:38:49: [CvarSettings] [c2m1_highway] Could not find CVar specified (gfc_common_extra_time)
L 07/12/2025 - 18:38:49: [CvarSettings] [c2m1_highway] Could not find CVar specified (gfc_hunter_duration)
L 07/12/2025 - 18:38:49: [CvarSettings] [c2m1_highway] Could not find CVar specified (gfc_jockey_duration)
L 07/12/2025 - 18:38:49: [CvarSettings] [c2m1_highway] Could not find CVar specified (gfc_smoker_duration)
L 07/12/2025 - 18:38:49: [CvarSettings] [c2m1_highway] Could not find CVar specified (gfc_charger_duration)
L 07/12/2025 - 18:38:49: [CvarSettings] [c2m1_highway] Could not find CVar specified (gfc_charger_stagger_extra_time)
L 07/12/2025 - 18:38:49: [CvarSettings] [c2m1_highway] Could not find CVar specified (gfc_charger_stagger_flags)
L 07/12/2025 - 18:38:49: [CvarSettings] [c2m1_highway] Could not find CVar specified (gfc_common_zc_flags)
L 07/12/2025 - 18:38:49: [CvarSettings] [c2m1_highway] Could not find CVar specified (gfc_spit_zc_flags)
L 07/12/2025 - 18:38:49: [CvarSettings] [c2m1_highway] Could not find CVar specified (gfc_godframe_glows)
L 07/12/2025 - 18:38:49: [CvarSettings] [c2m1_highway] Could not find CVar specified (gfc_ff_min_time)
L 07/12/2025 - 18:38:49: [CvarSettings] [c2m1_highway] Could not find CVar specified (l4d2_undoff_enable)
L 07/12/2025 - 18:38:49: [CvarSettings] [c2m1_highway] Could not find CVar specified (l4d2_undoff_blockzerodmg)
L 07/12/2025 - 18:38:49: [CvarSettings] [c2m1_highway] Could not find CVar specified (l4d2_undoff_permdmgfrac)
L 07/12/2025 - 18:38:49: [CvarSettings] [c2m1_highway] Could not find CVar specified (l4d2_shotgun_ff_multi)
L 07/12/2025 - 18:38:49: [CvarSettings] [c2m1_highway] Could not find CVar specified (l4d2_shotgun_ff_min)
L 07/12/2025 - 18:38:49: [CvarSettings] [c2m1_highway] Could not find CVar specified (l4d2_shotgun_ff_max)
L 07/12/2025 - 18:39:25: [CvarSettings] [c2m1_highway] Could not find CVar specified (confogl_boss_unprohibit)
L 07/12/2025 - 18:39:25: [CvarSettings] [c2m1_highway] Could not find CVar specified (gfc_hittable_override)
L 07/12/2025 - 18:39:25: [CvarSettings] [c2m1_highway] Could not find CVar specified (gfc_hittable_rage_override)
L 07/12/2025 - 18:39:25: [CvarSettings] [c2m1_highway] Could not find CVar specified (gfc_rock_override)
L 07/12/2025 - 18:39:25: [CvarSettings] [c2m1_highway] Could not find CVar specified (gfc_rock_rage_override)
L 07/12/2025 - 18:39:25: [CvarSettings] [c2m1_highway] Could not find CVar specified (gfc_spit_extra_time)
L 07/12/2025 - 18:39:25: [CvarSettings] [c2m1_highway] Could not find CVar specified (gfc_common_extra_time)
L 07/12/2025 - 18:39:25: [CvarSettings] [c2m1_highway] Could not find CVar specified (gfc_hunter_duration)
L 07/12/2025 - 18:39:25: [CvarSettings] [c2m1_highway] Could not find CVar specified (gfc_jockey_duration)
L 07/12/2025 - 18:39:25: [CvarSettings] [c2m1_highway] Could not find CVar specified (gfc_smoker_duration)
L 07/12/2025 - 18:39:25: [CvarSettings] [c2m1_highway] Could not find CVar specified (gfc_charger_duration)
L 07/12/2025 - 18:39:25: [CvarSettings] [c2m1_highway] Could not find CVar specified (gfc_charger_stagger_extra_time)
L 07/12/2025 - 18:39:25: [CvarSettings] [c2m1_highway] Could not find CVar specified (gfc_charger_stagger_flags)
L 07/12/2025 - 18:39:25: [CvarSettings] [c2m1_highway] Could not find CVar specified (gfc_common_zc_flags)
L 07/12/2025 - 18:39:25: [CvarSettings] [c2m1_highway] Could not find CVar specified (gfc_spit_zc_flags)
L 07/12/2025 - 18:39:25: [CvarSettings] [c2m1_highway] Could not find CVar specified (gfc_godframe_glows)
L 07/12/2025 - 18:39:25: [CvarSettings] [c2m1_highway] Could not find CVar specified (gfc_ff_min_time)
L 07/12/2025 - 18:39:25: [CvarSettings] [c2m1_highway] Could not find CVar specified (l4d2_undoff_enable)
L 07/12/2025 - 18:39:25: [CvarSettings] [c2m1_highway] Could not find CVar specified (l4d2_undoff_blockzerodmg)
L 07/12/2025 - 18:39:25: [CvarSettings] [c2m1_highway] Could not find CVar specified (l4d2_undoff_permdmgfrac)
L 07/12/2025 - 18:39:25: [CvarSettings] [c2m1_highway] Could not find CVar specified (l4d2_shotgun_ff_multi)
L 07/12/2025 - 18:39:25: [CvarSettings] [c2m1_highway] Could not find CVar specified (l4d2_shotgun_ff_min)
L 07/12/2025 - 18:39:25: [CvarSettings] [c2m1_highway] Could not find CVar specified (l4d2_shotgun_ff_max)
L 07/12/2025 - 18:40:05: [CvarSettings] [c2m1_highway] Could not find CVar specified (confogl_boss_unprohibit)
L 07/12/2025 - 18:40:05: [CvarSettings] [c2m1_highway] Could not find CVar specified (gfc_hittable_override)
L 07/12/2025 - 18:40:05: [CvarSettings] [c2m1_highway] Could not find CVar specified (gfc_hittable_rage_override)
L 07/12/2025 - 18:40:05: [CvarSettings] [c2m1_highway] Could not find CVar specified (gfc_rock_override)
L 07/12/2025 - 18:40:05: [CvarSettings] [c2m1_highway] Could not find CVar specified (gfc_rock_rage_override)
L 07/12/2025 - 18:40:05: [CvarSettings] [c2m1_highway] Could not find CVar specified (gfc_spit_extra_time)
L 07/12/2025 - 18:40:05: [CvarSettings] [c2m1_highway] Could not find CVar specified (gfc_common_extra_time)
L 07/12/2025 - 18:40:05: [CvarSettings] [c2m1_highway] Could not find CVar specified (gfc_hunter_duration)
L 07/12/2025 - 18:40:05: [CvarSettings] [c2m1_highway] Could not find CVar specified (gfc_jockey_duration)
L 07/12/2025 - 18:40:05: [CvarSettings] [c2m1_highway] Could not find CVar specified (gfc_smoker_duration)
L 07/12/2025 - 18:40:05: [CvarSettings] [c2m1_highway] Could not find CVar specified (gfc_charger_duration)
L 07/12/2025 - 18:40:05: [CvarSettings] [c2m1_highway] Could not find CVar specified (gfc_charger_stagger_extra_time)
L 07/12/2025 - 18:40:05: [CvarSettings] [c2m1_highway] Could not find CVar specified (gfc_charger_stagger_flags)
L 07/12/2025 - 18:40:05: [CvarSettings] [c2m1_highway] Could not find CVar specified (gfc_common_zc_flags)
L 07/12/2025 - 18:40:05: [CvarSettings] [c2m1_highway] Could not find CVar specified (gfc_spit_zc_flags)
L 07/12/2025 - 18:40:05: [CvarSettings] [c2m1_highway] Could not find CVar specified (gfc_godframe_glows)
L 07/12/2025 - 18:40:05: [CvarSettings] [c2m1_highway] Could not find CVar specified (gfc_ff_min_time)
L 07/12/2025 - 18:40:05: [CvarSettings] [c2m1_highway] Could not find CVar specified (l4d2_undoff_enable)
L 07/12/2025 - 18:40:05: [CvarSettings] [c2m1_highway] Could not find CVar specified (l4d2_undoff_blockzerodmg)
L 07/12/2025 - 18:40:05: [CvarSettings] [c2m1_highway] Could not find CVar specified (l4d2_undoff_permdmgfrac)
L 07/12/2025 - 18:40:05: [CvarSettings] [c2m1_highway] Could not find CVar specified (l4d2_shotgun_ff_multi)
L 07/12/2025 - 18:40:05: [CvarSettings] [c2m1_highway] Could not find CVar specified (l4d2_shotgun_ff_min)
L 07/12/2025 - 18:40:05: [CvarSettings] [c2m1_highway] Could not find CVar specified (l4d2_shotgun_ff_max)
L 07/12/2025 - 18:46:26: [CvarSettings] [c2m1_highway] Could not find CVar specified (confogl_boss_unprohibit)
L 07/12/2025 - 18:46:26: [CvarSettings] [c2m1_highway] Could not find CVar specified (gfc_hittable_override)
L 07/12/2025 - 18:46:26: [CvarSettings] [c2m1_highway] Could not find CVar specified (gfc_hittable_rage_override)
L 07/12/2025 - 18:46:26: [CvarSettings] [c2m1_highway] Could not find CVar specified (gfc_rock_override)
L 07/12/2025 - 18:46:26: [CvarSettings] [c2m1_highway] Could not find CVar specified (gfc_rock_rage_override)
L 07/12/2025 - 18:46:26: [CvarSettings] [c2m1_highway] Could not find CVar specified (gfc_spit_extra_time)
L 07/12/2025 - 18:46:26: [CvarSettings] [c2m1_highway] Could not find CVar specified (gfc_common_extra_time)
L 07/12/2025 - 18:46:26: [CvarSettings] [c2m1_highway] Could not find CVar specified (gfc_hunter_duration)
L 07/12/2025 - 18:46:26: [CvarSettings] [c2m1_highway] Could not find CVar specified (gfc_jockey_duration)
L 07/12/2025 - 18:46:26: [CvarSettings] [c2m1_highway] Could not find CVar specified (gfc_smoker_duration)
L 07/12/2025 - 18:46:26: [CvarSettings] [c2m1_highway] Could not find CVar specified (gfc_charger_duration)
L 07/12/2025 - 18:46:26: [CvarSettings] [c2m1_highway] Could not find CVar specified (gfc_charger_stagger_extra_time)
L 07/12/2025 - 18:46:26: [CvarSettings] [c2m1_highway] Could not find CVar specified (gfc_charger_stagger_flags)
L 07/12/2025 - 18:46:26: [CvarSettings] [c2m1_highway] Could not find CVar specified (gfc_common_zc_flags)
L 07/12/2025 - 18:46:26: [CvarSettings] [c2m1_highway] Could not find CVar specified (gfc_spit_zc_flags)
L 07/12/2025 - 18:46:26: [CvarSettings] [c2m1_highway] Could not find CVar specified (gfc_godframe_glows)
L 07/12/2025 - 18:46:26: [CvarSettings] [c2m1_highway] Could not find CVar specified (gfc_ff_min_time)
L 07/12/2025 - 18:46:26: [CvarSettings] [c2m1_highway] Could not find CVar specified (l4d2_undoff_enable)
L 07/12/2025 - 18:46:26: [CvarSettings] [c2m1_highway] Could not find CVar specified (l4d2_undoff_blockzerodmg)
L 07/12/2025 - 18:46:26: [CvarSettings] [c2m1_highway] Could not find CVar specified (l4d2_undoff_permdmgfrac)
L 07/12/2025 - 18:46:26: [CvarSettings] [c2m1_highway] Could not find CVar specified (l4d2_shotgun_ff_multi)
L 07/12/2025 - 18:46:26: [CvarSettings] [c2m1_highway] Could not find CVar specified (l4d2_shotgun_ff_min)
L 07/12/2025 - 18:46:26: [CvarSettings] [c2m1_highway] Could not find CVar specified (l4d2_shotgun_ff_max)
L 07/12/2025 - 18:51:56: [CvarSettings] [c2m1_highway] Could not find CVar specified (confogl_boss_unprohibit)
L 07/12/2025 - 18:51:56: [CvarSettings] [c2m1_highway] Could not find CVar specified (gfc_hittable_override)
L 07/12/2025 - 18:51:56: [CvarSettings] [c2m1_highway] Could not find CVar specified (gfc_hittable_rage_override)
L 07/12/2025 - 18:51:56: [CvarSettings] [c2m1_highway] Could not find CVar specified (gfc_rock_override)
L 07/12/2025 - 18:51:56: [CvarSettings] [c2m1_highway] Could not find CVar specified (gfc_rock_rage_override)
L 07/12/2025 - 18:51:56: [CvarSettings] [c2m1_highway] Could not find CVar specified (gfc_spit_extra_time)
L 07/12/2025 - 18:51:56: [CvarSettings] [c2m1_highway] Could not find CVar specified (gfc_common_extra_time)
L 07/12/2025 - 18:51:56: [CvarSettings] [c2m1_highway] Could not find CVar specified (gfc_hunter_duration)
L 07/12/2025 - 18:51:56: [CvarSettings] [c2m1_highway] Could not find CVar specified (gfc_jockey_duration)
L 07/12/2025 - 18:51:56: [CvarSettings] [c2m1_highway] Could not find CVar specified (gfc_smoker_duration)
L 07/12/2025 - 18:51:56: [CvarSettings] [c2m1_highway] Could not find CVar specified (gfc_charger_duration)
L 07/12/2025 - 18:51:56: [CvarSettings] [c2m1_highway] Could not find CVar specified (gfc_charger_stagger_extra_time)
L 07/12/2025 - 18:51:56: [CvarSettings] [c2m1_highway] Could not find CVar specified (gfc_charger_stagger_flags)
L 07/12/2025 - 18:51:56: [CvarSettings] [c2m1_highway] Could not find CVar specified (gfc_common_zc_flags)
L 07/12/2025 - 18:51:56: [CvarSettings] [c2m1_highway] Could not find CVar specified (gfc_spit_zc_flags)
L 07/12/2025 - 18:51:56: [CvarSettings] [c2m1_highway] Could not find CVar specified (gfc_godframe_glows)
L 07/12/2025 - 18:51:56: [CvarSettings] [c2m1_highway] Could not find CVar specified (gfc_ff_min_time)
L 07/12/2025 - 18:51:56: [CvarSettings] [c2m1_highway] Could not find CVar specified (l4d2_undoff_enable)
L 07/12/2025 - 18:51:56: [CvarSettings] [c2m1_highway] Could not find CVar specified (l4d2_undoff_blockzerodmg)
L 07/12/2025 - 18:51:56: [CvarSettings] [c2m1_highway] Could not find CVar specified (l4d2_undoff_permdmgfrac)
L 07/12/2025 - 18:51:56: [CvarSettings] [c2m1_highway] Could not find CVar specified (l4d2_shotgun_ff_multi)
L 07/12/2025 - 18:51:56: [CvarSettings] [c2m1_highway] Could not find CVar specified (l4d2_shotgun_ff_min)
L 07/12/2025 - 18:51:56: [CvarSettings] [c2m1_highway] Could not find CVar specified (l4d2_shotgun_ff_max)
L 07/12/2025 - 18:52:32: [CvarSettings] [c2m1_highway] Could not find CVar specified (confogl_boss_unprohibit)
L 07/12/2025 - 18:52:32: [CvarSettings] [c2m1_highway] Could not find CVar specified (gfc_hittable_override)
L 07/12/2025 - 18:52:32: [CvarSettings] [c2m1_highway] Could not find CVar specified (gfc_hittable_rage_override)
L 07/12/2025 - 18:52:32: [CvarSettings] [c2m1_highway] Could not find CVar specified (gfc_rock_override)
L 07/12/2025 - 18:52:32: [CvarSettings] [c2m1_highway] Could not find CVar specified (gfc_rock_rage_override)
L 07/12/2025 - 18:52:32: [CvarSettings] [c2m1_highway] Could not find CVar specified (gfc_spit_extra_time)
L 07/12/2025 - 18:52:32: [CvarSettings] [c2m1_highway] Could not find CVar specified (gfc_common_extra_time)
L 07/12/2025 - 18:52:32: [CvarSettings] [c2m1_highway] Could not find CVar specified (gfc_hunter_duration)
L 07/12/2025 - 18:52:32: [CvarSettings] [c2m1_highway] Could not find CVar specified (gfc_jockey_duration)
L 07/12/2025 - 18:52:32: [CvarSettings] [c2m1_highway] Could not find CVar specified (gfc_smoker_duration)
L 07/12/2025 - 18:52:32: [CvarSettings] [c2m1_highway] Could not find CVar specified (gfc_charger_duration)
L 07/12/2025 - 18:52:32: [CvarSettings] [c2m1_highway] Could not find CVar specified (gfc_charger_stagger_extra_time)
L 07/12/2025 - 18:52:32: [CvarSettings] [c2m1_highway] Could not find CVar specified (gfc_charger_stagger_flags)
L 07/12/2025 - 18:52:32: [CvarSettings] [c2m1_highway] Could not find CVar specified (gfc_common_zc_flags)
L 07/12/2025 - 18:52:32: [CvarSettings] [c2m1_highway] Could not find CVar specified (gfc_spit_zc_flags)
L 07/12/2025 - 18:52:32: [CvarSettings] [c2m1_highway] Could not find CVar specified (gfc_godframe_glows)
L 07/12/2025 - 18:52:32: [CvarSettings] [c2m1_highway] Could not find CVar specified (gfc_ff_min_time)
L 07/12/2025 - 18:52:32: [CvarSettings] [c2m1_highway] Could not find CVar specified (l4d2_undoff_enable)
L 07/12/2025 - 18:52:32: [CvarSettings] [c2m1_highway] Could not find CVar specified (l4d2_undoff_blockzerodmg)
L 07/12/2025 - 18:52:32: [CvarSettings] [c2m1_highway] Could not find CVar specified (l4d2_undoff_permdmgfrac)
L 07/12/2025 - 18:52:32: [CvarSettings] [c2m1_highway] Could not find CVar specified (l4d2_shotgun_ff_multi)
L 07/12/2025 - 18:52:32: [CvarSettings] [c2m1_highway] Could not find CVar specified (l4d2_shotgun_ff_min)
L 07/12/2025 - 18:52:32: [CvarSettings] [c2m1_highway] Could not find CVar specified (l4d2_shotgun_ff_max)
L 07/12/2025 - 18:54:28: [CvarSettings] [c2m1_highway] Could not find CVar specified (confogl_boss_unprohibit)
L 07/12/2025 - 18:54:28: [CvarSettings] [c2m1_highway] Could not find CVar specified (gfc_hittable_override)
L 07/12/2025 - 18:54:28: [CvarSettings] [c2m1_highway] Could not find CVar specified (gfc_hittable_rage_override)
L 07/12/2025 - 18:54:28: [CvarSettings] [c2m1_highway] Could not find CVar specified (gfc_rock_override)
L 07/12/2025 - 18:54:28: [CvarSettings] [c2m1_highway] Could not find CVar specified (gfc_rock_rage_override)
L 07/12/2025 - 18:54:28: [CvarSettings] [c2m1_highway] Could not find CVar specified (gfc_spit_extra_time)
L 07/12/2025 - 18:54:28: [CvarSettings] [c2m1_highway] Could not find CVar specified (gfc_common_extra_time)
L 07/12/2025 - 18:54:28: [CvarSettings] [c2m1_highway] Could not find CVar specified (gfc_hunter_duration)
L 07/12/2025 - 18:54:28: [CvarSettings] [c2m1_highway] Could not find CVar specified (gfc_jockey_duration)
L 07/12/2025 - 18:54:28: [CvarSettings] [c2m1_highway] Could not find CVar specified (gfc_smoker_duration)
L 07/12/2025 - 18:54:28: [CvarSettings] [c2m1_highway] Could not find CVar specified (gfc_charger_duration)
L 07/12/2025 - 18:54:28: [CvarSettings] [c2m1_highway] Could not find CVar specified (gfc_charger_stagger_extra_time)
L 07/12/2025 - 18:54:28: [CvarSettings] [c2m1_highway] Could not find CVar specified (gfc_charger_stagger_flags)
L 07/12/2025 - 18:54:28: [CvarSettings] [c2m1_highway] Could not find CVar specified (gfc_common_zc_flags)
L 07/12/2025 - 18:54:28: [CvarSettings] [c2m1_highway] Could not find CVar specified (gfc_spit_zc_flags)
L 07/12/2025 - 18:54:28: [CvarSettings] [c2m1_highway] Could not find CVar specified (gfc_godframe_glows)
L 07/12/2025 - 18:54:28: [CvarSettings] [c2m1_highway] Could not find CVar specified (gfc_ff_min_time)
L 07/12/2025 - 18:54:28: [CvarSettings] [c2m1_highway] Could not find CVar specified (l4d2_undoff_enable)
L 07/12/2025 - 18:54:28: [CvarSettings] [c2m1_highway] Could not find CVar specified (l4d2_undoff_blockzerodmg)
L 07/12/2025 - 18:54:28: [CvarSettings] [c2m1_highway] Could not find CVar specified (l4d2_undoff_permdmgfrac)
L 07/12/2025 - 18:54:28: [CvarSettings] [c2m1_highway] Could not find CVar specified (l4d2_shotgun_ff_multi)
L 07/12/2025 - 18:54:28: [CvarSettings] [c2m1_highway] Could not find CVar specified (l4d2_shotgun_ff_min)
L 07/12/2025 - 18:54:28: [CvarSettings] [c2m1_highway] Could not find CVar specified (l4d2_shotgun_ff_max)
L 07/12/2025 - 19:00:16: [CvarSettings] [c2m1_highway] Could not find CVar specified (confogl_boss_unprohibit)
L 07/12/2025 - 19:00:16: [CvarSettings] [c2m1_highway] Could not find CVar specified (gfc_hittable_override)
L 07/12/2025 - 19:00:16: [CvarSettings] [c2m1_highway] Could not find CVar specified (gfc_hittable_rage_override)
L 07/12/2025 - 19:00:16: [CvarSettings] [c2m1_highway] Could not find CVar specified (gfc_rock_override)
L 07/12/2025 - 19:00:16: [CvarSettings] [c2m1_highway] Could not find CVar specified (gfc_rock_rage_override)
L 07/12/2025 - 19:00:16: [CvarSettings] [c2m1_highway] Could not find CVar specified (gfc_spit_extra_time)
L 07/12/2025 - 19:00:16: [CvarSettings] [c2m1_highway] Could not find CVar specified (gfc_common_extra_time)
L 07/12/2025 - 19:00:16: [CvarSettings] [c2m1_highway] Could not find CVar specified (gfc_hunter_duration)
L 07/12/2025 - 19:00:16: [CvarSettings] [c2m1_highway] Could not find CVar specified (gfc_jockey_duration)
L 07/12/2025 - 19:00:16: [CvarSettings] [c2m1_highway] Could not find CVar specified (gfc_smoker_duration)
L 07/12/2025 - 19:00:16: [CvarSettings] [c2m1_highway] Could not find CVar specified (gfc_charger_duration)
L 07/12/2025 - 19:00:16: [CvarSettings] [c2m1_highway] Could not find CVar specified (gfc_charger_stagger_extra_time)
L 07/12/2025 - 19:00:16: [CvarSettings] [c2m1_highway] Could not find CVar specified (gfc_charger_stagger_flags)
L 07/12/2025 - 19:00:16: [CvarSettings] [c2m1_highway] Could not find CVar specified (gfc_common_zc_flags)
L 07/12/2025 - 19:00:16: [CvarSettings] [c2m1_highway] Could not find CVar specified (gfc_spit_zc_flags)
L 07/12/2025 - 19:00:16: [CvarSettings] [c2m1_highway] Could not find CVar specified (gfc_godframe_glows)
L 07/12/2025 - 19:00:16: [CvarSettings] [c2m1_highway] Could not find CVar specified (gfc_ff_min_time)
L 07/12/2025 - 19:00:16: [CvarSettings] [c2m1_highway] Could not find CVar specified (l4d2_undoff_enable)
L 07/12/2025 - 19:00:16: [CvarSettings] [c2m1_highway] Could not find CVar specified (l4d2_undoff_blockzerodmg)
L 07/12/2025 - 19:00:16: [CvarSettings] [c2m1_highway] Could not find CVar specified (l4d2_undoff_permdmgfrac)
L 07/12/2025 - 19:00:16: [CvarSettings] [c2m1_highway] Could not find CVar specified (l4d2_shotgun_ff_multi)
L 07/12/2025 - 19:00:16: [CvarSettings] [c2m1_highway] Could not find CVar specified (l4d2_shotgun_ff_min)
L 07/12/2025 - 19:00:16: [CvarSettings] [c2m1_highway] Could not find CVar specified (l4d2_shotgun_ff_max)
L 07/12/2025 - 19:00:51: [CvarSettings] [c2m1_highway] Could not find CVar specified (confogl_boss_unprohibit)
L 07/12/2025 - 19:00:51: [CvarSettings] [c2m1_highway] Could not find CVar specified (gfc_hittable_override)
L 07/12/2025 - 19:00:51: [CvarSettings] [c2m1_highway] Could not find CVar specified (gfc_hittable_rage_override)
L 07/12/2025 - 19:00:51: [CvarSettings] [c2m1_highway] Could not find CVar specified (gfc_rock_override)
L 07/12/2025 - 19:00:51: [CvarSettings] [c2m1_highway] Could not find CVar specified (gfc_rock_rage_override)
L 07/12/2025 - 19:00:51: [CvarSettings] [c2m1_highway] Could not find CVar specified (gfc_spit_extra_time)
L 07/12/2025 - 19:00:51: [CvarSettings] [c2m1_highway] Could not find CVar specified (gfc_common_extra_time)
L 07/12/2025 - 19:00:51: [CvarSettings] [c2m1_highway] Could not find CVar specified (gfc_hunter_duration)
L 07/12/2025 - 19:00:51: [CvarSettings] [c2m1_highway] Could not find CVar specified (gfc_jockey_duration)
L 07/12/2025 - 19:00:51: [CvarSettings] [c2m1_highway] Could not find CVar specified (gfc_smoker_duration)
L 07/12/2025 - 19:00:51: [CvarSettings] [c2m1_highway] Could not find CVar specified (gfc_charger_duration)
L 07/12/2025 - 19:00:51: [CvarSettings] [c2m1_highway] Could not find CVar specified (gfc_charger_stagger_extra_time)
L 07/12/2025 - 19:00:51: [CvarSettings] [c2m1_highway] Could not find CVar specified (gfc_charger_stagger_flags)
L 07/12/2025 - 19:00:51: [CvarSettings] [c2m1_highway] Could not find CVar specified (gfc_common_zc_flags)
L 07/12/2025 - 19:00:51: [CvarSettings] [c2m1_highway] Could not find CVar specified (gfc_spit_zc_flags)
L 07/12/2025 - 19:00:51: [CvarSettings] [c2m1_highway] Could not find CVar specified (gfc_godframe_glows)
L 07/12/2025 - 19:00:51: [CvarSettings] [c2m1_highway] Could not find CVar specified (gfc_ff_min_time)
L 07/12/2025 - 19:00:51: [CvarSettings] [c2m1_highway] Could not find CVar specified (l4d2_undoff_enable)
L 07/12/2025 - 19:00:51: [CvarSettings] [c2m1_highway] Could not find CVar specified (l4d2_undoff_blockzerodmg)
L 07/12/2025 - 19:00:51: [CvarSettings] [c2m1_highway] Could not find CVar specified (l4d2_undoff_permdmgfrac)
L 07/12/2025 - 19:00:51: [CvarSettings] [c2m1_highway] Could not find CVar specified (l4d2_shotgun_ff_multi)
L 07/12/2025 - 19:00:51: [CvarSettings] [c2m1_highway] Could not find CVar specified (l4d2_shotgun_ff_min)
L 07/12/2025 - 19:00:51: [CvarSettings] [c2m1_highway] Could not find CVar specified (l4d2_shotgun_ff_max)
L 07/12/2025 - 19:09:22: [CvarSettings] [c2m1_highway] Could not find CVar specified (confogl_boss_unprohibit)
L 07/12/2025 - 19:09:22: [CvarSettings] [c2m1_highway] Could not find CVar specified (gfc_hittable_override)
L 07/12/2025 - 19:09:22: [CvarSettings] [c2m1_highway] Could not find CVar specified (gfc_hittable_rage_override)
L 07/12/2025 - 19:09:22: [CvarSettings] [c2m1_highway] Could not find CVar specified (gfc_rock_override)
L 07/12/2025 - 19:09:22: [CvarSettings] [c2m1_highway] Could not find CVar specified (gfc_rock_rage_override)
L 07/12/2025 - 19:09:22: [CvarSettings] [c2m1_highway] Could not find CVar specified (gfc_spit_extra_time)
L 07/12/2025 - 19:09:22: [CvarSettings] [c2m1_highway] Could not find CVar specified (gfc_common_extra_time)
L 07/12/2025 - 19:09:22: [CvarSettings] [c2m1_highway] Could not find CVar specified (gfc_hunter_duration)
L 07/12/2025 - 19:09:22: [CvarSettings] [c2m1_highway] Could not find CVar specified (gfc_jockey_duration)
L 07/12/2025 - 19:09:22: [CvarSettings] [c2m1_highway] Could not find CVar specified (gfc_smoker_duration)
L 07/12/2025 - 19:09:22: [CvarSettings] [c2m1_highway] Could not find CVar specified (gfc_charger_duration)
L 07/12/2025 - 19:09:22: [CvarSettings] [c2m1_highway] Could not find CVar specified (gfc_charger_stagger_extra_time)
L 07/12/2025 - 19:09:22: [CvarSettings] [c2m1_highway] Could not find CVar specified (gfc_charger_stagger_flags)
L 07/12/2025 - 19:09:22: [CvarSettings] [c2m1_highway] Could not find CVar specified (gfc_common_zc_flags)
L 07/12/2025 - 19:09:22: [CvarSettings] [c2m1_highway] Could not find CVar specified (gfc_spit_zc_flags)
L 07/12/2025 - 19:09:22: [CvarSettings] [c2m1_highway] Could not find CVar specified (gfc_godframe_glows)
L 07/12/2025 - 19:09:22: [CvarSettings] [c2m1_highway] Could not find CVar specified (gfc_ff_min_time)
L 07/12/2025 - 19:09:22: [CvarSettings] [c2m1_highway] Could not find CVar specified (l4d2_undoff_enable)
L 07/12/2025 - 19:09:22: [CvarSettings] [c2m1_highway] Could not find CVar specified (l4d2_undoff_blockzerodmg)
L 07/12/2025 - 19:09:22: [CvarSettings] [c2m1_highway] Could not find CVar specified (l4d2_undoff_permdmgfrac)
L 07/12/2025 - 19:09:22: [CvarSettings] [c2m1_highway] Could not find CVar specified (l4d2_shotgun_ff_multi)
L 07/12/2025 - 19:09:22: [CvarSettings] [c2m1_highway] Could not find CVar specified (l4d2_shotgun_ff_min)
L 07/12/2025 - 19:09:22: [CvarSettings] [c2m1_highway] Could not find CVar specified (l4d2_shotgun_ff_max)
L 07/12/2025 - 19:09:22: [ClientSettings] [c2m1_highway] Client CVar sv_consistency specified without max or min
L 07/12/2025 - 19:18:52: [CvarSettings] [c2m1_highway] Could not find CVar specified (confogl_boss_unprohibit)
L 07/12/2025 - 19:18:52: [CvarSettings] [c2m1_highway] Could not find CVar specified (gfc_hittable_override)
L 07/12/2025 - 19:18:52: [CvarSettings] [c2m1_highway] Could not find CVar specified (gfc_hittable_rage_override)
L 07/12/2025 - 19:18:52: [CvarSettings] [c2m1_highway] Could not find CVar specified (gfc_rock_override)
L 07/12/2025 - 19:18:52: [CvarSettings] [c2m1_highway] Could not find CVar specified (gfc_rock_rage_override)
L 07/12/2025 - 19:18:52: [CvarSettings] [c2m1_highway] Could not find CVar specified (gfc_spit_extra_time)
L 07/12/2025 - 19:18:52: [CvarSettings] [c2m1_highway] Could not find CVar specified (gfc_common_extra_time)
L 07/12/2025 - 19:18:52: [CvarSettings] [c2m1_highway] Could not find CVar specified (gfc_hunter_duration)
L 07/12/2025 - 19:18:52: [CvarSettings] [c2m1_highway] Could not find CVar specified (gfc_jockey_duration)
L 07/12/2025 - 19:18:52: [CvarSettings] [c2m1_highway] Could not find CVar specified (gfc_smoker_duration)
L 07/12/2025 - 19:18:52: [CvarSettings] [c2m1_highway] Could not find CVar specified (gfc_charger_duration)
L 07/12/2025 - 19:18:52: [CvarSettings] [c2m1_highway] Could not find CVar specified (gfc_charger_stagger_extra_time)
L 07/12/2025 - 19:18:52: [CvarSettings] [c2m1_highway] Could not find CVar specified (gfc_charger_stagger_flags)
L 07/12/2025 - 19:18:52: [CvarSettings] [c2m1_highway] Could not find CVar specified (gfc_common_zc_flags)
L 07/12/2025 - 19:18:52: [CvarSettings] [c2m1_highway] Could not find CVar specified (gfc_spit_zc_flags)
L 07/12/2025 - 19:18:52: [CvarSettings] [c2m1_highway] Could not find CVar specified (gfc_godframe_glows)
L 07/12/2025 - 19:18:52: [CvarSettings] [c2m1_highway] Could not find CVar specified (gfc_ff_min_time)
L 07/12/2025 - 19:18:52: [CvarSettings] [c2m1_highway] Could not find CVar specified (l4d2_undoff_enable)
L 07/12/2025 - 19:18:52: [CvarSettings] [c2m1_highway] Could not find CVar specified (l4d2_undoff_blockzerodmg)
L 07/12/2025 - 19:18:52: [CvarSettings] [c2m1_highway] Could not find CVar specified (l4d2_undoff_permdmgfrac)
L 07/12/2025 - 19:18:52: [CvarSettings] [c2m1_highway] Could not find CVar specified (l4d2_shotgun_ff_multi)
L 07/12/2025 - 19:18:52: [CvarSettings] [c2m1_highway] Could not find CVar specified (l4d2_shotgun_ff_min)
L 07/12/2025 - 19:18:52: [CvarSettings] [c2m1_highway] Could not find CVar specified (l4d2_shotgun_ff_max)
L 07/12/2025 - 19:18:52: [ClientSettings] [c2m1_highway] Client CVar sv_consistency specified without max or min
L 07/12/2025 - 19:23:44: [CvarSettings] [c2m1_highway] Could not find CVar specified (confogl_boss_unprohibit)
L 07/12/2025 - 19:23:44: [CvarSettings] [c2m1_highway] Could not find CVar specified (gfc_hittable_override)
L 07/12/2025 - 19:23:44: [CvarSettings] [c2m1_highway] Could not find CVar specified (gfc_hittable_rage_override)
L 07/12/2025 - 19:23:44: [CvarSettings] [c2m1_highway] Could not find CVar specified (gfc_rock_override)
L 07/12/2025 - 19:23:44: [CvarSettings] [c2m1_highway] Could not find CVar specified (gfc_rock_rage_override)
L 07/12/2025 - 19:23:44: [CvarSettings] [c2m1_highway] Could not find CVar specified (gfc_spit_extra_time)
L 07/12/2025 - 19:23:44: [CvarSettings] [c2m1_highway] Could not find CVar specified (gfc_common_extra_time)
L 07/12/2025 - 19:23:44: [CvarSettings] [c2m1_highway] Could not find CVar specified (gfc_hunter_duration)
L 07/12/2025 - 19:23:44: [CvarSettings] [c2m1_highway] Could not find CVar specified (gfc_jockey_duration)
L 07/12/2025 - 19:23:44: [CvarSettings] [c2m1_highway] Could not find CVar specified (gfc_smoker_duration)
L 07/12/2025 - 19:23:44: [CvarSettings] [c2m1_highway] Could not find CVar specified (gfc_charger_duration)
L 07/12/2025 - 19:23:44: [CvarSettings] [c2m1_highway] Could not find CVar specified (gfc_charger_stagger_extra_time)
L 07/12/2025 - 19:23:44: [CvarSettings] [c2m1_highway] Could not find CVar specified (gfc_charger_stagger_flags)
L 07/12/2025 - 19:23:44: [CvarSettings] [c2m1_highway] Could not find CVar specified (gfc_common_zc_flags)
L 07/12/2025 - 19:23:44: [CvarSettings] [c2m1_highway] Could not find CVar specified (gfc_spit_zc_flags)
L 07/12/2025 - 19:23:44: [CvarSettings] [c2m1_highway] Could not find CVar specified (gfc_godframe_glows)
L 07/12/2025 - 19:23:44: [CvarSettings] [c2m1_highway] Could not find CVar specified (gfc_ff_min_time)
L 07/12/2025 - 19:23:44: [CvarSettings] [c2m1_highway] Could not find CVar specified (l4d2_undoff_enable)
L 07/12/2025 - 19:23:44: [CvarSettings] [c2m1_highway] Could not find CVar specified (l4d2_undoff_blockzerodmg)
L 07/12/2025 - 19:23:44: [CvarSettings] [c2m1_highway] Could not find CVar specified (l4d2_undoff_permdmgfrac)
L 07/12/2025 - 19:23:44: [CvarSettings] [c2m1_highway] Could not find CVar specified (l4d2_shotgun_ff_multi)
L 07/12/2025 - 19:23:44: [CvarSettings] [c2m1_highway] Could not find CVar specified (l4d2_shotgun_ff_min)
L 07/12/2025 - 19:23:44: [CvarSettings] [c2m1_highway] Could not find CVar specified (l4d2_shotgun_ff_max)
L 07/12/2025 - 19:26:41: [CvarSettings] [c2m1_highway] Could not find CVar specified (confogl_boss_unprohibit)
L 07/12/2025 - 19:26:41: [CvarSettings] [c2m1_highway] Could not find CVar specified (gfc_hittable_override)
L 07/12/2025 - 19:26:41: [CvarSettings] [c2m1_highway] Could not find CVar specified (gfc_hittable_rage_override)
L 07/12/2025 - 19:26:41: [CvarSettings] [c2m1_highway] Could not find CVar specified (gfc_rock_override)
L 07/12/2025 - 19:26:41: [CvarSettings] [c2m1_highway] Could not find CVar specified (gfc_rock_rage_override)
L 07/12/2025 - 19:26:41: [CvarSettings] [c2m1_highway] Could not find CVar specified (gfc_spit_extra_time)
L 07/12/2025 - 19:26:41: [CvarSettings] [c2m1_highway] Could not find CVar specified (gfc_common_extra_time)
L 07/12/2025 - 19:26:41: [CvarSettings] [c2m1_highway] Could not find CVar specified (gfc_hunter_duration)
L 07/12/2025 - 19:26:41: [CvarSettings] [c2m1_highway] Could not find CVar specified (gfc_jockey_duration)
L 07/12/2025 - 19:26:41: [CvarSettings] [c2m1_highway] Could not find CVar specified (gfc_smoker_duration)
L 07/12/2025 - 19:26:41: [CvarSettings] [c2m1_highway] Could not find CVar specified (gfc_charger_duration)
L 07/12/2025 - 19:26:41: [CvarSettings] [c2m1_highway] Could not find CVar specified (gfc_charger_stagger_extra_time)
L 07/12/2025 - 19:26:41: [CvarSettings] [c2m1_highway] Could not find CVar specified (gfc_charger_stagger_flags)
L 07/12/2025 - 19:26:41: [CvarSettings] [c2m1_highway] Could not find CVar specified (gfc_common_zc_flags)
L 07/12/2025 - 19:26:41: [CvarSettings] [c2m1_highway] Could not find CVar specified (gfc_spit_zc_flags)
L 07/12/2025 - 19:26:41: [CvarSettings] [c2m1_highway] Could not find CVar specified (gfc_godframe_glows)
L 07/12/2025 - 19:26:41: [CvarSettings] [c2m1_highway] Could not find CVar specified (gfc_ff_min_time)
L 07/12/2025 - 19:26:41: [CvarSettings] [c2m1_highway] Could not find CVar specified (l4d2_undoff_enable)
L 07/12/2025 - 19:26:41: [CvarSettings] [c2m1_highway] Could not find CVar specified (l4d2_undoff_blockzerodmg)
L 07/12/2025 - 19:26:41: [CvarSettings] [c2m1_highway] Could not find CVar specified (l4d2_undoff_permdmgfrac)
L 07/12/2025 - 19:26:41: [CvarSettings] [c2m1_highway] Could not find CVar specified (l4d2_shotgun_ff_multi)
L 07/12/2025 - 19:26:41: [CvarSettings] [c2m1_highway] Could not find CVar specified (l4d2_shotgun_ff_min)
L 07/12/2025 - 19:26:41: [CvarSettings] [c2m1_highway] Could not find CVar specified (l4d2_shotgun_ff_max)
L 07/12/2025 - 19:50:58: [CvarSettings] [c2m1_highway] Could not find CVar specified (confogl_boss_unprohibit)
L 07/12/2025 - 19:50:58: [CvarSettings] [c2m1_highway] Could not find CVar specified (tankgank_killoncrash)
L 07/12/2025 - 19:50:58: [CvarSettings] [c2m1_highway] Could not find CVar specified (gfc_hittable_override)
L 07/12/2025 - 19:50:58: [CvarSettings] [c2m1_highway] Could not find CVar specified (gfc_hittable_rage_override)
L 07/12/2025 - 19:50:58: [CvarSettings] [c2m1_highway] Could not find CVar specified (gfc_rock_override)
L 07/12/2025 - 19:50:58: [CvarSettings] [c2m1_highway] Could not find CVar specified (gfc_rock_rage_override)
L 07/12/2025 - 19:50:58: [CvarSettings] [c2m1_highway] Could not find CVar specified (gfc_spit_extra_time)
L 07/12/2025 - 19:50:58: [CvarSettings] [c2m1_highway] Could not find CVar specified (gfc_common_extra_time)
L 07/12/2025 - 19:50:58: [CvarSettings] [c2m1_highway] Could not find CVar specified (gfc_hunter_duration)
L 07/12/2025 - 19:50:58: [CvarSettings] [c2m1_highway] Could not find CVar specified (gfc_jockey_duration)
L 07/12/2025 - 19:50:58: [CvarSettings] [c2m1_highway] Could not find CVar specified (gfc_smoker_duration)
L 07/12/2025 - 19:50:58: [CvarSettings] [c2m1_highway] Could not find CVar specified (gfc_charger_duration)
L 07/12/2025 - 19:50:58: [CvarSettings] [c2m1_highway] Could not find CVar specified (gfc_charger_stagger_extra_time)
L 07/12/2025 - 19:50:58: [CvarSettings] [c2m1_highway] Could not find CVar specified (gfc_charger_stagger_flags)
L 07/12/2025 - 19:50:58: [CvarSettings] [c2m1_highway] Could not find CVar specified (gfc_common_zc_flags)
L 07/12/2025 - 19:50:58: [CvarSettings] [c2m1_highway] Could not find CVar specified (gfc_spit_zc_flags)
L 07/12/2025 - 19:50:58: [CvarSettings] [c2m1_highway] Could not find CVar specified (gfc_godframe_glows)
L 07/12/2025 - 19:50:58: [CvarSettings] [c2m1_highway] Could not find CVar specified (gfc_ff_min_time)
L 07/12/2025 - 19:50:58: [CvarSettings] [c2m1_highway] Could not find CVar specified (l4d2_undoff_enable)
L 07/12/2025 - 19:50:58: [CvarSettings] [c2m1_highway] Could not find CVar specified (l4d2_undoff_blockzerodmg)
L 07/12/2025 - 19:50:58: [CvarSettings] [c2m1_highway] Could not find CVar specified (l4d2_undoff_permdmgfrac)
L 07/12/2025 - 19:50:58: [CvarSettings] [c2m1_highway] Could not find CVar specified (l4d2_shotgun_ff_multi)
L 07/12/2025 - 19:50:58: [CvarSettings] [c2m1_highway] Could not find CVar specified (l4d2_shotgun_ff_min)
L 07/12/2025 - 19:50:58: [CvarSettings] [c2m1_highway] Could not find CVar specified (l4d2_shotgun_ff_max)
L 07/12/2025 - 21:21:53: [CvarSettings] [c2m1_highway] Could not find CVar specified (confogl_boss_unprohibit)
L 07/12/2025 - 21:21:53: [CvarSettings] [c2m1_highway] Could not find CVar specified (gfc_hittable_override)
L 07/12/2025 - 21:21:53: [CvarSettings] [c2m1_highway] Could not find CVar specified (gfc_hittable_rage_override)
L 07/12/2025 - 21:21:53: [CvarSettings] [c2m1_highway] Could not find CVar specified (gfc_rock_override)
L 07/12/2025 - 21:21:53: [CvarSettings] [c2m1_highway] Could not find CVar specified (gfc_rock_rage_override)
L 07/12/2025 - 21:21:53: [CvarSettings] [c2m1_highway] Could not find CVar specified (gfc_spit_extra_time)
L 07/12/2025 - 21:21:53: [CvarSettings] [c2m1_highway] Could not find CVar specified (gfc_common_extra_time)
L 07/12/2025 - 21:21:53: [CvarSettings] [c2m1_highway] Could not find CVar specified (gfc_hunter_duration)
L 07/12/2025 - 21:21:53: [CvarSettings] [c2m1_highway] Could not find CVar specified (gfc_jockey_duration)
L 07/12/2025 - 21:21:53: [CvarSettings] [c2m1_highway] Could not find CVar specified (gfc_smoker_duration)
L 07/12/2025 - 21:21:53: [CvarSettings] [c2m1_highway] Could not find CVar specified (gfc_charger_duration)
L 07/12/2025 - 21:21:53: [CvarSettings] [c2m1_highway] Could not find CVar specified (gfc_charger_stagger_extra_time)
L 07/12/2025 - 21:21:53: [CvarSettings] [c2m1_highway] Could not find CVar specified (gfc_charger_stagger_flags)
L 07/12/2025 - 21:21:53: [CvarSettings] [c2m1_highway] Could not find CVar specified (gfc_common_zc_flags)
L 07/12/2025 - 21:21:53: [CvarSettings] [c2m1_highway] Could not find CVar specified (gfc_spit_zc_flags)
L 07/12/2025 - 21:21:53: [CvarSettings] [c2m1_highway] Could not find CVar specified (gfc_godframe_glows)
L 07/12/2025 - 21:21:53: [CvarSettings] [c2m1_highway] Could not find CVar specified (gfc_ff_min_time)
L 07/12/2025 - 21:21:53: [CvarSettings] [c2m1_highway] Could not find CVar specified (l4d2_undoff_enable)
L 07/12/2025 - 21:21:53: [CvarSettings] [c2m1_highway] Could not find CVar specified (l4d2_undoff_blockzerodmg)
L 07/12/2025 - 21:21:53: [CvarSettings] [c2m1_highway] Could not find CVar specified (l4d2_undoff_permdmgfrac)
L 07/12/2025 - 21:21:53: [CvarSettings] [c2m1_highway] Could not find CVar specified (l4d2_shotgun_ff_multi)
L 07/12/2025 - 21:21:53: [CvarSettings] [c2m1_highway] Could not find CVar specified (l4d2_shotgun_ff_min)
L 07/12/2025 - 21:21:53: [CvarSettings] [c2m1_highway] Could not find CVar specified (l4d2_shotgun_ff_max)
L 07/12/2025 - 21:44:27: [CvarSettings] [c2m1_highway] Could not find CVar specified (confogl_boss_unprohibit)
L 07/12/2025 - 21:44:27: [CvarSettings] [c2m1_highway] Could not find CVar specified (gfc_hittable_override)
L 07/12/2025 - 21:44:27: [CvarSettings] [c2m1_highway] Could not find CVar specified (gfc_hittable_rage_override)
L 07/12/2025 - 21:44:27: [CvarSettings] [c2m1_highway] Could not find CVar specified (gfc_rock_override)
L 07/12/2025 - 21:44:27: [CvarSettings] [c2m1_highway] Could not find CVar specified (gfc_rock_rage_override)
L 07/12/2025 - 21:44:27: [CvarSettings] [c2m1_highway] Could not find CVar specified (gfc_spit_extra_time)
L 07/12/2025 - 21:44:27: [CvarSettings] [c2m1_highway] Could not find CVar specified (gfc_common_extra_time)
L 07/12/2025 - 21:44:27: [CvarSettings] [c2m1_highway] Could not find CVar specified (gfc_hunter_duration)
L 07/12/2025 - 21:44:27: [CvarSettings] [c2m1_highway] Could not find CVar specified (gfc_jockey_duration)
L 07/12/2025 - 21:44:27: [CvarSettings] [c2m1_highway] Could not find CVar specified (gfc_smoker_duration)
L 07/12/2025 - 21:44:27: [CvarSettings] [c2m1_highway] Could not find CVar specified (gfc_charger_duration)
L 07/12/2025 - 21:44:27: [CvarSettings] [c2m1_highway] Could not find CVar specified (gfc_charger_stagger_extra_time)
L 07/12/2025 - 21:44:27: [CvarSettings] [c2m1_highway] Could not find CVar specified (gfc_charger_stagger_flags)
L 07/12/2025 - 21:44:27: [CvarSettings] [c2m1_highway] Could not find CVar specified (gfc_common_zc_flags)
L 07/12/2025 - 21:44:27: [CvarSettings] [c2m1_highway] Could not find CVar specified (gfc_spit_zc_flags)
L 07/12/2025 - 21:44:27: [CvarSettings] [c2m1_highway] Could not find CVar specified (gfc_godframe_glows)
L 07/12/2025 - 21:44:27: [CvarSettings] [c2m1_highway] Could not find CVar specified (gfc_ff_min_time)
L 07/12/2025 - 21:44:27: [CvarSettings] [c2m1_highway] Could not find CVar specified (l4d2_undoff_enable)
L 07/12/2025 - 21:44:27: [CvarSettings] [c2m1_highway] Could not find CVar specified (l4d2_undoff_blockzerodmg)
L 07/12/2025 - 21:44:27: [CvarSettings] [c2m1_highway] Could not find CVar specified (l4d2_undoff_permdmgfrac)
L 07/12/2025 - 21:44:27: [CvarSettings] [c2m1_highway] Could not find CVar specified (l4d2_shotgun_ff_multi)
L 07/12/2025 - 21:44:27: [CvarSettings] [c2m1_highway] Could not find CVar specified (l4d2_shotgun_ff_min)
L 07/12/2025 - 21:44:27: [CvarSettings] [c2m1_highway] Could not find CVar specified (l4d2_shotgun_ff_max)
L 07/12/2025 - 23:09:19: [CvarSettings] [c2m1_highway] Could not find CVar specified (confogl_boss_unprohibit)
L 07/12/2025 - 23:09:19: [CvarSettings] [c2m1_highway] Could not find CVar specified (gfc_hittable_override)
L 07/12/2025 - 23:09:19: [CvarSettings] [c2m1_highway] Could not find CVar specified (gfc_hittable_rage_override)
L 07/12/2025 - 23:09:19: [CvarSettings] [c2m1_highway] Could not find CVar specified (gfc_rock_override)
L 07/12/2025 - 23:09:19: [CvarSettings] [c2m1_highway] Could not find CVar specified (gfc_rock_rage_override)
L 07/12/2025 - 23:09:19: [CvarSettings] [c2m1_highway] Could not find CVar specified (gfc_spit_extra_time)
L 07/12/2025 - 23:09:19: [CvarSettings] [c2m1_highway] Could not find CVar specified (gfc_common_extra_time)
L 07/12/2025 - 23:09:19: [CvarSettings] [c2m1_highway] Could not find CVar specified (gfc_hunter_duration)
L 07/12/2025 - 23:09:19: [CvarSettings] [c2m1_highway] Could not find CVar specified (gfc_jockey_duration)
L 07/12/2025 - 23:09:19: [CvarSettings] [c2m1_highway] Could not find CVar specified (gfc_smoker_duration)
L 07/12/2025 - 23:09:19: [CvarSettings] [c2m1_highway] Could not find CVar specified (gfc_charger_duration)
L 07/12/2025 - 23:09:19: [CvarSettings] [c2m1_highway] Could not find CVar specified (gfc_charger_stagger_extra_time)
L 07/12/2025 - 23:09:19: [CvarSettings] [c2m1_highway] Could not find CVar specified (gfc_charger_stagger_flags)
L 07/12/2025 - 23:09:19: [CvarSettings] [c2m1_highway] Could not find CVar specified (gfc_common_zc_flags)
L 07/12/2025 - 23:09:19: [CvarSettings] [c2m1_highway] Could not find CVar specified (gfc_spit_zc_flags)
L 07/12/2025 - 23:09:19: [CvarSettings] [c2m1_highway] Could not find CVar specified (gfc_godframe_glows)
L 07/12/2025 - 23:09:19: [CvarSettings] [c2m1_highway] Could not find CVar specified (gfc_ff_min_time)
L 07/12/2025 - 23:09:19: [CvarSettings] [c2m1_highway] Could not find CVar specified (l4d2_undoff_enable)
L 07/12/2025 - 23:09:19: [CvarSettings] [c2m1_highway] Could not find CVar specified (l4d2_undoff_blockzerodmg)
L 07/12/2025 - 23:09:19: [CvarSettings] [c2m1_highway] Could not find CVar specified (l4d2_undoff_permdmgfrac)
L 07/12/2025 - 23:09:19: [CvarSettings] [c2m1_highway] Could not find CVar specified (l4d2_shotgun_ff_multi)
L 07/12/2025 - 23:09:19: [CvarSettings] [c2m1_highway] Could not find CVar specified (l4d2_shotgun_ff_min)
L 07/12/2025 - 23:09:19: [CvarSettings] [c2m1_highway] Could not find CVar specified (l4d2_shotgun_ff_max)
