L 07/10/2025 - 10:33:51: [CvarSettings] [c2m1_highway] Could not find CVar specified (confogl_boss_unprohibit)
L 07/10/2025 - 10:33:51: [CvarSettings] [c2m1_highway] Could not find CVar specified (gfc_hittable_override)
L 07/10/2025 - 10:33:51: [CvarSettings] [c2m1_highway] Could not find CVar specified (gfc_hittable_rage_override)
L 07/10/2025 - 10:33:51: [CvarSettings] [c2m1_highway] Could not find CVar specified (gfc_rock_override)
L 07/10/2025 - 10:33:51: [CvarSettings] [c2m1_highway] Could not find CVar specified (gfc_rock_rage_override)
L 07/10/2025 - 10:33:51: [CvarSettings] [c2m1_highway] Could not find CVar specified (gfc_spit_extra_time)
L 07/10/2025 - 10:33:51: [CvarSettings] [c2m1_highway] Could not find CVar specified (gfc_common_extra_time)
L 07/10/2025 - 10:33:51: [CvarSettings] [c2m1_highway] Could not find CVar specified (gfc_hunter_duration)
L 07/10/2025 - 10:33:51: [CvarSettings] [c2m1_highway] Could not find CVar specified (gfc_jockey_duration)
L 07/10/2025 - 10:33:51: [CvarSettings] [c2m1_highway] Could not find CVar specified (gfc_smoker_duration)
L 07/10/2025 - 10:33:51: [CvarSettings] [c2m1_highway] Could not find CVar specified (gfc_charger_duration)
L 07/10/2025 - 10:33:51: [CvarSettings] [c2m1_highway] Could not find CVar specified (gfc_charger_stagger_extra_time)
L 07/10/2025 - 10:33:51: [CvarSettings] [c2m1_highway] Could not find CVar specified (gfc_charger_stagger_flags)
L 07/10/2025 - 10:33:51: [CvarSettings] [c2m1_highway] Could not find CVar specified (gfc_common_zc_flags)
L 07/10/2025 - 10:33:51: [CvarSettings] [c2m1_highway] Could not find CVar specified (gfc_spit_zc_flags)
L 07/10/2025 - 10:33:51: [CvarSettings] [c2m1_highway] Could not find CVar specified (gfc_godframe_glows)
L 07/10/2025 - 10:33:51: [CvarSettings] [c2m1_highway] Could not find CVar specified (gfc_ff_min_time)
L 07/10/2025 - 10:33:51: [CvarSettings] [c2m1_highway] Could not find CVar specified (l4d2_undoff_enable)
L 07/10/2025 - 10:33:51: [CvarSettings] [c2m1_highway] Could not find CVar specified (l4d2_undoff_blockzerodmg)
L 07/10/2025 - 10:33:51: [CvarSettings] [c2m1_highway] Could not find CVar specified (l4d2_undoff_permdmgfrac)
L 07/10/2025 - 10:33:51: [CvarSettings] [c2m1_highway] Could not find CVar specified (l4d2_shotgun_ff_multi)
L 07/10/2025 - 10:33:51: [CvarSettings] [c2m1_highway] Could not find CVar specified (l4d2_shotgun_ff_min)
L 07/10/2025 - 10:33:51: [CvarSettings] [c2m1_highway] Could not find CVar specified (l4d2_shotgun_ff_max)
L 07/10/2025 - 10:37:21: [CvarSettings] [c2m1_highway] Could not find CVar specified (confogl_boss_unprohibit)
L 07/10/2025 - 10:37:21: [CvarSettings] [c2m1_highway] Could not find CVar specified (gfc_hittable_override)
L 07/10/2025 - 10:37:21: [CvarSettings] [c2m1_highway] Could not find CVar specified (gfc_hittable_rage_override)
L 07/10/2025 - 10:37:21: [CvarSettings] [c2m1_highway] Could not find CVar specified (gfc_rock_override)
L 07/10/2025 - 10:37:21: [CvarSettings] [c2m1_highway] Could not find CVar specified (gfc_rock_rage_override)
L 07/10/2025 - 10:37:21: [CvarSettings] [c2m1_highway] Could not find CVar specified (gfc_spit_extra_time)
L 07/10/2025 - 10:37:21: [CvarSettings] [c2m1_highway] Could not find CVar specified (gfc_common_extra_time)
L 07/10/2025 - 10:37:21: [CvarSettings] [c2m1_highway] Could not find CVar specified (gfc_hunter_duration)
L 07/10/2025 - 10:37:21: [CvarSettings] [c2m1_highway] Could not find CVar specified (gfc_jockey_duration)
L 07/10/2025 - 10:37:21: [CvarSettings] [c2m1_highway] Could not find CVar specified (gfc_smoker_duration)
L 07/10/2025 - 10:37:21: [CvarSettings] [c2m1_highway] Could not find CVar specified (gfc_charger_duration)
L 07/10/2025 - 10:37:21: [CvarSettings] [c2m1_highway] Could not find CVar specified (gfc_charger_stagger_extra_time)
L 07/10/2025 - 10:37:21: [CvarSettings] [c2m1_highway] Could not find CVar specified (gfc_charger_stagger_flags)
L 07/10/2025 - 10:37:21: [CvarSettings] [c2m1_highway] Could not find CVar specified (gfc_common_zc_flags)
L 07/10/2025 - 10:37:21: [CvarSettings] [c2m1_highway] Could not find CVar specified (gfc_spit_zc_flags)
L 07/10/2025 - 10:37:21: [CvarSettings] [c2m1_highway] Could not find CVar specified (gfc_godframe_glows)
L 07/10/2025 - 10:37:21: [CvarSettings] [c2m1_highway] Could not find CVar specified (gfc_ff_min_time)
L 07/10/2025 - 10:37:21: [CvarSettings] [c2m1_highway] Could not find CVar specified (l4d2_undoff_enable)
L 07/10/2025 - 10:37:21: [CvarSettings] [c2m1_highway] Could not find CVar specified (l4d2_undoff_blockzerodmg)
L 07/10/2025 - 10:37:21: [CvarSettings] [c2m1_highway] Could not find CVar specified (l4d2_undoff_permdmgfrac)
L 07/10/2025 - 10:37:21: [CvarSettings] [c2m1_highway] Could not find CVar specified (l4d2_shotgun_ff_multi)
L 07/10/2025 - 10:37:21: [CvarSettings] [c2m1_highway] Could not find CVar specified (l4d2_shotgun_ff_min)
L 07/10/2025 - 10:37:21: [CvarSettings] [c2m1_highway] Could not find CVar specified (l4d2_shotgun_ff_max)
L 07/10/2025 - 10:45:02: [CvarSettings] [c2m1_highway] Could not find CVar specified (confogl_boss_unprohibit)
L 07/10/2025 - 10:45:02: [CvarSettings] [c2m1_highway] Could not find CVar specified (gfc_hittable_override)
L 07/10/2025 - 10:45:02: [CvarSettings] [c2m1_highway] Could not find CVar specified (gfc_hittable_rage_override)
L 07/10/2025 - 10:45:02: [CvarSettings] [c2m1_highway] Could not find CVar specified (gfc_rock_override)
L 07/10/2025 - 10:45:02: [CvarSettings] [c2m1_highway] Could not find CVar specified (gfc_rock_rage_override)
L 07/10/2025 - 10:45:02: [CvarSettings] [c2m1_highway] Could not find CVar specified (gfc_spit_extra_time)
L 07/10/2025 - 10:45:02: [CvarSettings] [c2m1_highway] Could not find CVar specified (gfc_common_extra_time)
L 07/10/2025 - 10:45:02: [CvarSettings] [c2m1_highway] Could not find CVar specified (gfc_hunter_duration)
L 07/10/2025 - 10:45:02: [CvarSettings] [c2m1_highway] Could not find CVar specified (gfc_jockey_duration)
L 07/10/2025 - 10:45:02: [CvarSettings] [c2m1_highway] Could not find CVar specified (gfc_smoker_duration)
L 07/10/2025 - 10:45:02: [CvarSettings] [c2m1_highway] Could not find CVar specified (gfc_charger_duration)
L 07/10/2025 - 10:45:02: [CvarSettings] [c2m1_highway] Could not find CVar specified (gfc_charger_stagger_extra_time)
L 07/10/2025 - 10:45:02: [CvarSettings] [c2m1_highway] Could not find CVar specified (gfc_charger_stagger_flags)
L 07/10/2025 - 10:45:02: [CvarSettings] [c2m1_highway] Could not find CVar specified (gfc_common_zc_flags)
L 07/10/2025 - 10:45:02: [CvarSettings] [c2m1_highway] Could not find CVar specified (gfc_spit_zc_flags)
L 07/10/2025 - 10:45:02: [CvarSettings] [c2m1_highway] Could not find CVar specified (gfc_godframe_glows)
L 07/10/2025 - 10:45:02: [CvarSettings] [c2m1_highway] Could not find CVar specified (gfc_ff_min_time)
L 07/10/2025 - 10:45:02: [CvarSettings] [c2m1_highway] Could not find CVar specified (l4d2_undoff_enable)
L 07/10/2025 - 10:45:02: [CvarSettings] [c2m1_highway] Could not find CVar specified (l4d2_undoff_blockzerodmg)
L 07/10/2025 - 10:45:02: [CvarSettings] [c2m1_highway] Could not find CVar specified (l4d2_undoff_permdmgfrac)
L 07/10/2025 - 10:45:02: [CvarSettings] [c2m1_highway] Could not find CVar specified (l4d2_shotgun_ff_multi)
L 07/10/2025 - 10:45:02: [CvarSettings] [c2m1_highway] Could not find CVar specified (l4d2_shotgun_ff_min)
L 07/10/2025 - 10:45:02: [CvarSettings] [c2m1_highway] Could not find CVar specified (l4d2_shotgun_ff_max)
L 07/10/2025 - 10:49:17: [CvarSettings] [c2m1_highway] Could not find CVar specified (confogl_boss_unprohibit)
L 07/10/2025 - 10:49:17: [CvarSettings] [c2m1_highway] Could not find CVar specified (ssb_block_car_alarms)
L 07/10/2025 - 10:49:17: [CvarSettings] [c2m1_highway] Could not find CVar specified (ssb_block_horde)
L 07/10/2025 - 10:50:22: [CvarSettings] [c2m1_highway] Could not find CVar specified (confogl_boss_unprohibit)
L 07/10/2025 - 11:02:46: [CvarSettings] [c2m1_highway] Could not find CVar specified (confogl_boss_unprohibit)
L 07/10/2025 - 11:02:46: [CvarSettings] [c2m1_highway] Could not find CVar specified (gfc_hittable_override)
L 07/10/2025 - 11:02:46: [CvarSettings] [c2m1_highway] Could not find CVar specified (gfc_hittable_rage_override)
L 07/10/2025 - 11:02:46: [CvarSettings] [c2m1_highway] Could not find CVar specified (gfc_rock_override)
L 07/10/2025 - 11:02:46: [CvarSettings] [c2m1_highway] Could not find CVar specified (gfc_rock_rage_override)
L 07/10/2025 - 11:02:46: [CvarSettings] [c2m1_highway] Could not find CVar specified (gfc_spit_extra_time)
L 07/10/2025 - 11:02:46: [CvarSettings] [c2m1_highway] Could not find CVar specified (gfc_common_extra_time)
L 07/10/2025 - 11:02:46: [CvarSettings] [c2m1_highway] Could not find CVar specified (gfc_hunter_duration)
L 07/10/2025 - 11:02:46: [CvarSettings] [c2m1_highway] Could not find CVar specified (gfc_jockey_duration)
L 07/10/2025 - 11:02:46: [CvarSettings] [c2m1_highway] Could not find CVar specified (gfc_smoker_duration)
L 07/10/2025 - 11:02:46: [CvarSettings] [c2m1_highway] Could not find CVar specified (gfc_charger_duration)
L 07/10/2025 - 11:02:46: [CvarSettings] [c2m1_highway] Could not find CVar specified (gfc_charger_stagger_extra_time)
L 07/10/2025 - 11:02:46: [CvarSettings] [c2m1_highway] Could not find CVar specified (gfc_charger_stagger_flags)
L 07/10/2025 - 11:02:46: [CvarSettings] [c2m1_highway] Could not find CVar specified (gfc_common_zc_flags)
L 07/10/2025 - 11:02:46: [CvarSettings] [c2m1_highway] Could not find CVar specified (gfc_spit_zc_flags)
L 07/10/2025 - 11:02:46: [CvarSettings] [c2m1_highway] Could not find CVar specified (gfc_godframe_glows)
L 07/10/2025 - 11:02:46: [CvarSettings] [c2m1_highway] Could not find CVar specified (gfc_ff_min_time)
L 07/10/2025 - 11:02:46: [CvarSettings] [c2m1_highway] Could not find CVar specified (l4d2_undoff_enable)
L 07/10/2025 - 11:02:46: [CvarSettings] [c2m1_highway] Could not find CVar specified (l4d2_undoff_blockzerodmg)
L 07/10/2025 - 11:02:46: [CvarSettings] [c2m1_highway] Could not find CVar specified (l4d2_undoff_permdmgfrac)
L 07/10/2025 - 11:02:46: [CvarSettings] [c2m1_highway] Could not find CVar specified (l4d2_shotgun_ff_multi)
L 07/10/2025 - 11:02:46: [CvarSettings] [c2m1_highway] Could not find CVar specified (l4d2_shotgun_ff_min)
L 07/10/2025 - 11:02:46: [CvarSettings] [c2m1_highway] Could not find CVar specified (l4d2_shotgun_ff_max)
L 07/10/2025 - 14:22:48: [CvarSettings] [c2m1_highway] Could not find CVar specified (confogl_boss_unprohibit)
L 07/10/2025 - 14:22:48: [CvarSettings] [c2m1_highway] Could not find CVar specified (gfc_hittable_override)
L 07/10/2025 - 14:22:48: [CvarSettings] [c2m1_highway] Could not find CVar specified (gfc_hittable_rage_override)
L 07/10/2025 - 14:22:48: [CvarSettings] [c2m1_highway] Could not find CVar specified (gfc_rock_override)
L 07/10/2025 - 14:22:48: [CvarSettings] [c2m1_highway] Could not find CVar specified (gfc_rock_rage_override)
L 07/10/2025 - 14:22:48: [CvarSettings] [c2m1_highway] Could not find CVar specified (gfc_spit_extra_time)
L 07/10/2025 - 14:22:48: [CvarSettings] [c2m1_highway] Could not find CVar specified (gfc_common_extra_time)
L 07/10/2025 - 14:22:48: [CvarSettings] [c2m1_highway] Could not find CVar specified (gfc_hunter_duration)
L 07/10/2025 - 14:22:48: [CvarSettings] [c2m1_highway] Could not find CVar specified (gfc_jockey_duration)
L 07/10/2025 - 14:22:48: [CvarSettings] [c2m1_highway] Could not find CVar specified (gfc_smoker_duration)
L 07/10/2025 - 14:22:48: [CvarSettings] [c2m1_highway] Could not find CVar specified (gfc_charger_duration)
L 07/10/2025 - 14:22:48: [CvarSettings] [c2m1_highway] Could not find CVar specified (gfc_charger_stagger_extra_time)
L 07/10/2025 - 14:22:48: [CvarSettings] [c2m1_highway] Could not find CVar specified (gfc_charger_stagger_flags)
L 07/10/2025 - 14:22:48: [CvarSettings] [c2m1_highway] Could not find CVar specified (gfc_common_zc_flags)
L 07/10/2025 - 14:22:48: [CvarSettings] [c2m1_highway] Could not find CVar specified (gfc_spit_zc_flags)
L 07/10/2025 - 14:22:48: [CvarSettings] [c2m1_highway] Could not find CVar specified (gfc_godframe_glows)
L 07/10/2025 - 14:22:48: [CvarSettings] [c2m1_highway] Could not find CVar specified (gfc_ff_min_time)
L 07/10/2025 - 14:22:48: [CvarSettings] [c2m1_highway] Could not find CVar specified (l4d2_undoff_enable)
L 07/10/2025 - 14:22:48: [CvarSettings] [c2m1_highway] Could not find CVar specified (l4d2_undoff_blockzerodmg)
L 07/10/2025 - 14:22:48: [CvarSettings] [c2m1_highway] Could not find CVar specified (l4d2_undoff_permdmgfrac)
L 07/10/2025 - 14:22:48: [CvarSettings] [c2m1_highway] Could not find CVar specified (l4d2_shotgun_ff_multi)
L 07/10/2025 - 14:22:48: [CvarSettings] [c2m1_highway] Could not find CVar specified (l4d2_shotgun_ff_min)
L 07/10/2025 - 14:22:48: [CvarSettings] [c2m1_highway] Could not find CVar specified (l4d2_shotgun_ff_max)
L 07/10/2025 - 14:29:20: [CvarSettings] [c2m1_highway] Could not find CVar specified (confogl_boss_unprohibit)
L 07/10/2025 - 14:29:20: [CvarSettings] [c2m1_highway] Could not find CVar specified (ssb_block_car_alarms)
L 07/10/2025 - 14:29:20: [CvarSettings] [c2m1_highway] Could not find CVar specified (ssb_block_horde)
L 07/10/2025 - 14:58:12: [CvarSettings] [c2m1_highway] Could not find CVar specified (confogl_boss_unprohibit)
L 07/10/2025 - 14:58:12: [CvarSettings] [c2m1_highway] Could not find CVar specified (gfc_hittable_override)
L 07/10/2025 - 14:58:12: [CvarSettings] [c2m1_highway] Could not find CVar specified (gfc_hittable_rage_override)
L 07/10/2025 - 14:58:12: [CvarSettings] [c2m1_highway] Could not find CVar specified (gfc_rock_override)
L 07/10/2025 - 14:58:12: [CvarSettings] [c2m1_highway] Could not find CVar specified (gfc_rock_rage_override)
L 07/10/2025 - 14:58:12: [CvarSettings] [c2m1_highway] Could not find CVar specified (gfc_spit_extra_time)
L 07/10/2025 - 14:58:12: [CvarSettings] [c2m1_highway] Could not find CVar specified (gfc_common_extra_time)
L 07/10/2025 - 14:58:12: [CvarSettings] [c2m1_highway] Could not find CVar specified (gfc_hunter_duration)
L 07/10/2025 - 14:58:12: [CvarSettings] [c2m1_highway] Could not find CVar specified (gfc_jockey_duration)
L 07/10/2025 - 14:58:12: [CvarSettings] [c2m1_highway] Could not find CVar specified (gfc_smoker_duration)
L 07/10/2025 - 14:58:12: [CvarSettings] [c2m1_highway] Could not find CVar specified (gfc_charger_duration)
L 07/10/2025 - 14:58:12: [CvarSettings] [c2m1_highway] Could not find CVar specified (gfc_charger_stagger_extra_time)
L 07/10/2025 - 14:58:12: [CvarSettings] [c2m1_highway] Could not find CVar specified (gfc_charger_stagger_flags)
L 07/10/2025 - 14:58:12: [CvarSettings] [c2m1_highway] Could not find CVar specified (gfc_common_zc_flags)
L 07/10/2025 - 14:58:12: [CvarSettings] [c2m1_highway] Could not find CVar specified (gfc_spit_zc_flags)
L 07/10/2025 - 14:58:12: [CvarSettings] [c2m1_highway] Could not find CVar specified (gfc_godframe_glows)
L 07/10/2025 - 14:58:12: [CvarSettings] [c2m1_highway] Could not find CVar specified (gfc_ff_min_time)
L 07/10/2025 - 14:58:12: [CvarSettings] [c2m1_highway] Could not find CVar specified (l4d2_undoff_enable)
L 07/10/2025 - 14:58:12: [CvarSettings] [c2m1_highway] Could not find CVar specified (l4d2_undoff_blockzerodmg)
L 07/10/2025 - 14:58:12: [CvarSettings] [c2m1_highway] Could not find CVar specified (l4d2_undoff_permdmgfrac)
L 07/10/2025 - 14:58:12: [CvarSettings] [c2m1_highway] Could not find CVar specified (l4d2_shotgun_ff_multi)
L 07/10/2025 - 14:58:12: [CvarSettings] [c2m1_highway] Could not find CVar specified (l4d2_shotgun_ff_min)
L 07/10/2025 - 14:58:12: [CvarSettings] [c2m1_highway] Could not find CVar specified (l4d2_shotgun_ff_max)
L 07/10/2025 - 15:11:40: [CvarSettings] [c2m1_highway] Could not find CVar specified (confogl_boss_unprohibit)
L 07/10/2025 - 15:11:40: [CvarSettings] [c2m1_highway] Could not find CVar specified (gfc_hittable_override)
L 07/10/2025 - 15:11:40: [CvarSettings] [c2m1_highway] Could not find CVar specified (gfc_hittable_rage_override)
L 07/10/2025 - 15:11:40: [CvarSettings] [c2m1_highway] Could not find CVar specified (gfc_rock_override)
L 07/10/2025 - 15:11:40: [CvarSettings] [c2m1_highway] Could not find CVar specified (gfc_rock_rage_override)
L 07/10/2025 - 15:11:40: [CvarSettings] [c2m1_highway] Could not find CVar specified (gfc_spit_extra_time)
L 07/10/2025 - 15:11:40: [CvarSettings] [c2m1_highway] Could not find CVar specified (gfc_common_extra_time)
L 07/10/2025 - 15:11:40: [CvarSettings] [c2m1_highway] Could not find CVar specified (gfc_hunter_duration)
L 07/10/2025 - 15:11:40: [CvarSettings] [c2m1_highway] Could not find CVar specified (gfc_jockey_duration)
L 07/10/2025 - 15:11:40: [CvarSettings] [c2m1_highway] Could not find CVar specified (gfc_smoker_duration)
L 07/10/2025 - 15:11:40: [CvarSettings] [c2m1_highway] Could not find CVar specified (gfc_charger_duration)
L 07/10/2025 - 15:11:40: [CvarSettings] [c2m1_highway] Could not find CVar specified (gfc_charger_stagger_extra_time)
L 07/10/2025 - 15:11:40: [CvarSettings] [c2m1_highway] Could not find CVar specified (gfc_charger_stagger_flags)
L 07/10/2025 - 15:11:40: [CvarSettings] [c2m1_highway] Could not find CVar specified (gfc_common_zc_flags)
L 07/10/2025 - 15:11:40: [CvarSettings] [c2m1_highway] Could not find CVar specified (gfc_spit_zc_flags)
L 07/10/2025 - 15:11:40: [CvarSettings] [c2m1_highway] Could not find CVar specified (gfc_godframe_glows)
L 07/10/2025 - 15:11:40: [CvarSettings] [c2m1_highway] Could not find CVar specified (gfc_ff_min_time)
L 07/10/2025 - 15:11:40: [CvarSettings] [c2m1_highway] Could not find CVar specified (l4d2_undoff_enable)
L 07/10/2025 - 15:11:40: [CvarSettings] [c2m1_highway] Could not find CVar specified (l4d2_undoff_blockzerodmg)
L 07/10/2025 - 15:11:40: [CvarSettings] [c2m1_highway] Could not find CVar specified (l4d2_undoff_permdmgfrac)
L 07/10/2025 - 15:11:40: [CvarSettings] [c2m1_highway] Could not find CVar specified (l4d2_shotgun_ff_multi)
L 07/10/2025 - 15:11:40: [CvarSettings] [c2m1_highway] Could not find CVar specified (l4d2_shotgun_ff_min)
L 07/10/2025 - 15:11:40: [CvarSettings] [c2m1_highway] Could not find CVar specified (l4d2_shotgun_ff_max)
L 07/10/2025 - 20:02:28: [CvarSettings] [c2m1_highway] Could not find CVar specified (confogl_boss_unprohibit)
L 07/10/2025 - 20:02:28: [CvarSettings] [c2m1_highway] Could not find CVar specified (gfc_hittable_override)
L 07/10/2025 - 20:02:28: [CvarSettings] [c2m1_highway] Could not find CVar specified (gfc_hittable_rage_override)
L 07/10/2025 - 20:02:28: [CvarSettings] [c2m1_highway] Could not find CVar specified (gfc_rock_override)
L 07/10/2025 - 20:02:28: [CvarSettings] [c2m1_highway] Could not find CVar specified (gfc_rock_rage_override)
L 07/10/2025 - 20:02:28: [CvarSettings] [c2m1_highway] Could not find CVar specified (gfc_spit_extra_time)
L 07/10/2025 - 20:02:28: [CvarSettings] [c2m1_highway] Could not find CVar specified (gfc_common_extra_time)
L 07/10/2025 - 20:02:28: [CvarSettings] [c2m1_highway] Could not find CVar specified (gfc_hunter_duration)
L 07/10/2025 - 20:02:28: [CvarSettings] [c2m1_highway] Could not find CVar specified (gfc_jockey_duration)
L 07/10/2025 - 20:02:28: [CvarSettings] [c2m1_highway] Could not find CVar specified (gfc_smoker_duration)
L 07/10/2025 - 20:02:28: [CvarSettings] [c2m1_highway] Could not find CVar specified (gfc_charger_duration)
L 07/10/2025 - 20:02:28: [CvarSettings] [c2m1_highway] Could not find CVar specified (gfc_charger_stagger_extra_time)
L 07/10/2025 - 20:02:28: [CvarSettings] [c2m1_highway] Could not find CVar specified (gfc_charger_stagger_flags)
L 07/10/2025 - 20:02:28: [CvarSettings] [c2m1_highway] Could not find CVar specified (gfc_common_zc_flags)
L 07/10/2025 - 20:02:28: [CvarSettings] [c2m1_highway] Could not find CVar specified (gfc_spit_zc_flags)
L 07/10/2025 - 20:02:28: [CvarSettings] [c2m1_highway] Could not find CVar specified (gfc_godframe_glows)
L 07/10/2025 - 20:02:28: [CvarSettings] [c2m1_highway] Could not find CVar specified (gfc_ff_min_time)
L 07/10/2025 - 20:02:28: [CvarSettings] [c2m1_highway] Could not find CVar specified (l4d2_undoff_enable)
L 07/10/2025 - 20:02:28: [CvarSettings] [c2m1_highway] Could not find CVar specified (l4d2_undoff_blockzerodmg)
L 07/10/2025 - 20:02:28: [CvarSettings] [c2m1_highway] Could not find CVar specified (l4d2_undoff_permdmgfrac)
L 07/10/2025 - 20:02:28: [CvarSettings] [c2m1_highway] Could not find CVar specified (l4d2_shotgun_ff_multi)
L 07/10/2025 - 20:02:28: [CvarSettings] [c2m1_highway] Could not find CVar specified (l4d2_shotgun_ff_min)
L 07/10/2025 - 20:02:28: [CvarSettings] [c2m1_highway] Could not find CVar specified (l4d2_shotgun_ff_max)
L 07/10/2025 - 20:48:01: [CvarSettings] [c2m1_highway] Could not find CVar specified (confogl_boss_unprohibit)
L 07/10/2025 - 20:48:01: [CvarSettings] [c2m1_highway] Could not find CVar specified (ssb_block_car_alarms)
L 07/10/2025 - 20:48:01: [CvarSettings] [c2m1_highway] Could not find CVar specified (ssb_block_horde)
L 07/10/2025 - 21:27:46: [CvarSettings] [c2m1_highway] Could not find CVar specified (confogl_boss_unprohibit)
L 07/10/2025 - 21:27:46: [CvarSettings] [c2m1_highway] Could not find CVar specified (gfc_hittable_override)
L 07/10/2025 - 21:27:46: [CvarSettings] [c2m1_highway] Could not find CVar specified (gfc_hittable_rage_override)
L 07/10/2025 - 21:27:46: [CvarSettings] [c2m1_highway] Could not find CVar specified (gfc_rock_override)
L 07/10/2025 - 21:27:46: [CvarSettings] [c2m1_highway] Could not find CVar specified (gfc_rock_rage_override)
L 07/10/2025 - 21:27:46: [CvarSettings] [c2m1_highway] Could not find CVar specified (gfc_spit_extra_time)
L 07/10/2025 - 21:27:46: [CvarSettings] [c2m1_highway] Could not find CVar specified (gfc_common_extra_time)
L 07/10/2025 - 21:27:46: [CvarSettings] [c2m1_highway] Could not find CVar specified (gfc_hunter_duration)
L 07/10/2025 - 21:27:46: [CvarSettings] [c2m1_highway] Could not find CVar specified (gfc_jockey_duration)
L 07/10/2025 - 21:27:46: [CvarSettings] [c2m1_highway] Could not find CVar specified (gfc_smoker_duration)
L 07/10/2025 - 21:27:46: [CvarSettings] [c2m1_highway] Could not find CVar specified (gfc_charger_duration)
L 07/10/2025 - 21:27:46: [CvarSettings] [c2m1_highway] Could not find CVar specified (gfc_charger_stagger_extra_time)
L 07/10/2025 - 21:27:46: [CvarSettings] [c2m1_highway] Could not find CVar specified (gfc_charger_stagger_flags)
L 07/10/2025 - 21:27:46: [CvarSettings] [c2m1_highway] Could not find CVar specified (gfc_common_zc_flags)
L 07/10/2025 - 21:27:46: [CvarSettings] [c2m1_highway] Could not find CVar specified (gfc_spit_zc_flags)
L 07/10/2025 - 21:27:46: [CvarSettings] [c2m1_highway] Could not find CVar specified (gfc_godframe_glows)
L 07/10/2025 - 21:27:46: [CvarSettings] [c2m1_highway] Could not find CVar specified (gfc_ff_min_time)
L 07/10/2025 - 21:27:46: [CvarSettings] [c2m1_highway] Could not find CVar specified (l4d2_undoff_enable)
L 07/10/2025 - 21:27:46: [CvarSettings] [c2m1_highway] Could not find CVar specified (l4d2_undoff_blockzerodmg)
L 07/10/2025 - 21:27:46: [CvarSettings] [c2m1_highway] Could not find CVar specified (l4d2_undoff_permdmgfrac)
L 07/10/2025 - 21:27:46: [CvarSettings] [c2m1_highway] Could not find CVar specified (l4d2_shotgun_ff_multi)
L 07/10/2025 - 21:27:46: [CvarSettings] [c2m1_highway] Could not find CVar specified (l4d2_shotgun_ff_min)
L 07/10/2025 - 21:27:46: [CvarSettings] [c2m1_highway] Could not find CVar specified (l4d2_shotgun_ff_max)
L 07/10/2025 - 23:11:22: [CvarSettings] [c2m1_highway] Could not find CVar specified (confogl_boss_unprohibit)
L 07/10/2025 - 23:11:22: [CvarSettings] [c2m1_highway] Could not find CVar specified (gfc_hittable_override)
L 07/10/2025 - 23:11:22: [CvarSettings] [c2m1_highway] Could not find CVar specified (gfc_hittable_rage_override)
L 07/10/2025 - 23:11:22: [CvarSettings] [c2m1_highway] Could not find CVar specified (gfc_rock_override)
L 07/10/2025 - 23:11:22: [CvarSettings] [c2m1_highway] Could not find CVar specified (gfc_rock_rage_override)
L 07/10/2025 - 23:11:22: [CvarSettings] [c2m1_highway] Could not find CVar specified (gfc_spit_extra_time)
L 07/10/2025 - 23:11:22: [CvarSettings] [c2m1_highway] Could not find CVar specified (gfc_common_extra_time)
L 07/10/2025 - 23:11:22: [CvarSettings] [c2m1_highway] Could not find CVar specified (gfc_hunter_duration)
L 07/10/2025 - 23:11:22: [CvarSettings] [c2m1_highway] Could not find CVar specified (gfc_jockey_duration)
L 07/10/2025 - 23:11:22: [CvarSettings] [c2m1_highway] Could not find CVar specified (gfc_smoker_duration)
L 07/10/2025 - 23:11:22: [CvarSettings] [c2m1_highway] Could not find CVar specified (gfc_charger_duration)
L 07/10/2025 - 23:11:22: [CvarSettings] [c2m1_highway] Could not find CVar specified (gfc_charger_stagger_extra_time)
L 07/10/2025 - 23:11:22: [CvarSettings] [c2m1_highway] Could not find CVar specified (gfc_charger_stagger_flags)
L 07/10/2025 - 23:11:22: [CvarSettings] [c2m1_highway] Could not find CVar specified (gfc_common_zc_flags)
L 07/10/2025 - 23:11:22: [CvarSettings] [c2m1_highway] Could not find CVar specified (gfc_spit_zc_flags)
L 07/10/2025 - 23:11:22: [CvarSettings] [c2m1_highway] Could not find CVar specified (gfc_godframe_glows)
L 07/10/2025 - 23:11:22: [CvarSettings] [c2m1_highway] Could not find CVar specified (gfc_ff_min_time)
L 07/10/2025 - 23:11:22: [CvarSettings] [c2m1_highway] Could not find CVar specified (l4d2_undoff_enable)
L 07/10/2025 - 23:11:22: [CvarSettings] [c2m1_highway] Could not find CVar specified (l4d2_undoff_blockzerodmg)
L 07/10/2025 - 23:11:22: [CvarSettings] [c2m1_highway] Could not find CVar specified (l4d2_undoff_permdmgfrac)
L 07/10/2025 - 23:11:22: [CvarSettings] [c2m1_highway] Could not find CVar specified (l4d2_shotgun_ff_multi)
L 07/10/2025 - 23:11:22: [CvarSettings] [c2m1_highway] Could not find CVar specified (l4d2_shotgun_ff_min)
L 07/10/2025 - 23:11:22: [CvarSettings] [c2m1_highway] Could not find CVar specified (l4d2_shotgun_ff_max)
L 07/10/2025 - 23:12:27: [CvarSettings] [c2m1_highway] Could not find CVar specified (confogl_boss_unprohibit)
L 07/10/2025 - 23:12:27: [CvarSettings] [c2m1_highway] Could not find CVar specified (gfc_hittable_override)
L 07/10/2025 - 23:12:27: [CvarSettings] [c2m1_highway] Could not find CVar specified (gfc_hittable_rage_override)
L 07/10/2025 - 23:12:27: [CvarSettings] [c2m1_highway] Could not find CVar specified (gfc_rock_override)
L 07/10/2025 - 23:12:27: [CvarSettings] [c2m1_highway] Could not find CVar specified (gfc_rock_rage_override)
L 07/10/2025 - 23:12:27: [CvarSettings] [c2m1_highway] Could not find CVar specified (gfc_spit_extra_time)
L 07/10/2025 - 23:12:27: [CvarSettings] [c2m1_highway] Could not find CVar specified (gfc_common_extra_time)
L 07/10/2025 - 23:12:27: [CvarSettings] [c2m1_highway] Could not find CVar specified (gfc_hunter_duration)
L 07/10/2025 - 23:12:27: [CvarSettings] [c2m1_highway] Could not find CVar specified (gfc_jockey_duration)
L 07/10/2025 - 23:12:27: [CvarSettings] [c2m1_highway] Could not find CVar specified (gfc_smoker_duration)
L 07/10/2025 - 23:12:27: [CvarSettings] [c2m1_highway] Could not find CVar specified (gfc_charger_duration)
L 07/10/2025 - 23:12:27: [CvarSettings] [c2m1_highway] Could not find CVar specified (gfc_charger_stagger_extra_time)
L 07/10/2025 - 23:12:27: [CvarSettings] [c2m1_highway] Could not find CVar specified (gfc_charger_stagger_flags)
L 07/10/2025 - 23:12:27: [CvarSettings] [c2m1_highway] Could not find CVar specified (gfc_common_zc_flags)
L 07/10/2025 - 23:12:27: [CvarSettings] [c2m1_highway] Could not find CVar specified (gfc_spit_zc_flags)
L 07/10/2025 - 23:12:27: [CvarSettings] [c2m1_highway] Could not find CVar specified (gfc_godframe_glows)
L 07/10/2025 - 23:12:27: [CvarSettings] [c2m1_highway] Could not find CVar specified (gfc_ff_min_time)
L 07/10/2025 - 23:12:27: [CvarSettings] [c2m1_highway] Could not find CVar specified (l4d2_undoff_enable)
L 07/10/2025 - 23:12:27: [CvarSettings] [c2m1_highway] Could not find CVar specified (l4d2_undoff_blockzerodmg)
L 07/10/2025 - 23:12:27: [CvarSettings] [c2m1_highway] Could not find CVar specified (l4d2_undoff_permdmgfrac)
L 07/10/2025 - 23:12:27: [CvarSettings] [c2m1_highway] Could not find CVar specified (l4d2_shotgun_ff_multi)
L 07/10/2025 - 23:12:27: [CvarSettings] [c2m1_highway] Could not find CVar specified (l4d2_shotgun_ff_min)
L 07/10/2025 - 23:12:27: [CvarSettings] [c2m1_highway] Could not find CVar specified (l4d2_shotgun_ff_max)
L 07/10/2025 - 23:21:31: [CvarSettings] [c2m1_highway] Could not find CVar specified (confogl_boss_unprohibit)
L 07/10/2025 - 23:21:31: [CvarSettings] [c2m1_highway] Could not find CVar specified (gfc_hittable_override)
L 07/10/2025 - 23:21:31: [CvarSettings] [c2m1_highway] Could not find CVar specified (gfc_hittable_rage_override)
L 07/10/2025 - 23:21:31: [CvarSettings] [c2m1_highway] Could not find CVar specified (gfc_rock_override)
L 07/10/2025 - 23:21:31: [CvarSettings] [c2m1_highway] Could not find CVar specified (gfc_rock_rage_override)
L 07/10/2025 - 23:21:31: [CvarSettings] [c2m1_highway] Could not find CVar specified (gfc_spit_extra_time)
L 07/10/2025 - 23:21:31: [CvarSettings] [c2m1_highway] Could not find CVar specified (gfc_common_extra_time)
L 07/10/2025 - 23:21:31: [CvarSettings] [c2m1_highway] Could not find CVar specified (gfc_hunter_duration)
L 07/10/2025 - 23:21:31: [CvarSettings] [c2m1_highway] Could not find CVar specified (gfc_jockey_duration)
L 07/10/2025 - 23:21:31: [CvarSettings] [c2m1_highway] Could not find CVar specified (gfc_smoker_duration)
L 07/10/2025 - 23:21:31: [CvarSettings] [c2m1_highway] Could not find CVar specified (gfc_charger_duration)
L 07/10/2025 - 23:21:31: [CvarSettings] [c2m1_highway] Could not find CVar specified (gfc_charger_stagger_extra_time)
L 07/10/2025 - 23:21:31: [CvarSettings] [c2m1_highway] Could not find CVar specified (gfc_charger_stagger_flags)
L 07/10/2025 - 23:21:31: [CvarSettings] [c2m1_highway] Could not find CVar specified (gfc_common_zc_flags)
L 07/10/2025 - 23:21:31: [CvarSettings] [c2m1_highway] Could not find CVar specified (gfc_spit_zc_flags)
L 07/10/2025 - 23:21:31: [CvarSettings] [c2m1_highway] Could not find CVar specified (gfc_godframe_glows)
L 07/10/2025 - 23:21:31: [CvarSettings] [c2m1_highway] Could not find CVar specified (gfc_ff_min_time)
L 07/10/2025 - 23:21:31: [CvarSettings] [c2m1_highway] Could not find CVar specified (l4d2_undoff_enable)
L 07/10/2025 - 23:21:31: [CvarSettings] [c2m1_highway] Could not find CVar specified (l4d2_undoff_blockzerodmg)
L 07/10/2025 - 23:21:31: [CvarSettings] [c2m1_highway] Could not find CVar specified (l4d2_undoff_permdmgfrac)
L 07/10/2025 - 23:21:31: [CvarSettings] [c2m1_highway] Could not find CVar specified (l4d2_shotgun_ff_multi)
L 07/10/2025 - 23:21:31: [CvarSettings] [c2m1_highway] Could not find CVar specified (l4d2_shotgun_ff_min)
L 07/10/2025 - 23:21:31: [CvarSettings] [c2m1_highway] Could not find CVar specified (l4d2_shotgun_ff_max)
L 07/10/2025 - 23:24:22: [CvarSettings] [c2m1_highway] Could not find CVar specified (confogl_boss_unprohibit)
L 07/10/2025 - 23:24:22: [CvarSettings] [c2m1_highway] Could not find CVar specified (gfc_hittable_override)
L 07/10/2025 - 23:24:22: [CvarSettings] [c2m1_highway] Could not find CVar specified (gfc_hittable_rage_override)
L 07/10/2025 - 23:24:22: [CvarSettings] [c2m1_highway] Could not find CVar specified (gfc_rock_override)
L 07/10/2025 - 23:24:22: [CvarSettings] [c2m1_highway] Could not find CVar specified (gfc_rock_rage_override)
L 07/10/2025 - 23:24:22: [CvarSettings] [c2m1_highway] Could not find CVar specified (gfc_spit_extra_time)
L 07/10/2025 - 23:24:22: [CvarSettings] [c2m1_highway] Could not find CVar specified (gfc_common_extra_time)
L 07/10/2025 - 23:24:22: [CvarSettings] [c2m1_highway] Could not find CVar specified (gfc_hunter_duration)
L 07/10/2025 - 23:24:22: [CvarSettings] [c2m1_highway] Could not find CVar specified (gfc_jockey_duration)
L 07/10/2025 - 23:24:22: [CvarSettings] [c2m1_highway] Could not find CVar specified (gfc_smoker_duration)
L 07/10/2025 - 23:24:22: [CvarSettings] [c2m1_highway] Could not find CVar specified (gfc_charger_duration)
L 07/10/2025 - 23:24:22: [CvarSettings] [c2m1_highway] Could not find CVar specified (gfc_charger_stagger_extra_time)
L 07/10/2025 - 23:24:22: [CvarSettings] [c2m1_highway] Could not find CVar specified (gfc_charger_stagger_flags)
L 07/10/2025 - 23:24:22: [CvarSettings] [c2m1_highway] Could not find CVar specified (gfc_common_zc_flags)
L 07/10/2025 - 23:24:22: [CvarSettings] [c2m1_highway] Could not find CVar specified (gfc_spit_zc_flags)
L 07/10/2025 - 23:24:22: [CvarSettings] [c2m1_highway] Could not find CVar specified (gfc_godframe_glows)
L 07/10/2025 - 23:24:22: [CvarSettings] [c2m1_highway] Could not find CVar specified (gfc_ff_min_time)
L 07/10/2025 - 23:24:22: [CvarSettings] [c2m1_highway] Could not find CVar specified (l4d2_undoff_enable)
L 07/10/2025 - 23:24:22: [CvarSettings] [c2m1_highway] Could not find CVar specified (l4d2_undoff_blockzerodmg)
L 07/10/2025 - 23:24:22: [CvarSettings] [c2m1_highway] Could not find CVar specified (l4d2_undoff_permdmgfrac)
L 07/10/2025 - 23:24:22: [CvarSettings] [c2m1_highway] Could not find CVar specified (l4d2_shotgun_ff_multi)
L 07/10/2025 - 23:24:22: [CvarSettings] [c2m1_highway] Could not find CVar specified (l4d2_shotgun_ff_min)
L 07/10/2025 - 23:24:22: [CvarSettings] [c2m1_highway] Could not find CVar specified (l4d2_shotgun_ff_max)
L 07/10/2025 - 23:33:06: [CvarSettings] [c2m1_highway] Could not find CVar specified (confogl_boss_unprohibit)
L 07/10/2025 - 23:33:06: [CvarSettings] [c2m1_highway] Could not find CVar specified (gfc_hittable_override)
L 07/10/2025 - 23:33:06: [CvarSettings] [c2m1_highway] Could not find CVar specified (gfc_hittable_rage_override)
L 07/10/2025 - 23:33:06: [CvarSettings] [c2m1_highway] Could not find CVar specified (gfc_rock_override)
L 07/10/2025 - 23:33:06: [CvarSettings] [c2m1_highway] Could not find CVar specified (gfc_rock_rage_override)
L 07/10/2025 - 23:33:06: [CvarSettings] [c2m1_highway] Could not find CVar specified (gfc_spit_extra_time)
L 07/10/2025 - 23:33:06: [CvarSettings] [c2m1_highway] Could not find CVar specified (gfc_common_extra_time)
L 07/10/2025 - 23:33:06: [CvarSettings] [c2m1_highway] Could not find CVar specified (gfc_hunter_duration)
L 07/10/2025 - 23:33:06: [CvarSettings] [c2m1_highway] Could not find CVar specified (gfc_jockey_duration)
L 07/10/2025 - 23:33:06: [CvarSettings] [c2m1_highway] Could not find CVar specified (gfc_smoker_duration)
L 07/10/2025 - 23:33:06: [CvarSettings] [c2m1_highway] Could not find CVar specified (gfc_charger_duration)
L 07/10/2025 - 23:33:06: [CvarSettings] [c2m1_highway] Could not find CVar specified (gfc_charger_stagger_extra_time)
L 07/10/2025 - 23:33:06: [CvarSettings] [c2m1_highway] Could not find CVar specified (gfc_charger_stagger_flags)
L 07/10/2025 - 23:33:06: [CvarSettings] [c2m1_highway] Could not find CVar specified (gfc_common_zc_flags)
L 07/10/2025 - 23:33:06: [CvarSettings] [c2m1_highway] Could not find CVar specified (gfc_spit_zc_flags)
L 07/10/2025 - 23:33:06: [CvarSettings] [c2m1_highway] Could not find CVar specified (gfc_godframe_glows)
L 07/10/2025 - 23:33:06: [CvarSettings] [c2m1_highway] Could not find CVar specified (gfc_ff_min_time)
L 07/10/2025 - 23:33:06: [CvarSettings] [c2m1_highway] Could not find CVar specified (l4d2_undoff_enable)
L 07/10/2025 - 23:33:06: [CvarSettings] [c2m1_highway] Could not find CVar specified (l4d2_undoff_blockzerodmg)
L 07/10/2025 - 23:33:06: [CvarSettings] [c2m1_highway] Could not find CVar specified (l4d2_undoff_permdmgfrac)
L 07/10/2025 - 23:33:06: [CvarSettings] [c2m1_highway] Could not find CVar specified (l4d2_shotgun_ff_multi)
L 07/10/2025 - 23:33:06: [CvarSettings] [c2m1_highway] Could not find CVar specified (l4d2_shotgun_ff_min)
L 07/10/2025 - 23:33:06: [CvarSettings] [c2m1_highway] Could not find CVar specified (l4d2_shotgun_ff_max)
L 07/10/2025 - 23:48:16: [CvarSettings] [c2m1_highway] Could not find CVar specified (confogl_boss_unprohibit)
L 07/10/2025 - 23:48:16: [CvarSettings] [c2m1_highway] Could not find CVar specified (ssb_block_car_alarms)
L 07/10/2025 - 23:48:16: [CvarSettings] [c2m1_highway] Could not find CVar specified (ssb_block_horde)
