L 07/14/2025 - 11:40:36: SourceMod error session started
L 07/14/2025 - 11:40:36: Info (map "c2m1_highway") (file "/root/Steam/steamapps/common/L4D21/left4dead2/addons/sourcemod/logs/errors_20250714.log")
L 07/14/2025 - 11:40:36: [SM] Fatal error encountered parsing translation file "l4d_splash_damage.phrases.txt"
L 07/14/2025 - 11:40:36: [SM] Error (line 0, column 0): Stream failed to open
L 07/14/2025 - 11:50:03: SourceMod error session started
L 07/14/2025 - 11:50:03: Info (map "c2m1_highway") (file "/root/Steam/steamapps/common/L4D21/left4dead2/addons/sourcemod/logs/errors_20250714.log")
L 07/14/2025 - 11:50:03: [SM] Failed to load plugin "nextmap.smx": Nextmap is incompatible with this game.
L 07/14/2025 - 11:50:04: [SM] Unable to load plugin "sae/l4d2_hybrid_scoremod_sae.smx": Could not find required plugin "l4d2lib"
L 07/14/2025 - 11:50:04: [SM] Unable to load plugin "sae/spechud.smx": Native "LM_GetLerpTime" was not found
L 07/14/2025 - 11:50:04: [SM] Fatal error encountered parsing translation file "l4d_splash_damage.phrases.txt"
L 07/14/2025 - 11:50:04: [SM] Error (line 0, column 0): Stream failed to open
L 07/14/2025 - 11:50:11: Error log file session closed.
L 07/14/2025 - 11:50:11: SourceMod error session started
L 07/14/2025 - 11:50:11: Info (map "c2m1_highway") (file "/root/Steam/steamapps/common/L4D21/left4dead2/addons/sourcemod/logs/errors_20250714.log")
L 07/14/2025 - 11:50:11: [SM] Fatal error encountered parsing translation file "l4d_splash_damage.phrases.txt"
L 07/14/2025 - 11:50:11: [SM] Error (line 0, column 0): Stream failed to open
L 07/14/2025 - 12:20:00: [SM] Failed to load plugin "nextmap.smx": Nextmap is incompatible with this game.
L 07/14/2025 - 12:20:00: [SM] Unable to load plugin "sae/l4d2_hybrid_scoremod_sae.smx": Could not find required plugin "l4d2lib"
L 07/14/2025 - 12:20:00: [SM] Unable to load plugin "sae/spechud.smx": Native "LM_GetLerpTime" was not found
L 07/14/2025 - 12:20:30: Error log file session closed.
L 07/14/2025 - 12:20:30: SourceMod error session started
L 07/14/2025 - 12:20:30: Info (map "c2m1_highway") (file "/root/Steam/steamapps/common/L4D21/left4dead2/addons/sourcemod/logs/errors_20250714.log")
L 07/14/2025 - 12:20:30: [SM] Fatal error encountered parsing translation file "l4d_splash_damage.phrases.txt"
L 07/14/2025 - 12:20:30: [SM] Error (line 0, column 0): Stream failed to open
L 07/14/2025 - 12:27:41: Error log file session closed.
L 07/14/2025 - 12:27:41: SourceMod error session started
L 07/14/2025 - 12:27:41: Info (map "c2m2_fairgrounds") (file "/root/Steam/steamapps/common/L4D21/left4dead2/addons/sourcemod/logs/errors_20250714.log")
L 07/14/2025 - 12:27:41: [SM] Fatal error encountered parsing translation file "l4d_splash_damage.phrases.txt"
L 07/14/2025 - 12:27:41: [SM] Error (line 0, column 0): Stream failed to open
L 07/14/2025 - 12:33:40: Error log file session closed.
L 07/14/2025 - 12:33:40: SourceMod error session started
L 07/14/2025 - 12:33:40: Info (map "c2m3_coaster") (file "/root/Steam/steamapps/common/L4D21/left4dead2/addons/sourcemod/logs/errors_20250714.log")
L 07/14/2025 - 12:33:40: [SM] Fatal error encountered parsing translation file "l4d_splash_damage.phrases.txt"
L 07/14/2025 - 12:33:40: [SM] Error (line 0, column 0): Stream failed to open
L 07/14/2025 - 12:39:24: Error log file session closed.
L 07/14/2025 - 12:39:24: SourceMod error session started
L 07/14/2025 - 12:39:24: Info (map "c2m4_barns") (file "/root/Steam/steamapps/common/L4D21/left4dead2/addons/sourcemod/logs/errors_20250714.log")
L 07/14/2025 - 12:39:24: [SM] Fatal error encountered parsing translation file "l4d_splash_damage.phrases.txt"
L 07/14/2025 - 12:39:24: [SM] Error (line 0, column 0): Stream failed to open
L 07/14/2025 - 12:40:15: SourceMod error session started
L 07/14/2025 - 12:40:15: Info (map "c2m1_highway") (file "/root/Steam/steamapps/common/L4D21/left4dead2/addons/sourcemod/logs/errors_20250714.log")
L 07/14/2025 - 12:40:15: [SM] Failed to load plugin "nextmap.smx": Nextmap is incompatible with this game.
L 07/14/2025 - 12:40:15: [SM] Unable to load plugin "sae/l4d2_hybrid_scoremod_sae.smx": Could not find required plugin "l4d2lib"
L 07/14/2025 - 12:40:15: [SM] Unable to load plugin "sae/spechud.smx": Native "LM_GetLerpTime" was not found
L 07/14/2025 - 12:40:15: [SM] Fatal error encountered parsing translation file "l4d_splash_damage.phrases.txt"
L 07/14/2025 - 12:40:15: [SM] Error (line 0, column 0): Stream failed to open
L 07/14/2025 - 12:40:22: Error log file session closed.
L 07/14/2025 - 12:40:22: SourceMod error session started
L 07/14/2025 - 12:40:22: Info (map "c2m1_highway") (file "/root/Steam/steamapps/common/L4D21/left4dead2/addons/sourcemod/logs/errors_20250714.log")
L 07/14/2025 - 12:40:22: [SM] Fatal error encountered parsing translation file "l4d_splash_damage.phrases.txt"
L 07/14/2025 - 12:40:22: [SM] Error (line 0, column 0): Stream failed to open
L 07/14/2025 - 13:42:45: Error log file session closed.
L 07/14/2025 - 13:42:45: SourceMod error session started
L 07/14/2025 - 13:42:45: Info (map "c2m1_highway") (file "/root/Steam/steamapps/common/L4D21/left4dead2/addons/sourcemod/logs/errors_20250714.log")
L 07/14/2025 - 13:42:45: [SM] Fatal error encountered parsing translation file "l4d_splash_damage.phrases.txt"
L 07/14/2025 - 13:42:45: [SM] Error (line 0, column 0): Stream failed to open
L 07/14/2025 - 13:43:55: Error log file session closed.
L 07/14/2025 - 13:43:55: SourceMod error session started
L 07/14/2025 - 13:43:55: Info (map "l4d_dbd2dc_anna_is_gone") (file "/root/Steam/steamapps/common/L4D21/left4dead2/addons/sourcemod/logs/errors_20250714.log")
L 07/14/2025 - 13:43:55: [SM] Fatal error encountered parsing translation file "l4d_splash_damage.phrases.txt"
L 07/14/2025 - 13:43:55: [SM] Error (line 0, column 0): Stream failed to open
L 07/14/2025 - 13:48:26: Error log file session closed.
L 07/14/2025 - 13:48:26: SourceMod error session started
L 07/14/2025 - 13:48:26: Info (map "l4d_dbd2dc_anna_is_gone") (file "/root/Steam/steamapps/common/L4D21/left4dead2/addons/sourcemod/logs/errors_20250714.log")
L 07/14/2025 - 13:48:26: [SM] Fatal error encountered parsing translation file "l4d_splash_damage.phrases.txt"
L 07/14/2025 - 13:48:26: [SM] Error (line 0, column 0): Stream failed to open
L 07/14/2025 - 13:52:54: SourceMod error session started
L 07/14/2025 - 13:52:54: Info (map "c2m1_highway") (file "/root/Steam/steamapps/common/L4D21/left4dead2/addons/sourcemod/logs/errors_20250714.log")
L 07/14/2025 - 13:52:54: [SM] Failed to load plugin "nextmap.smx": Nextmap is incompatible with this game.
L 07/14/2025 - 13:52:55: [SM] Unable to load plugin "sae/l4d2_hybrid_scoremod_sae.smx": Could not find required plugin "l4d2lib"
L 07/14/2025 - 13:52:55: [SM] Unable to load plugin "sae/spechud.smx": Native "LM_GetLerpTime" was not found
L 07/14/2025 - 13:52:55: [SM] Fatal error encountered parsing translation file "l4d_splash_damage.phrases.txt"
L 07/14/2025 - 13:52:55: [SM] Error (line 0, column 0): Stream failed to open
L 07/14/2025 - 13:53:02: Error log file session closed.
L 07/14/2025 - 13:53:02: SourceMod error session started
L 07/14/2025 - 13:53:02: Info (map "c2m1_highway") (file "/root/Steam/steamapps/common/L4D21/left4dead2/addons/sourcemod/logs/errors_20250714.log")
L 07/14/2025 - 13:53:02: [SM] Fatal error encountered parsing translation file "l4d_splash_damage.phrases.txt"
L 07/14/2025 - 13:53:02: [SM] Error (line 0, column 0): Stream failed to open
L 07/14/2025 - 13:58:46: SourceMod error session started
L 07/14/2025 - 13:58:46: Info (map "c2m1_highway") (file "/root/Steam/steamapps/common/L4D21/left4dead2/addons/sourcemod/logs/errors_20250714.log")
L 07/14/2025 - 13:58:46: [SM] Failed to load plugin "nextmap.smx": Nextmap is incompatible with this game.
L 07/14/2025 - 13:58:47: [SM] Unable to load plugin "sae/l4d2_hybrid_scoremod_sae.smx": Could not find required plugin "l4d2lib"
L 07/14/2025 - 13:58:47: [SM] Unable to load plugin "sae/spechud.smx": Native "LM_GetLerpTime" was not found
L 07/14/2025 - 13:58:47: [SM] Fatal error encountered parsing translation file "l4d_splash_damage.phrases.txt"
L 07/14/2025 - 13:58:47: [SM] Error (line 0, column 0): Stream failed to open
L 07/14/2025 - 13:58:54: Error log file session closed.
L 07/14/2025 - 13:58:54: SourceMod error session started
L 07/14/2025 - 13:58:54: Info (map "c2m1_highway") (file "/root/Steam/steamapps/common/L4D21/left4dead2/addons/sourcemod/logs/errors_20250714.log")
L 07/14/2025 - 13:58:54: [SM] Fatal error encountered parsing translation file "l4d_splash_damage.phrases.txt"
L 07/14/2025 - 13:58:54: [SM] Error (line 0, column 0): Stream failed to open
L 07/14/2025 - 15:30:30: SourceMod error session started
L 07/14/2025 - 15:30:30: Info (map "c2m1_highway") (file "/root/Steam/steamapps/common/L4D21/left4dead2/addons/sourcemod/logs/errors_20250714.log")
L 07/14/2025 - 15:30:30: [SM] Failed to load plugin "nextmap.smx": Nextmap is incompatible with this game.
L 07/14/2025 - 15:30:31: [SM] Unable to load plugin "sae/l4d2_hybrid_scoremod_sae.smx": Could not find required plugin "l4d2lib"
L 07/14/2025 - 15:30:31: [SM] Unable to load plugin "sae/spechud.smx": Native "LM_GetLerpTime" was not found
L 07/14/2025 - 15:30:31: [SM] Fatal error encountered parsing translation file "l4d_splash_damage.phrases.txt"
L 07/14/2025 - 15:30:31: [SM] Error (line 0, column 0): Stream failed to open
L 07/14/2025 - 15:30:38: Error log file session closed.
L 07/14/2025 - 15:30:38: SourceMod error session started
L 07/14/2025 - 15:30:38: Info (map "c2m1_highway") (file "/root/Steam/steamapps/common/L4D21/left4dead2/addons/sourcemod/logs/errors_20250714.log")
L 07/14/2025 - 15:30:38: [SM] Fatal error encountered parsing translation file "l4d_splash_damage.phrases.txt"
L 07/14/2025 - 15:30:38: [SM] Error (line 0, column 0): Stream failed to open
L 07/14/2025 - 15:47:33: Error log file session closed.
L 07/14/2025 - 15:47:33: SourceMod error session started
L 07/14/2025 - 15:47:33: Info (map "c2m1_highway") (file "/root/Steam/steamapps/common/L4D21/left4dead2/addons/sourcemod/logs/errors_20250714.log")
L 07/14/2025 - 15:47:33: [SM] Fatal error encountered parsing translation file "l4d_splash_damage.phrases.txt"
L 07/14/2025 - 15:47:33: [SM] Error (line 0, column 0): Stream failed to open
L 07/14/2025 - 15:54:35: Error log file session closed.
L 07/14/2025 - 15:54:35: SourceMod error session started
L 07/14/2025 - 15:54:35: Info (map "c2m2_fairgrounds") (file "/root/Steam/steamapps/common/L4D21/left4dead2/addons/sourcemod/logs/errors_20250714.log")
L 07/14/2025 - 15:54:35: [SM] Fatal error encountered parsing translation file "l4d_splash_damage.phrases.txt"
L 07/14/2025 - 15:54:35: [SM] Error (line 0, column 0): Stream failed to open
L 07/14/2025 - 16:04:16: Error log file session closed.
L 07/14/2025 - 16:04:16: SourceMod error session started
L 07/14/2025 - 16:04:16: Info (map "c2m3_coaster") (file "/root/Steam/steamapps/common/L4D21/left4dead2/addons/sourcemod/logs/errors_20250714.log")
L 07/14/2025 - 16:04:16: [SM] Fatal error encountered parsing translation file "l4d_splash_damage.phrases.txt"
L 07/14/2025 - 16:04:16: [SM] Error (line 0, column 0): Stream failed to open
L 07/14/2025 - 16:12:02: Error log file session closed.
L 07/14/2025 - 16:12:02: SourceMod error session started
L 07/14/2025 - 16:12:02: Info (map "c2m4_barns") (file "/root/Steam/steamapps/common/L4D21/left4dead2/addons/sourcemod/logs/errors_20250714.log")
L 07/14/2025 - 16:12:02: [SM] Fatal error encountered parsing translation file "l4d_splash_damage.phrases.txt"
L 07/14/2025 - 16:12:02: [SM] Error (line 0, column 0): Stream failed to open
L 07/14/2025 - 16:12:45: Error log file session closed.
L 07/14/2025 - 16:12:45: SourceMod error session started
L 07/14/2025 - 16:12:45: Info (map "c3m1_plankcountry") (file "/root/Steam/steamapps/common/L4D21/left4dead2/addons/sourcemod/logs/errors_20250714.log")
L 07/14/2025 - 16:12:45: [SM] Fatal error encountered parsing translation file "l4d_splash_damage.phrases.txt"
L 07/14/2025 - 16:12:45: [SM] Error (line 0, column 0): Stream failed to open
L 07/14/2025 - 16:21:42: Error log file session closed.
L 07/14/2025 - 16:21:42: SourceMod error session started
L 07/14/2025 - 16:21:42: Info (map "c3m2_swamp") (file "/root/Steam/steamapps/common/L4D21/left4dead2/addons/sourcemod/logs/errors_20250714.log")
L 07/14/2025 - 16:21:42: [SM] Fatal error encountered parsing translation file "l4d_splash_damage.phrases.txt"
L 07/14/2025 - 16:21:42: [SM] Error (line 0, column 0): Stream failed to open
L 07/14/2025 - 16:30:28: Error log file session closed.
L 07/14/2025 - 16:30:28: SourceMod error session started
L 07/14/2025 - 16:30:28: Info (map "c3m3_shantytown") (file "/root/Steam/steamapps/common/L4D21/left4dead2/addons/sourcemod/logs/errors_20250714.log")
L 07/14/2025 - 16:30:28: [SM] Fatal error encountered parsing translation file "l4d_splash_damage.phrases.txt"
L 07/14/2025 - 16:30:28: [SM] Error (line 0, column 0): Stream failed to open
L 07/14/2025 - 16:34:48: SourceMod error session started
L 07/14/2025 - 16:34:48: Info (map "c2m1_highway") (file "/root/Steam/steamapps/common/L4D21/left4dead2/addons/sourcemod/logs/errors_20250714.log")
L 07/14/2025 - 16:34:48: [SM] Failed to load plugin "nextmap.smx": Nextmap is incompatible with this game.
L 07/14/2025 - 16:34:48: [SM] Unable to load plugin "sae/l4d2_hybrid_scoremod_sae.smx": Could not find required plugin "l4d2lib"
L 07/14/2025 - 16:34:48: [SM] Unable to load plugin "sae/spechud.smx": Native "LM_GetLerpTime" was not found
L 07/14/2025 - 16:34:48: [SM] Fatal error encountered parsing translation file "l4d_splash_damage.phrases.txt"
L 07/14/2025 - 16:34:48: [SM] Error (line 0, column 0): Stream failed to open
L 07/14/2025 - 16:34:55: Error log file session closed.
L 07/14/2025 - 16:34:55: SourceMod error session started
L 07/14/2025 - 16:34:55: Info (map "c2m1_highway") (file "/root/Steam/steamapps/common/L4D21/left4dead2/addons/sourcemod/logs/errors_20250714.log")
L 07/14/2025 - 16:34:55: [SM] Fatal error encountered parsing translation file "l4d_splash_damage.phrases.txt"
L 07/14/2025 - 16:34:55: [SM] Error (line 0, column 0): Stream failed to open
L 07/14/2025 - 16:39:25: Error log file session closed.
L 07/14/2025 - 18:20:06: SourceMod error session started
L 07/14/2025 - 18:20:06: Info (map "c2m1_highway") (file "/root/Steam/steamapps/common/L4D21/left4dead2/addons/sourcemod/logs/errors_20250714.log")
L 07/14/2025 - 18:20:06: [SM] Failed to load plugin "nextmap.smx": Nextmap is incompatible with this game.
L 07/14/2025 - 18:20:07: [SM] Unable to load plugin "sae/l4d2_hybrid_scoremod_sae.smx": Could not find required plugin "l4d2lib"
L 07/14/2025 - 18:20:07: [SM] Unable to load plugin "sae/spechud.smx": Native "LM_GetLerpTime" was not found
L 07/14/2025 - 18:20:07: [SM] Fatal error encountered parsing translation file "l4d_splash_damage.phrases.txt"
L 07/14/2025 - 18:20:07: [SM] Error (line 0, column 0): Stream failed to open
L 07/14/2025 - 18:20:15: Error log file session closed.
L 07/14/2025 - 18:20:15: SourceMod error session started
L 07/14/2025 - 18:20:15: Info (map "c2m1_highway") (file "/root/Steam/steamapps/common/L4D21/left4dead2/addons/sourcemod/logs/errors_20250714.log")
L 07/14/2025 - 18:20:15: [SM] Fatal error encountered parsing translation file "l4d_splash_damage.phrases.txt"
L 07/14/2025 - 18:20:15: [SM] Error (line 0, column 0): Stream failed to open
L 07/14/2025 - 18:24:20: Error log file session closed.
L 07/14/2025 - 18:24:20: SourceMod error session started
L 07/14/2025 - 18:24:20: Info (map "c2m1_highway") (file "/root/Steam/steamapps/common/L4D21/left4dead2/addons/sourcemod/logs/errors_20250714.log")
L 07/14/2025 - 18:24:20: [SM] Fatal error encountered parsing translation file "l4d_splash_damage.phrases.txt"
L 07/14/2025 - 18:24:20: [SM] Error (line 0, column 0): Stream failed to open
L 07/14/2025 - 18:29:34: Error log file session closed.
L 07/14/2025 - 18:29:34: SourceMod error session started
L 07/14/2025 - 18:29:34: Info (map "c2m1_highway") (file "/root/Steam/steamapps/common/L4D21/left4dead2/addons/sourcemod/logs/errors_20250714.log")
L 07/14/2025 - 18:29:34: [SM] Fatal error encountered parsing translation file "l4d_splash_damage.phrases.txt"
L 07/14/2025 - 18:29:34: [SM] Error (line 0, column 0): Stream failed to open
L 07/14/2025 - 18:33:40: Error log file session closed.
L 07/14/2025 - 18:33:40: SourceMod error session started
L 07/14/2025 - 18:33:40: Info (map "c2m1_highway") (file "/root/Steam/steamapps/common/L4D21/left4dead2/addons/sourcemod/logs/errors_20250714.log")
L 07/14/2025 - 18:33:40: [SM] Fatal error encountered parsing translation file "l4d_splash_damage.phrases.txt"
L 07/14/2025 - 18:33:40: [SM] Error (line 0, column 0): Stream failed to open
L 07/14/2025 - 18:35:33: SourceMod error session started
L 07/14/2025 - 18:35:33: Info (map "c2m1_highway") (file "/root/Steam/steamapps/common/L4D21/left4dead2/addons/sourcemod/logs/errors_20250714.log")
L 07/14/2025 - 18:35:33: [SM] Failed to load plugin "nextmap.smx": Nextmap is incompatible with this game.
L 07/14/2025 - 18:35:33: [SM] Unable to load plugin "sae/l4d2_hybrid_scoremod_sae.smx": Could not find required plugin "l4d2lib"
L 07/14/2025 - 18:35:33: [SM] Unable to load plugin "sae/spechud.smx": Native "LM_GetLerpTime" was not found
L 07/14/2025 - 18:35:33: [SM] Fatal error encountered parsing translation file "l4d_splash_damage.phrases.txt"
L 07/14/2025 - 18:35:33: [SM] Error (line 0, column 0): Stream failed to open
L 07/14/2025 - 18:35:40: Error log file session closed.
L 07/14/2025 - 18:35:40: SourceMod error session started
L 07/14/2025 - 18:35:40: Info (map "c2m1_highway") (file "/root/Steam/steamapps/common/L4D21/left4dead2/addons/sourcemod/logs/errors_20250714.log")
L 07/14/2025 - 18:35:40: [SM] Fatal error encountered parsing translation file "l4d_splash_damage.phrases.txt"
L 07/14/2025 - 18:35:40: [SM] Error (line 0, column 0): Stream failed to open
L 07/14/2025 - 18:36:11: Error log file session closed.
L 07/14/2025 - 18:36:11: SourceMod error session started
L 07/14/2025 - 18:36:11: Info (map "c2m1_highway") (file "/root/Steam/steamapps/common/L4D21/left4dead2/addons/sourcemod/logs/errors_20250714.log")
L 07/14/2025 - 18:36:11: [SM] Fatal error encountered parsing translation file "l4d_splash_damage.phrases.txt"
L 07/14/2025 - 18:36:11: [SM] Error (line 0, column 0): Stream failed to open
L 07/14/2025 - 18:41:58: Error log file session closed.
L 07/14/2025 - 18:41:58: SourceMod error session started
L 07/14/2025 - 18:41:58: Info (map "c2m2_fairgrounds") (file "/root/Steam/steamapps/common/L4D21/left4dead2/addons/sourcemod/logs/errors_20250714.log")
L 07/14/2025 - 18:41:58: [SM] Fatal error encountered parsing translation file "l4d_splash_damage.phrases.txt"
L 07/14/2025 - 18:41:58: [SM] Error (line 0, column 0): Stream failed to open
L 07/14/2025 - 18:48:49: Error log file session closed.
L 07/14/2025 - 18:48:49: SourceMod error session started
L 07/14/2025 - 18:48:49: Info (map "c2m3_coaster") (file "/root/Steam/steamapps/common/L4D21/left4dead2/addons/sourcemod/logs/errors_20250714.log")
L 07/14/2025 - 18:48:49: [SM] Fatal error encountered parsing translation file "l4d_splash_damage.phrases.txt"
L 07/14/2025 - 18:48:49: [SM] Error (line 0, column 0): Stream failed to open
L 07/14/2025 - 18:55:31: Error log file session closed.
L 07/14/2025 - 18:55:31: SourceMod error session started
L 07/14/2025 - 18:55:31: Info (map "c2m4_barns") (file "/root/Steam/steamapps/common/L4D21/left4dead2/addons/sourcemod/logs/errors_20250714.log")
L 07/14/2025 - 18:55:31: [SM] Fatal error encountered parsing translation file "l4d_splash_damage.phrases.txt"
L 07/14/2025 - 18:55:31: [SM] Error (line 0, column 0): Stream failed to open
L 07/14/2025 - 19:03:11: Error log file session closed.
L 07/14/2025 - 19:03:11: SourceMod error session started
L 07/14/2025 - 19:03:11: Info (map "c2m5_concert") (file "/root/Steam/steamapps/common/L4D21/left4dead2/addons/sourcemod/logs/errors_20250714.log")
L 07/14/2025 - 19:03:11: [SM] Fatal error encountered parsing translation file "l4d_splash_damage.phrases.txt"
L 07/14/2025 - 19:03:11: [SM] Error (line 0, column 0): Stream failed to open
L 07/14/2025 - 19:04:04: SourceMod error session started
L 07/14/2025 - 19:04:04: Info (map "c2m1_highway") (file "/root/Steam/steamapps/common/L4D21/left4dead2/addons/sourcemod/logs/errors_20250714.log")
L 07/14/2025 - 19:04:04: [SM] Failed to load plugin "nextmap.smx": Nextmap is incompatible with this game.
L 07/14/2025 - 19:04:04: [SM] Unable to load plugin "sae/l4d2_hybrid_scoremod_sae.smx": Could not find required plugin "l4d2lib"
L 07/14/2025 - 19:04:04: [SM] Unable to load plugin "sae/spechud.smx": Native "LM_GetLerpTime" was not found
L 07/14/2025 - 19:04:04: [SM] Fatal error encountered parsing translation file "l4d_splash_damage.phrases.txt"
L 07/14/2025 - 19:04:04: [SM] Error (line 0, column 0): Stream failed to open
L 07/14/2025 - 19:04:11: Error log file session closed.
L 07/14/2025 - 19:04:11: SourceMod error session started
L 07/14/2025 - 19:04:11: Info (map "c2m1_highway") (file "/root/Steam/steamapps/common/L4D21/left4dead2/addons/sourcemod/logs/errors_20250714.log")
L 07/14/2025 - 19:04:11: [SM] Fatal error encountered parsing translation file "l4d_splash_damage.phrases.txt"
L 07/14/2025 - 19:04:11: [SM] Error (line 0, column 0): Stream failed to open
L 07/14/2025 - 19:41:06: SourceMod error session started
L 07/14/2025 - 19:41:06: Info (map "c2m1_highway") (file "/root/Steam/steamapps/common/L4D21/left4dead2/addons/sourcemod/logs/errors_20250714.log")
L 07/14/2025 - 19:41:06: [SM] Failed to load plugin "nextmap.smx": Nextmap is incompatible with this game.
L 07/14/2025 - 19:41:07: [SM] Unable to load plugin "sae/l4d2_hybrid_scoremod_sae.smx": Could not find required plugin "l4d2lib"
L 07/14/2025 - 19:41:07: [SM] Unable to load plugin "sae/spechud.smx": Native "LM_GetLerpTime" was not found
L 07/14/2025 - 19:41:07: [SM] Fatal error encountered parsing translation file "l4d_splash_damage.phrases.txt"
L 07/14/2025 - 19:41:07: [SM] Error (line 0, column 0): Stream failed to open
L 07/14/2025 - 19:41:13: Error log file session closed.
L 07/14/2025 - 19:41:13: SourceMod error session started
L 07/14/2025 - 19:41:13: Info (map "c2m1_highway") (file "/root/Steam/steamapps/common/L4D21/left4dead2/addons/sourcemod/logs/errors_20250714.log")
L 07/14/2025 - 19:41:13: [SM] Fatal error encountered parsing translation file "l4d_splash_damage.phrases.txt"
L 07/14/2025 - 19:41:13: [SM] Error (line 0, column 0): Stream failed to open
L 07/14/2025 - 20:14:42: Error log file session closed.
L 07/14/2025 - 20:14:42: SourceMod error session started
L 07/14/2025 - 20:14:42: Info (map "l4d2_daybreak01_hotel") (file "/root/Steam/steamapps/common/L4D21/left4dead2/addons/sourcemod/logs/errors_20250714.log")
L 07/14/2025 - 20:14:42: [SM] Fatal error encountered parsing translation file "l4d_splash_damage.phrases.txt"
L 07/14/2025 - 20:14:42: [SM] Error (line 0, column 0): Stream failed to open
L 07/14/2025 - 20:16:32: SourceMod error session started
L 07/14/2025 - 20:16:32: Info (map "c2m1_highway") (file "/root/Steam/steamapps/common/L4D21/left4dead2/addons/sourcemod/logs/errors_20250714.log")
L 07/14/2025 - 20:16:32: [SM] Failed to load plugin "nextmap.smx": Nextmap is incompatible with this game.
L 07/14/2025 - 20:16:33: [SM] Unable to load plugin "sae/l4d2_hybrid_scoremod_sae.smx": Could not find required plugin "l4d2lib"
L 07/14/2025 - 20:16:33: [SM] Unable to load plugin "sae/spechud.smx": Native "LM_GetLerpTime" was not found
L 07/14/2025 - 20:16:33: [SM] Fatal error encountered parsing translation file "l4d_splash_damage.phrases.txt"
L 07/14/2025 - 20:16:33: [SM] Error (line 0, column 0): Stream failed to open
L 07/14/2025 - 20:16:39: Error log file session closed.
L 07/14/2025 - 20:16:39: SourceMod error session started
L 07/14/2025 - 20:16:39: Info (map "c2m1_highway") (file "/root/Steam/steamapps/common/L4D21/left4dead2/addons/sourcemod/logs/errors_20250714.log")
L 07/14/2025 - 20:16:39: [SM] Fatal error encountered parsing translation file "l4d_splash_damage.phrases.txt"
L 07/14/2025 - 20:16:39: [SM] Error (line 0, column 0): Stream failed to open
L 07/14/2025 - 21:12:12: Error log file session closed.
L 07/14/2025 - 21:12:12: SourceMod error session started
L 07/14/2025 - 21:12:12: Info (map "c2m1_highway") (file "/root/Steam/steamapps/common/L4D21/left4dead2/addons/sourcemod/logs/errors_20250714.log")
L 07/14/2025 - 21:12:12: [SM] Fatal error encountered parsing translation file "l4d_splash_damage.phrases.txt"
L 07/14/2025 - 21:12:12: [SM] Error (line 0, column 0): Stream failed to open
L 07/14/2025 - 21:15:23: SourceMod error session started
L 07/14/2025 - 21:15:23: Info (map "c2m1_highway") (file "/root/Steam/steamapps/common/L4D21/left4dead2/addons/sourcemod/logs/errors_20250714.log")
L 07/14/2025 - 21:15:23: [SM] Failed to load plugin "nextmap.smx": Nextmap is incompatible with this game.
L 07/14/2025 - 21:15:23: [SM] Unable to load plugin "sae/l4d2_hybrid_scoremod_sae.smx": Could not find required plugin "l4d2lib"
L 07/14/2025 - 21:15:23: [SM] Unable to load plugin "sae/spechud.smx": Native "LM_GetLerpTime" was not found
L 07/14/2025 - 21:15:23: [SM] Fatal error encountered parsing translation file "l4d_splash_damage.phrases.txt"
L 07/14/2025 - 21:15:23: [SM] Error (line 0, column 0): Stream failed to open
L 07/14/2025 - 21:15:30: Error log file session closed.
L 07/14/2025 - 21:15:30: SourceMod error session started
L 07/14/2025 - 21:15:30: Info (map "c2m1_highway") (file "/root/Steam/steamapps/common/L4D21/left4dead2/addons/sourcemod/logs/errors_20250714.log")
L 07/14/2025 - 21:15:30: [SM] Fatal error encountered parsing translation file "l4d_splash_damage.phrases.txt"
L 07/14/2025 - 21:15:30: [SM] Error (line 0, column 0): Stream failed to open
L 07/14/2025 - 21:15:53: [SM] Failed to load plugin "nextmap.smx": Nextmap is incompatible with this game.
L 07/14/2025 - 21:15:53: [SM] Unable to load plugin "sae/l4d2_hybrid_scoremod_sae.smx": Could not find required plugin "l4d2lib"
L 07/14/2025 - 21:15:53: [SM] Unable to load plugin "sae/spechud.smx": Native "LM_GetLerpTime" was not found
L 07/14/2025 - 21:16:05: Error log file session closed.
L 07/14/2025 - 21:16:05: SourceMod error session started
L 07/14/2025 - 21:16:05: Info (map "c2m1_highway") (file "/root/Steam/steamapps/common/L4D21/left4dead2/addons/sourcemod/logs/errors_20250714.log")
L 07/14/2025 - 21:16:05: [SM] Fatal error encountered parsing translation file "l4d_splash_damage.phrases.txt"
L 07/14/2025 - 21:16:05: [SM] Error (line 0, column 0): Stream failed to open
L 07/14/2025 - 21:16:45: Error log file session closed.
L 07/14/2025 - 21:16:45: SourceMod error session started
L 07/14/2025 - 21:16:45: Info (map "c2m1_highway") (file "/root/Steam/steamapps/common/L4D21/left4dead2/addons/sourcemod/logs/errors_20250714.log")
L 07/14/2025 - 21:16:45: [SM] Fatal error encountered parsing translation file "l4d_splash_damage.phrases.txt"
L 07/14/2025 - 21:16:45: [SM] Error (line 0, column 0): Stream failed to open
L 07/14/2025 - 21:17:37: Error log file session closed.
L 07/14/2025 - 21:17:37: SourceMod error session started
L 07/14/2025 - 21:17:37: Info (map "c2m1_highway") (file "/root/Steam/steamapps/common/L4D21/left4dead2/addons/sourcemod/logs/errors_20250714.log")
L 07/14/2025 - 21:17:37: [SM] Fatal error encountered parsing translation file "l4d_splash_damage.phrases.txt"
L 07/14/2025 - 21:17:37: [SM] Error (line 0, column 0): Stream failed to open
L 07/14/2025 - 21:18:15: Error log file session closed.
L 07/14/2025 - 21:18:15: SourceMod error session started
L 07/14/2025 - 21:18:15: Info (map "l4d2_daybreak01_hotel") (file "/root/Steam/steamapps/common/L4D21/left4dead2/addons/sourcemod/logs/errors_20250714.log")
L 07/14/2025 - 21:18:15: [SM] Fatal error encountered parsing translation file "l4d_splash_damage.phrases.txt"
L 07/14/2025 - 21:18:15: [SM] Error (line 0, column 0): Stream failed to open
L 07/14/2025 - 22:07:01: Error log file session closed.
L 07/14/2025 - 22:07:01: SourceMod error session started
L 07/14/2025 - 22:07:01: Info (map "l4d2_daybreak02_coastline") (file "/root/Steam/steamapps/common/L4D21/left4dead2/addons/sourcemod/logs/errors_20250714.log")
L 07/14/2025 - 22:07:01: [SM] Fatal error encountered parsing translation file "l4d_splash_damage.phrases.txt"
L 07/14/2025 - 22:07:01: [SM] Error (line 0, column 0): Stream failed to open
L 07/14/2025 - 22:18:33: Error log file session closed.
L 07/14/2025 - 22:18:33: SourceMod error session started
L 07/14/2025 - 22:18:33: Info (map "l4d2_daybreak03_bridge") (file "/root/Steam/steamapps/common/L4D21/left4dead2/addons/sourcemod/logs/errors_20250714.log")
L 07/14/2025 - 22:18:33: [SM] Fatal error encountered parsing translation file "l4d_splash_damage.phrases.txt"
L 07/14/2025 - 22:18:33: [SM] Error (line 0, column 0): Stream failed to open
L 07/14/2025 - 22:38:02: Error log file session closed.
L 07/14/2025 - 22:38:02: SourceMod error session started
L 07/14/2025 - 22:38:02: Info (map "l4d2_daybreak04_cruise") (file "/root/Steam/steamapps/common/L4D21/left4dead2/addons/sourcemod/logs/errors_20250714.log")
L 07/14/2025 - 22:38:02: [SM] Fatal error encountered parsing translation file "l4d_splash_damage.phrases.txt"
L 07/14/2025 - 22:38:02: [SM] Error (line 0, column 0): Stream failed to open
L 07/14/2025 - 22:57:48: Error log file session closed.
L 07/14/2025 - 22:57:48: SourceMod error session started
L 07/14/2025 - 22:57:48: Info (map "l4d2_daybreak05_rescue") (file "/root/Steam/steamapps/common/L4D21/left4dead2/addons/sourcemod/logs/errors_20250714.log")
L 07/14/2025 - 22:57:48: [SM] Fatal error encountered parsing translation file "l4d_splash_damage.phrases.txt"
L 07/14/2025 - 22:57:48: [SM] Error (line 0, column 0): Stream failed to open
L 07/14/2025 - 23:39:37: SourceMod error session started
L 07/14/2025 - 23:39:37: Info (map "c2m1_highway") (file "/root/Steam/steamapps/common/L4D21/left4dead2/addons/sourcemod/logs/errors_20250714.log")
L 07/14/2025 - 23:39:37: [SM] Failed to load plugin "nextmap.smx": Nextmap is incompatible with this game.
L 07/14/2025 - 23:39:37: [SM] Unable to load plugin "sae/l4d2_hybrid_scoremod_sae.smx": Could not find required plugin "l4d2lib"
L 07/14/2025 - 23:39:37: [SM] Unable to load plugin "sae/spechud.smx": Native "LM_GetLerpTime" was not found
L 07/14/2025 - 23:39:37: [SM] Fatal error encountered parsing translation file "l4d_splash_damage.phrases.txt"
L 07/14/2025 - 23:39:37: [SM] Error (line 0, column 0): Stream failed to open
L 07/14/2025 - 23:39:44: Error log file session closed.
L 07/14/2025 - 23:39:44: SourceMod error session started
L 07/14/2025 - 23:39:44: Info (map "c2m1_highway") (file "/root/Steam/steamapps/common/L4D21/left4dead2/addons/sourcemod/logs/errors_20250714.log")
L 07/14/2025 - 23:39:44: [SM] Fatal error encountered parsing translation file "l4d_splash_damage.phrases.txt"
L 07/14/2025 - 23:39:44: [SM] Error (line 0, column 0): Stream failed to open
L 07/14/2025 - 23:49:32: SourceMod error session started
L 07/14/2025 - 23:49:32: Info (map "c2m1_highway") (file "/root/Steam/steamapps/common/L4D21/left4dead2/addons/sourcemod/logs/errors_20250714.log")
L 07/14/2025 - 23:49:32: [SM] Failed to load plugin "nextmap.smx": Nextmap is incompatible with this game.
L 07/14/2025 - 23:49:32: [SM] Unable to load plugin "sae/l4d2_hybrid_scoremod_sae.smx": Could not find required plugin "l4d2lib"
L 07/14/2025 - 23:49:32: [SM] Unable to load plugin "sae/spechud.smx": Native "LM_GetLerpTime" was not found
L 07/14/2025 - 23:49:32: [SM] Fatal error encountered parsing translation file "l4d_splash_damage.phrases.txt"
L 07/14/2025 - 23:49:32: [SM] Error (line 0, column 0): Stream failed to open
L 07/14/2025 - 23:49:39: Error log file session closed.
L 07/14/2025 - 23:49:39: SourceMod error session started
L 07/14/2025 - 23:49:39: Info (map "c2m1_highway") (file "/root/Steam/steamapps/common/L4D21/left4dead2/addons/sourcemod/logs/errors_20250714.log")
L 07/14/2025 - 23:49:39: [SM] Fatal error encountered parsing translation file "l4d_splash_damage.phrases.txt"
L 07/14/2025 - 23:49:39: [SM] Error (line 0, column 0): Stream failed to open
