L 07/10/2025 - 10:33:47: SourceMod error session started
L 07/10/2025 - 10:33:47: Info (map "c2m1_highway") (file "/root/Steam/steamapps/common/L4D21/left4dead2/addons/sourcemod/logs/errors_20250710.log")
L 07/10/2025 - 10:33:47: [SM] Failed to load plugin "nextmap.smx": Nextmap is incompatible with this game.
L 07/10/2025 - 10:33:55: Error log file session closed.
L 07/10/2025 - 10:36:17: SourceMod error session started
L 07/10/2025 - 10:36:17: Info (map "c2m1_highway") (file "/root/Steam/steamapps/common/L4D21/left4dead2/addons/sourcemod/logs/errors_20250710.log")
L 07/10/2025 - 10:36:17: [UPDATER] --- BEGIN ERRORS FROM AUTOMATIC UPDATER ---
L 07/10/2025 - 10:36:17: [UPDATER] Could not download "http://update.sourcemod.net/update/"
L 07/10/2025 - 10:36:17: [UPDATER] Error: Failed to connect to 2606:4700:3030::6815:2001: Unknown error 101
L 07/10/2025 - 10:36:17: [UPDATER] --- END ERRORS FROM AUTOMATIC UPDATER ---
L 07/10/2025 - 10:37:18: SourceMod error session started
L 07/10/2025 - 10:37:18: Info (map "c2m1_highway") (file "/root/Steam/steamapps/common/L4D21/left4dead2/addons/sourcemod/logs/errors_20250710.log")
L 07/10/2025 - 10:37:18: [SM] Failed to load plugin "nextmap.smx": Nextmap is incompatible with this game.
L 07/10/2025 - 10:37:25: Error log file session closed.
L 07/10/2025 - 10:39:48: SourceMod error session started
L 07/10/2025 - 10:39:48: Info (map "c2m1_highway") (file "/root/Steam/steamapps/common/L4D21/left4dead2/addons/sourcemod/logs/errors_20250710.log")
L 07/10/2025 - 10:39:48: [UPDATER] --- BEGIN ERRORS FROM AUTOMATIC UPDATER ---
L 07/10/2025 - 10:39:48: [UPDATER] Could not download "http://update.sourcemod.net/update/"
L 07/10/2025 - 10:39:48: [UPDATER] Error: Failed to connect to 2606:4700:3030::6815:6001: Unknown error 101
L 07/10/2025 - 10:39:48: [UPDATER] --- END ERRORS FROM AUTOMATIC UPDATER ---
L 07/10/2025 - 10:44:59: SourceMod error session started
L 07/10/2025 - 10:44:59: Info (map "c2m1_highway") (file "/root/Steam/steamapps/common/L4D21/left4dead2/addons/sourcemod/logs/errors_20250710.log")
L 07/10/2025 - 10:44:59: [SM] Failed to load plugin "nextmap.smx": Nextmap is incompatible with this game.
L 07/10/2025 - 10:45:06: Error log file session closed.
L 07/10/2025 - 10:47:29: SourceMod error session started
L 07/10/2025 - 10:47:29: Info (map "c2m1_highway") (file "/root/Steam/steamapps/common/L4D21/left4dead2/addons/sourcemod/logs/errors_20250710.log")
L 07/10/2025 - 10:47:29: [UPDATER] --- BEGIN ERRORS FROM AUTOMATIC UPDATER ---
L 07/10/2025 - 10:47:29: [UPDATER] Could not download "http://update.sourcemod.net/update/"
L 07/10/2025 - 10:47:29: [UPDATER] Error: Failed to connect to 2606:4700:3030::6815:4001: Unknown error 101
L 07/10/2025 - 10:47:29: [UPDATER] --- END ERRORS FROM AUTOMATIC UPDATER ---
L 07/10/2025 - 10:48:15: [optional/l4d2_player_time.smx] Failed to retrieve response (GetUserStatsForGame) - HTTPStatus: 403
L 07/10/2025 - 10:48:43: [optional/l4d2_player_time.smx] Failed to retrieve response (GetUserStatsForGame) - HTTPStatus: 403
L 07/10/2025 - 10:49:20: Error log file session closed.
L 07/10/2025 - 10:49:35: SourceMod error session started
L 07/10/2025 - 10:49:35: Info (map "c2m1_highway") (file "/root/Steam/steamapps/common/L4D21/left4dead2/addons/sourcemod/logs/errors_20250710.log")
L 07/10/2025 - 10:49:35: [optional/l4d2_player_time.smx] Failed to retrieve response (GetUserStatsForGame) - HTTPStatus: 403
L 07/10/2025 - 10:49:49: [optional/l4d2_player_time.smx] Failed to retrieve response (GetUserStatsForGame) - HTTPStatus: 403
L 07/10/2025 - 10:50:25: Error log file session closed.
L 07/10/2025 - 10:50:41: SourceMod error session started
L 07/10/2025 - 10:50:41: Info (map "c2m1_highway") (file "/root/Steam/steamapps/common/L4D21/left4dead2/addons/sourcemod/logs/errors_20250710.log")
L 07/10/2025 - 10:50:41: [optional/l4d2_player_time.smx] Failed to retrieve response (GetUserStatsForGame) - HTTPStatus: 403
L 07/10/2025 - 10:50:54: [optional/l4d2_player_time.smx] Failed to retrieve response (GetUserStatsForGame) - HTTPStatus: 403
L 07/10/2025 - 11:02:43: SourceMod error session started
L 07/10/2025 - 11:02:43: Info (map "c2m1_highway") (file "/root/Steam/steamapps/common/L4D21/left4dead2/addons/sourcemod/logs/errors_20250710.log")
L 07/10/2025 - 11:02:43: [SM] Failed to load plugin "nextmap.smx": Nextmap is incompatible with this game.
L 07/10/2025 - 11:02:50: Error log file session closed.
L 07/10/2025 - 14:22:45: SourceMod error session started
L 07/10/2025 - 14:22:45: Info (map "c2m1_highway") (file "/root/Steam/steamapps/common/L4D21/left4dead2/addons/sourcemod/logs/errors_20250710.log")
L 07/10/2025 - 14:22:45: [SM] Failed to load plugin "nextmap.smx": Nextmap is incompatible with this game.
L 07/10/2025 - 14:22:51: Error log file session closed.
L 07/10/2025 - 14:23:48: SourceMod error session started
L 07/10/2025 - 14:23:48: Info (map "c2m1_highway") (file "/root/Steam/steamapps/common/L4D21/left4dead2/addons/sourcemod/logs/errors_20250710.log")
L 07/10/2025 - 14:23:48: [optional/l4d2_player_time.smx] Failed to retrieve response (GetUserStatsForGame) - HTTPStatus: 403
L 07/10/2025 - 14:24:52: [optional/l4d2_player_time.smx] Failed to retrieve response (GetUserStatsForGame) - HTTPStatus: 403
L 07/10/2025 - 14:28:58: [optional/l4d2_player_time.smx] Failed to retrieve response (GetUserStatsForGame) - HTTPStatus: 403
L 07/10/2025 - 14:29:24: Error log file session closed.
L 07/10/2025 - 14:29:57: SourceMod error session started
L 07/10/2025 - 14:29:57: Info (map "c2m1_highway") (file "/root/Steam/steamapps/common/L4D21/left4dead2/addons/sourcemod/logs/errors_20250710.log")
L 07/10/2025 - 14:29:57: [optional/l4d2_player_time.smx] Failed to retrieve response (GetUserStatsForGame) - HTTPStatus: 403
L 07/10/2025 - 14:29:58: [optional/l4d2_player_time.smx] Failed to retrieve response (GetUserStatsForGame) - HTTPStatus: 403
L 07/10/2025 - 14:38:49: Error log file session closed.
L 07/10/2025 - 14:58:09: SourceMod error session started
L 07/10/2025 - 14:58:09: Info (map "c2m1_highway") (file "/root/Steam/steamapps/common/L4D21/left4dead2/addons/sourcemod/logs/errors_20250710.log")
L 07/10/2025 - 14:58:09: [SM] Failed to load plugin "nextmap.smx": Nextmap is incompatible with this game.
L 07/10/2025 - 14:58:15: Error log file session closed.
L 07/10/2025 - 15:11:37: SourceMod error session started
L 07/10/2025 - 15:11:37: Info (map "c2m1_highway") (file "/root/Steam/steamapps/common/L4D21/left4dead2/addons/sourcemod/logs/errors_20250710.log")
L 07/10/2025 - 15:11:37: [SM] Failed to load plugin "nextmap.smx": Nextmap is incompatible with this game.
L 07/10/2025 - 15:11:44: Error log file session closed.
L 07/10/2025 - 20:02:24: SourceMod error session started
L 07/10/2025 - 20:02:24: Info (map "c2m1_highway") (file "/root/Steam/steamapps/common/L4D21/left4dead2/addons/sourcemod/logs/errors_20250710.log")
L 07/10/2025 - 20:02:24: [SM] Failed to load plugin "nextmap.smx": Nextmap is incompatible with this game.
L 07/10/2025 - 20:02:31: Error log file session closed.
L 07/10/2025 - 20:47:04: SourceMod error session started
L 07/10/2025 - 20:47:04: Info (map "c2m1_highway") (file "/root/Steam/steamapps/common/L4D21/left4dead2/addons/sourcemod/logs/errors_20250710.log")
L 07/10/2025 - 20:47:04: [optional/l4d2_player_time.smx] Failed to retrieve response (GetUserStatsForGame) - HTTPStatus: 403
L 07/10/2025 - 20:47:17: [optional/l4d2_player_time.smx] Failed to retrieve response (GetUserStatsForGame) - HTTPStatus: 403
L 07/10/2025 - 20:48:05: Error log file session closed.
L 07/10/2025 - 20:48:20: SourceMod error session started
L 07/10/2025 - 20:48:20: Info (map "c2m1_highway") (file "/root/Steam/steamapps/common/L4D21/left4dead2/addons/sourcemod/logs/errors_20250710.log")
L 07/10/2025 - 20:48:20: [optional/l4d2_player_time.smx] Failed to retrieve response (GetUserStatsForGame) - HTTPStatus: 403
L 07/10/2025 - 20:48:44: [optional/l4d2_player_time.smx] Failed to retrieve response (GetUserStatsForGame) - HTTPStatus: 403
L 07/10/2025 - 20:54:50: Error log file session closed.
L 07/10/2025 - 21:05:55: SourceMod error session started
L 07/10/2025 - 21:05:55: Info (map "c2m3_coaster") (file "/root/Steam/steamapps/common/L4D21/left4dead2/addons/sourcemod/logs/errors_20250710.log")
L 07/10/2025 - 21:05:55: [optional/l4d2_player_time.smx] Failed to retrieve response (GetUserStatsForGame) - HTTPStatus: 403
L 07/10/2025 - 21:08:39: Error log file session closed.
L 07/10/2025 - 21:27:43: SourceMod error session started
L 07/10/2025 - 21:27:43: Info (map "c2m1_highway") (file "/root/Steam/steamapps/common/L4D21/left4dead2/addons/sourcemod/logs/errors_20250710.log")
L 07/10/2025 - 21:27:43: [SM] Failed to load plugin "nextmap.smx": Nextmap is incompatible with this game.
L 07/10/2025 - 21:27:50: Error log file session closed.
L 07/10/2025 - 21:28:19: SourceMod error session started
L 07/10/2025 - 21:28:19: Info (map "c2m1_highway") (file "/root/Steam/steamapps/common/L4D21/left4dead2/addons/sourcemod/logs/errors_20250710.log")
L 07/10/2025 - 21:28:19: [optional/l4d2_player_time.smx] Failed to retrieve response (GetUserStatsForGame) - HTTPStatus: 403
L 07/10/2025 - 21:29:14: [optional/l4d2_player_time.smx] Failed to retrieve response (GetUserStatsForGame) - HTTPStatus: 403
L 07/10/2025 - 21:31:21: [optional/l4d2_player_time.smx] Failed to retrieve response (GetUserStatsForGame) - HTTPStatus: 403
L 07/10/2025 - 21:31:50: [optional/l4d2_player_time.smx] Failed to retrieve response (GetUserStatsForGame) - HTTPStatus: 403
L 07/10/2025 - 21:33:09: Error log file session closed.
L 07/10/2025 - 21:40:01: SourceMod error session started
L 07/10/2025 - 21:40:01: Info (map "c2m1_highway") (file "/root/Steam/steamapps/common/L4D21/left4dead2/addons/sourcemod/logs/errors_20250710.log")
L 07/10/2025 - 21:40:01: [optional/l4d2_player_time.smx] Failed to retrieve response (GetUserStatsForGame) - HTTPStatus: 403
L 07/10/2025 - 21:42:23: [optional/l4d2_player_time.smx] Failed to retrieve response (GetUserStatsForGame) - HTTPStatus: 403
L 07/10/2025 - 21:46:43: [optional/l4d2_player_time.smx] Failed to retrieve response (GetUserStatsForGame) - HTTPStatus: 403
L 07/10/2025 - 21:47:37: Error log file session closed.
L 07/10/2025 - 21:52:38: SourceMod error session started
L 07/10/2025 - 21:52:38: Info (map "c8m1_apartment") (file "/root/Steam/steamapps/common/L4D21/left4dead2/addons/sourcemod/logs/errors_20250710.log")
L 07/10/2025 - 21:52:38: [optional/l4d2_player_time.smx] Failed to retrieve response (GetUserStatsForGame) - HTTPStatus: 403
L 07/10/2025 - 21:55:16: [SM] Exception reported: Could not retrieve value for key 'playtime_2weeks'
L 07/10/2025 - 21:55:16: [SM] Blaming: optional/l4d2_player_time.smx
L 07/10/2025 - 21:55:16: [SM] Call stack trace:
L 07/10/2025 - 21:55:16: [SM]   [0] JSONObject.GetInt
L 07/10/2025 - 21:55:16: [SM]   [1] Line 154, D:\ä¯ÀÀÆ÷ÏÂÔØ\CompetitiveWithAnne-2024-02-25-nomysql\CompetitiveWithAnne-2024-02-25\left4dead2\addons\sourcemod\scripting\l4d2_player_time.sp::HTTPResponse_GetOwnedGames
L 07/10/2025 - 21:55:33: [SM] Exception reported: Language phrase "FFAnnounceToVictim" not found (arg 4)
L 07/10/2025 - 21:55:33: [SM] Blaming: optional/l4d_ffannounce.smx
L 07/10/2025 - 21:55:33: [SM] Call stack trace:
L 07/10/2025 - 21:55:33: [SM]   [0] VFormat
L 07/10/2025 - 21:55:33: [SM]   [1] Line 74, colors::CPrintToChat
L 07/10/2025 - 21:55:33: [SM]   [2] Line 220, c:\Users\91889\Documents\GitHub\CompetitiveWithAnne\addons\sourcemod\scripting\extend\l4d_ffannounce.sp::AnnounceFF
L 07/10/2025 - 21:57:00: Error log file session closed.
L 07/10/2025 - 22:08:47: SourceMod error session started
L 07/10/2025 - 22:08:47: Info (map "c2m2_fairgrounds") (file "/root/Steam/steamapps/common/L4D21/left4dead2/addons/sourcemod/logs/errors_20250710.log")
L 07/10/2025 - 22:08:47: [SM] Exception reported: Language phrase "FFAnnounceToVictim" not found (arg 4)
L 07/10/2025 - 22:08:47: [SM] Blaming: optional/l4d_ffannounce.smx
L 07/10/2025 - 22:08:47: [SM] Call stack trace:
L 07/10/2025 - 22:08:47: [SM]   [0] VFormat
L 07/10/2025 - 22:08:47: [SM]   [1] Line 74, colors::CPrintToChat
L 07/10/2025 - 22:08:47: [SM]   [2] Line 220, c:\Users\91889\Documents\GitHub\CompetitiveWithAnne\addons\sourcemod\scripting\extend\l4d_ffannounce.sp::AnnounceFF
L 07/10/2025 - 22:09:41: [SM] Exception reported: Language phrase "FFAnnounceToVictim" not found (arg 4)
L 07/10/2025 - 22:09:41: [SM] Blaming: optional/l4d_ffannounce.smx
L 07/10/2025 - 22:09:41: [SM] Call stack trace:
L 07/10/2025 - 22:09:41: [SM]   [0] VFormat
L 07/10/2025 - 22:09:41: [SM]   [1] Line 74, colors::CPrintToChat
L 07/10/2025 - 22:09:41: [SM]   [2] Line 220, c:\Users\91889\Documents\GitHub\CompetitiveWithAnne\addons\sourcemod\scripting\extend\l4d_ffannounce.sp::AnnounceFF
L 07/10/2025 - 22:10:18: [SM] Exception reported: Language phrase "FFAnnounceToVictim" not found (arg 4)
L 07/10/2025 - 22:10:18: [SM] Blaming: optional/l4d_ffannounce.smx
L 07/10/2025 - 22:10:18: [SM] Call stack trace:
L 07/10/2025 - 22:10:18: [SM]   [0] VFormat
L 07/10/2025 - 22:10:18: [SM]   [1] Line 74, colors::CPrintToChat
L 07/10/2025 - 22:10:18: [SM]   [2] Line 220, c:\Users\91889\Documents\GitHub\CompetitiveWithAnne\addons\sourcemod\scripting\extend\l4d_ffannounce.sp::AnnounceFF
L 07/10/2025 - 22:10:26: [SM] Exception reported: Language phrase "FFAnnounceToVictim" not found (arg 4)
L 07/10/2025 - 22:10:26: [SM] Blaming: optional/l4d_ffannounce.smx
L 07/10/2025 - 22:10:26: [SM] Call stack trace:
L 07/10/2025 - 22:10:26: [SM]   [0] VFormat
L 07/10/2025 - 22:10:26: [SM]   [1] Line 74, colors::CPrintToChat
L 07/10/2025 - 22:10:26: [SM]   [2] Line 220, c:\Users\91889\Documents\GitHub\CompetitiveWithAnne\addons\sourcemod\scripting\extend\l4d_ffannounce.sp::AnnounceFF
L 07/10/2025 - 22:11:05: [SM] Exception reported: Language phrase "FFAnnounceToVictim" not found (arg 4)
L 07/10/2025 - 22:11:05: [SM] Blaming: optional/l4d_ffannounce.smx
L 07/10/2025 - 22:11:05: [SM] Call stack trace:
L 07/10/2025 - 22:11:05: [SM]   [0] VFormat
L 07/10/2025 - 22:11:05: [SM]   [1] Line 74, colors::CPrintToChat
L 07/10/2025 - 22:11:05: [SM]   [2] Line 220, c:\Users\91889\Documents\GitHub\CompetitiveWithAnne\addons\sourcemod\scripting\extend\l4d_ffannounce.sp::AnnounceFF
L 07/10/2025 - 22:11:53: [SM] Exception reported: Language phrase "FFAnnounceToVictim" not found (arg 4)
L 07/10/2025 - 22:11:53: [SM] Blaming: optional/l4d_ffannounce.smx
L 07/10/2025 - 22:11:53: [SM] Call stack trace:
L 07/10/2025 - 22:11:53: [SM]   [0] VFormat
L 07/10/2025 - 22:11:53: [SM]   [1] Line 74, colors::CPrintToChat
L 07/10/2025 - 22:11:53: [SM]   [2] Line 220, c:\Users\91889\Documents\GitHub\CompetitiveWithAnne\addons\sourcemod\scripting\extend\l4d_ffannounce.sp::AnnounceFF
L 07/10/2025 - 22:12:00: [SM] Exception reported: Language phrase "FFAnnounceToVictim" not found (arg 4)
L 07/10/2025 - 22:12:00: [SM] Blaming: optional/l4d_ffannounce.smx
L 07/10/2025 - 22:12:00: [SM] Call stack trace:
L 07/10/2025 - 22:12:00: [SM]   [0] VFormat
L 07/10/2025 - 22:12:00: [SM]   [1] Line 74, colors::CPrintToChat
L 07/10/2025 - 22:12:00: [SM]   [2] Line 220, c:\Users\91889\Documents\GitHub\CompetitiveWithAnne\addons\sourcemod\scripting\extend\l4d_ffannounce.sp::AnnounceFF
L 07/10/2025 - 22:12:14: [SM] Exception reported: Language phrase "FFAnnounceToVictim" not found (arg 4)
L 07/10/2025 - 22:12:14: [SM] Blaming: optional/l4d_ffannounce.smx
L 07/10/2025 - 22:12:14: [SM] Call stack trace:
L 07/10/2025 - 22:12:14: [SM]   [0] VFormat
L 07/10/2025 - 22:12:14: [SM]   [1] Line 74, colors::CPrintToChat
L 07/10/2025 - 22:12:14: [SM]   [2] Line 220, c:\Users\91889\Documents\GitHub\CompetitiveWithAnne\addons\sourcemod\scripting\extend\l4d_ffannounce.sp::AnnounceFF
L 07/10/2025 - 22:13:00: Error log file session closed.
L 07/10/2025 - 22:15:13: SourceMod error session started
L 07/10/2025 - 22:15:13: Info (map "c11m3_garage") (file "/root/Steam/steamapps/common/L4D21/left4dead2/addons/sourcemod/logs/errors_20250710.log")
L 07/10/2025 - 22:15:13: [SM] Exception reported: Language phrase "FFAnnounceToVictim" not found (arg 4)
L 07/10/2025 - 22:15:13: [SM] Blaming: optional/l4d_ffannounce.smx
L 07/10/2025 - 22:15:13: [SM] Call stack trace:
L 07/10/2025 - 22:15:13: [SM]   [0] VFormat
L 07/10/2025 - 22:15:13: [SM]   [1] Line 74, colors::CPrintToChat
L 07/10/2025 - 22:15:13: [SM]   [2] Line 220, c:\Users\91889\Documents\GitHub\CompetitiveWithAnne\addons\sourcemod\scripting\extend\l4d_ffannounce.sp::AnnounceFF
L 07/10/2025 - 22:15:36: [SM] Exception reported: Language phrase "FFAnnounceToVictim" not found (arg 4)
L 07/10/2025 - 22:15:36: [SM] Blaming: optional/l4d_ffannounce.smx
L 07/10/2025 - 22:15:36: [SM] Call stack trace:
L 07/10/2025 - 22:15:36: [SM]   [0] VFormat
L 07/10/2025 - 22:15:36: [SM]   [1] Line 74, colors::CPrintToChat
L 07/10/2025 - 22:15:36: [SM]   [2] Line 220, c:\Users\91889\Documents\GitHub\CompetitiveWithAnne\addons\sourcemod\scripting\extend\l4d_ffannounce.sp::AnnounceFF
L 07/10/2025 - 22:17:16: [SM] Exception reported: Language phrase "FFAnnounceToVictim" not found (arg 4)
L 07/10/2025 - 22:17:16: [SM] Blaming: optional/l4d_ffannounce.smx
L 07/10/2025 - 22:17:16: [SM] Call stack trace:
L 07/10/2025 - 22:17:16: [SM]   [0] VFormat
L 07/10/2025 - 22:17:16: [SM]   [1] Line 74, colors::CPrintToChat
L 07/10/2025 - 22:17:16: [SM]   [2] Line 220, c:\Users\91889\Documents\GitHub\CompetitiveWithAnne\addons\sourcemod\scripting\extend\l4d_ffannounce.sp::AnnounceFF
L 07/10/2025 - 22:21:16: [SM] Exception reported: Language phrase "FFAnnounceToVictim" not found (arg 4)
L 07/10/2025 - 22:21:16: [SM] Blaming: optional/l4d_ffannounce.smx
L 07/10/2025 - 22:21:16: [SM] Call stack trace:
L 07/10/2025 - 22:21:16: [SM]   [0] VFormat
L 07/10/2025 - 22:21:16: [SM]   [1] Line 74, colors::CPrintToChat
L 07/10/2025 - 22:21:16: [SM]   [2] Line 220, c:\Users\91889\Documents\GitHub\CompetitiveWithAnne\addons\sourcemod\scripting\extend\l4d_ffannounce.sp::AnnounceFF
L 07/10/2025 - 22:22:13: [SM] Exception reported: Language phrase "FFAnnounceToVictim" not found (arg 4)
L 07/10/2025 - 22:22:13: [SM] Blaming: optional/l4d_ffannounce.smx
L 07/10/2025 - 22:22:13: [SM] Call stack trace:
L 07/10/2025 - 22:22:13: [SM]   [0] VFormat
L 07/10/2025 - 22:22:13: [SM]   [1] Line 74, colors::CPrintToChat
L 07/10/2025 - 22:22:13: [SM]   [2] Line 220, c:\Users\91889\Documents\GitHub\CompetitiveWithAnne\addons\sourcemod\scripting\extend\l4d_ffannounce.sp::AnnounceFF
L 07/10/2025 - 22:32:04: Error log file session closed.
L 07/10/2025 - 22:35:28: SourceMod error session started
L 07/10/2025 - 22:35:28: Info (map "c2m4_barns") (file "/root/Steam/steamapps/common/L4D21/left4dead2/addons/sourcemod/logs/errors_20250710.log")
L 07/10/2025 - 22:35:28: [SM] Exception reported: Language phrase "FFAnnounceToVictim" not found (arg 4)
L 07/10/2025 - 22:35:28: [SM] Blaming: optional/l4d_ffannounce.smx
L 07/10/2025 - 22:35:28: [SM] Call stack trace:
L 07/10/2025 - 22:35:28: [SM]   [0] VFormat
L 07/10/2025 - 22:35:28: [SM]   [1] Line 74, colors::CPrintToChat
L 07/10/2025 - 22:35:28: [SM]   [2] Line 220, c:\Users\91889\Documents\GitHub\CompetitiveWithAnne\addons\sourcemod\scripting\extend\l4d_ffannounce.sp::AnnounceFF
L 07/10/2025 - 22:36:05: [SM] Exception reported: Could not retrieve value for key 'playtime_2weeks'
L 07/10/2025 - 22:36:05: [SM] Blaming: optional/l4d2_player_time.smx
L 07/10/2025 - 22:36:05: [SM] Call stack trace:
L 07/10/2025 - 22:36:05: [SM]   [0] JSONObject.GetInt
L 07/10/2025 - 22:36:05: [SM]   [1] Line 154, D:\ä¯ÀÀÆ÷ÏÂÔØ\CompetitiveWithAnne-2024-02-25-nomysql\CompetitiveWithAnne-2024-02-25\left4dead2\addons\sourcemod\scripting\l4d2_player_time.sp::HTTPResponse_GetOwnedGames
L 07/10/2025 - 22:36:06: [SM] Exception reported: Language phrase "FFAnnounceToVictim" not found (arg 4)
L 07/10/2025 - 22:36:06: [SM] Blaming: optional/l4d_ffannounce.smx
L 07/10/2025 - 22:36:06: [SM] Call stack trace:
L 07/10/2025 - 22:36:06: [SM]   [0] VFormat
L 07/10/2025 - 22:36:06: [SM]   [1] Line 74, colors::CPrintToChat
L 07/10/2025 - 22:36:06: [SM]   [2] Line 220, c:\Users\91889\Documents\GitHub\CompetitiveWithAnne\addons\sourcemod\scripting\extend\l4d_ffannounce.sp::AnnounceFF
L 07/10/2025 - 22:36:14: [SM] Exception reported: Language phrase "FFAnnounceToVictim" not found (arg 4)
L 07/10/2025 - 22:36:14: [SM] Blaming: optional/l4d_ffannounce.smx
L 07/10/2025 - 22:36:14: [SM] Call stack trace:
L 07/10/2025 - 22:36:14: [SM]   [0] VFormat
L 07/10/2025 - 22:36:14: [SM]   [1] Line 74, colors::CPrintToChat
L 07/10/2025 - 22:36:14: [SM]   [2] Line 220, c:\Users\91889\Documents\GitHub\CompetitiveWithAnne\addons\sourcemod\scripting\extend\l4d_ffannounce.sp::AnnounceFF
L 07/10/2025 - 22:37:10: [SM] Exception reported: Language phrase "FFAnnounceToVictim" not found (arg 4)
L 07/10/2025 - 22:37:10: [SM] Blaming: optional/l4d_ffannounce.smx
L 07/10/2025 - 22:37:10: [SM] Call stack trace:
L 07/10/2025 - 22:37:10: [SM]   [0] VFormat
L 07/10/2025 - 22:37:10: [SM]   [1] Line 74, colors::CPrintToChat
L 07/10/2025 - 22:37:10: [SM]   [2] Line 220, c:\Users\91889\Documents\GitHub\CompetitiveWithAnne\addons\sourcemod\scripting\extend\l4d_ffannounce.sp::AnnounceFF
L 07/10/2025 - 22:37:51: [SM] Exception reported: Language phrase "FFAnnounceToVictim" not found (arg 4)
L 07/10/2025 - 22:37:51: [SM] Blaming: optional/l4d_ffannounce.smx
L 07/10/2025 - 22:37:51: [SM] Call stack trace:
L 07/10/2025 - 22:37:51: [SM]   [0] VFormat
L 07/10/2025 - 22:37:51: [SM]   [1] Line 74, colors::CPrintToChat
L 07/10/2025 - 22:37:51: [SM]   [2] Line 220, c:\Users\91889\Documents\GitHub\CompetitiveWithAnne\addons\sourcemod\scripting\extend\l4d_ffannounce.sp::AnnounceFF
L 07/10/2025 - 22:38:56: [SM] Exception reported: Language phrase "FFAnnounceToVictim" not found (arg 4)
L 07/10/2025 - 22:38:56: [SM] Blaming: optional/l4d_ffannounce.smx
L 07/10/2025 - 22:38:56: [SM] Call stack trace:
L 07/10/2025 - 22:38:56: [SM]   [0] VFormat
L 07/10/2025 - 22:38:56: [SM]   [1] Line 74, colors::CPrintToChat
L 07/10/2025 - 22:38:56: [SM]   [2] Line 220, c:\Users\91889\Documents\GitHub\CompetitiveWithAnne\addons\sourcemod\scripting\extend\l4d_ffannounce.sp::AnnounceFF
L 07/10/2025 - 22:39:35: [SM] Exception reported: Language phrase "FFAnnounceToVictim" not found (arg 4)
L 07/10/2025 - 22:39:35: [SM] Blaming: optional/l4d_ffannounce.smx
L 07/10/2025 - 22:39:35: [SM] Call stack trace:
L 07/10/2025 - 22:39:35: [SM]   [0] VFormat
L 07/10/2025 - 22:39:35: [SM]   [1] Line 74, colors::CPrintToChat
L 07/10/2025 - 22:39:35: [SM]   [2] Line 220, c:\Users\91889\Documents\GitHub\CompetitiveWithAnne\addons\sourcemod\scripting\extend\l4d_ffannounce.sp::AnnounceFF
L 07/10/2025 - 22:39:37: [SM] Exception reported: Language phrase "FFAnnounceToVictim" not found (arg 4)
L 07/10/2025 - 22:39:37: [SM] Blaming: optional/l4d_ffannounce.smx
L 07/10/2025 - 22:39:37: [SM] Call stack trace:
L 07/10/2025 - 22:39:37: [SM]   [0] VFormat
L 07/10/2025 - 22:39:37: [SM]   [1] Line 74, colors::CPrintToChat
L 07/10/2025 - 22:39:37: [SM]   [2] Line 220, c:\Users\91889\Documents\GitHub\CompetitiveWithAnne\addons\sourcemod\scripting\extend\l4d_ffannounce.sp::AnnounceFF
L 07/10/2025 - 22:39:47: [SM] Exception reported: Language phrase "FFAnnounceToVictim" not found (arg 4)
L 07/10/2025 - 22:39:47: [SM] Blaming: optional/l4d_ffannounce.smx
L 07/10/2025 - 22:39:47: [SM] Call stack trace:
L 07/10/2025 - 22:39:47: [SM]   [0] VFormat
L 07/10/2025 - 22:39:47: [SM]   [1] Line 74, colors::CPrintToChat
L 07/10/2025 - 22:39:47: [SM]   [2] Line 220, c:\Users\91889\Documents\GitHub\CompetitiveWithAnne\addons\sourcemod\scripting\extend\l4d_ffannounce.sp::AnnounceFF
L 07/10/2025 - 22:54:17: Error log file session closed.
L 07/10/2025 - 22:58:00: SourceMod error session started
L 07/10/2025 - 22:58:00: Info (map "c7m3_port") (file "/root/Steam/steamapps/common/L4D21/left4dead2/addons/sourcemod/logs/errors_20250710.log")
L 07/10/2025 - 22:58:00: [SM] Exception reported: Language phrase "FFAnnounceToVictim" not found (arg 4)
L 07/10/2025 - 22:58:00: [SM] Blaming: optional/l4d_ffannounce.smx
L 07/10/2025 - 22:58:00: [SM] Call stack trace:
L 07/10/2025 - 22:58:00: [SM]   [0] VFormat
L 07/10/2025 - 22:58:00: [SM]   [1] Line 74, colors::CPrintToChat
L 07/10/2025 - 22:58:00: [SM]   [2] Line 220, c:\Users\91889\Documents\GitHub\CompetitiveWithAnne\addons\sourcemod\scripting\extend\l4d_ffannounce.sp::AnnounceFF
L 07/10/2025 - 23:02:59: [SM] Exception reported: Language phrase "FFAnnounceToVictim" not found (arg 4)
L 07/10/2025 - 23:02:59: [SM] Blaming: optional/l4d_ffannounce.smx
L 07/10/2025 - 23:02:59: [SM] Call stack trace:
L 07/10/2025 - 23:02:59: [SM]   [0] VFormat
L 07/10/2025 - 23:02:59: [SM]   [1] Line 74, colors::CPrintToChat
L 07/10/2025 - 23:02:59: [SM]   [2] Line 220, c:\Users\91889\Documents\GitHub\CompetitiveWithAnne\addons\sourcemod\scripting\extend\l4d_ffannounce.sp::AnnounceFF
L 07/10/2025 - 23:11:19: SourceMod error session started
L 07/10/2025 - 23:11:19: Info (map "c2m1_highway") (file "/root/Steam/steamapps/common/L4D21/left4dead2/addons/sourcemod/logs/errors_20250710.log")
L 07/10/2025 - 23:11:19: [SM] Failed to load plugin "nextmap.smx": Nextmap is incompatible with this game.
L 07/10/2025 - 23:11:26: Error log file session closed.
L 07/10/2025 - 23:12:23: SourceMod error session started
L 07/10/2025 - 23:12:23: Info (map "c2m1_highway") (file "/root/Steam/steamapps/common/L4D21/left4dead2/addons/sourcemod/logs/errors_20250710.log")
L 07/10/2025 - 23:12:23: [SM] Failed to load plugin "nextmap.smx": Nextmap is incompatible with this game.
L 07/10/2025 - 23:12:30: Error log file session closed.
L 07/10/2025 - 23:21:28: SourceMod error session started
L 07/10/2025 - 23:21:28: Info (map "c2m1_highway") (file "/root/Steam/steamapps/common/L4D21/left4dead2/addons/sourcemod/logs/errors_20250710.log")
L 07/10/2025 - 23:21:28: [SM] Failed to load plugin "nextmap.smx": Nextmap is incompatible with this game.
L 07/10/2025 - 23:21:31: [optional/l4d2_simpleplayerstats.smx] [ERROR] Failed to connect to database: [2005]: Unknown MySQL server host '<ip address>' (0)
L 07/10/2025 - 23:21:31: [optional/l4d2_simpleplayerstats.smx] [ERROR] InitDatabase :: Unable to retrieve database handle
L 07/10/2025 - 23:21:31: [optional/l4d2_simpleplayerstats.smx] [ERROR] Could not connect to the database. Please check your database configuration file and make sure everything is configured correctly. (db section name: playerstats)
L 07/10/2025 - 23:21:31: [SM] Exception reported: Could not connect to the database
L 07/10/2025 - 23:21:31: [SM] Blaming: optional/l4d2_simpleplayerstats.smx
L 07/10/2025 - 23:21:31: [SM] Call stack trace:
L 07/10/2025 - 23:21:31: [SM]   [0] SetFailState
L 07/10/2025 - 23:21:31: [SM]   [1] Line 227, D:\Projects\sourcemod\l4d2-player-stats\scripting\l4d2_simpleplayerstats.sp::OnPluginStart
L 07/10/2025 - 23:21:35: Error log file session closed.
L 07/10/2025 - 23:24:18: SourceMod error session started
L 07/10/2025 - 23:24:18: Info (map "c2m1_highway") (file "/root/Steam/steamapps/common/L4D21/left4dead2/addons/sourcemod/logs/errors_20250710.log")
L 07/10/2025 - 23:24:18: [SM] Failed to load plugin "nextmap.smx": Nextmap is incompatible with this game.
L 07/10/2025 - 23:24:22: [optional/l4d2_simpleplayerstats.smx] [ERROR] GetStatModifierCount :: Failed to query table count (Reason: Table 'l4d2stats.STATS_SKILLS' doesn't exist)
L 07/10/2025 - 23:24:25: Error log file session closed.
L 07/10/2025 - 23:24:27: SourceMod error session started
L 07/10/2025 - 23:24:27: Info (map "c2m1_highway") (file "/root/Steam/steamapps/common/L4D21/left4dead2/addons/sourcemod/logs/errors_20250710.log")
L 07/10/2025 - 23:24:27: [optional/l4d2_simpleplayerstats.smx] [ERROR] GetStatModifierCount :: Failed to query table count (Reason: Table 'l4d2stats.STATS_SKILLS' doesn't exist)
L 07/10/2025 - 23:24:39: [optional/l4d2_simpleplayerstats.smx] [ERROR] TQ_SyncStatModifiers :: Query failed (Reason: Table 'l4d2stats.STATS_SKILLS' doesn't exist)
L 07/10/2025 - 23:24:39: [optional/l4d2_simpleplayerstats.smx] [ERROR] TQ_SyncStatModifiers :: Query failed (Reason: Table 'l4d2stats.STATS_SKILLS' doesn't exist)
L 07/10/2025 - 23:24:39: [optional/l4d2_simpleplayerstats.smx] [ERROR] TQ_SyncStatModifiers :: Query failed (Reason: Table 'l4d2stats.STATS_SKILLS' doesn't exist)
L 07/10/2025 - 23:24:39: [optional/l4d2_simpleplayerstats.smx] [ERROR] TQ_SyncStatModifiers :: Query failed (Reason: Table 'l4d2stats.STATS_SKILLS' doesn't exist)
L 07/10/2025 - 23:24:55: [optional/l4d2_simpleplayerstats.smx] [ERROR] TQ_SyncStatModifiers :: Query failed (Reason: Table 'l4d2stats.STATS_SKILLS' doesn't exist)
L 07/10/2025 - 23:24:55: [optional/l4d2_simpleplayerstats.smx] [ERROR] TQ_SyncStatModifiers :: Query failed (Reason: Table 'l4d2stats.STATS_SKILLS' doesn't exist)
L 07/10/2025 - 23:24:55: [optional/l4d2_simpleplayerstats.smx] [ERROR] TQ_SyncStatModifiers :: Query failed (Reason: Table 'l4d2stats.STATS_SKILLS' doesn't exist)
L 07/10/2025 - 23:24:55: [optional/l4d2_simpleplayerstats.smx] [ERROR] TQ_SyncStatModifiers :: Query failed (Reason: Table 'l4d2stats.STATS_SKILLS' doesn't exist)
L 07/10/2025 - 23:29:15: [optional/l4d2_simpleplayerstats.smx] [ERROR] PlayerRecordExists :: Unable to prepare sql query (Reason: Table 'l4d2stats.STATS_PLAYERS' doesn't exist)
L 07/10/2025 - 23:29:17: [optional/l4d2_simpleplayerstats.smx] [ERROR] TQ_InitializePlayer :: Query failed (Reason: Table 'l4d2stats.STATS_PLAYERS' doesn't exist)
L 07/10/2025 - 23:31:25: [SM] Exception reported: Invalid query Handle 0 (error: 4)
L 07/10/2025 - 23:31:25: [SM] Blaming: optional/l4d2_simpleplayerstats.smx
L 07/10/2025 - 23:31:25: [SM] Call stack trace:
L 07/10/2025 - 23:31:25: [SM]   [0] DBResultSet.FetchRow
L 07/10/2025 - 23:31:25: [SM]   [1] Line 1285, D:\Projects\sourcemod\l4d2-player-stats\scripting\l4d2_simpleplayerstats.sp::TQ_ShowTopPlayers
L 07/10/2025 - 23:31:29: [SM] Exception reported: Invalid query Handle 0 (error: 4)
L 07/10/2025 - 23:31:29: [SM] Blaming: optional/l4d2_simpleplayerstats.smx
L 07/10/2025 - 23:31:29: [SM] Call stack trace:
L 07/10/2025 - 23:31:29: [SM]   [0] DBResultSet.FetchRow
L 07/10/2025 - 23:31:29: [SM]   [1] Line 1087, D:\Projects\sourcemod\l4d2-player-stats\scripting\l4d2_simpleplayerstats.sp::TQ_ShowInGamePlayerRanks
L 07/10/2025 - 23:33:02: SourceMod error session started
L 07/10/2025 - 23:33:02: Info (map "c2m1_highway") (file "/root/Steam/steamapps/common/L4D21/left4dead2/addons/sourcemod/logs/errors_20250710.log")
L 07/10/2025 - 23:33:02: [SM] Failed to load plugin "nextmap.smx": Nextmap is incompatible with this game.
L 07/10/2025 - 23:33:06: [optional/l4d2_simpleplayerstats.smx] [ERROR] GetStatModifierCount :: Failed to query table count (Reason: Table 'l4d2stats.STATS_SKILLS' doesn't exist)
L 07/10/2025 - 23:33:06: [optional/l4d2_simpleplayerstats.smx] [ERROR] PlayerRecordExists :: Unable to prepare sql query (Reason: Table 'l4d2stats.STATS_PLAYERS' doesn't exist)
L 07/10/2025 - 23:33:10: Error log file session closed.
L 07/10/2025 - 23:33:11: SourceMod error session started
L 07/10/2025 - 23:33:11: Info (map "c2m1_highway") (file "/root/Steam/steamapps/common/L4D21/left4dead2/addons/sourcemod/logs/errors_20250710.log")
L 07/10/2025 - 23:33:11: [optional/l4d2_simpleplayerstats.smx] [ERROR] GetStatModifierCount :: Failed to query table count (Reason: Table 'l4d2stats.STATS_SKILLS' doesn't exist)
L 07/10/2025 - 23:33:17: [optional/l4d2_simpleplayerstats.smx] [ERROR] TQ_InitializePlayer :: Query failed (Reason: Table 'l4d2stats.STATS_PLAYERS' doesn't exist)
L 07/10/2025 - 23:47:08: [optional/l4d2_simpleplayerstats.smx] [ERROR] PlayerRecordExists :: Unable to prepare sql query (Reason: Can't connect to MySQL server on '127.0.0.1' (111))
L 07/10/2025 - 23:47:10: [optional/l4d2_simpleplayerstats.smx] [ERROR] TQ_InitializePlayer :: Query failed (Reason: Can't connect to MySQL server on '127.0.0.1' (111))
L 07/10/2025 - 23:47:23: [optional/l4d2_player_time.smx] Failed to retrieve response (GetUserStatsForGame) - HTTPStatus: 403
L 07/10/2025 - 23:48:16: [optional/l4d2_simpleplayerstats.smx] [ERROR] Failed to connect to database: [2003]: Can't connect to MySQL server on '127.0.0.1' (111)
L 07/10/2025 - 23:48:16: [optional/l4d2_simpleplayerstats.smx] [ERROR] InitDatabase :: Unable to retrieve database handle
L 07/10/2025 - 23:48:16: [optional/l4d2_simpleplayerstats.smx] [ERROR] Could not connect to the database. Please check your database configuration file and make sure everything is configured correctly. (db section name: playerstats)
L 07/10/2025 - 23:48:16: [SM] Exception reported: Could not connect to the database
L 07/10/2025 - 23:48:16: [SM] Blaming: optional/l4d2_simpleplayerstats.smx
L 07/10/2025 - 23:48:16: [SM] Call stack trace:
L 07/10/2025 - 23:48:16: [SM]   [0] SetFailState
L 07/10/2025 - 23:48:16: [SM]   [1] Line 227, D:\Projects\sourcemod\l4d2-player-stats\scripting\l4d2_simpleplayerstats.sp::OnPluginStart
L 07/10/2025 - 23:48:19: Error log file session closed.
L 07/10/2025 - 23:48:34: SourceMod error session started
L 07/10/2025 - 23:48:34: Info (map "c2m1_highway") (file "/root/Steam/steamapps/common/L4D21/left4dead2/addons/sourcemod/logs/errors_20250710.log")
L 07/10/2025 - 23:48:34: [optional/l4d2_player_time.smx] Failed to retrieve response (GetUserStatsForGame) - HTTPStatus: 403
L 07/10/2025 - 23:56:51: [optional/l4d2_player_time.smx] Failed to retrieve response (GetUserStatsForGame) - HTTPStatus: 403
L 07/10/2025 - 23:56:53: [SM] Exception reported: Could not retrieve value for key 'playtime_2weeks'
L 07/10/2025 - 23:56:53: [SM] Blaming: optional/l4d2_player_time.smx
L 07/10/2025 - 23:56:53: [SM] Call stack trace:
L 07/10/2025 - 23:56:53: [SM]   [0] JSONObject.GetInt
L 07/10/2025 - 23:56:53: [SM]   [1] Line 154, D:\ä¯ÀÀÆ÷ÏÂÔØ\CompetitiveWithAnne-2024-02-25-nomysql\CompetitiveWithAnne-2024-02-25\left4dead2\addons\sourcemod\scripting\l4d2_player_time.sp::HTTPResponse_GetOwnedGames
L 07/11/2025 - 00:02:27: Error log file session closed.
