L 07/12/2025 - 13:59:50: SourceMod error session started
L 07/12/2025 - 13:59:50: Info (map "c2m1_highway") (file "/root/Steam/steamapps/common/L4D21/left4dead2/addons/sourcemod/logs/errors_20250712.log")
L 07/12/2025 - 13:59:50: [SM] Failed to load plugin "nextmap.smx": Nextmap is incompatible with this game.
L 07/12/2025 - 13:59:53: [UPDATER] --- BEGIN ERRORS FROM AUTOMATIC UPDATER ---
L 07/12/2025 - 13:59:53: [UPDATER] Could not download "http://update.sourcemod.net/update/"
L 07/12/2025 - 13:59:53: [UPDATER] Error: Failure when receiving data from the peer
L 07/12/2025 - 13:59:53: [UPDATER] --- END ERRORS FROM AUTOMATIC UPDATER ---
L 07/12/2025 - 13:59:57: Error log file session closed.
L 07/12/2025 - 14:01:48: SourceMod error session started
L 07/12/2025 - 14:01:48: Info (map "c8m1_apartment") (file "/root/Steam/steamapps/common/L4D21/left4dead2/addons/sourcemod/logs/errors_20250712.log")
L 07/12/2025 - 14:01:48: [SM] Failed to load plugin "nextmap.smx": Nextmap is incompatible with this game.
L 07/12/2025 - 14:02:23: Error log file session closed.
L 07/12/2025 - 15:13:42: SourceMod error session started
L 07/12/2025 - 15:13:42: Info (map "c2m1_highway") (file "/root/Steam/steamapps/common/L4D21/left4dead2/addons/sourcemod/logs/errors_20250712.log")
L 07/12/2025 - 15:13:42: [SM] Failed to load plugin "nextmap.smx": Nextmap is incompatible with this game.
L 07/12/2025 - 15:13:49: Error log file session closed.
L 07/12/2025 - 15:15:18: SourceMod error session started
L 07/12/2025 - 15:15:18: Info (map "c2m1_highway") (file "/root/Steam/steamapps/common/L4D21/left4dead2/addons/sourcemod/logs/errors_20250712.log")
L 07/12/2025 - 15:15:18: [SM] Failed to load plugin "nextmap.smx": Nextmap is incompatible with this game.
L 07/12/2025 - 15:15:25: Error log file session closed.
L 07/12/2025 - 15:41:39: SourceMod error session started
L 07/12/2025 - 15:41:39: Info (map "c2m1_highway") (file "/root/Steam/steamapps/common/L4D21/left4dead2/addons/sourcemod/logs/errors_20250712.log")
L 07/12/2025 - 15:41:39: [SM] Failed to load plugin "nextmap.smx": Nextmap is incompatible with this game.
L 07/12/2025 - 15:41:46: Error log file session closed.
L 07/12/2025 - 18:25:02: SourceMod error session started
L 07/12/2025 - 18:25:02: Info (map "c2m2_fairgrounds") (file "/root/Steam/steamapps/common/L4D21/left4dead2/addons/sourcemod/logs/errors_20250712.log")
L 07/12/2025 - 18:25:02: [SM] Failed to load plugin "nextmap.smx": Nextmap is incompatible with this game.
L 07/12/2025 - 18:25:12: Error log file session closed.
L 07/12/2025 - 18:26:07: SourceMod error session started
L 07/12/2025 - 18:26:07: Info (map "c2m1_highway") (file "/root/Steam/steamapps/common/L4D21/left4dead2/addons/sourcemod/logs/errors_20250712.log")
L 07/12/2025 - 18:26:07: [SM] Failed to load plugin "nextmap.smx": Nextmap is incompatible with this game.
L 07/12/2025 - 18:26:14: Error log file session closed.
L 07/12/2025 - 18:38:09: SourceMod error session started
L 07/12/2025 - 18:38:09: Info (map "c2m1_highway") (file "/root/Steam/steamapps/common/L4D21/left4dead2/addons/sourcemod/logs/errors_20250712.log")
L 07/12/2025 - 18:38:09: [SM] Failed to load plugin "nextmap.smx": Nextmap is incompatible with this game.
L 07/12/2025 - 18:38:16: Error log file session closed.
L 07/12/2025 - 18:38:45: SourceMod error session started
L 07/12/2025 - 18:38:45: Info (map "c2m1_highway") (file "/root/Steam/steamapps/common/L4D21/left4dead2/addons/sourcemod/logs/errors_20250712.log")
L 07/12/2025 - 18:38:45: [SM] Failed to load plugin "nextmap.smx": Nextmap is incompatible with this game.
L 07/12/2025 - 18:38:52: Error log file session closed.
L 07/12/2025 - 18:39:22: SourceMod error session started
L 07/12/2025 - 18:39:22: Info (map "c2m1_highway") (file "/root/Steam/steamapps/common/L4D21/left4dead2/addons/sourcemod/logs/errors_20250712.log")
L 07/12/2025 - 18:39:22: [SM] Failed to load plugin "nextmap.smx": Nextmap is incompatible with this game.
L 07/12/2025 - 18:39:29: Error log file session closed.
L 07/12/2025 - 18:40:01: SourceMod error session started
L 07/12/2025 - 18:40:01: Info (map "c2m1_highway") (file "/root/Steam/steamapps/common/L4D21/left4dead2/addons/sourcemod/logs/errors_20250712.log")
L 07/12/2025 - 18:40:01: [SM] Failed to load plugin "nextmap.smx": Nextmap is incompatible with this game.
L 07/12/2025 - 18:40:08: Error log file session closed.
L 07/12/2025 - 18:46:22: SourceMod error session started
L 07/12/2025 - 18:46:22: Info (map "c2m1_highway") (file "/root/Steam/steamapps/common/L4D21/left4dead2/addons/sourcemod/logs/errors_20250712.log")
L 07/12/2025 - 18:46:22: [SM] Failed to load plugin "nextmap.smx": Nextmap is incompatible with this game.
L 07/12/2025 - 18:46:29: Error log file session closed.
L 07/12/2025 - 18:51:53: SourceMod error session started
L 07/12/2025 - 18:51:53: Info (map "c2m1_highway") (file "/root/Steam/steamapps/common/L4D21/left4dead2/addons/sourcemod/logs/errors_20250712.log")
L 07/12/2025 - 18:51:53: [SM] Failed to load plugin "nextmap.smx": Nextmap is incompatible with this game.
L 07/12/2025 - 18:52:00: Error log file session closed.
L 07/12/2025 - 18:52:29: SourceMod error session started
L 07/12/2025 - 18:52:29: Info (map "c2m1_highway") (file "/root/Steam/steamapps/common/L4D21/left4dead2/addons/sourcemod/logs/errors_20250712.log")
L 07/12/2025 - 18:52:29: [SM] Failed to load plugin "nextmap.smx": Nextmap is incompatible with this game.
L 07/12/2025 - 18:52:36: Error log file session closed.
L 07/12/2025 - 18:54:25: SourceMod error session started
L 07/12/2025 - 18:54:25: Info (map "c2m1_highway") (file "/root/Steam/steamapps/common/L4D21/left4dead2/addons/sourcemod/logs/errors_20250712.log")
L 07/12/2025 - 18:54:25: [SM] Failed to load plugin "nextmap.smx": Nextmap is incompatible with this game.
L 07/12/2025 - 18:54:31: Error log file session closed.
L 07/12/2025 - 18:59:00: SourceMod error session started
L 07/12/2025 - 18:59:00: Info (map "c2m1_highway") (file "/root/Steam/steamapps/common/L4D21/left4dead2/addons/sourcemod/logs/errors_20250712.log")
L 07/12/2025 - 18:59:00: [SM] Failed to load plugin "nextmap.smx": Nextmap is incompatible with this game.
L 07/12/2025 - 18:59:03: Error log file session closed.
L 07/12/2025 - 19:00:12: SourceMod error session started
L 07/12/2025 - 19:00:12: Info (map "c2m1_highway") (file "/root/Steam/steamapps/common/L4D21/left4dead2/addons/sourcemod/logs/errors_20250712.log")
L 07/12/2025 - 19:00:12: [SM] Failed to load plugin "nextmap.smx": Nextmap is incompatible with this game.
L 07/12/2025 - 19:00:19: Error log file session closed.
L 07/12/2025 - 19:00:48: SourceMod error session started
L 07/12/2025 - 19:00:48: Info (map "c2m1_highway") (file "/root/Steam/steamapps/common/L4D21/left4dead2/addons/sourcemod/logs/errors_20250712.log")
L 07/12/2025 - 19:00:48: [SM] Failed to load plugin "nextmap.smx": Nextmap is incompatible with this game.
L 07/12/2025 - 19:00:55: Error log file session closed.
L 07/12/2025 - 19:09:19: SourceMod error session started
L 07/12/2025 - 19:09:19: Info (map "c2m1_highway") (file "/root/Steam/steamapps/common/L4D21/left4dead2/addons/sourcemod/logs/errors_20250712.log")
L 07/12/2025 - 19:09:19: [SM] Failed to load plugin "nextmap.smx": Nextmap is incompatible with this game.
L 07/12/2025 - 19:09:25: Error log file session closed.
L 07/12/2025 - 19:18:48: SourceMod error session started
L 07/12/2025 - 19:18:48: Info (map "c2m1_highway") (file "/root/Steam/steamapps/common/L4D21/left4dead2/addons/sourcemod/logs/errors_20250712.log")
L 07/12/2025 - 19:18:48: [SM] Failed to load plugin "nextmap.smx": Nextmap is incompatible with this game.
L 07/12/2025 - 19:18:55: Error log file session closed.
L 07/12/2025 - 19:23:40: SourceMod error session started
L 07/12/2025 - 19:23:40: Info (map "c2m1_highway") (file "/root/Steam/steamapps/common/L4D21/left4dead2/addons/sourcemod/logs/errors_20250712.log")
L 07/12/2025 - 19:23:40: [SM] Failed to load plugin "nextmap.smx": Nextmap is incompatible with this game.
L 07/12/2025 - 19:23:47: Error log file session closed.
L 07/12/2025 - 19:26:37: SourceMod error session started
L 07/12/2025 - 19:26:37: Info (map "c2m1_highway") (file "/root/Steam/steamapps/common/L4D21/left4dead2/addons/sourcemod/logs/errors_20250712.log")
L 07/12/2025 - 19:26:37: [SM] Failed to load plugin "nextmap.smx": Nextmap is incompatible with this game.
L 07/12/2025 - 19:26:44: Error log file session closed.
L 07/12/2025 - 19:50:54: SourceMod error session started
L 07/12/2025 - 19:50:54: Info (map "c2m1_highway") (file "/root/Steam/steamapps/common/L4D21/left4dead2/addons/sourcemod/logs/errors_20250712.log")
L 07/12/2025 - 19:50:54: [SM] Failed to load plugin "nextmap.smx": Nextmap is incompatible with this game.
L 07/12/2025 - 19:51:02: Error log file session closed.
L 07/12/2025 - 21:21:49: SourceMod error session started
L 07/12/2025 - 21:21:49: Info (map "c2m1_highway") (file "/root/Steam/steamapps/common/L4D21/left4dead2/addons/sourcemod/logs/errors_20250712.log")
L 07/12/2025 - 21:21:49: [SM] Failed to load plugin "nextmap.smx": Nextmap is incompatible with this game.
L 07/12/2025 - 21:21:56: Error log file session closed.
L 07/12/2025 - 21:44:24: SourceMod error session started
L 07/12/2025 - 21:44:24: Info (map "c2m1_highway") (file "/root/Steam/steamapps/common/L4D21/left4dead2/addons/sourcemod/logs/errors_20250712.log")
L 07/12/2025 - 21:44:24: [SM] Failed to load plugin "nextmap.smx": Nextmap is incompatible with this game.
L 07/12/2025 - 21:44:31: Error log file session closed.
L 07/12/2025 - 23:09:15: SourceMod error session started
L 07/12/2025 - 23:09:15: Info (map "c2m1_highway") (file "/root/Steam/steamapps/common/L4D21/left4dead2/addons/sourcemod/logs/errors_20250712.log")
L 07/12/2025 - 23:09:15: [SM] Failed to load plugin "nextmap.smx": Nextmap is incompatible with this game.
L 07/12/2025 - 23:09:23: Error log file session closed.
