L 07/15/2025 - 00:15:59: SourceMod error session started
L 07/15/2025 - 00:15:59: Info (map "c2m1_highway") (file "/root/Steam/steamapps/common/L4D21/left4dead2/addons/sourcemod/logs/errors_20250715.log")
L 07/15/2025 - 00:15:59: [SM] Failed to load plugin "nextmap.smx": Nextmap is incompatible with this game.
L 07/15/2025 - 00:16:00: [SM] Unable to load plugin "sae/l4d2_hybrid_scoremod_sae.smx": Could not find required plugin "l4d2lib"
L 07/15/2025 - 00:16:00: [SM] Unable to load plugin "sae/spechud.smx": Native "LM_GetLerpTime" was not found
L 07/15/2025 - 00:16:00: [SM] Fatal error encountered parsing translation file "l4d_splash_damage.phrases.txt"
L 07/15/2025 - 00:16:00: [SM] Error (line 0, column 0): Stream failed to open
L 07/15/2025 - 00:16:06: Error log file session closed.
L 07/15/2025 - 00:16:06: SourceMod error session started
L 07/15/2025 - 00:16:06: Info (map "c2m1_highway") (file "/root/Steam/steamapps/common/L4D21/left4dead2/addons/sourcemod/logs/errors_20250715.log")
L 07/15/2025 - 00:16:06: [SM] Fatal error encountered parsing translation file "l4d_splash_damage.phrases.txt"
L 07/15/2025 - 00:16:06: [SM] Error (line 0, column 0): Stream failed to open
L 07/15/2025 - 00:47:00: SourceMod error session started
L 07/15/2025 - 00:47:00: Info (map "c2m1_highway") (file "/root/Steam/steamapps/common/L4D21/left4dead2/addons/sourcemod/logs/errors_20250715.log")
L 07/15/2025 - 00:47:00: [SM] Failed to load plugin "nextmap.smx": Nextmap is incompatible with this game.
L 07/15/2025 - 00:47:00: [SM] Unable to load plugin "sae/l4d2_hybrid_scoremod_sae.smx": Could not find required plugin "l4d2lib"
L 07/15/2025 - 00:47:00: [SM] Unable to load plugin "sae/spechud.smx": Native "LM_GetLerpTime" was not found
L 07/15/2025 - 00:47:00: [SM] Fatal error encountered parsing translation file "l4d_splash_damage.phrases.txt"
L 07/15/2025 - 00:47:00: [SM] Error (line 0, column 0): Stream failed to open
L 07/15/2025 - 00:47:07: Error log file session closed.
L 07/15/2025 - 00:47:07: SourceMod error session started
L 07/15/2025 - 00:47:07: Info (map "c2m1_highway") (file "/root/Steam/steamapps/common/L4D21/left4dead2/addons/sourcemod/logs/errors_20250715.log")
L 07/15/2025 - 00:47:07: [SM] Fatal error encountered parsing translation file "l4d_splash_damage.phrases.txt"
L 07/15/2025 - 00:47:07: [SM] Error (line 0, column 0): Stream failed to open
L 07/15/2025 - 08:09:46: SourceMod error session started
L 07/15/2025 - 08:09:46: Info (map "c2m1_highway") (file "/root/Steam/steamapps/common/L4D21/left4dead2/addons/sourcemod/logs/errors_20250715.log")
L 07/15/2025 - 08:09:46: [SM] Failed to load plugin "nextmap.smx": Nextmap is incompatible with this game.
L 07/15/2025 - 08:09:46: [SM] Unable to load plugin "sae/l4d2_hybrid_scoremod_sae.smx": Could not find required plugin "l4d2lib"
L 07/15/2025 - 08:09:46: [SM] Unable to load plugin "sae/spechud.smx": Native "LM_GetLerpTime" was not found
L 07/15/2025 - 08:09:46: [SM] Fatal error encountered parsing translation file "l4d_splash_damage.phrases.txt"
L 07/15/2025 - 08:09:46: [SM] Error (line 0, column 0): Stream failed to open
L 07/15/2025 - 08:09:53: Error log file session closed.
L 07/15/2025 - 08:09:53: SourceMod error session started
L 07/15/2025 - 08:09:53: Info (map "c2m1_highway") (file "/root/Steam/steamapps/common/L4D21/left4dead2/addons/sourcemod/logs/errors_20250715.log")
L 07/15/2025 - 08:09:53: [SM] Fatal error encountered parsing translation file "l4d_splash_damage.phrases.txt"
L 07/15/2025 - 08:09:53: [SM] Error (line 0, column 0): Stream failed to open
L 07/15/2025 - 17:39:00: SourceMod error session started
L 07/15/2025 - 17:39:00: Info (map "c2m1_highway") (file "/root/Steam/steamapps/common/L4D21/left4dead2/addons/sourcemod/logs/errors_20250715.log")
L 07/15/2025 - 17:39:00: [SM] Failed to load plugin "nextmap.smx": Nextmap is incompatible with this game.
L 07/15/2025 - 17:39:00: [SM] Unable to load plugin "sae/l4d2_hybrid_scoremod_sae.smx": Could not find required plugin "l4d2lib"
L 07/15/2025 - 17:39:00: [SM] Unable to load plugin "sae/spechud.smx": Native "LM_GetLerpTime" was not found
L 07/15/2025 - 17:39:01: [SM] Fatal error encountered parsing translation file "l4d_splash_damage.phrases.txt"
L 07/15/2025 - 17:39:01: [SM] Error (line 0, column 0): Stream failed to open
L 07/15/2025 - 17:39:07: Error log file session closed.
L 07/15/2025 - 17:39:08: SourceMod error session started
L 07/15/2025 - 17:39:08: Info (map "c2m1_highway") (file "/root/Steam/steamapps/common/L4D21/left4dead2/addons/sourcemod/logs/errors_20250715.log")
L 07/15/2025 - 17:39:08: [SM] Fatal error encountered parsing translation file "l4d_splash_damage.phrases.txt"
L 07/15/2025 - 17:39:08: [SM] Error (line 0, column 0): Stream failed to open
