L 09/13/2026 - 00:00:28: SourceMod log file session started (file "/home/kaine/Steam/steamapps/common/ZonemodVersus/left4dead2/addons/sourcemod/logs/L20260913.log") (Version "1.12.0.7253")
L 09/13/2026 - 00:00:28: [basecommands.smx] "Console<0><Console><Console>" changed cvar (cvar "confogl_match_execcfg_plugins") (value "generalfixes.cfg;confogl_plugins.cfg;sharedplugins.cfg")
L 09/13/2026 - 00:00:28: [basecommands.smx] "Console<0><Console><Console>" changed cvar (cvar "l4d2_addons_eclipse") (value "0")
L 09/13/2026 - 00:00:28: [basecommands.smx] "Console<0><Console><Console>" changed cvar (cvar "tick_door_speed") (value "1.3")
L 09/13/2026 - 00:00:28: [basecommands.smx] "Console<0><Console><Console>" changed cvar (cvar "mv_maxplayers") (value "30")
L 09/13/2026 - 00:00:28: [basecommands.smx] "Console<0><Console><Console>" changed cvar (cvar "sv_allow_wait_command") (value "0")
L 09/13/2026 - 00:00:28: [basecommands.smx] "Console<0><Console><Console>" changed cvar (cvar "sv_maxunlag") (value "0.35")
L 09/13/2026 - 00:00:28: [basecommands.smx] "Console<0><Console><Console>" changed cvar (cvar "sv_minupdaterate") (value "100")
L 09/13/2026 - 00:00:28: [basecommands.smx] "Console<0><Console><Console>" changed cvar (cvar "sv_maxupdaterate") (value "100")
L 09/13/2026 - 00:00:28: [basecommands.smx] "Console<0><Console><Console>" changed cvar (cvar "sv_mincmdrate") (value "100")
L 09/13/2026 - 00:00:28: [basecommands.smx] "Console<0><Console><Console>" changed cvar (cvar "sv_maxcmdrate") (value "100")
L 09/13/2026 - 00:00:28: [basecommands.smx] "Console<0><Console><Console>" changed cvar (cvar "sv_client_min_interp_ratio") (value "0")
L 09/13/2026 - 00:00:28: [basecommands.smx] "Console<0><Console><Console>" changed cvar (cvar "sv_client_max_interp_ratio") (value "0")
L 09/13/2026 - 00:00:28: [basecommands.smx] "Console<0><Console><Console>" changed cvar (cvar "sv_minrate") (value "100000")
L 09/13/2026 - 00:00:28: [basecommands.smx] "Console<0><Console><Console>" changed cvar (cvar "sv_maxrate") (value "100000")
L 09/13/2026 - 00:00:28: [basecommands.smx] "Console<0><Console><Console>" changed cvar (cvar "net_splitpacket_maxrate") (value "100000")
L 09/13/2026 - 00:00:28: [basecommands.smx] "Console<0><Console><Console>" changed cvar (cvar "net_maxcleartime") (value "0.0001")
L 09/13/2026 - 00:00:28: [basecommands.smx] "Console<0><Console><Console>" changed cvar (cvar "sv_clockcorrection_msecs") (value "20")
L 09/13/2026 - 00:00:28: [basecommands.smx] "Console<0><Console><Console>" changed cvar (cvar "sv_unlag_fixstuck") (value "1")
L 09/13/2026 - 00:00:28: [basecommands.smx] "Console<0><Console><Console>" changed cvar (cvar "sv_forcepreload") (value "1")
L 09/13/2026 - 00:00:28: [basecommands.smx] "Console<0><Console><Console>" changed cvar (cvar "fps_max") (value "0")
L 09/13/2026 - 00:00:28: [basecommands.smx] "Console<0><Console><Console>" changed cvar (cvar "nb_update_frequency") (value "0.01")
L 09/13/2026 - 00:00:28: [basecommands.smx] "Console<0><Console><Console>" changed cvar (cvar "nb_update_maxslide") (value "1")
L 09/13/2026 - 00:00:28: [basecommands.smx] "Console<0><Console><Console>" changed cvar (cvar "nb_update_framelimit") (value "5")
L 09/13/2026 - 00:00:28: [basecommands.smx] "Console<0><Console><Console>" changed cvar (cvar "sv_max_queries_sec_global") (value "20")
L 09/13/2026 - 00:00:28: [basecommands.smx] "Console<0><Console><Console>" changed cvar (cvar "sv_max_queries_sec") (value "3")
L 09/13/2026 - 00:00:28: [basecommands.smx] "Console<0><Console><Console>" changed cvar (cvar "sv_max_queries_window") (value "10")
L 09/13/2026 - 00:00:30: [optional/l4d2_saferoom_item_remove.smx] Removed 2 saferoom item(s) (start: 2; end: 0).
L 09/13/2026 - 00:03:28: [basecommands.smx] "Console<0><Console><Console>" changed map to "c2m1_highway" (input "c2m1_highway")
L 09/13/2026 - 00:03:31: [SM] Changed map to "c2m1_highway"
L 09/13/2026 - 00:03:31: -------- Mapchange to c2m1_highway --------
L 09/13/2026 - 00:03:33: [basecommands.smx] "Console<0><Console><Console>" changed cvar (cvar "confogl_match_execcfg_plugins") (value "generalfixes.cfg;confogl_plugins.cfg;sharedplugins.cfg")
L 09/13/2026 - 00:03:33: [basecommands.smx] "Console<0><Console><Console>" changed cvar (cvar "l4d2_addons_eclipse") (value "0")
L 09/13/2026 - 00:03:33: [basecommands.smx] "Console<0><Console><Console>" changed cvar (cvar "tick_door_speed") (value "1.3")
L 09/13/2026 - 00:03:33: [basecommands.smx] "Console<0><Console><Console>" changed cvar (cvar "mv_maxplayers") (value "30")
L 09/13/2026 - 00:03:33: [basecommands.smx] "Console<0><Console><Console>" changed cvar (cvar "sv_allow_wait_command") (value "0")
L 09/13/2026 - 00:03:33: [basecommands.smx] "Console<0><Console><Console>" changed cvar (cvar "sv_maxunlag") (value "0.35")
L 09/13/2026 - 00:03:33: [basecommands.smx] "Console<0><Console><Console>" changed cvar (cvar "sv_minupdaterate") (value "100")
L 09/13/2026 - 00:03:33: [basecommands.smx] "Console<0><Console><Console>" changed cvar (cvar "sv_maxupdaterate") (value "100")
L 09/13/2026 - 00:03:33: [basecommands.smx] "Console<0><Console><Console>" changed cvar (cvar "sv_mincmdrate") (value "100")
L 09/13/2026 - 00:03:33: [basecommands.smx] "Console<0><Console><Console>" changed cvar (cvar "sv_maxcmdrate") (value "100")
L 09/13/2026 - 00:03:33: [basecommands.smx] "Console<0><Console><Console>" changed cvar (cvar "sv_client_min_interp_ratio") (value "0")
L 09/13/2026 - 00:03:33: [basecommands.smx] "Console<0><Console><Console>" changed cvar (cvar "sv_client_max_interp_ratio") (value "0")
L 09/13/2026 - 00:03:33: [basecommands.smx] "Console<0><Console><Console>" changed cvar (cvar "sv_minrate") (value "100000")
L 09/13/2026 - 00:03:33: [basecommands.smx] "Console<0><Console><Console>" changed cvar (cvar "sv_maxrate") (value "100000")
L 09/13/2026 - 00:03:33: [basecommands.smx] "Console<0><Console><Console>" changed cvar (cvar "net_splitpacket_maxrate") (value "100000")
L 09/13/2026 - 00:03:33: [basecommands.smx] "Console<0><Console><Console>" changed cvar (cvar "net_maxcleartime") (value "0.0001")
L 09/13/2026 - 00:03:33: [basecommands.smx] "Console<0><Console><Console>" changed cvar (cvar "sv_clockcorrection_msecs") (value "20")
L 09/13/2026 - 00:03:33: [basecommands.smx] "Console<0><Console><Console>" changed cvar (cvar "sv_unlag_fixstuck") (value "1")
L 09/13/2026 - 00:03:33: [basecommands.smx] "Console<0><Console><Console>" changed cvar (cvar "sv_forcepreload") (value "1")
L 09/13/2026 - 00:03:33: [basecommands.smx] "Console<0><Console><Console>" changed cvar (cvar "fps_max") (value "0")
L 09/13/2026 - 00:03:33: [basecommands.smx] "Console<0><Console><Console>" changed cvar (cvar "nb_update_frequency") (value "0.01")
L 09/13/2026 - 00:03:33: [basecommands.smx] "Console<0><Console><Console>" changed cvar (cvar "nb_update_maxslide") (value "1")
L 09/13/2026 - 00:03:33: [basecommands.smx] "Console<0><Console><Console>" changed cvar (cvar "nb_update_framelimit") (value "5")
L 09/13/2026 - 00:03:33: [basecommands.smx] "Console<0><Console><Console>" changed cvar (cvar "sv_max_queries_sec_global") (value "20")
L 09/13/2026 - 00:03:33: [basecommands.smx] "Console<0><Console><Console>" changed cvar (cvar "sv_max_queries_sec") (value "3")
L 09/13/2026 - 00:03:33: [basecommands.smx] "Console<0><Console><Console>" changed cvar (cvar "sv_max_queries_window") (value "10")
L 09/13/2026 - 00:03:35: [optional/l4d2_saferoom_item_remove.smx] Removed 0 saferoom item(s) (start: 0; end: 0).
L 09/13/2026 - 00:04:11: [fixes/firebulletsfix.smx] Found offset for Weapon_ShootPosition 286
L 09/13/2026 - 00:04:12: [confoglcompmod.smx] [PasswordSystem] Set password on 超级无敌画画, password 
L 09/13/2026 - 00:04:12: [confoglcompmod.smx] [PasswordSystem] Set password on 倾挽璃末, password 
L 09/13/2026 - 00:04:12: [confoglcompmod.smx] [PasswordSystem] Set password on 小鳥遊ホシノ, password 
L 09/13/2026 - 00:04:12: [confoglcompmod.smx] [PasswordSystem] Set password on 哑巴萌新小虹夏, password 
L 09/13/2026 - 00:04:12: [confoglcompmod.smx] [PasswordSystem] Set password on 小可, password 
L 09/13/2026 - 00:04:12: [confoglcompmod.smx] [PasswordSystem] Set password on 无敌画画, password 
L 09/13/2026 - 00:04:12: [l4d2_item_hint.smx] 
==========
Warning: You should install "[L4D & L4D2] Use Priority Patch" to fix attached models blocking +USE action (item hint): https://forums.alliedmods.net/showthread.php?t=327511
==========

L 09/13/2026 - 00:04:12: [optional/chat-processor.smx] Message formats generated for game 'left4dead2'.
L 09/13/2026 - 00:04:12: [optional/chat-processor.smx] Successfully hooked a SayText2 chat hook.
L 09/13/2026 - 00:04:15: [SM] Changed map to "c2m1_highway"
L 09/13/2026 - 00:04:16: -------- Mapchange to c2m1_highway --------
L 09/13/2026 - 00:04:18: [basecommands.smx] "Console<0><Console><Console>" changed cvar (cvar "confogl_match_execcfg_plugins") (value "generalfixes.cfg;confogl_plugins.cfg;sharedplugins.cfg")
L 09/13/2026 - 00:04:18: [basecommands.smx] "Console<0><Console><Console>" changed cvar (cvar "l4d2_addons_eclipse") (value "0")
L 09/13/2026 - 00:04:18: [basecommands.smx] "Console<0><Console><Console>" changed cvar (cvar "tick_door_speed") (value "1.3")
L 09/13/2026 - 00:04:18: [basecommands.smx] "Console<0><Console><Console>" changed cvar (cvar "mv_maxplayers") (value "30")
L 09/13/2026 - 00:04:18: [basecommands.smx] "Console<0><Console><Console>" changed cvar (cvar "sv_allow_wait_command") (value "0")
L 09/13/2026 - 00:04:18: [basecommands.smx] "Console<0><Console><Console>" changed cvar (cvar "sv_maxunlag") (value "0.35")
L 09/13/2026 - 00:04:18: [basecommands.smx] "Console<0><Console><Console>" changed cvar (cvar "sv_minupdaterate") (value "100")
L 09/13/2026 - 00:04:18: [basecommands.smx] "Console<0><Console><Console>" changed cvar (cvar "sv_maxupdaterate") (value "100")
L 09/13/2026 - 00:04:18: [basecommands.smx] "Console<0><Console><Console>" changed cvar (cvar "sv_mincmdrate") (value "100")
L 09/13/2026 - 00:04:18: [basecommands.smx] "Console<0><Console><Console>" changed cvar (cvar "sv_maxcmdrate") (value "100")
L 09/13/2026 - 00:04:18: [basecommands.smx] "Console<0><Console><Console>" changed cvar (cvar "sv_client_min_interp_ratio") (value "0")
L 09/13/2026 - 00:04:18: [basecommands.smx] "Console<0><Console><Console>" changed cvar (cvar "sv_client_max_interp_ratio") (value "0")
L 09/13/2026 - 00:04:18: [basecommands.smx] "Console<0><Console><Console>" changed cvar (cvar "sv_minrate") (value "100000")
L 09/13/2026 - 00:04:18: [basecommands.smx] "Console<0><Console><Console>" changed cvar (cvar "sv_maxrate") (value "100000")
L 09/13/2026 - 00:04:18: [basecommands.smx] "Console<0><Console><Console>" changed cvar (cvar "net_splitpacket_maxrate") (value "100000")
L 09/13/2026 - 00:04:18: [basecommands.smx] "Console<0><Console><Console>" changed cvar (cvar "net_maxcleartime") (value "0.0001")
L 09/13/2026 - 00:04:18: [basecommands.smx] "Console<0><Console><Console>" changed cvar (cvar "sv_clockcorrection_msecs") (value "20")
L 09/13/2026 - 00:04:18: [basecommands.smx] "Console<0><Console><Console>" changed cvar (cvar "sv_unlag_fixstuck") (value "1")
L 09/13/2026 - 00:04:18: [basecommands.smx] "Console<0><Console><Console>" changed cvar (cvar "sv_forcepreload") (value "1")
L 09/13/2026 - 00:04:18: [basecommands.smx] "Console<0><Console><Console>" changed cvar (cvar "fps_max") (value "0")
L 09/13/2026 - 00:04:18: [basecommands.smx] "Console<0><Console><Console>" changed cvar (cvar "nb_update_frequency") (value "0.01")
L 09/13/2026 - 00:04:18: [basecommands.smx] "Console<0><Console><Console>" changed cvar (cvar "nb_update_maxslide") (value "1")
L 09/13/2026 - 00:04:18: [basecommands.smx] "Console<0><Console><Console>" changed cvar (cvar "nb_update_framelimit") (value "5")
L 09/13/2026 - 00:04:18: [basecommands.smx] "Console<0><Console><Console>" changed cvar (cvar "sv_max_queries_sec_global") (value "20")
L 09/13/2026 - 00:04:18: [basecommands.smx] "Console<0><Console><Console>" changed cvar (cvar "sv_max_queries_sec") (value "3")
L 09/13/2026 - 00:04:18: [basecommands.smx] "Console<0><Console><Console>" changed cvar (cvar "sv_max_queries_window") (value "10")
L 09/13/2026 - 00:04:18: [optional/chat-processor.smx] Message formats generated for game 'left4dead2'.
L 09/13/2026 - 00:04:18: [optional/chat-processor.smx] Successfully hooked a SayText2 chat hook.
L 09/13/2026 - 00:04:19: [optional/l4d2_saferoom_item_remove.smx] Removed 0 saferoom item(s) (start: 0; end: 0).
L 09/13/2026 - 00:09:08: [optional/l4d2_saferoom_item_remove.smx] Removed 0 saferoom item(s) (start: 0; end: 0).
L 09/13/2026 - 00:15:33: -------- Mapchange to c2m2_fairgrounds --------
L 09/13/2026 - 00:15:36: [basecommands.smx] "Console<0><Console><Console>" changed cvar (cvar "confogl_match_execcfg_plugins") (value "generalfixes.cfg;confogl_plugins.cfg;sharedplugins.cfg")
L 09/13/2026 - 00:15:36: [basecommands.smx] "Console<0><Console><Console>" changed cvar (cvar "l4d2_addons_eclipse") (value "0")
L 09/13/2026 - 00:15:36: [basecommands.smx] "Console<0><Console><Console>" changed cvar (cvar "tick_door_speed") (value "1.3")
L 09/13/2026 - 00:15:36: [basecommands.smx] "Console<0><Console><Console>" changed cvar (cvar "mv_maxplayers") (value "30")
L 09/13/2026 - 00:15:36: [basecommands.smx] "Console<0><Console><Console>" changed cvar (cvar "sv_allow_wait_command") (value "0")
L 09/13/2026 - 00:15:36: [basecommands.smx] "Console<0><Console><Console>" changed cvar (cvar "sv_maxunlag") (value "0.35")
L 09/13/2026 - 00:15:36: [basecommands.smx] "Console<0><Console><Console>" changed cvar (cvar "sv_minupdaterate") (value "100")
L 09/13/2026 - 00:15:36: [basecommands.smx] "Console<0><Console><Console>" changed cvar (cvar "sv_maxupdaterate") (value "100")
L 09/13/2026 - 00:15:36: [basecommands.smx] "Console<0><Console><Console>" changed cvar (cvar "sv_mincmdrate") (value "100")
L 09/13/2026 - 00:15:36: [basecommands.smx] "Console<0><Console><Console>" changed cvar (cvar "sv_maxcmdrate") (value "100")
L 09/13/2026 - 00:15:36: [basecommands.smx] "Console<0><Console><Console>" changed cvar (cvar "sv_client_min_interp_ratio") (value "0")
L 09/13/2026 - 00:15:36: [basecommands.smx] "Console<0><Console><Console>" changed cvar (cvar "sv_client_max_interp_ratio") (value "0")
L 09/13/2026 - 00:15:36: [basecommands.smx] "Console<0><Console><Console>" changed cvar (cvar "sv_minrate") (value "100000")
L 09/13/2026 - 00:15:36: [basecommands.smx] "Console<0><Console><Console>" changed cvar (cvar "sv_maxrate") (value "100000")
L 09/13/2026 - 00:15:36: [basecommands.smx] "Console<0><Console><Console>" changed cvar (cvar "net_splitpacket_maxrate") (value "100000")
L 09/13/2026 - 00:15:36: [basecommands.smx] "Console<0><Console><Console>" changed cvar (cvar "net_maxcleartime") (value "0.0001")
L 09/13/2026 - 00:15:36: [basecommands.smx] "Console<0><Console><Console>" changed cvar (cvar "sv_clockcorrection_msecs") (value "20")
L 09/13/2026 - 00:15:36: [basecommands.smx] "Console<0><Console><Console>" changed cvar (cvar "sv_unlag_fixstuck") (value "1")
L 09/13/2026 - 00:15:36: [basecommands.smx] "Console<0><Console><Console>" changed cvar (cvar "sv_forcepreload") (value "1")
L 09/13/2026 - 00:15:36: [basecommands.smx] "Console<0><Console><Console>" changed cvar (cvar "fps_max") (value "0")
L 09/13/2026 - 00:15:36: [basecommands.smx] "Console<0><Console><Console>" changed cvar (cvar "nb_update_frequency") (value "0.01")
L 09/13/2026 - 00:15:36: [basecommands.smx] "Console<0><Console><Console>" changed cvar (cvar "nb_update_maxslide") (value "1")
L 09/13/2026 - 00:15:36: [basecommands.smx] "Console<0><Console><Console>" changed cvar (cvar "nb_update_framelimit") (value "5")
L 09/13/2026 - 00:15:36: [basecommands.smx] "Console<0><Console><Console>" changed cvar (cvar "sv_max_queries_sec_global") (value "20")
L 09/13/2026 - 00:15:36: [basecommands.smx] "Console<0><Console><Console>" changed cvar (cvar "sv_max_queries_sec") (value "3")
L 09/13/2026 - 00:15:36: [basecommands.smx] "Console<0><Console><Console>" changed cvar (cvar "sv_max_queries_window") (value "10")
L 09/13/2026 - 00:15:36: [optional/chat-processor.smx] Message formats generated for game 'left4dead2'.
L 09/13/2026 - 00:15:36: [optional/chat-processor.smx] Successfully hooked a SayText2 chat hook.
L 09/13/2026 - 00:15:37: [optional/l4d2_saferoom_item_remove.smx] Removed 0 saferoom item(s) (start: 0; end: 0).
L 09/13/2026 - 00:22:53: [optional/l4d2_saferoom_item_remove.smx] Removed 0 saferoom item(s) (start: 0; end: 0).
L 09/13/2026 - 00:27:05: -------- Mapchange to c2m3_coaster --------
L 09/13/2026 - 00:27:07: [basecommands.smx] "Console<0><Console><Console>" changed cvar (cvar "confogl_match_execcfg_plugins") (value "generalfixes.cfg;confogl_plugins.cfg;sharedplugins.cfg")
L 09/13/2026 - 00:27:07: [basecommands.smx] "Console<0><Console><Console>" changed cvar (cvar "l4d2_addons_eclipse") (value "0")
L 09/13/2026 - 00:27:07: [basecommands.smx] "Console<0><Console><Console>" changed cvar (cvar "tick_door_speed") (value "1.3")
L 09/13/2026 - 00:27:07: [basecommands.smx] "Console<0><Console><Console>" changed cvar (cvar "mv_maxplayers") (value "30")
L 09/13/2026 - 00:27:07: [basecommands.smx] "Console<0><Console><Console>" changed cvar (cvar "sv_allow_wait_command") (value "0")
L 09/13/2026 - 00:27:07: [basecommands.smx] "Console<0><Console><Console>" changed cvar (cvar "sv_maxunlag") (value "0.35")
L 09/13/2026 - 00:27:07: [basecommands.smx] "Console<0><Console><Console>" changed cvar (cvar "sv_minupdaterate") (value "100")
L 09/13/2026 - 00:27:07: [basecommands.smx] "Console<0><Console><Console>" changed cvar (cvar "sv_maxupdaterate") (value "100")
L 09/13/2026 - 00:27:07: [basecommands.smx] "Console<0><Console><Console>" changed cvar (cvar "sv_mincmdrate") (value "100")
L 09/13/2026 - 00:27:07: [basecommands.smx] "Console<0><Console><Console>" changed cvar (cvar "sv_maxcmdrate") (value "100")
L 09/13/2026 - 00:27:07: [basecommands.smx] "Console<0><Console><Console>" changed cvar (cvar "sv_client_min_interp_ratio") (value "0")
L 09/13/2026 - 00:27:07: [basecommands.smx] "Console<0><Console><Console>" changed cvar (cvar "sv_client_max_interp_ratio") (value "0")
L 09/13/2026 - 00:27:07: [basecommands.smx] "Console<0><Console><Console>" changed cvar (cvar "sv_minrate") (value "100000")
L 09/13/2026 - 00:27:07: [basecommands.smx] "Console<0><Console><Console>" changed cvar (cvar "sv_maxrate") (value "100000")
L 09/13/2026 - 00:27:07: [basecommands.smx] "Console<0><Console><Console>" changed cvar (cvar "net_splitpacket_maxrate") (value "100000")
L 09/13/2026 - 00:27:07: [basecommands.smx] "Console<0><Console><Console>" changed cvar (cvar "net_maxcleartime") (value "0.0001")
L 09/13/2026 - 00:27:07: [basecommands.smx] "Console<0><Console><Console>" changed cvar (cvar "sv_clockcorrection_msecs") (value "20")
L 09/13/2026 - 00:27:07: [basecommands.smx] "Console<0><Console><Console>" changed cvar (cvar "sv_unlag_fixstuck") (value "1")
L 09/13/2026 - 00:27:07: [basecommands.smx] "Console<0><Console><Console>" changed cvar (cvar "sv_forcepreload") (value "1")
L 09/13/2026 - 00:27:07: [basecommands.smx] "Console<0><Console><Console>" changed cvar (cvar "fps_max") (value "0")
L 09/13/2026 - 00:27:07: [basecommands.smx] "Console<0><Console><Console>" changed cvar (cvar "nb_update_frequency") (value "0.01")
L 09/13/2026 - 00:27:07: [basecommands.smx] "Console<0><Console><Console>" changed cvar (cvar "nb_update_maxslide") (value "1")
L 09/13/2026 - 00:27:07: [basecommands.smx] "Console<0><Console><Console>" changed cvar (cvar "nb_update_framelimit") (value "5")
L 09/13/2026 - 00:27:07: [basecommands.smx] "Console<0><Console><Console>" changed cvar (cvar "sv_max_queries_sec_global") (value "20")
L 09/13/2026 - 00:27:07: [basecommands.smx] "Console<0><Console><Console>" changed cvar (cvar "sv_max_queries_sec") (value "3")
L 09/13/2026 - 00:27:07: [basecommands.smx] "Console<0><Console><Console>" changed cvar (cvar "sv_max_queries_window") (value "10")
L 09/13/2026 - 00:27:07: [optional/chat-processor.smx] Message formats generated for game 'left4dead2'.
L 09/13/2026 - 00:27:07: [optional/chat-processor.smx] Successfully hooked a SayText2 chat hook.
L 09/13/2026 - 00:27:08: [optional/l4d2_saferoom_item_remove.smx] Removed 0 saferoom item(s) (start: 0; end: 0).
L 09/13/2026 - 00:31:35: [optional/l4d2_saferoom_item_remove.smx] Removed 0 saferoom item(s) (start: 0; end: 0).
L 09/13/2026 - 00:34:23: -------- Mapchange to c2m4_barns --------
L 09/13/2026 - 00:34:25: [basecommands.smx] "Console<0><Console><Console>" changed cvar (cvar "confogl_match_execcfg_plugins") (value "generalfixes.cfg;confogl_plugins.cfg;sharedplugins.cfg")
L 09/13/2026 - 00:34:25: [basecommands.smx] "Console<0><Console><Console>" changed cvar (cvar "l4d2_addons_eclipse") (value "0")
L 09/13/2026 - 00:34:25: [basecommands.smx] "Console<0><Console><Console>" changed cvar (cvar "tick_door_speed") (value "1.3")
L 09/13/2026 - 00:34:25: [basecommands.smx] "Console<0><Console><Console>" changed cvar (cvar "mv_maxplayers") (value "30")
L 09/13/2026 - 00:34:25: [basecommands.smx] "Console<0><Console><Console>" changed cvar (cvar "sv_allow_wait_command") (value "0")
L 09/13/2026 - 00:34:25: [basecommands.smx] "Console<0><Console><Console>" changed cvar (cvar "sv_maxunlag") (value "0.35")
L 09/13/2026 - 00:34:25: [basecommands.smx] "Console<0><Console><Console>" changed cvar (cvar "sv_minupdaterate") (value "100")
L 09/13/2026 - 00:34:25: [basecommands.smx] "Console<0><Console><Console>" changed cvar (cvar "sv_maxupdaterate") (value "100")
L 09/13/2026 - 00:34:25: [basecommands.smx] "Console<0><Console><Console>" changed cvar (cvar "sv_mincmdrate") (value "100")
L 09/13/2026 - 00:34:25: [basecommands.smx] "Console<0><Console><Console>" changed cvar (cvar "sv_maxcmdrate") (value "100")
L 09/13/2026 - 00:34:25: [basecommands.smx] "Console<0><Console><Console>" changed cvar (cvar "sv_client_min_interp_ratio") (value "0")
L 09/13/2026 - 00:34:25: [basecommands.smx] "Console<0><Console><Console>" changed cvar (cvar "sv_client_max_interp_ratio") (value "0")
L 09/13/2026 - 00:34:25: [basecommands.smx] "Console<0><Console><Console>" changed cvar (cvar "sv_minrate") (value "100000")
L 09/13/2026 - 00:34:25: [basecommands.smx] "Console<0><Console><Console>" changed cvar (cvar "sv_maxrate") (value "100000")
L 09/13/2026 - 00:34:25: [basecommands.smx] "Console<0><Console><Console>" changed cvar (cvar "net_splitpacket_maxrate") (value "100000")
L 09/13/2026 - 00:34:25: [basecommands.smx] "Console<0><Console><Console>" changed cvar (cvar "net_maxcleartime") (value "0.0001")
L 09/13/2026 - 00:34:25: [basecommands.smx] "Console<0><Console><Console>" changed cvar (cvar "sv_clockcorrection_msecs") (value "20")
L 09/13/2026 - 00:34:25: [basecommands.smx] "Console<0><Console><Console>" changed cvar (cvar "sv_unlag_fixstuck") (value "1")
L 09/13/2026 - 00:34:25: [basecommands.smx] "Console<0><Console><Console>" changed cvar (cvar "sv_forcepreload") (value "1")
L 09/13/2026 - 00:34:25: [basecommands.smx] "Console<0><Console><Console>" changed cvar (cvar "fps_max") (value "0")
L 09/13/2026 - 00:34:25: [basecommands.smx] "Console<0><Console><Console>" changed cvar (cvar "nb_update_frequency") (value "0.01")
L 09/13/2026 - 00:34:25: [basecommands.smx] "Console<0><Console><Console>" changed cvar (cvar "nb_update_maxslide") (value "1")
L 09/13/2026 - 00:34:25: [basecommands.smx] "Console<0><Console><Console>" changed cvar (cvar "nb_update_framelimit") (value "5")
L 09/13/2026 - 00:34:25: [basecommands.smx] "Console<0><Console><Console>" changed cvar (cvar "sv_max_queries_sec_global") (value "20")
L 09/13/2026 - 00:34:25: [basecommands.smx] "Console<0><Console><Console>" changed cvar (cvar "sv_max_queries_sec") (value "3")
L 09/13/2026 - 00:34:25: [basecommands.smx] "Console<0><Console><Console>" changed cvar (cvar "sv_max_queries_window") (value "10")
L 09/13/2026 - 00:34:25: [optional/chat-processor.smx] Message formats generated for game 'left4dead2'.
L 09/13/2026 - 00:34:25: [optional/chat-processor.smx] Successfully hooked a SayText2 chat hook.
L 09/13/2026 - 00:34:26: [optional/l4d2_saferoom_item_remove.smx] Removed 0 saferoom item(s) (start: 0; end: 0).
