L 07/12/2025 - 19:50:58: Query CREATE TABLE IF NOT EXISTS `mostactive` (`playername` varchar(128) NOT NULL, `steamid` varchar(32) PRIMARY KEY NOT NULL,`last_accountuse` int(64) NOT NULL, `timeCT` INT( 16 ), `timeTT` INT( 16 ),`timeSPE` INT( 16 ), `total` INT( 16 ))
L 07/12/2025 - 19:50:58: Query DELETE FROM `mostactive` WHERE `last_accountuse`<'1750074658' AND `last_accountuse`>'0';
L 07/12/2025 - 19:50:58: Query SELECT timeCT, timeTT, timeSPE FROM mostactive WHERE steamid = 'STEAM_1:1:590841514'
L 07/12/2025 - 19:50:58: Query SELECT timeCT, timeTT, timeSPE FROM mostactive WHERE steamid = 'STEAM_1:0:923062785'
L 07/12/2025 - 19:51:01: Query UPDATE mostactive SET last_accountuse = 1752321061, playername = 'ᗜ◡ᗜ',timeCT = '5356',timeTT = '6696', timeSPE = '296',total = '12348' WHERE steamid = 'STEAM_1:1:590841514';
L 07/12/2025 - 19:51:01: Query UPDATE mostactive SET last_accountuse = 1752321061, playername = '(S)思',timeCT = '1728',timeTT = '2335', timeSPE = '168',total = '4231' WHERE steamid = 'STEAM_1:0:923062785';
L 07/12/2025 - 19:51:11: Query SELECT timeCT, timeTT, timeSPE FROM mostactive WHERE steamid = 'STEAM_1:0:923062785'
L 07/12/2025 - 19:51:11: Query SELECT timeCT, timeTT, timeSPE FROM mostactive WHERE steamid = 'STEAM_1:1:590841514'
L 07/12/2025 - 19:56:48: Query UPDATE mostactive SET last_accountuse = 1752321408, playername = 'ᗜ◡ᗜ',timeCT = '5389',timeTT = '6996', timeSPE = '300',total = '12685' WHERE steamid = 'STEAM_1:1:590841514';
L 07/12/2025 - 19:56:48: Query UPDATE mostactive SET last_accountuse = 1752321408, playername = '思',timeCT = '2041',timeTT = '2335', timeSPE = '192',total = '4568' WHERE steamid = 'STEAM_1:0:923062785';
L 07/12/2025 - 19:56:58: Query SELECT timeCT, timeTT, timeSPE FROM mostactive WHERE steamid = 'STEAM_1:0:923062785'
L 07/12/2025 - 19:56:59: Query SELECT timeCT, timeTT, timeSPE FROM mostactive WHERE steamid = 'STEAM_1:1:590841514'
L 07/12/2025 - 19:57:00: Query SELECT timeCT, timeTT, timeSPE FROM mostactive WHERE steamid = 'STEAM_1:0:631481250'
L 07/12/2025 - 19:57:00: Query INSERT INTO mostactive(playername, steamid, last_accountuse, timeCT, timeTT, timeSPE, total) VALUES('Yy', 'STEAM_1:0:631481250', '1752321420', '0', '0', '0', '0');
L 07/12/2025 - 19:59:41: Query UPDATE mostactive SET last_accountuse = 1752321581, playername = 'ᗜ◡ᗜ',timeCT = '5389',timeTT = '7148', timeSPE = '310',total = '12847' WHERE steamid = 'STEAM_1:1:590841514';
L 07/12/2025 - 20:06:41: Query SELECT timeCT, timeTT, timeSPE FROM mostactive WHERE steamid = 'STEAM_1:1:801237070'
L 07/12/2025 - 20:17:51: Query UPDATE mostactive SET last_accountuse = 1752322671, playername = 'Kobe Bryant',timeCT = '5073',timeTT = '5854', timeSPE = '454',total = '11381' WHERE steamid = 'STEAM_1:1:801237070';
L 07/12/2025 - 20:17:51: Query UPDATE mostactive SET last_accountuse = 1752322671, playername = '思',timeCT = '3262',timeTT = '2341', timeSPE = '196',total = '5799' WHERE steamid = 'STEAM_1:0:923062785';
L 07/12/2025 - 20:17:51: Query UPDATE mostactive SET last_accountuse = 1752322671, playername = 'Yy',timeCT = '1115',timeTT = '110', timeSPE = '4',total = '1229' WHERE steamid = 'STEAM_1:0:631481250';
L 07/12/2025 - 20:18:00: Query SELECT timeCT, timeTT, timeSPE FROM mostactive WHERE steamid = 'STEAM_1:0:923062785'
L 07/12/2025 - 20:18:01: Query SELECT timeCT, timeTT, timeSPE FROM mostactive WHERE steamid = 'STEAM_1:1:590841514'
L 07/12/2025 - 20:18:01: Query SELECT timeCT, timeTT, timeSPE FROM mostactive WHERE steamid = 'STEAM_1:0:631481250'
L 07/12/2025 - 20:18:16: Query SELECT timeCT, timeTT, timeSPE FROM mostactive WHERE steamid = 'STEAM_1:1:801237070'
L 07/12/2025 - 20:23:29: Query UPDATE mostactive SET last_accountuse = 1752323009, playername = 'Kobe Bryant',timeCT = '5214',timeTT = '6024', timeSPE = '456',total = '11694' WHERE steamid = 'STEAM_1:1:801237070';
L 07/12/2025 - 20:23:29: Query UPDATE mostactive SET last_accountuse = 1752323009, playername = '思',timeCT = '3444',timeTT = '2482', timeSPE = '201',total = '6127' WHERE steamid = 'STEAM_1:0:923062785';
L 07/12/2025 - 20:23:29: Query UPDATE mostactive SET last_accountuse = 1752323009, playername = 'Yy',timeCT = '1292',timeTT = '256', timeSPE = '8',total = '1556' WHERE steamid = 'STEAM_1:0:631481250';
L 07/12/2025 - 20:23:29: Query UPDATE mostactive SET last_accountuse = 1752323009, playername = 'ᗜ◡ᗜ',timeCT = '5530',timeTT = '7330', timeSPE = '314',total = '13174' WHERE steamid = 'STEAM_1:1:590841514';
L 07/12/2025 - 20:23:39: Query SELECT timeCT, timeTT, timeSPE FROM mostactive WHERE steamid = 'STEAM_1:0:923062785'
L 07/12/2025 - 20:23:39: Query SELECT timeCT, timeTT, timeSPE FROM mostactive WHERE steamid = 'STEAM_1:0:631481250'
L 07/12/2025 - 20:23:40: Query SELECT timeCT, timeTT, timeSPE FROM mostactive WHERE steamid = 'STEAM_1:1:590841514'
L 07/12/2025 - 20:23:49: Query SELECT timeCT, timeTT, timeSPE FROM mostactive WHERE steamid = 'STEAM_1:1:801237070'
L 07/12/2025 - 20:31:44: Query UPDATE mostactive SET last_accountuse = 1752323504, playername = 'Kobe Bryant',timeCT = '5584',timeTT = '6127', timeSPE = '457',total = '12168' WHERE steamid = 'STEAM_1:1:801237070';
L 07/12/2025 - 20:31:44: Query UPDATE mostactive SET last_accountuse = 1752323504, playername = '思',timeCT = '3547',timeTT = '2864', timeSPE = '201',total = '6612' WHERE steamid = 'STEAM_1:0:923062785';
L 07/12/2025 - 20:31:44: Query UPDATE mostactive SET last_accountuse = 1752323504, playername = 'Yy',timeCT = '1395',timeTT = '637', timeSPE = '8',total = '2040' WHERE steamid = 'STEAM_1:0:631481250';
L 07/12/2025 - 20:31:44: Query UPDATE mostactive SET last_accountuse = 1752323504, playername = 'ᗜ◡ᗜ',timeCT = '5910',timeTT = '7433', timeSPE = '315',total = '13658' WHERE steamid = 'STEAM_1:1:590841514';
L 07/12/2025 - 20:31:55: Query SELECT timeCT, timeTT, timeSPE FROM mostactive WHERE steamid = 'STEAM_1:0:923062785'
L 07/12/2025 - 20:31:56: Query SELECT timeCT, timeTT, timeSPE FROM mostactive WHERE steamid = 'STEAM_1:0:631481250'
L 07/12/2025 - 20:31:57: Query SELECT timeCT, timeTT, timeSPE FROM mostactive WHERE steamid = 'STEAM_1:1:590841514'
L 07/12/2025 - 20:32:13: Query SELECT timeCT, timeTT, timeSPE FROM mostactive WHERE steamid = 'STEAM_1:1:801237070'
L 07/12/2025 - 20:40:44: Query UPDATE mostactive SET last_accountuse = 1752324044, playername = 'Kobe Bryant',timeCT = '6008',timeTT = '6210', timeSPE = '460',total = '12678' WHERE steamid = 'STEAM_1:1:801237070';
L 07/12/2025 - 20:40:44: Query UPDATE mostactive SET last_accountuse = 1752324044, playername = '思',timeCT = '3630',timeTT = '3308', timeSPE = '202',total = '7140' WHERE steamid = 'STEAM_1:0:923062785';
L 07/12/2025 - 20:40:44: Query UPDATE mostactive SET last_accountuse = 1752324044, playername = 'Yy',timeCT = '1478',timeTT = '1080', timeSPE = '9',total = '2567' WHERE steamid = 'STEAM_1:0:631481250';
L 07/12/2025 - 20:40:44: Query UPDATE mostactive SET last_accountuse = 1752324044, playername = 'ᗜ◡ᗜ',timeCT = '6353',timeTT = '7516', timeSPE = '315',total = '14184' WHERE steamid = 'STEAM_1:1:590841514';
L 07/12/2025 - 20:40:54: Query SELECT timeCT, timeTT, timeSPE FROM mostactive WHERE steamid = 'STEAM_1:0:923062785'
L 07/12/2025 - 20:40:55: Query SELECT timeCT, timeTT, timeSPE FROM mostactive WHERE steamid = 'STEAM_1:0:631481250'
L 07/12/2025 - 20:40:55: Query SELECT timeCT, timeTT, timeSPE FROM mostactive WHERE steamid = 'STEAM_1:1:590841514'
L 07/12/2025 - 20:41:03: Query SELECT timeCT, timeTT, timeSPE FROM mostactive WHERE steamid = 'STEAM_1:1:801237070'
L 07/12/2025 - 20:46:09: Query UPDATE mostactive SET last_accountuse = 1752324369, playername = 'Kobe Bryant',timeCT = '6192',timeTT = '6330', timeSPE = '462',total = '12984' WHERE steamid = 'STEAM_1:1:801237070';
L 07/12/2025 - 20:46:09: Query UPDATE mostactive SET last_accountuse = 1752324369, playername = '思',timeCT = '3750',timeTT = '3503', timeSPE = '202',total = '7455' WHERE steamid = 'STEAM_1:0:923062785';
L 07/12/2025 - 20:46:09: Query UPDATE mostactive SET last_accountuse = 1752324369, playername = 'Yy',timeCT = '1598',timeTT = '1273', timeSPE = '10',total = '2881' WHERE steamid = 'STEAM_1:0:631481250';
L 07/12/2025 - 20:46:09: Query UPDATE mostactive SET last_accountuse = 1752324369, playername = 'ᗜ◡ᗜ',timeCT = '6546',timeTT = '7636', timeSPE = '316',total = '14498' WHERE steamid = 'STEAM_1:1:590841514';
L 07/12/2025 - 20:46:19: Query SELECT timeCT, timeTT, timeSPE FROM mostactive WHERE steamid = 'STEAM_1:0:923062785'
L 07/12/2025 - 20:46:20: Query SELECT timeCT, timeTT, timeSPE FROM mostactive WHERE steamid = 'STEAM_1:0:631481250'
L 07/12/2025 - 20:46:21: Query SELECT timeCT, timeTT, timeSPE FROM mostactive WHERE steamid = 'STEAM_1:1:590841514'
L 07/12/2025 - 20:46:28: Query SELECT timeCT, timeTT, timeSPE FROM mostactive WHERE steamid = 'STEAM_1:1:801237070'
L 07/12/2025 - 20:54:44: Query UPDATE mostactive SET last_accountuse = 1752324884, playername = 'Kobe Bryant',timeCT = '6456',timeTT = '6557', timeSPE = '466',total = '13479' WHERE steamid = 'STEAM_1:1:801237070';
L 07/12/2025 - 20:54:44: Query UPDATE mostactive SET last_accountuse = 1752324884, playername = '思',timeCT = '3977',timeTT = '3767', timeSPE = '215',total = '7959' WHERE steamid = 'STEAM_1:0:923062785';
L 07/12/2025 - 20:54:44: Query UPDATE mostactive SET last_accountuse = 1752324884, playername = 'Yy',timeCT = '1825',timeTT = '1537', timeSPE = '22',total = '3384' WHERE steamid = 'STEAM_1:0:631481250';
L 07/12/2025 - 20:54:44: Query UPDATE mostactive SET last_accountuse = 1752324884, playername = 'ᗜ◡ᗜ',timeCT = '6810',timeTT = '7863', timeSPE = '327',total = '15000' WHERE steamid = 'STEAM_1:1:590841514';
L 07/12/2025 - 20:54:52: Query SELECT timeCT, timeTT, timeSPE FROM mostactive WHERE steamid = 'STEAM_1:0:923062785'
L 07/12/2025 - 20:54:52: Query SELECT timeCT, timeTT, timeSPE FROM mostactive WHERE steamid = 'STEAM_1:0:631481250'
L 07/12/2025 - 20:54:53: Query SELECT timeCT, timeTT, timeSPE FROM mostactive WHERE steamid = 'STEAM_1:1:590841514'
L 07/12/2025 - 20:55:02: Query SELECT timeCT, timeTT, timeSPE FROM mostactive WHERE steamid = 'STEAM_1:1:801237070'
L 07/12/2025 - 21:03:24: Query UPDATE mostactive SET last_accountuse = 1752325404, playername = 'Kobe Bryant',timeCT = '6857',timeTT = '6655', timeSPE = '468',total = '13980' WHERE steamid = 'STEAM_1:1:801237070';
L 07/12/2025 - 21:03:24: Query UPDATE mostactive SET last_accountuse = 1752325404, playername = '思',timeCT = '4076',timeTT = '4179', timeSPE = '216',total = '8471' WHERE steamid = 'STEAM_1:0:923062785';
L 07/12/2025 - 21:03:24: Query UPDATE mostactive SET last_accountuse = 1752325404, playername = 'Yy',timeCT = '1923',timeTT = '1949', timeSPE = '23',total = '3895' WHERE steamid = 'STEAM_1:0:631481250';
L 07/12/2025 - 21:03:24: Query UPDATE mostactive SET last_accountuse = 1752325404, playername = 'ᗜ◡ᗜ',timeCT = '7221',timeTT = '7961', timeSPE = '329',total = '15511' WHERE steamid = 'STEAM_1:1:590841514';
L 07/12/2025 - 21:03:31: Query SELECT timeCT, timeTT, timeSPE FROM mostactive WHERE steamid = 'STEAM_1:0:923062785'
L 07/12/2025 - 21:03:32: Query SELECT timeCT, timeTT, timeSPE FROM mostactive WHERE steamid = 'STEAM_1:0:631481250'
L 07/12/2025 - 21:03:33: Query SELECT timeCT, timeTT, timeSPE FROM mostactive WHERE steamid = 'STEAM_1:1:590841514'
L 07/12/2025 - 21:03:39: Query SELECT timeCT, timeTT, timeSPE FROM mostactive WHERE steamid = 'STEAM_1:1:801237070'
L 07/12/2025 - 21:12:04: Query UPDATE mostactive SET last_accountuse = 1752325924, playername = 'Kobe Bryant',timeCT = '7210',timeTT = '6767', timeSPE = '508',total = '14485' WHERE steamid = 'STEAM_1:1:801237070';
L 07/12/2025 - 21:12:04: Query UPDATE mostactive SET last_accountuse = 1752325924, playername = '思',timeCT = '4212',timeTT = '4555', timeSPE = '217',total = '8984' WHERE steamid = 'STEAM_1:0:923062785';
L 07/12/2025 - 21:12:04: Query UPDATE mostactive SET last_accountuse = 1752325924, playername = 'Yy',timeCT = '2257',timeTT = '2126', timeSPE = '24',total = '4407' WHERE steamid = 'STEAM_1:0:631481250';
L 07/12/2025 - 21:12:04: Query UPDATE mostactive SET last_accountuse = 1752325924, playername = 'ᗜ◡ᗜ',timeCT = '7397',timeTT = '8295', timeSPE = '330',total = '16022' WHERE steamid = 'STEAM_1:1:590841514';
L 07/12/2025 - 21:12:14: Query SELECT timeCT, timeTT, timeSPE FROM mostactive WHERE steamid = 'STEAM_1:0:923062785'
L 07/12/2025 - 21:12:15: Query SELECT timeCT, timeTT, timeSPE FROM mostactive WHERE steamid = 'STEAM_1:0:631481250'
L 07/12/2025 - 21:12:15: Query SELECT timeCT, timeTT, timeSPE FROM mostactive WHERE steamid = 'STEAM_1:1:590841514'
L 07/12/2025 - 21:12:43: Query SELECT timeCT, timeTT, timeSPE FROM mostactive WHERE steamid = 'STEAM_1:1:801237070'
L 07/12/2025 - 21:21:26: Query UPDATE mostactive SET last_accountuse = 1752326486, playername = '思',timeCT = '4365',timeTT = '4953', timeSPE = '217',total = '9535' WHERE steamid = 'STEAM_1:0:923062785';
L 07/12/2025 - 21:21:26: Query UPDATE mostactive SET last_accountuse = 1752326486, playername = 'ᗜ◡ᗜ',timeCT = '7547',timeTT = '8695', timeSPE = '331',total = '16573' WHERE steamid = 'STEAM_1:1:590841514';
L 07/12/2025 - 21:21:32: Query UPDATE mostactive SET last_accountuse = 1752326492, playername = 'Yy',timeCT = '2661',timeTT = '2277', timeSPE = '25',total = '4963' WHERE steamid = 'STEAM_1:0:631481250';
L 07/12/2025 - 21:21:35: Query UPDATE mostactive SET last_accountuse = 1752326495, playername = 'Kobe Bryant',timeCT = '7617',timeTT = '6890', timeSPE = '510',total = '15017' WHERE steamid = 'STEAM_1:1:801237070';
