L 07/13/2025 - 19:43:41: Query CREATE TABLE IF NOT EXISTS `mostactive` (`playername` varchar(128) NOT NULL, `steamid` varchar(32) PRIMARY KEY NOT NULL,`last_accountuse` int(64) NOT NULL, `timeCT` INT( 16 ), `timeTT` INT( 16 ),`timeSPE` INT( 16 ), `total` INT( 16 ))
L 07/13/2025 - 19:43:41: Query DELETE FROM `mostactive` WHERE `last_accountuse`<'1750160621' AND `last_accountuse`>'0';
L 07/13/2025 - 19:43:41: Query SELECT timeCT, timeTT, timeSPE FROM mostactive WHERE steamid = 'STEAM_1:1:590841514'
L 07/13/2025 - 19:43:41: Query SELECT timeCT, timeTT, timeSPE FROM mostactive WHERE steamid = 'STEAM_1:0:631481250'
L 07/13/2025 - 19:43:41: Query SELECT timeCT, timeTT, timeSPE FROM mostactive WHERE steamid = 'STEAM_1:0:923062785'
L 07/13/2025 - 19:43:41: Query SELECT timeCT, timeTT, timeSPE FROM mostactive WHERE steamid = 'STEAM_1:1:498610842'
L 07/13/2025 - 19:43:44: Query UPDATE mostactive SET last_accountuse = 1752407024, playername = '(S)ᗜ◡ᗜ',timeCT = '13464',timeTT = '17619', timeSPE = '1414',total = '32497' WHERE steamid = 'STEAM_1:1:590841514';
L 07/13/2025 - 19:43:44: Query UPDATE mostactive SET last_accountuse = 1752407024, playername = '(S)Yy',timeCT = '6604',timeTT = '9788', timeSPE = '2576',total = '18968' WHERE steamid = 'STEAM_1:0:631481250';
L 07/13/2025 - 19:43:44: Query UPDATE mostactive SET last_accountuse = 1752407024, playername = '思',timeCT = '10041',timeTT = '9802', timeSPE = '904',total = '20747' WHERE steamid = 'STEAM_1:0:923062785';
L 07/13/2025 - 19:43:44: Query UPDATE mostactive SET last_accountuse = 1752407024, playername = '邮电部诗人',timeCT = '12',timeTT = '1', timeSPE = '740',total = '753' WHERE steamid = 'STEAM_1:1:498610842';
L 07/13/2025 - 19:43:54: Query SELECT timeCT, timeTT, timeSPE FROM mostactive WHERE steamid = 'STEAM_1:0:923062785'
L 07/13/2025 - 19:43:55: Query SELECT timeCT, timeTT, timeSPE FROM mostactive WHERE steamid = 'STEAM_1:0:631481250'
L 07/13/2025 - 19:43:56: Query SELECT timeCT, timeTT, timeSPE FROM mostactive WHERE steamid = 'STEAM_1:1:590841514'
L 07/13/2025 - 19:43:57: Query SELECT timeCT, timeTT, timeSPE FROM mostactive WHERE steamid = 'STEAM_1:1:498610842'
L 07/13/2025 - 19:44:16: Query SELECT timeCT, timeTT, timeSPE FROM mostactive WHERE steamid = 'STEAM_1:0:768344490'
L 07/13/2025 - 19:44:16: Query INSERT INTO mostactive(playername, steamid, last_accountuse, timeCT, timeTT, timeSPE, total) VALUES('yumo', 'STEAM_1:0:768344490', '1752407056', '0', '0', '0', '0');
L 07/13/2025 - 19:44:48: Query SELECT timeCT, timeTT, timeSPE FROM mostactive WHERE steamid = 'STEAM_1:0:502610040'
L 07/13/2025 - 19:44:48: Query INSERT INTO mostactive(playername, steamid, last_accountuse, timeCT, timeTT, timeSPE, total) VALUES('fuck you', 'STEAM_1:0:502610040', '1752407088', '0', '0', '0', '0');
L 07/13/2025 - 19:45:09: Query SELECT timeCT, timeTT, timeSPE FROM mostactive WHERE steamid = 'STEAM_1:1:946538641'
L 07/13/2025 - 19:45:09: Query INSERT INTO mostactive(playername, steamid, last_accountuse, timeCT, timeTT, timeSPE, total) VALUES('是莉莉贝卡喵', 'STEAM_1:1:946538641', '1752407109', '0', '0', '0', '0');
L 07/13/2025 - 19:46:04: Query SELECT timeCT, timeTT, timeSPE FROM mostactive WHERE steamid = 'STEAM_1:1:806728604'
L 07/13/2025 - 19:46:04: Query INSERT INTO mostactive(playername, steamid, last_accountuse, timeCT, timeTT, timeSPE, total) VALUES('好饿', 'STEAM_1:1:806728604', '1752407164', '0', '0', '0', '0');
L 07/13/2025 - 19:47:11: Query SELECT timeCT, timeTT, timeSPE FROM mostactive WHERE steamid = 'STEAM_1:0:520100151'
L 07/13/2025 - 19:47:11: Query INSERT INTO mostactive(playername, steamid, last_accountuse, timeCT, timeTT, timeSPE, total) VALUES('ฅFlowersou1ฅ', 'STEAM_1:0:520100151', '1752407231', '0', '0', '0', '0');
L 07/13/2025 - 19:48:36: Query UPDATE mostactive SET last_accountuse = 1752407316, playername = 'fuck you',timeCT = '226',timeTT = '0', timeSPE = '2',total = '228' WHERE steamid = 'STEAM_1:0:502610040';
L 07/13/2025 - 19:48:38: Query UPDATE mostactive SET last_accountuse = 1752407318, playername = '是莉莉贝卡喵',timeCT = '176',timeTT = '16', timeSPE = '17',total = '209' WHERE steamid = 'STEAM_1:1:946538641';
L 07/13/2025 - 19:49:49: Query SELECT timeCT, timeTT, timeSPE FROM mostactive WHERE steamid = 'STEAM_1:1:946538641'
L 07/13/2025 - 19:51:20: Query SELECT timeCT, timeTT, timeSPE FROM mostactive WHERE steamid = 'STEAM_1:0:502610040'
L 07/13/2025 - 19:54:23: Query UPDATE mostactive SET last_accountuse = 1752407663, playername = 'yumo',timeCT = '557',timeTT = '0', timeSPE = '50',total = '607' WHERE steamid = 'STEAM_1:0:768344490';
L 07/13/2025 - 19:54:33: Query SELECT timeCT, timeTT, timeSPE FROM mostactive WHERE steamid = 'STEAM_1:0:768344490'
L 07/13/2025 - 19:56:59: Query SELECT timeCT, timeTT, timeSPE FROM mostactive WHERE steamid = 'STEAM_1:1:752993704'
L 07/13/2025 - 19:57:18: Query SELECT timeCT, timeTT, timeSPE FROM mostactive WHERE steamid = 'STEAM_1:0:740891484'
L 07/13/2025 - 19:58:50: Query SELECT timeCT, timeTT, timeSPE FROM mostactive WHERE steamid = 'STEAM_1:0:555402504'
L 07/13/2025 - 19:58:50: Query INSERT INTO mostactive(playername, steamid, last_accountuse, timeCT, timeTT, timeSPE, total) VALUES('ฅฅ', 'STEAM_1:0:555402504', '1752407930', '0', '0', '0', '0');
L 07/13/2025 - 20:00:52: Query UPDATE mostactive SET last_accountuse = 1752408052, playername = '(S)洛琪希是可爱的定义',timeCT = '1191',timeTT = '1453', timeSPE = '5204',total = '7848' WHERE steamid = 'STEAM_1:1:752993704';
L 07/13/2025 - 20:02:50: Query SELECT timeCT, timeTT, timeSPE FROM mostactive WHERE steamid = 'STEAM_1:1:617568585'
L 07/13/2025 - 20:02:50: Query INSERT INTO mostactive(playername, steamid, last_accountuse, timeCT, timeTT, timeSPE, total) VALUES('霁月(适应鼠标新灵敏)', 'STEAM_1:1:617568585', '1752408170', '0', '0', '0', '0');
L 07/13/2025 - 20:05:40: Query UPDATE mostactive SET last_accountuse = 1752408340, playername = 'ฅฅ',timeCT = '0',timeTT = '408', timeSPE = '1',total = '409' WHERE steamid = 'STEAM_1:0:555402504';
L 07/13/2025 - 20:06:21: Query SELECT timeCT, timeTT, timeSPE FROM mostactive WHERE steamid = 'STEAM_1:0:555402504'
L 07/13/2025 - 20:06:32: Query UPDATE mostactive SET last_accountuse = 1752408392, playername = 'ฅฅ',timeCT = '10',timeTT = '408', timeSPE = '2',total = '420' WHERE steamid = 'STEAM_1:0:555402504';
L 07/13/2025 - 20:07:14: Query SELECT timeCT, timeTT, timeSPE FROM mostactive WHERE steamid = 'STEAM_1:0:555402504'
L 07/13/2025 - 20:15:14: Query SELECT timeCT, timeTT, timeSPE FROM mostactive WHERE steamid = 'STEAM_1:1:801237070'
L 07/13/2025 - 20:15:57: Query UPDATE mostactive SET last_accountuse = 1752408957, playername = '(S)ᗜ◡ᗜ',timeCT = '13487',timeTT = '17619', timeSPE = '3312',total = '34418' WHERE steamid = 'STEAM_1:1:590841514';
L 07/13/2025 - 20:15:57: Query UPDATE mostactive SET last_accountuse = 1752408957, playername = '(S)Yy',timeCT = '6880',timeTT = '9800', timeSPE = '4210',total = '20890' WHERE steamid = 'STEAM_1:0:631481250';
L 07/13/2025 - 20:15:57: Query UPDATE mostactive SET last_accountuse = 1752408957, playername = 'low',timeCT = '10630',timeTT = '11128', timeSPE = '911',total = '22669' WHERE steamid = 'STEAM_1:0:923062785';
L 07/13/2025 - 20:15:57: Query UPDATE mostactive SET last_accountuse = 1752408957, playername = '邮电部诗人',timeCT = '601',timeTT = '1327', timeSPE = '744',total = '2672' WHERE steamid = 'STEAM_1:1:498610842';
L 07/13/2025 - 20:15:57: Query UPDATE mostactive SET last_accountuse = 1752408957, playername = 'yumo',timeCT = '1214',timeTT = '624', timeSPE = '53',total = '1891' WHERE steamid = 'STEAM_1:0:768344490';
L 07/13/2025 - 20:15:57: Query UPDATE mostactive SET last_accountuse = 1752408957, playername = '好饿',timeCT = '999',timeTT = '594', timeSPE = '200',total = '1793' WHERE steamid = 'STEAM_1:1:806728604';
L 07/13/2025 - 20:15:57: Query UPDATE mostactive SET last_accountuse = 1752408957, playername = '是莉莉贝卡喵',timeCT = '1154',timeTT = '605', timeSPE = '18',total = '1777' WHERE steamid = 'STEAM_1:1:946538641';
L 07/13/2025 - 20:15:57: Query UPDATE mostactive SET last_accountuse = 1752408957, playername = 'fuck you',timeCT = '1110',timeTT = '589', timeSPE = '6',total = '1705' WHERE steamid = 'STEAM_1:0:502610040';
L 07/13/2025 - 20:15:57: Query UPDATE mostactive SET last_accountuse = 1752408957, playername = '(S)星河不及你',timeCT = '0',timeTT = '10', timeSPE = '1119',total = '1129' WHERE steamid = 'STEAM_1:0:740891484';
L 07/13/2025 - 20:15:57: Query UPDATE mostactive SET last_accountuse = 1752408957, playername = '(S)霁月(适应鼠标新灵敏',timeCT = '0',timeTT = '0', timeSPE = '786',total = '786' WHERE steamid = 'STEAM_1:1:617568585';
L 07/13/2025 - 20:15:57: Query UPDATE mostactive SET last_accountuse = 1752408957, playername = 'ฅFlowersou1ฅ',timeCT = '589',timeTT = '1109', timeSPE = '28',total = '1726' WHERE steamid = 'STEAM_1:0:520100151';
L 07/13/2025 - 20:15:57: Query UPDATE mostactive SET last_accountuse = 1752408957, playername = 'ฅฅ',timeCT = '532',timeTT = '408', timeSPE = '3',total = '943' WHERE steamid = 'STEAM_1:0:555402504';
L 07/13/2025 - 20:15:57: Query UPDATE mostactive SET last_accountuse = 1752408957, playername = '(S)Kobe Bryant',timeCT = '13413',timeTT = '14380', timeSPE = '830',total = '28623' WHERE steamid = 'STEAM_1:1:801237070';
L 07/13/2025 - 20:16:05: Query SELECT timeCT, timeTT, timeSPE FROM mostactive WHERE steamid = 'STEAM_1:0:923062785'
L 07/13/2025 - 20:16:05: Query SELECT timeCT, timeTT, timeSPE FROM mostactive WHERE steamid = 'STEAM_1:1:946538641'
L 07/13/2025 - 20:16:06: Query SELECT timeCT, timeTT, timeSPE FROM mostactive WHERE steamid = 'STEAM_1:0:631481250'
L 07/13/2025 - 20:16:06: Query SELECT timeCT, timeTT, timeSPE FROM mostactive WHERE steamid = 'STEAM_1:1:590841514'
L 07/13/2025 - 20:16:06: Query SELECT timeCT, timeTT, timeSPE FROM mostactive WHERE steamid = 'STEAM_1:0:555402504'
L 07/13/2025 - 20:16:06: Query SELECT timeCT, timeTT, timeSPE FROM mostactive WHERE steamid = 'STEAM_1:1:806728604'
L 07/13/2025 - 20:16:07: Query SELECT timeCT, timeTT, timeSPE FROM mostactive WHERE steamid = 'STEAM_1:0:520100151'
L 07/13/2025 - 20:16:07: Query SELECT timeCT, timeTT, timeSPE FROM mostactive WHERE steamid = 'STEAM_1:0:768344490'
L 07/13/2025 - 20:16:08: Query SELECT timeCT, timeTT, timeSPE FROM mostactive WHERE steamid = 'STEAM_1:1:617568585'
L 07/13/2025 - 20:16:08: Query SELECT timeCT, timeTT, timeSPE FROM mostactive WHERE steamid = 'STEAM_1:1:498610842'
L 07/13/2025 - 20:16:09: Query SELECT timeCT, timeTT, timeSPE FROM mostactive WHERE steamid = 'STEAM_1:0:502610040'
L 07/13/2025 - 20:16:12: Query SELECT timeCT, timeTT, timeSPE FROM mostactive WHERE steamid = 'STEAM_1:1:801237070'
L 07/13/2025 - 20:16:14: Query SELECT timeCT, timeTT, timeSPE FROM mostactive WHERE steamid = 'STEAM_1:0:740891484'
L 07/13/2025 - 20:18:28: Query UPDATE mostactive SET last_accountuse = 1752409108, playername = '(S)星河不及你',timeCT = '0',timeTT = '10', timeSPE = '1252',total = '1262' WHERE steamid = 'STEAM_1:0:740891484';
L 07/13/2025 - 20:26:46: Query UPDATE mostactive SET last_accountuse = 1752409606, playername = '(S)ᗜ◡ᗜ',timeCT = '13488',timeTT = '17619', timeSPE = '3950',total = '35057' WHERE steamid = 'STEAM_1:1:590841514';
L 07/13/2025 - 20:26:46: Query UPDATE mostactive SET last_accountuse = 1752409606, playername = '(S)Yy',timeCT = '6880',timeTT = '9801', timeSPE = '4848',total = '21529' WHERE steamid = 'STEAM_1:0:631481250';
L 07/13/2025 - 20:26:46: Query UPDATE mostactive SET last_accountuse = 1752409606, playername = 'low',timeCT = '10867',timeTT = '11530', timeSPE = '912',total = '23309' WHERE steamid = 'STEAM_1:0:923062785';
L 07/13/2025 - 20:26:46: Query UPDATE mostactive SET last_accountuse = 1752409606, playername = '邮电部诗人',timeCT = '833',timeTT = '1729', timeSPE = '746',total = '3308' WHERE steamid = 'STEAM_1:1:498610842';
L 07/13/2025 - 20:26:46: Query UPDATE mostactive SET last_accountuse = 1752409606, playername = 'yumo',timeCT = '1616',timeTT = '859', timeSPE = '54',total = '2529' WHERE steamid = 'STEAM_1:0:768344490';
L 07/13/2025 - 20:26:46: Query UPDATE mostactive SET last_accountuse = 1752409606, playername = '好饿',timeCT = '1401',timeTT = '829', timeSPE = '201',total = '2431' WHERE steamid = 'STEAM_1:1:806728604';
L 07/13/2025 - 20:26:46: Query UPDATE mostactive SET last_accountuse = 1752409606, playername = '是莉莉贝卡喵',timeCT = '1556',timeTT = '841', timeSPE = '19',total = '2416' WHERE steamid = 'STEAM_1:1:946538641';
L 07/13/2025 - 20:26:46: Query UPDATE mostactive SET last_accountuse = 1752409606, playername = 'fuck you',timeCT = '1512',timeTT = '821', timeSPE = '8',total = '2341' WHERE steamid = 'STEAM_1:0:502610040';
L 07/13/2025 - 20:26:46: Query UPDATE mostactive SET last_accountuse = 1752409606, playername = '(S)霁月(适应鼠标新灵敏',timeCT = '1',timeTT = '0', timeSPE = '1422',total = '1423' WHERE steamid = 'STEAM_1:1:617568585';
L 07/13/2025 - 20:26:46: Query UPDATE mostactive SET last_accountuse = 1752409606, playername = 'ฅFlowersou1ฅ',timeCT = '824',timeTT = '1511', timeSPE = '29',total = '2364' WHERE steamid = 'STEAM_1:0:520100151';
L 07/13/2025 - 20:26:46: Query UPDATE mostactive SET last_accountuse = 1752409606, playername = 'ฅฅ',timeCT = '767',timeTT = '810', timeSPE = '5',total = '1582' WHERE steamid = 'STEAM_1:0:555402504';
L 07/13/2025 - 20:26:46: Query UPDATE mostactive SET last_accountuse = 1752409606, playername = '(S)Kobe Bryant',timeCT = '13413',timeTT = '14380', timeSPE = '1462',total = '29255' WHERE steamid = 'STEAM_1:1:801237070';
L 07/13/2025 - 20:26:53: Query SELECT timeCT, timeTT, timeSPE FROM mostactive WHERE steamid = 'STEAM_1:0:923062785'
L 07/13/2025 - 20:26:54: Query SELECT timeCT, timeTT, timeSPE FROM mostactive WHERE steamid = 'STEAM_1:0:631481250'
L 07/13/2025 - 20:26:54: Query SELECT timeCT, timeTT, timeSPE FROM mostactive WHERE steamid = 'STEAM_1:1:590841514'
L 07/13/2025 - 20:26:54: Query SELECT timeCT, timeTT, timeSPE FROM mostactive WHERE steamid = 'STEAM_1:1:946538641'
L 07/13/2025 - 20:26:54: Query SELECT timeCT, timeTT, timeSPE FROM mostactive WHERE steamid = 'STEAM_1:0:768344490'
L 07/13/2025 - 20:26:54: Query SELECT timeCT, timeTT, timeSPE FROM mostactive WHERE steamid = 'STEAM_1:0:520100151'
L 07/13/2025 - 20:26:54: Query SELECT timeCT, timeTT, timeSPE FROM mostactive WHERE steamid = 'STEAM_1:0:555402504'
L 07/13/2025 - 20:26:56: Query SELECT timeCT, timeTT, timeSPE FROM mostactive WHERE steamid = 'STEAM_1:1:617568585'
L 07/13/2025 - 20:26:57: Query SELECT timeCT, timeTT, timeSPE FROM mostactive WHERE steamid = 'STEAM_1:1:498610842'
L 07/13/2025 - 20:26:57: Query SELECT timeCT, timeTT, timeSPE FROM mostactive WHERE steamid = 'STEAM_1:1:806728604'
L 07/13/2025 - 20:26:58: Query SELECT timeCT, timeTT, timeSPE FROM mostactive WHERE steamid = 'STEAM_1:0:502610040'
L 07/13/2025 - 20:26:59: Query SELECT timeCT, timeTT, timeSPE FROM mostactive WHERE steamid = 'STEAM_1:1:801237070'
L 07/13/2025 - 20:27:07: Query SELECT timeCT, timeTT, timeSPE FROM mostactive WHERE steamid = 'STEAM_1:0:740891484'
L 07/13/2025 - 20:37:20: Query UPDATE mostactive SET last_accountuse = 1752410240, playername = '(S)Kobe Bryant',timeCT = '13413',timeTT = '14380', timeSPE = '2082',total = '29875' WHERE steamid = 'STEAM_1:1:801237070';
L 07/13/2025 - 20:46:08: Query UPDATE mostactive SET last_accountuse = 1752410768, playername = '(S)ᗜ◡ᗜ',timeCT = '13488',timeTT = '17619', timeSPE = '5104',total = '36211' WHERE steamid = 'STEAM_1:1:590841514';
L 07/13/2025 - 20:46:08: Query UPDATE mostactive SET last_accountuse = 1752410768, playername = '(S)Yy',timeCT = '6881',timeTT = '9801', timeSPE = '6001',total = '22683' WHERE steamid = 'STEAM_1:0:631481250';
L 07/13/2025 - 20:46:08: Query UPDATE mostactive SET last_accountuse = 1752410768, playername = 'low',timeCT = '11493',timeTT = '12031', timeSPE = '940',total = '24464' WHERE steamid = 'STEAM_1:0:923062785';
L 07/13/2025 - 20:46:08: Query UPDATE mostactive SET last_accountuse = 1752410768, playername = '邮电部诗人',timeCT = '1461',timeTT = '2251', timeSPE = '747',total = '4459' WHERE steamid = 'STEAM_1:1:498610842';
L 07/13/2025 - 20:46:08: Query UPDATE mostactive SET last_accountuse = 1752410768, playername = 'yumo',timeCT = '2141',timeTT = '1487', timeSPE = '55',total = '3683' WHERE steamid = 'STEAM_1:0:768344490';
L 07/13/2025 - 20:46:08: Query UPDATE mostactive SET last_accountuse = 1752410768, playername = '好饿',timeCT = '1923',timeTT = '1457', timeSPE = '202',total = '3582' WHERE steamid = 'STEAM_1:1:806728604';
L 07/13/2025 - 20:46:08: Query UPDATE mostactive SET last_accountuse = 1752410768, playername = '是莉莉贝卡喵',timeCT = '2082',timeTT = '1469', timeSPE = '19',total = '3570' WHERE steamid = 'STEAM_1:1:946538641';
L 07/13/2025 - 20:46:08: Query UPDATE mostactive SET last_accountuse = 1752410768, playername = 'fuck you',timeCT = '2031',timeTT = '1449', timeSPE = '11',total = '3491' WHERE steamid = 'STEAM_1:0:502610040';
L 07/13/2025 - 20:46:08: Query UPDATE mostactive SET last_accountuse = 1752410768, playername = '(S)星河不及你',timeCT = '0',timeTT = '10', timeSPE = '2393',total = '2403' WHERE steamid = 'STEAM_1:0:740891484';
L 07/13/2025 - 20:46:08: Query UPDATE mostactive SET last_accountuse = 1752410768, playername = '(S)霁月(适应鼠标新灵敏',timeCT = '2',timeTT = '0', timeSPE = '2573',total = '2575' WHERE steamid = 'STEAM_1:1:617568585';
L 07/13/2025 - 20:46:08: Query UPDATE mostactive SET last_accountuse = 1752410768, playername = 'ฅFlowersou1ฅ',timeCT = '1452',timeTT = '2036', timeSPE = '30',total = '3518' WHERE steamid = 'STEAM_1:0:520100151';
L 07/13/2025 - 20:46:08: Query UPDATE mostactive SET last_accountuse = 1752410768, playername = 'ฅฅ',timeCT = '1395',timeTT = '1335', timeSPE = '6',total = '2736' WHERE steamid = 'STEAM_1:0:555402504';
L 07/13/2025 - 20:46:19: Query SELECT timeCT, timeTT, timeSPE FROM mostactive WHERE steamid = 'STEAM_1:0:923062785'
L 07/13/2025 - 20:46:20: Query SELECT timeCT, timeTT, timeSPE FROM mostactive WHERE steamid = 'STEAM_1:0:631481250'
L 07/13/2025 - 20:46:20: Query SELECT timeCT, timeTT, timeSPE FROM mostactive WHERE steamid = 'STEAM_1:1:946538641'
L 07/13/2025 - 20:46:20: Query SELECT timeCT, timeTT, timeSPE FROM mostactive WHERE steamid = 'STEAM_1:0:520100151'
L 07/13/2025 - 20:46:20: Query SELECT timeCT, timeTT, timeSPE FROM mostactive WHERE steamid = 'STEAM_1:0:555402504'
L 07/13/2025 - 20:46:21: Query SELECT timeCT, timeTT, timeSPE FROM mostactive WHERE steamid = 'STEAM_1:1:590841514'
L 07/13/2025 - 20:46:21: Query SELECT timeCT, timeTT, timeSPE FROM mostactive WHERE steamid = 'STEAM_1:0:768344490'
L 07/13/2025 - 20:46:21: Query SELECT timeCT, timeTT, timeSPE FROM mostactive WHERE steamid = 'STEAM_1:1:617568585'
L 07/13/2025 - 20:46:22: Query SELECT timeCT, timeTT, timeSPE FROM mostactive WHERE steamid = 'STEAM_1:1:498610842'
L 07/13/2025 - 20:46:23: Query SELECT timeCT, timeTT, timeSPE FROM mostactive WHERE steamid = 'STEAM_1:1:806728604'
L 07/13/2025 - 20:46:23: Query SELECT timeCT, timeTT, timeSPE FROM mostactive WHERE steamid = 'STEAM_1:0:502610040'
L 07/13/2025 - 20:46:32: Query SELECT timeCT, timeTT, timeSPE FROM mostactive WHERE steamid = 'STEAM_1:0:740891484'
L 07/13/2025 - 20:46:59: Query UPDATE mostactive SET last_accountuse = 1752410819, playername = '(S)星河不及你',timeCT = '0',timeTT = '10', timeSPE = '2420',total = '2430' WHERE steamid = 'STEAM_1:0:740891484';
L 07/13/2025 - 20:50:46: Query SELECT timeCT, timeTT, timeSPE FROM mostactive WHERE steamid = 'STEAM_1:0:737524785'
L 07/13/2025 - 20:50:46: Query INSERT INTO mostactive(playername, steamid, last_accountuse, timeCT, timeTT, timeSPE, total) VALUES('Me3lcom', 'STEAM_1:0:737524785', '1752411046', '0', '0', '0', '0');
L 07/13/2025 - 20:53:16: Query UPDATE mostactive SET last_accountuse = 1752411196, playername = '(S)Me3lcom',timeCT = '0',timeTT = '0', timeSPE = '150',total = '150' WHERE steamid = 'STEAM_1:0:737524785';
L 07/13/2025 - 21:02:23: Query UPDATE mostactive SET last_accountuse = 1752411743, playername = '(S)ᗜ◡ᗜ',timeCT = '13488',timeTT = '17619', timeSPE = '6066',total = '37173' WHERE steamid = 'STEAM_1:1:590841514';
L 07/13/2025 - 21:02:23: Query UPDATE mostactive SET last_accountuse = 1752411743, playername = '(S)Yy',timeCT = '6881',timeTT = '9801', timeSPE = '6965',total = '23647' WHERE steamid = 'STEAM_1:0:631481250';
L 07/13/2025 - 21:02:23: Query UPDATE mostactive SET last_accountuse = 1752411743, playername = 'low',timeCT = '11928',timeTT = '12560', timeSPE = '940',total = '25428' WHERE steamid = 'STEAM_1:0:923062785';
L 07/13/2025 - 21:02:23: Query UPDATE mostactive SET last_accountuse = 1752411743, playername = '邮电部诗人',timeCT = '1896',timeTT = '2775', timeSPE = '749',total = '5420' WHERE steamid = 'STEAM_1:1:498610842';
L 07/13/2025 - 21:02:23: Query UPDATE mostactive SET last_accountuse = 1752411743, playername = 'yumo',timeCT = '2667',timeTT = '1922', timeSPE = '56',total = '4645' WHERE steamid = 'STEAM_1:0:768344490';
L 07/13/2025 - 21:02:23: Query UPDATE mostactive SET last_accountuse = 1752411743, playername = '好饿',timeCT = '2447',timeTT = '1892', timeSPE = '203',total = '4542' WHERE steamid = 'STEAM_1:1:806728604';
L 07/13/2025 - 21:02:23: Query UPDATE mostactive SET last_accountuse = 1752411743, playername = '是莉莉贝卡喵',timeCT = '2609',timeTT = '1904', timeSPE = '20',total = '4533' WHERE steamid = 'STEAM_1:1:946538641';
L 07/13/2025 - 21:02:23: Query UPDATE mostactive SET last_accountuse = 1752411743, playername = 'fuck you',timeCT = '2552',timeTT = '1884', timeSPE = '15',total = '4451' WHERE steamid = 'STEAM_1:0:502610040';
L 07/13/2025 - 21:02:23: Query UPDATE mostactive SET last_accountuse = 1752411743, playername = '(S)霁月(适应鼠标新灵敏',timeCT = '2',timeTT = '0', timeSPE = '3535',total = '3537' WHERE steamid = 'STEAM_1:1:617568585';
L 07/13/2025 - 21:02:23: Query UPDATE mostactive SET last_accountuse = 1752411743, playername = 'ฅFlowersou1ฅ',timeCT = '1887',timeTT = '2563', timeSPE = '31',total = '4481' WHERE steamid = 'STEAM_1:0:520100151';
L 07/13/2025 - 21:02:23: Query UPDATE mostactive SET last_accountuse = 1752411743, playername = 'ฅฅ',timeCT = '1830',timeTT = '1862', timeSPE = '7',total = '3699' WHERE steamid = 'STEAM_1:0:555402504';
L 07/13/2025 - 21:02:30: Query SELECT timeCT, timeTT, timeSPE FROM mostactive WHERE steamid = 'STEAM_1:0:923062785'
L 07/13/2025 - 21:02:31: Query SELECT timeCT, timeTT, timeSPE FROM mostactive WHERE steamid = 'STEAM_1:1:946538641'
L 07/13/2025 - 21:02:31: Query SELECT timeCT, timeTT, timeSPE FROM mostactive WHERE steamid = 'STEAM_1:0:520100151'
L 07/13/2025 - 21:02:32: Query SELECT timeCT, timeTT, timeSPE FROM mostactive WHERE steamid = 'STEAM_1:0:631481250'
L 07/13/2025 - 21:02:32: Query SELECT timeCT, timeTT, timeSPE FROM mostactive WHERE steamid = 'STEAM_1:0:768344490'
L 07/13/2025 - 21:02:32: Query SELECT timeCT, timeTT, timeSPE FROM mostactive WHERE steamid = 'STEAM_1:1:590841514'
L 07/13/2025 - 21:02:33: Query SELECT timeCT, timeTT, timeSPE FROM mostactive WHERE steamid = 'STEAM_1:0:555402504'
L 07/13/2025 - 21:02:33: Query SELECT timeCT, timeTT, timeSPE FROM mostactive WHERE steamid = 'STEAM_1:1:617568585'
L 07/13/2025 - 21:02:34: Query SELECT timeCT, timeTT, timeSPE FROM mostactive WHERE steamid = 'STEAM_1:1:806728604'
L 07/13/2025 - 21:02:34: Query SELECT timeCT, timeTT, timeSPE FROM mostactive WHERE steamid = 'STEAM_1:1:498610842'
L 07/13/2025 - 21:02:39: Query SELECT timeCT, timeTT, timeSPE FROM mostactive WHERE steamid = 'STEAM_1:0:502610040'
L 07/13/2025 - 21:05:07: Query SELECT timeCT, timeTT, timeSPE FROM mostactive WHERE steamid = 'STEAM_1:1:630535653'
L 07/13/2025 - 21:05:07: Query INSERT INTO mostactive(playername, steamid, last_accountuse, timeCT, timeTT, timeSPE, total) VALUES('我曾安眠，赤染之茧', 'STEAM_1:1:630535653', '1752411907', '0', '0', '0', '0');
L 07/13/2025 - 21:12:01: Query UPDATE mostactive SET last_accountuse = 1752412321, playername = '(S)Yy',timeCT = '6881',timeTT = '9801', timeSPE = '7531',total = '24213' WHERE steamid = 'STEAM_1:0:631481250';
L 07/13/2025 - 21:21:53: Query UPDATE mostactive SET last_accountuse = 1752412913, playername = 'fuck you',timeCT = '3128',timeTT = '2452', timeSPE = '18',total = '5598' WHERE steamid = 'STEAM_1:0:502610040';
L 07/13/2025 - 21:21:55: Query UPDATE mostactive SET last_accountuse = 1752412915, playername = '不收徒',timeCT = '3196',timeTT = '2473', timeSPE = '21',total = '5690' WHERE steamid = 'STEAM_1:1:946538641';
L 07/13/2025 - 21:21:55: Query UPDATE mostactive SET last_accountuse = 1752412915, playername = '(S)好饿',timeCT = '2601',timeTT = '1892', timeSPE = '1203',total = '5696' WHERE steamid = 'STEAM_1:1:806728604';
L 07/13/2025 - 21:21:55: Query UPDATE mostactive SET last_accountuse = 1752412915, playername = 'yumo',timeCT = '3253',timeTT = '2492', timeSPE = '57',total = '5802' WHERE steamid = 'STEAM_1:0:768344490';
L 07/13/2025 - 21:21:58: Query UPDATE mostactive SET last_accountuse = 1752412918, playername = '我曾安眠，赤染之茧',timeCT = '425',timeTT = '573', timeSPE = '6',total = '1004' WHERE steamid = 'STEAM_1:1:630535653';
L 07/13/2025 - 21:21:58: Query UPDATE mostactive SET last_accountuse = 1752412918, playername = 'low',timeCT = '12501',timeTT = '13148', timeSPE = '940',total = '26589' WHERE steamid = 'STEAM_1:0:923062785';
L 07/13/2025 - 21:22:03: Query UPDATE mostactive SET last_accountuse = 1752412923, playername = '邮电部诗人',timeCT = '2473',timeTT = '3358', timeSPE = '751',total = '6582' WHERE steamid = 'STEAM_1:1:498610842';
L 07/13/2025 - 21:22:05: Query UPDATE mostactive SET last_accountuse = 1752412925, playername = 'ฅFlowersou1ฅ',timeCT = '2466',timeTT = '3149', timeSPE = '32',total = '5647' WHERE steamid = 'STEAM_1:0:520100151';
L 07/13/2025 - 21:22:05: Query UPDATE mostactive SET last_accountuse = 1752412925, playername = 'ฅฅ',timeCT = '2410',timeTT = '2447', timeSPE = '8',total = '4865' WHERE steamid = 'STEAM_1:0:555402504';
L 07/13/2025 - 21:22:05: Query UPDATE mostactive SET last_accountuse = 1752412925, playername = '(S)霁月(适应鼠标新灵敏',timeCT = '2',timeTT = '0', timeSPE = '4701',total = '4703' WHERE steamid = 'STEAM_1:1:617568585';
L 07/13/2025 - 21:22:05: Query UPDATE mostactive SET last_accountuse = 1752412925, playername = '(S)ᗜ◡ᗜ',timeCT = '13488',timeTT = '17620', timeSPE = '7232',total = '38340' WHERE steamid = 'STEAM_1:1:590841514';
