L 07/14/2025 - 21:17:33: Query CREATE TABLE IF NOT EXISTS `mostactive` (`playername` varchar(128) NOT NULL, `steamid` varchar(32) PRIMARY KEY NOT NULL,`last_accountuse` int(64) NOT NULL, `timeCT` INT( 16 ), `timeTT` INT( 16 ),`timeSPE` INT( 16 ), `total` INT( 16 ))
L 07/14/2025 - 21:17:33: Query DELETE FROM `mostactive` WHERE `last_accountuse`<'1750252653' AND `last_accountuse`>'0';
L 07/14/2025 - 21:17:33: Query SELECT timeCT, timeTT, timeSPE FROM mostactive WHERE steamid = 'STEAM_1:1:590841514'
L 07/14/2025 - 21:17:36: Query UPDATE mostactive SET last_accountuse = 1752499056, playername = '(ᗜᴗᗜ)',timeCT = '14980',timeTT = '18734', timeSPE = '7434',total = '41148' WHERE steamid = 'STEAM_1:1:590841514';
L 07/14/2025 - 21:17:46: Query SELECT timeCT, timeTT, timeSPE FROM mostactive WHERE steamid = 'STEAM_1:1:590841514'
L 07/14/2025 - 21:18:09: Query SELECT timeCT, timeTT, timeSPE FROM mostactive WHERE steamid = 'STEAM_1:0:845964559'
L 07/14/2025 - 21:18:12: Query UPDATE mostactive SET last_accountuse = 1752499092, playername = '(ᗜᴗᗜ)',timeCT = '14980',timeTT = '18756', timeSPE = '7438',total = '41174' WHERE steamid = 'STEAM_1:1:590841514';
L 07/14/2025 - 21:18:12: Query UPDATE mostactive SET last_accountuse = 1752499092, playername = 'Tom',timeCT = '4413',timeTT = '5703', timeSPE = '5773',total = '15889' WHERE steamid = 'STEAM_1:0:845964559';
L 07/14/2025 - 21:18:23: Query SELECT timeCT, timeTT, timeSPE FROM mostactive WHERE steamid = 'STEAM_1:1:590841514'
L 07/14/2025 - 21:21:18: Query SELECT timeCT, timeTT, timeSPE FROM mostactive WHERE steamid = 'STEAM_1:0:756384916'
L 07/14/2025 - 21:21:31: Query SELECT timeCT, timeTT, timeSPE FROM mostactive WHERE steamid = 'STEAM_1:0:631481250'
L 07/14/2025 - 21:21:55: Query SELECT timeCT, timeTT, timeSPE FROM mostactive WHERE steamid = 'STEAM_1:1:801237070'
L 07/14/2025 - 21:27:28: Query SELECT timeCT, timeTT, timeSPE FROM mostactive WHERE steamid = 'STEAM_1:0:575868099'
L 07/14/2025 - 21:27:28: Query INSERT INTO mostactive(playername, steamid, last_accountuse, timeCT, timeTT, timeSPE, total) VALUES('伽藍堂', 'STEAM_1:0:575868099', '1752499648', '0', '0', '0', '0');
L 07/14/2025 - 21:29:04: Query SELECT timeCT, timeTT, timeSPE FROM mostactive WHERE steamid = 'STEAM_1:1:441087368'
L 07/14/2025 - 21:29:04: Query INSERT INTO mostactive(playername, steamid, last_accountuse, timeCT, timeTT, timeSPE, total) VALUES('Akiyama Mio', 'STEAM_1:1:441087368', '1752499744', '0', '0', '0', '0');
L 07/14/2025 - 21:29:06: Query UPDATE mostactive SET last_accountuse = 1752499746, playername = 'Akiyama Mio',timeCT = '1',timeTT = '0', timeSPE = '2',total = '3' WHERE steamid = 'STEAM_1:1:441087368';
L 07/14/2025 - 21:30:00: Query SELECT timeCT, timeTT, timeSPE FROM mostactive WHERE steamid = 'STEAM_1:1:441087368'
L 07/14/2025 - 21:30:17: Query SELECT timeCT, timeTT, timeSPE FROM mostactive WHERE steamid = 'STEAM_1:1:621303880'
L 07/14/2025 - 21:30:17: Query INSERT INTO mostactive(playername, steamid, last_accountuse, timeCT, timeTT, timeSPE, total) VALUES('=_=', 'STEAM_1:1:621303880', '1752499817', '0', '0', '0', '0');
L 07/14/2025 - 21:32:26: Query SELECT timeCT, timeTT, timeSPE FROM mostactive WHERE steamid = 'STEAM_1:1:806728604'
L 07/14/2025 - 21:37:00: Query SELECT timeCT, timeTT, timeSPE FROM mostactive WHERE steamid = 'STEAM_1:1:619101967'
L 07/14/2025 - 21:39:13: Query UPDATE mostactive SET last_accountuse = 1752500353, playername = '慧心老师',timeCT = '14540',timeTT = '16292', timeSPE = '2246',total = '33078' WHERE steamid = 'STEAM_1:1:801237070';
L 07/14/2025 - 21:41:34: Query SELECT timeCT, timeTT, timeSPE FROM mostactive WHERE steamid = 'STEAM_1:1:801237070'
L 07/14/2025 - 21:44:31: Query SELECT timeCT, timeTT, timeSPE FROM mostactive WHERE steamid = 'STEAM_1:0:740891484'
L 07/14/2025 - 21:44:56: Query SELECT timeCT, timeTT, timeSPE FROM mostactive WHERE steamid = 'STEAM_1:0:598796369'
L 07/14/2025 - 21:44:56: Query INSERT INTO mostactive(playername, steamid, last_accountuse, timeCT, timeTT, timeSPE, total) VALUES('痴心', 'STEAM_1:0:598796369', '1752500696', '0', '0', '0', '0');
L 07/14/2025 - 21:50:34: Query SELECT timeCT, timeTT, timeSPE FROM mostactive WHERE steamid = 'STEAM_1:0:753069138'
L 07/14/2025 - 21:50:34: Query INSERT INTO mostactive(playername, steamid, last_accountuse, timeCT, timeTT, timeSPE, total) VALUES('伤心小猫', 'STEAM_1:0:753069138', '1752501034', '0', '0', '0', '0');
L 07/14/2025 - 21:57:31: Query SELECT timeCT, timeTT, timeSPE FROM mostactive WHERE steamid = 'STEAM_1:1:745318118'
L 07/14/2025 - 22:06:09: Query UPDATE mostactive SET last_accountuse = 1752501969, playername = '好饿',timeCT = '3195',timeTT = '3255', timeSPE = '1267',total = '7717' WHERE steamid = 'STEAM_1:1:806728604';
L 07/14/2025 - 22:06:22: Query UPDATE mostactive SET last_accountuse = 1752501982, playername = '(S)Kobe Bryant',timeCT = '15173',timeTT = '17118', timeSPE = '2273',total = '34564' WHERE steamid = 'STEAM_1:1:801237070';
L 07/14/2025 - 22:06:35: Query UPDATE mostactive SET last_accountuse = 1752501995, playername = '(S)(ᗜᴗᗜ)',timeCT = '14980',timeTT = '18768', timeSPE = '10316',total = '44064' WHERE steamid = 'STEAM_1:1:590841514';
L 07/14/2025 - 22:06:35: Query UPDATE mostactive SET last_accountuse = 1752501995, playername = '甜菜少女',timeCT = '7548',timeTT = '12027', timeSPE = '7648',total = '27223' WHERE steamid = 'STEAM_1:0:631481250';
L 07/14/2025 - 22:06:35: Query UPDATE mostactive SET last_accountuse = 1752501995, playername = '伽藍堂',timeCT = '1461',timeTT = '620', timeSPE = '264',total = '2345' WHERE steamid = 'STEAM_1:0:575868099';
L 07/14/2025 - 22:06:35: Query UPDATE mostactive SET last_accountuse = 1752501995, playername = 'Akiyama Mio',timeCT = '1512',timeTT = '620', timeSPE = '65',total = '2197' WHERE steamid = 'STEAM_1:1:441087368';
L 07/14/2025 - 22:06:35: Query UPDATE mostactive SET last_accountuse = 1752501995, playername = 'suki',timeCT = '5327',timeTT = '6988', timeSPE = '2428',total = '14743' WHERE steamid = 'STEAM_1:1:619101967';
L 07/14/2025 - 22:06:35: Query UPDATE mostactive SET last_accountuse = 1752501995, playername = '倒带',timeCT = '3956',timeTT = '5109', timeSPE = '266',total = '9331' WHERE steamid = 'STEAM_1:0:756384916';
L 07/14/2025 - 22:06:35: Query UPDATE mostactive SET last_accountuse = 1752501995, playername = '11',timeCT = '1502',timeTT = '620', timeSPE = '55',total = '2177' WHERE steamid = 'STEAM_1:1:621303880';
L 07/14/2025 - 22:06:35: Query UPDATE mostactive SET last_accountuse = 1752501995, playername = '(S)星河不及你',timeCT = '0',timeTT = '10', timeSPE = '3742',total = '3752' WHERE steamid = 'STEAM_1:0:740891484';
L 07/14/2025 - 22:06:35: Query UPDATE mostactive SET last_accountuse = 1752501995, playername = '(S)嫉惡',timeCT = '0',timeTT = '0', timeSPE = '1297',total = '1297' WHERE steamid = 'STEAM_1:0:598796369';
L 07/14/2025 - 22:06:35: Query UPDATE mostactive SET last_accountuse = 1752501995, playername = '(S)伤心小猫',timeCT = '0',timeTT = '0', timeSPE = '960',total = '960' WHERE steamid = 'STEAM_1:0:753069138';
L 07/14/2025 - 22:06:35: Query UPDATE mostactive SET last_accountuse = 1752501995, playername = '(S)朝朝',timeCT = '125',timeTT = '2558', timeSPE = '581',total = '3264' WHERE steamid = 'STEAM_1:1:745318118';
L 07/14/2025 - 22:07:10: Query SELECT timeCT, timeTT, timeSPE FROM mostactive WHERE steamid = 'STEAM_1:0:631481250'
L 07/14/2025 - 22:07:10: Query SELECT timeCT, timeTT, timeSPE FROM mostactive WHERE steamid = 'STEAM_1:0:598796369'
L 07/14/2025 - 22:07:11: Query SELECT timeCT, timeTT, timeSPE FROM mostactive WHERE steamid = 'STEAM_1:1:590841514'
L 07/14/2025 - 22:07:11: Query SELECT timeCT, timeTT, timeSPE FROM mostactive WHERE steamid = 'STEAM_1:1:745318118'
L 07/14/2025 - 22:07:12: Query SELECT timeCT, timeTT, timeSPE FROM mostactive WHERE steamid = 'STEAM_1:1:619101967'
L 07/14/2025 - 22:07:13: Query SELECT timeCT, timeTT, timeSPE FROM mostactive WHERE steamid = 'STEAM_1:1:621303880'
L 07/14/2025 - 22:07:14: Query SELECT timeCT, timeTT, timeSPE FROM mostactive WHERE steamid = 'STEAM_1:1:441087368'
L 07/14/2025 - 22:07:14: Query SELECT timeCT, timeTT, timeSPE FROM mostactive WHERE steamid = 'STEAM_1:0:575868099'
L 07/14/2025 - 22:07:20: Query SELECT timeCT, timeTT, timeSPE FROM mostactive WHERE steamid = 'STEAM_1:0:756384916'
L 07/14/2025 - 22:07:22: Query SELECT timeCT, timeTT, timeSPE FROM mostactive WHERE steamid = 'STEAM_1:0:753069138'
L 07/14/2025 - 22:07:25: Query SELECT timeCT, timeTT, timeSPE FROM mostactive WHERE steamid = 'STEAM_1:0:740891484'
L 07/14/2025 - 22:16:25: Query SELECT timeCT, timeTT, timeSPE FROM mostactive WHERE steamid = 'STEAM_1:1:781588345'
L 07/14/2025 - 22:16:25: Query INSERT INTO mostactive(playername, steamid, last_accountuse, timeCT, timeTT, timeSPE, total) VALUES('斐济北', 'STEAM_1:1:781588345', '1752502585', '0', '0', '0', '0');
L 07/14/2025 - 22:18:30: Query UPDATE mostactive SET last_accountuse = 1752502710, playername = '(S)(ᗜᴗᗜ)',timeCT = '14980',timeTT = '18768', timeSPE = '10992',total = '44740' WHERE steamid = 'STEAM_1:1:590841514';
L 07/14/2025 - 22:18:30: Query UPDATE mostactive SET last_accountuse = 1752502710, playername = 'Yy',timeCT = '7844',timeTT = '12407', timeSPE = '7649',total = '27900' WHERE steamid = 'STEAM_1:0:631481250';
L 07/14/2025 - 22:18:30: Query UPDATE mostactive SET last_accountuse = 1752502710, playername = '伽藍堂',timeCT = '1841',timeTT = '911', timeSPE = '266',total = '3018' WHERE steamid = 'STEAM_1:0:575868099';
L 07/14/2025 - 22:18:30: Query UPDATE mostactive SET last_accountuse = 1752502710, playername = 'Akiyama Mio',timeCT = '1892',timeTT = '911', timeSPE = '68',total = '2871' WHERE steamid = 'STEAM_1:1:441087368';
L 07/14/2025 - 22:18:30: Query UPDATE mostactive SET last_accountuse = 1752502710, playername = 'suki',timeCT = '5621',timeTT = '7368', timeSPE = '2429',total = '15418' WHERE steamid = 'STEAM_1:1:619101967';
L 07/14/2025 - 22:18:30: Query UPDATE mostactive SET last_accountuse = 1752502710, playername = '倒带',timeCT = '4337',timeTT = '5393', timeSPE = '269',total = '9999' WHERE steamid = 'STEAM_1:0:756384916';
L 07/14/2025 - 22:18:30: Query UPDATE mostactive SET last_accountuse = 1752502710, playername = '(S)斐济北',timeCT = '1',timeTT = '0', timeSPE = '124',total = '125' WHERE steamid = 'STEAM_1:1:781588345';
L 07/14/2025 - 22:18:30: Query UPDATE mostactive SET last_accountuse = 1752502710, playername = '去电影院偷薯片吃',timeCT = '1882',timeTT = '913', timeSPE = '56',total = '2851' WHERE steamid = 'STEAM_1:1:621303880';
L 07/14/2025 - 22:18:30: Query UPDATE mostactive SET last_accountuse = 1752502710, playername = '星河不及你',timeCT = '217',timeTT = '390', timeSPE = '3807',total = '4414' WHERE steamid = 'STEAM_1:0:740891484';
L 07/14/2025 - 22:18:30: Query UPDATE mostactive SET last_accountuse = 1752502710, playername = '(S)CP.萤',timeCT = '0',timeTT = '0', timeSPE = '1974',total = '1974' WHERE steamid = 'STEAM_1:0:598796369';
L 07/14/2025 - 22:18:30: Query UPDATE mostactive SET last_accountuse = 1752502710, playername = '(S)变脸高手',timeCT = '1',timeTT = '0', timeSPE = '1624',total = '1625' WHERE steamid = 'STEAM_1:0:753069138';
L 07/14/2025 - 22:18:30: Query UPDATE mostactive SET last_accountuse = 1752502710, playername = '朝朝',timeCT = '382',timeTT = '2938', timeSPE = '620',total = '3940' WHERE steamid = 'STEAM_1:1:745318118';
L 07/14/2025 - 22:18:41: Query SELECT timeCT, timeTT, timeSPE FROM mostactive WHERE steamid = 'STEAM_1:1:781588345'
L 07/14/2025 - 22:18:41: Query SELECT timeCT, timeTT, timeSPE FROM mostactive WHERE steamid = 'STEAM_1:0:631481250'
L 07/14/2025 - 22:18:41: Query SELECT timeCT, timeTT, timeSPE FROM mostactive WHERE steamid = 'STEAM_1:0:598796369'
L 07/14/2025 - 22:18:41: Query SELECT timeCT, timeTT, timeSPE FROM mostactive WHERE steamid = 'STEAM_1:1:619101967'
L 07/14/2025 - 22:18:41: Query SELECT timeCT, timeTT, timeSPE FROM mostactive WHERE steamid = 'STEAM_1:1:590841514'
L 07/14/2025 - 22:18:42: Query SELECT timeCT, timeTT, timeSPE FROM mostactive WHERE steamid = 'STEAM_1:1:745318118'
L 07/14/2025 - 22:18:43: Query SELECT timeCT, timeTT, timeSPE FROM mostactive WHERE steamid = 'STEAM_1:1:621303880'
L 07/14/2025 - 22:18:43: Query SELECT timeCT, timeTT, timeSPE FROM mostactive WHERE steamid = 'STEAM_1:0:575868099'
L 07/14/2025 - 22:18:43: Query SELECT timeCT, timeTT, timeSPE FROM mostactive WHERE steamid = 'STEAM_1:1:441087368'
L 07/14/2025 - 22:18:49: Query SELECT timeCT, timeTT, timeSPE FROM mostactive WHERE steamid = 'STEAM_1:0:753069138'
L 07/14/2025 - 22:18:50: Query SELECT timeCT, timeTT, timeSPE FROM mostactive WHERE steamid = 'STEAM_1:0:756384916'
L 07/14/2025 - 22:18:53: Query SELECT timeCT, timeTT, timeSPE FROM mostactive WHERE steamid = 'STEAM_1:0:740891484'
L 07/14/2025 - 22:22:33: Query SELECT timeCT, timeTT, timeSPE FROM mostactive WHERE steamid = 'STEAM_1:0:845964559'
L 07/14/2025 - 22:26:02: Query SELECT timeCT, timeTT, timeSPE FROM mostactive WHERE steamid = 'STEAM_1:0:614602921'
L 07/14/2025 - 22:26:02: Query INSERT INTO mostactive(playername, steamid, last_accountuse, timeCT, timeTT, timeSPE, total) VALUES('God knows...', 'STEAM_1:0:614602921', '1752503162', '0', '0', '0', '0');
L 07/14/2025 - 22:33:35: Query UPDATE mostactive SET last_accountuse = 1752503615, playername = '(S)Tom',timeCT = '4413',timeTT = '5703', timeSPE = '6436',total = '16552' WHERE steamid = 'STEAM_1:0:845964559';
L 07/14/2025 - 22:37:59: Query UPDATE mostactive SET last_accountuse = 1752503879, playername = '(S)(ᗜᴗᗜ)',timeCT = '14981',timeTT = '18768', timeSPE = '12148',total = '45897' WHERE steamid = 'STEAM_1:1:590841514';
L 07/14/2025 - 22:37:59: Query UPDATE mostactive SET last_accountuse = 1752503879, playername = 'Yy',timeCT = '8634',timeTT = '12772', timeSPE = '7651',total = '29057' WHERE steamid = 'STEAM_1:0:631481250';
L 07/14/2025 - 22:37:59: Query UPDATE mostactive SET last_accountuse = 1752503879, playername = '伽藍堂',timeCT = '2206',timeTT = '1699', timeSPE = '268',total = '4173' WHERE steamid = 'STEAM_1:0:575868099';
L 07/14/2025 - 22:37:59: Query UPDATE mostactive SET last_accountuse = 1752503879, playername = 'Akiyama Mio',timeCT = '2257',timeTT = '1699', timeSPE = '70',total = '4026' WHERE steamid = 'STEAM_1:1:441087368';
L 07/14/2025 - 22:37:59: Query UPDATE mostactive SET last_accountuse = 1752503879, playername = 'suki',timeCT = '6411',timeTT = '7733', timeSPE = '2431',total = '16575' WHERE steamid = 'STEAM_1:1:619101967';
L 07/14/2025 - 22:37:59: Query UPDATE mostactive SET last_accountuse = 1752503879, playername = '倒带',timeCT = '4702',timeTT = '6174', timeSPE = '272',total = '11148' WHERE steamid = 'STEAM_1:0:756384916';
L 07/14/2025 - 22:37:59: Query UPDATE mostactive SET last_accountuse = 1752503879, playername = '(S)斐济北',timeCT = '2',timeTT = '0', timeSPE = '1281',total = '1283' WHERE steamid = 'STEAM_1:1:781588345';
L 07/14/2025 - 22:37:59: Query UPDATE mostactive SET last_accountuse = 1752503879, playername = '=_=',timeCT = '2247',timeTT = '1702', timeSPE = '58',total = '4007' WHERE steamid = 'STEAM_1:1:621303880';
L 07/14/2025 - 22:37:59: Query UPDATE mostactive SET last_accountuse = 1752503879, playername = '星河不及你',timeCT = '993',timeTT = '755', timeSPE = '3811',total = '5559' WHERE steamid = 'STEAM_1:0:740891484';
L 07/14/2025 - 22:37:59: Query UPDATE mostactive SET last_accountuse = 1752503879, playername = '(S)CP.萤',timeCT = '0',timeTT = '0', timeSPE = '3131',total = '3131' WHERE steamid = 'STEAM_1:0:598796369';
L 07/14/2025 - 22:37:59: Query UPDATE mostactive SET last_accountuse = 1752503879, playername = '(S)变脸高手',timeCT = '1',timeTT = '1', timeSPE = '2772',total = '2774' WHERE steamid = 'STEAM_1:0:753069138';
L 07/14/2025 - 22:37:59: Query UPDATE mostactive SET last_accountuse = 1752503879, playername = '朝朝',timeCT = '1172',timeTT = '3303', timeSPE = '622',total = '5097' WHERE steamid = 'STEAM_1:1:745318118';
L 07/14/2025 - 22:37:59: Query UPDATE mostactive SET last_accountuse = 1752503879, playername = '(S)God knows...',timeCT = '0',timeTT = '0', timeSPE = '716',total = '716' WHERE steamid = 'STEAM_1:0:614602921';
L 07/14/2025 - 22:38:11: Query SELECT timeCT, timeTT, timeSPE FROM mostactive WHERE steamid = 'STEAM_1:0:631481250'
L 07/14/2025 - 22:38:11: Query SELECT timeCT, timeTT, timeSPE FROM mostactive WHERE steamid = 'STEAM_1:1:590841514'
L 07/14/2025 - 22:38:11: Query SELECT timeCT, timeTT, timeSPE FROM mostactive WHERE steamid = 'STEAM_1:0:614602921'
L 07/14/2025 - 22:38:11: Query SELECT timeCT, timeTT, timeSPE FROM mostactive WHERE steamid = 'STEAM_1:1:619101967'
L 07/14/2025 - 22:38:12: Query SELECT timeCT, timeTT, timeSPE FROM mostactive WHERE steamid = 'STEAM_1:1:745318118'
L 07/14/2025 - 22:38:12: Query SELECT timeCT, timeTT, timeSPE FROM mostactive WHERE steamid = 'STEAM_1:0:598796369'
L 07/14/2025 - 22:38:12: Query SELECT timeCT, timeTT, timeSPE FROM mostactive WHERE steamid = 'STEAM_1:1:781588345'
L 07/14/2025 - 22:38:13: Query SELECT timeCT, timeTT, timeSPE FROM mostactive WHERE steamid = 'STEAM_1:1:621303880'
L 07/14/2025 - 22:38:13: Query SELECT timeCT, timeTT, timeSPE FROM mostactive WHERE steamid = 'STEAM_1:0:575868099'
L 07/14/2025 - 22:38:14: Query SELECT timeCT, timeTT, timeSPE FROM mostactive WHERE steamid = 'STEAM_1:1:441087368'
L 07/14/2025 - 22:38:19: Query SELECT timeCT, timeTT, timeSPE FROM mostactive WHERE steamid = 'STEAM_1:0:756384916'
L 07/14/2025 - 22:38:21: Query SELECT timeCT, timeTT, timeSPE FROM mostactive WHERE steamid = 'STEAM_1:0:753069138'
L 07/14/2025 - 22:38:24: Query SELECT timeCT, timeTT, timeSPE FROM mostactive WHERE steamid = 'STEAM_1:0:740891484'
L 07/14/2025 - 22:39:39: Query UPDATE mostactive SET last_accountuse = 1752503979, playername = '(S)God knows...',timeCT = '0',timeTT = '0', timeSPE = '804',total = '804' WHERE steamid = 'STEAM_1:0:614602921';
L 07/14/2025 - 22:47:52: Query UPDATE mostactive SET last_accountuse = 1752504472, playername = '(S)朝朝',timeCT = '1739',timeTT = '3310', timeSPE = '624',total = '5673' WHERE steamid = 'STEAM_1:1:745318118';
L 07/14/2025 - 22:48:26: Query UPDATE mostactive SET last_accountuse = 1752504506, playername = '(S)斐济北',timeCT = '2',timeTT = '1', timeSPE = '1890',total = '1893' WHERE steamid = 'STEAM_1:1:781588345';
L 07/14/2025 - 22:49:07: Query UPDATE mostactive SET last_accountuse = 1752504547, playername = '(S)CP.萤',timeCT = '0',timeTT = '0', timeSPE = '3782',total = '3782' WHERE steamid = 'STEAM_1:0:598796369';
L 07/14/2025 - 22:51:17: Query SELECT timeCT, timeTT, timeSPE FROM mostactive WHERE steamid = 'STEAM_1:0:598796369'
L 07/14/2025 - 22:57:29: Query UPDATE mostactive SET last_accountuse = 1752505049, playername = '伤心小猫',timeCT = '1',timeTT = '388', timeSPE = '3529',total = '3918' WHERE steamid = 'STEAM_1:0:753069138';
L 07/14/2025 - 22:57:31: Query UPDATE mostactive SET last_accountuse = 1752505051, playername = 'suki',timeCT = '6978',timeTT = '8319', timeSPE = '2433',total = '17730' WHERE steamid = 'STEAM_1:1:619101967';
L 07/14/2025 - 22:57:31: Query UPDATE mostactive SET last_accountuse = 1752505051, playername = '=_=',timeCT = '2834',timeTT = '2268', timeSPE = '59',total = '5161' WHERE steamid = 'STEAM_1:1:621303880';
L 07/14/2025 - 22:57:33: Query UPDATE mostactive SET last_accountuse = 1752505053, playername = '倒带',timeCT = '5291',timeTT = '6732', timeSPE = '275',total = '12298' WHERE steamid = 'STEAM_1:0:756384916';
L 07/14/2025 - 22:57:33: Query UPDATE mostactive SET last_accountuse = 1752505053, playername = '伽藍堂',timeCT = '2795',timeTT = '2264', timeSPE = '270',total = '5329' WHERE steamid = 'STEAM_1:0:575868099';
L 07/14/2025 - 22:57:34: Query UPDATE mostactive SET last_accountuse = 1752505054, playername = '星河不及你',timeCT = '1544',timeTT = '1345', timeSPE = '3816',total = '6705' WHERE steamid = 'STEAM_1:0:740891484';
L 07/14/2025 - 22:57:34: Query UPDATE mostactive SET last_accountuse = 1752505054, playername = 'Yy',timeCT = '9202',timeTT = '13362', timeSPE = '7652',total = '30216' WHERE steamid = 'STEAM_1:0:631481250';
L 07/14/2025 - 22:57:36: Query UPDATE mostactive SET last_accountuse = 1752505056, playername = '(S)谢谢你诠释的爱',timeCT = '0',timeTT = '0', timeSPE = '4161',total = '4161' WHERE steamid = 'STEAM_1:0:598796369';
L 07/14/2025 - 22:57:36: Query UPDATE mostactive SET last_accountuse = 1752505056, playername = 'Akiyama Mio',timeCT = '2849',timeTT = '2261', timeSPE = '74',total = '5184' WHERE steamid = 'STEAM_1:1:441087368';
L 07/14/2025 - 22:57:44: Query UPDATE mostactive SET last_accountuse = 1752505064, playername = '(S)(ᗜᴗᗜ)',timeCT = '14982',timeTT = '18768', timeSPE = '13316',total = '47066' WHERE steamid = 'STEAM_1:1:590841514';
L 07/14/2025 - 22:57:55: Query SELECT timeCT, timeTT, timeSPE FROM mostactive WHERE steamid = 'STEAM_1:1:590841514'
L 07/14/2025 - 23:39:21: Query UPDATE mostactive SET last_accountuse = 1752507561, playername = '(S)(ᗜᴗᗜ)',timeCT = '14983',timeTT = '18768', timeSPE = '15801',total = '49552' WHERE steamid = 'STEAM_1:1:590841514';
