L 07/13/2025 - 15:48:11: Query CREATE TABLE IF NOT EXISTS `mostactive` (`playername` varchar(128) NOT NULL, `steamid` varchar(32) PRIMARY KEY NOT NULL,`last_accountuse` int(64) NOT NULL, `timeCT` INT( 16 ), `timeTT` INT( 16 ),`timeSPE` INT( 16 ), `total` INT( 16 ))
L 07/13/2025 - 15:48:11: Query DELETE FROM `mostactive` WHERE `last_accountuse`<'1750146491' AND `last_accountuse`>'0';
L 07/13/2025 - 15:48:11: Query SELECT timeCT, timeTT, timeSPE FROM mostactive WHERE steamid = 'STEAM_1:1:590841514'
L 07/13/2025 - 15:48:11: Query SELECT timeCT, timeTT, timeSPE FROM mostactive WHERE steamid = 'STEAM_1:0:631481250'
L 07/13/2025 - 15:48:11: Query SELECT timeCT, timeTT, timeSPE FROM mostactive WHERE steamid = 'STEAM_1:0:485289027'
L 07/13/2025 - 15:48:11: Query SELECT timeCT, timeTT, timeSPE FROM mostactive WHERE steamid = 'STEAM_1:0:923062785'
L 07/13/2025 - 15:48:11: Query SELECT timeCT, timeTT, timeSPE FROM mostactive WHERE steamid = 'STEAM_1:1:801237070'
L 07/13/2025 - 15:48:11: Query SELECT timeCT, timeTT, timeSPE FROM mostactive WHERE steamid = 'STEAM_1:0:888979204'
L 07/13/2025 - 15:48:14: Query UPDATE mostactive SET last_accountuse = 1752392894, playername = '(S)ᗜ◡ᗜ',timeCT = '10113',timeTT = '11800', timeSPE = '1224',total = '23137' WHERE steamid = 'STEAM_1:1:590841514';
L 07/13/2025 - 15:48:14: Query UPDATE mostactive SET last_accountuse = 1752392894, playername = 'Yy',timeCT = '3636',timeTT = '4373', timeSPE = '2405',total = '10414' WHERE steamid = 'STEAM_1:0:631481250';
L 07/13/2025 - 15:48:14: Query UPDATE mostactive SET last_accountuse = 1752392894, playername = 'JOJO',timeCT = '2424',timeTT = '2835', timeSPE = '323',total = '5582' WHERE steamid = 'STEAM_1:0:485289027';
L 07/13/2025 - 15:48:14: Query UPDATE mostactive SET last_accountuse = 1752392894, playername = '思',timeCT = '5992',timeTT = '5392', timeSPE = '805',total = '12189' WHERE steamid = 'STEAM_1:0:923062785';
L 07/13/2025 - 15:48:14: Query UPDATE mostactive SET last_accountuse = 1752392894, playername = 'Kobe Bryant',timeCT = '8996',timeTT = '10800', timeSPE = '554',total = '20350' WHERE steamid = 'STEAM_1:1:801237070';
L 07/13/2025 - 15:48:14: Query UPDATE mostactive SET last_accountuse = 1752392894, playername = '耐摔王',timeCT = '27',timeTT = '615', timeSPE = '72',total = '714' WHERE steamid = 'STEAM_1:0:888979204';
L 07/13/2025 - 15:48:24: Query SELECT timeCT, timeTT, timeSPE FROM mostactive WHERE steamid = 'STEAM_1:0:923062785'
L 07/13/2025 - 15:48:24: Query SELECT timeCT, timeTT, timeSPE FROM mostactive WHERE steamid = 'STEAM_1:0:485289027'
L 07/13/2025 - 15:48:24: Query SELECT timeCT, timeTT, timeSPE FROM mostactive WHERE steamid = 'STEAM_1:1:590841514'
L 07/13/2025 - 15:48:24: Query SELECT timeCT, timeTT, timeSPE FROM mostactive WHERE steamid = 'STEAM_1:0:631481250'
L 07/13/2025 - 15:48:25: Query SELECT timeCT, timeTT, timeSPE FROM mostactive WHERE steamid = 'STEAM_1:0:888979204'
L 07/13/2025 - 15:48:29: Query SELECT timeCT, timeTT, timeSPE FROM mostactive WHERE steamid = 'STEAM_1:1:801237070'
L 07/13/2025 - 15:50:56: Query SELECT timeCT, timeTT, timeSPE FROM mostactive WHERE steamid = 'STEAM_1:0:886323159'
L 07/13/2025 - 15:52:56: Query UPDATE mostactive SET last_accountuse = 1752393176, playername = '(S)ほっぽちゃん',timeCT = '1341',timeTT = '1484', timeSPE = '163',total = '2988' WHERE steamid = 'STEAM_1:0:886323159';
L 07/13/2025 - 16:00:39: Query UPDATE mostactive SET last_accountuse = 1752393639, playername = 'ᗜ◡ᗜ',timeCT = '10394',timeTT = '12244', timeSPE = '1234',total = '23872' WHERE steamid = 'STEAM_1:1:590841514';
L 07/13/2025 - 16:00:39: Query UPDATE mostactive SET last_accountuse = 1752393639, playername = 'Yy',timeCT = '3916',timeTT = '4817', timeSPE = '2416',total = '11149' WHERE steamid = 'STEAM_1:0:631481250';
L 07/13/2025 - 16:00:39: Query UPDATE mostactive SET last_accountuse = 1752393639, playername = 'JOJO',timeCT = '2705',timeTT = '3279', timeSPE = '333',total = '6317' WHERE steamid = 'STEAM_1:0:485289027';
L 07/13/2025 - 16:00:39: Query UPDATE mostactive SET last_accountuse = 1752393639, playername = '思',timeCT = '6436',timeTT = '5672', timeSPE = '816',total = '12924' WHERE steamid = 'STEAM_1:0:923062785';
L 07/13/2025 - 16:00:39: Query UPDATE mostactive SET last_accountuse = 1752393639, playername = 'Kobe Bryant',timeCT = '9440',timeTT = '11080', timeSPE = '560',total = '21080' WHERE steamid = 'STEAM_1:1:801237070';
L 07/13/2025 - 16:00:39: Query UPDATE mostactive SET last_accountuse = 1752393639, playername = '耐摔王',timeCT = '471',timeTT = '893', timeSPE = '84',total = '1448' WHERE steamid = 'STEAM_1:0:888979204';
L 07/13/2025 - 16:00:50: Query SELECT timeCT, timeTT, timeSPE FROM mostactive WHERE steamid = 'STEAM_1:0:923062785'
L 07/13/2025 - 16:00:50: Query SELECT timeCT, timeTT, timeSPE FROM mostactive WHERE steamid = 'STEAM_1:0:485289027'
L 07/13/2025 - 16:00:51: Query SELECT timeCT, timeTT, timeSPE FROM mostactive WHERE steamid = 'STEAM_1:0:631481250'
L 07/13/2025 - 16:00:51: Query SELECT timeCT, timeTT, timeSPE FROM mostactive WHERE steamid = 'STEAM_1:1:590841514'
L 07/13/2025 - 16:00:51: Query SELECT timeCT, timeTT, timeSPE FROM mostactive WHERE steamid = 'STEAM_1:0:888979204'
L 07/13/2025 - 16:00:59: Query SELECT timeCT, timeTT, timeSPE FROM mostactive WHERE steamid = 'STEAM_1:1:801237070'
L 07/13/2025 - 16:07:56: Query UPDATE mostactive SET last_accountuse = 1752394076, playername = 'ᗜ◡ᗜ',timeCT = '10511',timeTT = '12550', timeSPE = '1236',total = '24297' WHERE steamid = 'STEAM_1:1:590841514';
L 07/13/2025 - 16:07:56: Query UPDATE mostactive SET last_accountuse = 1752394076, playername = 'Yy',timeCT = '4034',timeTT = '5123', timeSPE = '2417',total = '11574' WHERE steamid = 'STEAM_1:0:631481250';
L 07/13/2025 - 16:07:56: Query UPDATE mostactive SET last_accountuse = 1752394076, playername = 'JOJO',timeCT = '2823',timeTT = '3586', timeSPE = '334',total = '6743' WHERE steamid = 'STEAM_1:0:485289027';
L 07/13/2025 - 16:07:56: Query UPDATE mostactive SET last_accountuse = 1752394076, playername = '思',timeCT = '6743',timeTT = '5790', timeSPE = '817',total = '13350' WHERE steamid = 'STEAM_1:0:923062785';
L 07/13/2025 - 16:07:56: Query UPDATE mostactive SET last_accountuse = 1752394076, playername = 'Kobe Bryant',timeCT = '9746',timeTT = '11189', timeSPE = '562',total = '21497' WHERE steamid = 'STEAM_1:1:801237070';
L 07/13/2025 - 16:07:56: Query UPDATE mostactive SET last_accountuse = 1752394076, playername = '耐摔王',timeCT = '777',timeTT = '1011', timeSPE = '85',total = '1873' WHERE steamid = 'STEAM_1:0:888979204';
L 07/13/2025 - 16:08:08: Query SELECT timeCT, timeTT, timeSPE FROM mostactive WHERE steamid = 'STEAM_1:0:923062785'
L 07/13/2025 - 16:08:08: Query SELECT timeCT, timeTT, timeSPE FROM mostactive WHERE steamid = 'STEAM_1:0:485289027'
L 07/13/2025 - 16:08:09: Query SELECT timeCT, timeTT, timeSPE FROM mostactive WHERE steamid = 'STEAM_1:1:590841514'
L 07/13/2025 - 16:08:09: Query SELECT timeCT, timeTT, timeSPE FROM mostactive WHERE steamid = 'STEAM_1:0:631481250'
L 07/13/2025 - 16:08:09: Query SELECT timeCT, timeTT, timeSPE FROM mostactive WHERE steamid = 'STEAM_1:0:888979204'
L 07/13/2025 - 16:09:35: Query SELECT timeCT, timeTT, timeSPE FROM mostactive WHERE steamid = 'STEAM_1:1:801237070'
L 07/13/2025 - 16:21:36: Query UPDATE mostactive SET last_accountuse = 1752394896, playername = '范特西',timeCT = '10905',timeTT = '12962', timeSPE = '1237',total = '25104' WHERE steamid = 'STEAM_1:1:590841514';
L 07/13/2025 - 16:21:36: Query UPDATE mostactive SET last_accountuse = 1752394896, playername = '一踢吸',timeCT = '4428',timeTT = '5535', timeSPE = '2418',total = '12381' WHERE steamid = 'STEAM_1:0:631481250';
L 07/13/2025 - 16:21:36: Query UPDATE mostactive SET last_accountuse = 1752394896, playername = 'JOJO',timeCT = '3218',timeTT = '3998', timeSPE = '335',total = '7551' WHERE steamid = 'STEAM_1:0:485289027';
L 07/13/2025 - 16:21:36: Query UPDATE mostactive SET last_accountuse = 1752394896, playername = '思',timeCT = '7156',timeTT = '6184', timeSPE = '818',total = '14158' WHERE steamid = 'STEAM_1:0:923062785';
L 07/13/2025 - 16:21:36: Query UPDATE mostactive SET last_accountuse = 1752394896, playername = '不吸吸',timeCT = '10070',timeTT = '11583', timeSPE = '565',total = '22218' WHERE steamid = 'STEAM_1:1:801237070';
L 07/13/2025 - 16:21:36: Query UPDATE mostactive SET last_accountuse = 1752394896, playername = '耐摔王',timeCT = '1189',timeTT = '1405', timeSPE = '86',total = '2680' WHERE steamid = 'STEAM_1:0:888979204';
L 07/13/2025 - 16:21:47: Query SELECT timeCT, timeTT, timeSPE FROM mostactive WHERE steamid = 'STEAM_1:0:923062785'
L 07/13/2025 - 16:21:47: Query SELECT timeCT, timeTT, timeSPE FROM mostactive WHERE steamid = 'STEAM_1:0:485289027'
L 07/13/2025 - 16:21:48: Query SELECT timeCT, timeTT, timeSPE FROM mostactive WHERE steamid = 'STEAM_1:1:590841514'
L 07/13/2025 - 16:21:48: Query SELECT timeCT, timeTT, timeSPE FROM mostactive WHERE steamid = 'STEAM_1:0:631481250'
L 07/13/2025 - 16:21:48: Query SELECT timeCT, timeTT, timeSPE FROM mostactive WHERE steamid = 'STEAM_1:0:888979204'
L 07/13/2025 - 16:21:57: Query SELECT timeCT, timeTT, timeSPE FROM mostactive WHERE steamid = 'STEAM_1:1:801237070'
L 07/13/2025 - 16:22:06: Query UPDATE mostactive SET last_accountuse = 1752394926, playername = 'ᗜ◡ᗜ',timeCT = '10905',timeTT = '12980', timeSPE = '1238',total = '25123' WHERE steamid = 'STEAM_1:1:590841514';
L 07/13/2025 - 16:22:06: Query UPDATE mostactive SET last_accountuse = 1752394926, playername = 'Yy',timeCT = '4428',timeTT = '5553', timeSPE = '2418',total = '12399' WHERE steamid = 'STEAM_1:0:631481250';
L 07/13/2025 - 16:22:06: Query UPDATE mostactive SET last_accountuse = 1752394926, playername = 'JOJO',timeCT = '3218',timeTT = '4016', timeSPE = '336',total = '7570' WHERE steamid = 'STEAM_1:0:485289027';
L 07/13/2025 - 16:22:06: Query UPDATE mostactive SET last_accountuse = 1752394926, playername = '思',timeCT = '7175',timeTT = '6184', timeSPE = '818',total = '14177' WHERE steamid = 'STEAM_1:0:923062785';
L 07/13/2025 - 16:22:06: Query UPDATE mostactive SET last_accountuse = 1752394926, playername = 'Kobe Bryant',timeCT = '10078',timeTT = '11583', timeSPE = '566',total = '22227' WHERE steamid = 'STEAM_1:1:801237070';
L 07/13/2025 - 16:22:06: Query UPDATE mostactive SET last_accountuse = 1752394926, playername = '耐摔王',timeCT = '1206',timeTT = '1405', timeSPE = '87',total = '2698' WHERE steamid = 'STEAM_1:0:888979204';
