L 07/13/2025 - 16:24:49: Query CREATE TABLE IF NOT EXISTS `mostactive` (`playername` varchar(128) NOT NULL, `steamid` varchar(32) PRIMARY KEY NOT NULL,`last_accountuse` int(64) NOT NULL, `timeCT` INT( 16 ), `timeTT` INT( 16 ),`timeSPE` INT( 16 ), `total` INT( 16 ))
L 07/13/2025 - 16:24:49: Query DELETE FROM `mostactive` WHERE `last_accountuse`<'1750148689' AND `last_accountuse`>'0';
L 07/13/2025 - 16:24:49: Query SELECT timeCT, timeTT, timeSPE FROM mostactive WHERE steamid = 'STEAM_1:1:590841514'
L 07/13/2025 - 16:24:49: Query SELECT timeCT, timeTT, timeSPE FROM mostactive WHERE steamid = 'STEAM_1:0:631481250'
L 07/13/2025 - 16:24:49: Query SELECT timeCT, timeTT, timeSPE FROM mostactive WHERE steamid = 'STEAM_1:0:485289027'
L 07/13/2025 - 16:24:49: Query SELECT timeCT, timeTT, timeSPE FROM mostactive WHERE steamid = 'STEAM_1:0:923062785'
L 07/13/2025 - 16:24:49: Query SELECT timeCT, timeTT, timeSPE FROM mostactive WHERE steamid = 'STEAM_1:1:801237070'
L 07/13/2025 - 16:24:49: Query SELECT timeCT, timeTT, timeSPE FROM mostactive WHERE steamid = 'STEAM_1:0:888979204'
L 07/13/2025 - 16:24:52: Query UPDATE mostactive SET last_accountuse = 1752395092, playername = '(S)ᗜ◡ᗜ',timeCT = '10905',timeTT = '12980', timeSPE = '1329',total = '25214' WHERE steamid = 'STEAM_1:1:590841514';
L 07/13/2025 - 16:24:52: Query UPDATE mostactive SET last_accountuse = 1752395092, playername = '(S)Yy',timeCT = '4428',timeTT = '5553', timeSPE = '2509',total = '12490' WHERE steamid = 'STEAM_1:0:631481250';
L 07/13/2025 - 16:24:52: Query UPDATE mostactive SET last_accountuse = 1752395092, playername = '(S)JOJO',timeCT = '3225',timeTT = '4030', timeSPE = '406',total = '7661' WHERE steamid = 'STEAM_1:0:485289027';
L 07/13/2025 - 16:24:52: Query UPDATE mostactive SET last_accountuse = 1752395092, playername = '思',timeCT = '7186',timeTT = '6246', timeSPE = '836',total = '14268' WHERE steamid = 'STEAM_1:0:923062785';
L 07/13/2025 - 16:24:52: Query UPDATE mostactive SET last_accountuse = 1752395092, playername = '(S)Kobe Bryant',timeCT = '10078',timeTT = '11583', timeSPE = '639',total = '22300' WHERE steamid = 'STEAM_1:1:801237070';
L 07/13/2025 - 16:24:52: Query UPDATE mostactive SET last_accountuse = 1752395092, playername = '耐摔王',timeCT = '1209',timeTT = '1408', timeSPE = '170',total = '2787' WHERE steamid = 'STEAM_1:0:888979204';
L 07/13/2025 - 16:25:03: Query SELECT timeCT, timeTT, timeSPE FROM mostactive WHERE steamid = 'STEAM_1:0:923062785'
L 07/13/2025 - 16:25:03: Query SELECT timeCT, timeTT, timeSPE FROM mostactive WHERE steamid = 'STEAM_1:0:485289027'
L 07/13/2025 - 16:25:03: Query SELECT timeCT, timeTT, timeSPE FROM mostactive WHERE steamid = 'STEAM_1:0:631481250'
L 07/13/2025 - 16:25:04: Query SELECT timeCT, timeTT, timeSPE FROM mostactive WHERE steamid = 'STEAM_1:0:888979204'
L 07/13/2025 - 16:25:04: Query SELECT timeCT, timeTT, timeSPE FROM mostactive WHERE steamid = 'STEAM_1:1:590841514'
L 07/13/2025 - 16:25:09: Query SELECT timeCT, timeTT, timeSPE FROM mostactive WHERE steamid = 'STEAM_1:1:801237070'
L 07/13/2025 - 16:25:54: Query UPDATE mostactive SET last_accountuse = 1752395154, playername = 'ᗜ◡ᗜ',timeCT = '10927',timeTT = '12999', timeSPE = '1338',total = '25264' WHERE steamid = 'STEAM_1:1:590841514';
L 07/13/2025 - 16:25:54: Query UPDATE mostactive SET last_accountuse = 1752395154, playername = 'Yy',timeCT = '4469',timeTT = '5553', timeSPE = '2519',total = '12541' WHERE steamid = 'STEAM_1:0:631481250';
L 07/13/2025 - 16:25:54: Query UPDATE mostactive SET last_accountuse = 1752395154, playername = 'JOJO',timeCT = '3266',timeTT = '4030', timeSPE = '416',total = '7712' WHERE steamid = 'STEAM_1:0:485289027';
L 07/13/2025 - 16:25:54: Query UPDATE mostactive SET last_accountuse = 1752395154, playername = '思',timeCT = '7204',timeTT = '6252', timeSPE = '863',total = '14319' WHERE steamid = 'STEAM_1:0:923062785';
L 07/13/2025 - 16:25:54: Query UPDATE mostactive SET last_accountuse = 1752395154, playername = 'Kobe Bryant',timeCT = '10078',timeTT = '11624', timeSPE = '643',total = '22345' WHERE steamid = 'STEAM_1:1:801237070';
L 07/13/2025 - 16:25:54: Query UPDATE mostactive SET last_accountuse = 1752395154, playername = '耐摔王',timeCT = '1209',timeTT = '1449', timeSPE = '179',total = '2837' WHERE steamid = 'STEAM_1:0:888979204';
L 07/13/2025 - 16:26:04: Query SELECT timeCT, timeTT, timeSPE FROM mostactive WHERE steamid = 'STEAM_1:0:923062785'
L 07/13/2025 - 16:26:04: Query SELECT timeCT, timeTT, timeSPE FROM mostactive WHERE steamid = 'STEAM_1:0:485289027'
L 07/13/2025 - 16:26:04: Query SELECT timeCT, timeTT, timeSPE FROM mostactive WHERE steamid = 'STEAM_1:1:590841514'
L 07/13/2025 - 16:26:05: Query SELECT timeCT, timeTT, timeSPE FROM mostactive WHERE steamid = 'STEAM_1:0:631481250'
L 07/13/2025 - 16:26:05: Query SELECT timeCT, timeTT, timeSPE FROM mostactive WHERE steamid = 'STEAM_1:0:888979204'
L 07/13/2025 - 16:26:12: Query SELECT timeCT, timeTT, timeSPE FROM mostactive WHERE steamid = 'STEAM_1:1:801237070'
L 07/13/2025 - 16:26:31: Query UPDATE mostactive SET last_accountuse = 1752395191, playername = '耐摔王',timeCT = '1209',timeTT = '1463', timeSPE = '191',total = '2863' WHERE steamid = 'STEAM_1:0:888979204';
L 07/13/2025 - 16:31:55: Query SELECT timeCT, timeTT, timeSPE FROM mostactive WHERE steamid = 'STEAM_1:1:619101967'
L 07/13/2025 - 16:37:29: Query SELECT timeCT, timeTT, timeSPE FROM mostactive WHERE steamid = 'STEAM_1:1:872932010'
L 07/13/2025 - 16:37:29: Query INSERT INTO mostactive(playername, steamid, last_accountuse, timeCT, timeTT, timeSPE, total) VALUES('满穗Cat-雨也', 'STEAM_1:1:872932010', '1752395849', '0', '0', '0', '0');
L 07/13/2025 - 16:38:05: Query SELECT timeCT, timeTT, timeSPE FROM mostactive WHERE steamid = 'STEAM_1:1:498610842'
L 07/13/2025 - 16:38:05: Query INSERT INTO mostactive(playername, steamid, last_accountuse, timeCT, timeTT, timeSPE, total) VALUES('邮电部诗人', 'STEAM_1:1:498610842', '1752395885', '0', '0', '0', '0');
L 07/13/2025 - 16:39:01: Query UPDATE mostactive SET last_accountuse = 1752395941, playername = 'ᗜ◡ᗜ',timeCT = '11245',timeTT = '13445', timeSPE = '1351',total = '26041' WHERE steamid = 'STEAM_1:1:590841514';
L 07/13/2025 - 16:39:01: Query UPDATE mostactive SET last_accountuse = 1752395941, playername = 'Yy',timeCT = '4645',timeTT = '6141', timeSPE = '2531',total = '13317' WHERE steamid = 'STEAM_1:0:631481250';
L 07/13/2025 - 16:39:01: Query UPDATE mostactive SET last_accountuse = 1752395941, playername = 'JOJO',timeCT = '3885',timeTT = '4175', timeSPE = '429',total = '8489' WHERE steamid = 'STEAM_1:0:485289027';
L 07/13/2025 - 16:39:01: Query UPDATE mostactive SET last_accountuse = 1752395941, playername = 'suki',timeCT = '2174',timeTT = '3281', timeSPE = '1178',total = '6633' WHERE steamid = 'STEAM_1:1:619101967';
L 07/13/2025 - 16:39:01: Query UPDATE mostactive SET last_accountuse = 1752395941, playername = '思',timeCT = '7823',timeTT = '6397', timeSPE = '876',total = '15096' WHERE steamid = 'STEAM_1:0:923062785';
L 07/13/2025 - 16:39:01: Query UPDATE mostactive SET last_accountuse = 1752395941, playername = 'Kobe Bryant',timeCT = '10223',timeTT = '12243', timeSPE = '648',total = '23114' WHERE steamid = 'STEAM_1:1:801237070';
L 07/13/2025 - 16:39:01: Query UPDATE mostactive SET last_accountuse = 1752395941, playername = '(S)满穗Cat-雨也',timeCT = '0',timeTT = '0', timeSPE = '92',total = '92' WHERE steamid = 'STEAM_1:1:872932010';
L 07/13/2025 - 16:39:01: Query UPDATE mostactive SET last_accountuse = 1752395941, playername = '(S)邮电部诗人',timeCT = '1',timeTT = '0', timeSPE = '55',total = '56' WHERE steamid = 'STEAM_1:1:498610842';
L 07/13/2025 - 16:39:11: Query SELECT timeCT, timeTT, timeSPE FROM mostactive WHERE steamid = 'STEAM_1:1:872932010'
L 07/13/2025 - 16:39:11: Query SELECT timeCT, timeTT, timeSPE FROM mostactive WHERE steamid = 'STEAM_1:1:619101967'
L 07/13/2025 - 16:39:12: Query SELECT timeCT, timeTT, timeSPE FROM mostactive WHERE steamid = 'STEAM_1:0:485289027'
L 07/13/2025 - 16:39:12: Query SELECT timeCT, timeTT, timeSPE FROM mostactive WHERE steamid = 'STEAM_1:0:923062785'
L 07/13/2025 - 16:39:12: Query SELECT timeCT, timeTT, timeSPE FROM mostactive WHERE steamid = 'STEAM_1:0:631481250'
L 07/13/2025 - 16:39:12: Query SELECT timeCT, timeTT, timeSPE FROM mostactive WHERE steamid = 'STEAM_1:1:590841514'
L 07/13/2025 - 16:39:16: Query SELECT timeCT, timeTT, timeSPE FROM mostactive WHERE steamid = 'STEAM_1:1:498610842'
L 07/13/2025 - 16:39:19: Query SELECT timeCT, timeTT, timeSPE FROM mostactive WHERE steamid = 'STEAM_1:1:801237070'
L 07/13/2025 - 16:50:42: Query UPDATE mostactive SET last_accountuse = 1752396642, playername = '(S)邮电部诗人',timeCT = '1',timeTT = '1', timeSPE = '739',total = '741' WHERE steamid = 'STEAM_1:1:498610842';
L 07/13/2025 - 16:50:45: Query UPDATE mostactive SET last_accountuse = 1752396645, playername = 'ᗜ◡ᗜ',timeCT = '11655',timeTT = '13726', timeSPE = '1352',total = '26733' WHERE steamid = 'STEAM_1:1:590841514';
L 07/13/2025 - 16:50:45: Query UPDATE mostactive SET last_accountuse = 1752396645, playername = 'Yy',timeCT = '4926',timeTT = '6552', timeSPE = '2531',total = '14009' WHERE steamid = 'STEAM_1:0:631481250';
L 07/13/2025 - 16:50:45: Query UPDATE mostactive SET last_accountuse = 1752396645, playername = 'JOJO',timeCT = '4296',timeTT = '4456', timeSPE = '430',total = '9182' WHERE steamid = 'STEAM_1:0:485289027';
L 07/13/2025 - 16:50:45: Query UPDATE mostactive SET last_accountuse = 1752396645, playername = 'suki',timeCT = '2455',timeTT = '3693', timeSPE = '1178',total = '7326' WHERE steamid = 'STEAM_1:1:619101967';
L 07/13/2025 - 16:50:45: Query UPDATE mostactive SET last_accountuse = 1752396645, playername = '思',timeCT = '8234',timeTT = '6678', timeSPE = '877',total = '15789' WHERE steamid = 'STEAM_1:0:923062785';
L 07/13/2025 - 16:50:45: Query UPDATE mostactive SET last_accountuse = 1752396645, playername = 'Kobe Bryant',timeCT = '10504',timeTT = '12645', timeSPE = '650',total = '23799' WHERE steamid = 'STEAM_1:1:801237070';
L 07/13/2025 - 16:50:45: Query UPDATE mostactive SET last_accountuse = 1752396645, playername = '(S)满穗Cat-雨也',timeCT = '0',timeTT = '0', timeSPE = '785',total = '785' WHERE steamid = 'STEAM_1:1:872932010';
L 07/13/2025 - 16:50:55: Query SELECT timeCT, timeTT, timeSPE FROM mostactive WHERE steamid = 'STEAM_1:1:872932010'
L 07/13/2025 - 16:50:56: Query SELECT timeCT, timeTT, timeSPE FROM mostactive WHERE steamid = 'STEAM_1:0:923062785'
L 07/13/2025 - 16:50:56: Query SELECT timeCT, timeTT, timeSPE FROM mostactive WHERE steamid = 'STEAM_1:0:485289027'
L 07/13/2025 - 16:50:57: Query SELECT timeCT, timeTT, timeSPE FROM mostactive WHERE steamid = 'STEAM_1:0:631481250'
L 07/13/2025 - 16:50:57: Query SELECT timeCT, timeTT, timeSPE FROM mostactive WHERE steamid = 'STEAM_1:1:619101967'
L 07/13/2025 - 16:50:57: Query SELECT timeCT, timeTT, timeSPE FROM mostactive WHERE steamid = 'STEAM_1:1:590841514'
L 07/13/2025 - 16:51:05: Query SELECT timeCT, timeTT, timeSPE FROM mostactive WHERE steamid = 'STEAM_1:1:801237070'
L 07/13/2025 - 17:02:48: Query UPDATE mostactive SET last_accountuse = 1752397368, playername = 'ᗜ◡ᗜ',timeCT = '12112',timeTT = '13978', timeSPE = '1353',total = '27443' WHERE steamid = 'STEAM_1:1:590841514';
L 07/13/2025 - 17:02:48: Query UPDATE mostactive SET last_accountuse = 1752397368, playername = 'Yy',timeCT = '5178',timeTT = '7010', timeSPE = '2532',total = '14720' WHERE steamid = 'STEAM_1:0:631481250';
L 07/13/2025 - 17:02:48: Query UPDATE mostactive SET last_accountuse = 1752397368, playername = 'JOJO',timeCT = '4755',timeTT = '4708', timeSPE = '431',total = '9894' WHERE steamid = 'STEAM_1:0:485289027';
L 07/13/2025 - 17:02:48: Query UPDATE mostactive SET last_accountuse = 1752397368, playername = 'suki',timeCT = '2707',timeTT = '4150', timeSPE = '1180',total = '8037' WHERE steamid = 'STEAM_1:1:619101967';
L 07/13/2025 - 17:02:48: Query UPDATE mostactive SET last_accountuse = 1752397368, playername = '思',timeCT = '8693',timeTT = '6930', timeSPE = '878',total = '16501' WHERE steamid = 'STEAM_1:0:923062785';
L 07/13/2025 - 17:02:48: Query UPDATE mostactive SET last_accountuse = 1752397368, playername = 'Kobe Bryant',timeCT = '10756',timeTT = '13094', timeSPE = '652',total = '24502' WHERE steamid = 'STEAM_1:1:801237070';
L 07/13/2025 - 17:02:48: Query UPDATE mostactive SET last_accountuse = 1752397368, playername = '(S)满穗Cat-雨也',timeCT = '0',timeTT = '0', timeSPE = '1497',total = '1497' WHERE steamid = 'STEAM_1:1:872932010';
L 07/13/2025 - 17:02:59: Query SELECT timeCT, timeTT, timeSPE FROM mostactive WHERE steamid = 'STEAM_1:1:872932010'
L 07/13/2025 - 17:02:59: Query SELECT timeCT, timeTT, timeSPE FROM mostactive WHERE steamid = 'STEAM_1:0:923062785'
L 07/13/2025 - 17:03:00: Query SELECT timeCT, timeTT, timeSPE FROM mostactive WHERE steamid = 'STEAM_1:0:485289027'
L 07/13/2025 - 17:03:00: Query SELECT timeCT, timeTT, timeSPE FROM mostactive WHERE steamid = 'STEAM_1:0:631481250'
L 07/13/2025 - 17:03:00: Query SELECT timeCT, timeTT, timeSPE FROM mostactive WHERE steamid = 'STEAM_1:1:590841514'
L 07/13/2025 - 17:03:01: Query SELECT timeCT, timeTT, timeSPE FROM mostactive WHERE steamid = 'STEAM_1:1:619101967'
L 07/13/2025 - 17:03:10: Query SELECT timeCT, timeTT, timeSPE FROM mostactive WHERE steamid = 'STEAM_1:1:801237070'
L 07/13/2025 - 17:13:21: Query UPDATE mostactive SET last_accountuse = 1752398001, playername = 'ᗜ◡ᗜ',timeCT = '12307',timeTT = '14403', timeSPE = '1354',total = '28064' WHERE steamid = 'STEAM_1:1:590841514';
L 07/13/2025 - 17:13:21: Query UPDATE mostactive SET last_accountuse = 1752398001, playername = 'Yy',timeCT = '5603',timeTT = '7206', timeSPE = '2532',total = '15341' WHERE steamid = 'STEAM_1:0:631481250';
L 07/13/2025 - 17:13:21: Query UPDATE mostactive SET last_accountuse = 1752398001, playername = 'JOJO',timeCT = '4951',timeTT = '5133', timeSPE = '432',total = '10516' WHERE steamid = 'STEAM_1:0:485289027';
L 07/13/2025 - 17:13:21: Query UPDATE mostactive SET last_accountuse = 1752398001, playername = 'suki',timeCT = '3132',timeTT = '4345', timeSPE = '1181',total = '8658' WHERE steamid = 'STEAM_1:1:619101967';
L 07/13/2025 - 17:13:21: Query UPDATE mostactive SET last_accountuse = 1752398001, playername = '思',timeCT = '8889',timeTT = '7355', timeSPE = '879',total = '17123' WHERE steamid = 'STEAM_1:0:923062785';
L 07/13/2025 - 17:13:21: Query UPDATE mostactive SET last_accountuse = 1752398001, playername = 'Kobe Bryant',timeCT = '11181',timeTT = '13279', timeSPE = '654',total = '25114' WHERE steamid = 'STEAM_1:1:801237070';
L 07/13/2025 - 17:13:21: Query UPDATE mostactive SET last_accountuse = 1752398001, playername = '(S)满穗Cat-雨也',timeCT = '0',timeTT = '0', timeSPE = '2120',total = '2120' WHERE steamid = 'STEAM_1:1:872932010';
L 07/13/2025 - 17:13:34: Query SELECT timeCT, timeTT, timeSPE FROM mostactive WHERE steamid = 'STEAM_1:0:923062785'
L 07/13/2025 - 17:13:35: Query SELECT timeCT, timeTT, timeSPE FROM mostactive WHERE steamid = 'STEAM_1:1:872932010'
L 07/13/2025 - 17:13:35: Query SELECT timeCT, timeTT, timeSPE FROM mostactive WHERE steamid = 'STEAM_1:0:485289027'
L 07/13/2025 - 17:13:35: Query SELECT timeCT, timeTT, timeSPE FROM mostactive WHERE steamid = 'STEAM_1:0:631481250'
L 07/13/2025 - 17:13:36: Query SELECT timeCT, timeTT, timeSPE FROM mostactive WHERE steamid = 'STEAM_1:1:619101967'
L 07/13/2025 - 17:13:36: Query SELECT timeCT, timeTT, timeSPE FROM mostactive WHERE steamid = 'STEAM_1:1:590841514'
L 07/13/2025 - 17:14:05: Query UPDATE mostactive SET last_accountuse = 1752398045, playername = 'ᗜ◡ᗜ',timeCT = '12335',timeTT = '14403', timeSPE = '1355',total = '28093' WHERE steamid = 'STEAM_1:1:590841514';
L 07/13/2025 - 17:14:05: Query UPDATE mostactive SET last_accountuse = 1752398045, playername = 'Yy',timeCT = '5603',timeTT = '7234', timeSPE = '2533',total = '15370' WHERE steamid = 'STEAM_1:0:631481250';
L 07/13/2025 - 17:14:05: Query UPDATE mostactive SET last_accountuse = 1752398045, playername = 'JOJO',timeCT = '4980',timeTT = '5133', timeSPE = '433',total = '10546' WHERE steamid = 'STEAM_1:0:485289027';
L 07/13/2025 - 17:14:05: Query UPDATE mostactive SET last_accountuse = 1752398045, playername = 'suki',timeCT = '3132',timeTT = '4373', timeSPE = '1182',total = '8687' WHERE steamid = 'STEAM_1:1:619101967';
L 07/13/2025 - 17:14:05: Query UPDATE mostactive SET last_accountuse = 1752398045, playername = '思',timeCT = '8919',timeTT = '7355', timeSPE = '879',total = '17153' WHERE steamid = 'STEAM_1:0:923062785';
L 07/13/2025 - 17:14:05: Query UPDATE mostactive SET last_accountuse = 1752398045, playername = '(S)满穗Cat-雨也',timeCT = '0',timeTT = '0', timeSPE = '2150',total = '2150' WHERE steamid = 'STEAM_1:1:872932010';
L 07/13/2025 - 17:14:16: Query SELECT timeCT, timeTT, timeSPE FROM mostactive WHERE steamid = 'STEAM_1:0:923062785'
L 07/13/2025 - 17:14:16: Query SELECT timeCT, timeTT, timeSPE FROM mostactive WHERE steamid = 'STEAM_1:0:485289027'
L 07/13/2025 - 17:14:16: Query SELECT timeCT, timeTT, timeSPE FROM mostactive WHERE steamid = 'STEAM_1:1:872932010'
L 07/13/2025 - 17:14:17: Query SELECT timeCT, timeTT, timeSPE FROM mostactive WHERE steamid = 'STEAM_1:0:631481250'
L 07/13/2025 - 17:14:17: Query SELECT timeCT, timeTT, timeSPE FROM mostactive WHERE steamid = 'STEAM_1:1:590841514'
L 07/13/2025 - 17:14:18: Query SELECT timeCT, timeTT, timeSPE FROM mostactive WHERE steamid = 'STEAM_1:1:619101967'
L 07/13/2025 - 17:14:26: Query SELECT timeCT, timeTT, timeSPE FROM mostactive WHERE steamid = 'STEAM_1:1:801237070'
L 07/13/2025 - 17:15:31: Query UPDATE mostactive SET last_accountuse = 1752398131, playername = '(S)JOJO',timeCT = '5000',timeTT = '5133', timeSPE = '488',total = '10621' WHERE steamid = 'STEAM_1:0:485289027';
L 07/13/2025 - 17:16:29: Query SELECT timeCT, timeTT, timeSPE FROM mostactive WHERE steamid = 'STEAM_1:0:906703857'
L 07/13/2025 - 17:16:29: Query INSERT INTO mostactive(playername, steamid, last_accountuse, timeCT, timeTT, timeSPE, total) VALUES('爱丽丝·玛格特罗伊德', 'STEAM_1:0:906703857', '1752398189', '0', '0', '0', '0');
L 07/13/2025 - 17:16:31: Query UPDATE mostactive SET last_accountuse = 1752398191, playername = '爱丽丝·玛格特罗伊德',timeCT = '0',timeTT = '2', timeSPE = '1',total = '3' WHERE steamid = 'STEAM_1:0:906703857';
L 07/13/2025 - 17:22:46: Query UPDATE mostactive SET last_accountuse = 1752398566, playername = 'ᗜ◡ᗜ',timeCT = '12839',timeTT = '14403', timeSPE = '1360',total = '28602' WHERE steamid = 'STEAM_1:1:590841514';
L 07/13/2025 - 17:22:46: Query UPDATE mostactive SET last_accountuse = 1752398566, playername = 'Yy',timeCT = '5970',timeTT = '7371', timeSPE = '2538',total = '15879' WHERE steamid = 'STEAM_1:0:631481250';
L 07/13/2025 - 17:22:46: Query UPDATE mostactive SET last_accountuse = 1752398566, playername = 'suki',timeCT = '3132',timeTT = '4877', timeSPE = '1186',total = '9195' WHERE steamid = 'STEAM_1:1:619101967';
L 07/13/2025 - 17:22:46: Query UPDATE mostactive SET last_accountuse = 1752398566, playername = '思',timeCT = '9423',timeTT = '7355', timeSPE = '885',total = '17663' WHERE steamid = 'STEAM_1:0:923062785';
L 07/13/2025 - 17:22:46: Query UPDATE mostactive SET last_accountuse = 1752398566, playername = 'Kobe Bryant',timeCT = '11181',timeTT = '13777', timeSPE = '656',total = '25614' WHERE steamid = 'STEAM_1:1:801237070';
L 07/13/2025 - 17:22:46: Query UPDATE mostactive SET last_accountuse = 1752398566, playername = '(S)满穗Cat-雨也',timeCT = '0',timeTT = '0', timeSPE = '2660',total = '2660' WHERE steamid = 'STEAM_1:1:872932010';
L 07/13/2025 - 17:22:56: Query SELECT timeCT, timeTT, timeSPE FROM mostactive WHERE steamid = 'STEAM_1:0:923062785'
L 07/13/2025 - 17:22:56: Query SELECT timeCT, timeTT, timeSPE FROM mostactive WHERE steamid = 'STEAM_1:1:872932010'
L 07/13/2025 - 17:22:57: Query SELECT timeCT, timeTT, timeSPE FROM mostactive WHERE steamid = 'STEAM_1:0:886323159'
L 07/13/2025 - 17:22:57: Query SELECT timeCT, timeTT, timeSPE FROM mostactive WHERE steamid = 'STEAM_1:1:590841514'
L 07/13/2025 - 17:22:57: Query SELECT timeCT, timeTT, timeSPE FROM mostactive WHERE steamid = 'STEAM_1:0:631481250'
L 07/13/2025 - 17:22:57: Query SELECT timeCT, timeTT, timeSPE FROM mostactive WHERE steamid = 'STEAM_1:1:619101967'
L 07/13/2025 - 17:23:02: Query SELECT timeCT, timeTT, timeSPE FROM mostactive WHERE steamid = 'STEAM_1:1:801237070'
L 07/13/2025 - 17:30:34: Query UPDATE mostactive SET last_accountuse = 1752399034, playername = '范特西',timeCT = '12965',timeTT = '14729', timeSPE = '1364',total = '29058' WHERE steamid = 'STEAM_1:1:590841514';
L 07/13/2025 - 17:30:34: Query UPDATE mostactive SET last_accountuse = 1752399034, playername = '一踢吸',timeCT = '6096',timeTT = '7697', timeSPE = '2542',total = '16335' WHERE steamid = 'STEAM_1:0:631481250';
L 07/13/2025 - 17:30:34: Query UPDATE mostactive SET last_accountuse = 1752399034, playername = 'suki',timeCT = '3458',timeTT = '5003', timeSPE = '1190',total = '9651' WHERE steamid = 'STEAM_1:1:619101967';
L 07/13/2025 - 17:30:34: Query UPDATE mostactive SET last_accountuse = 1752399034, playername = '思',timeCT = '9549',timeTT = '7681', timeSPE = '890',total = '18120' WHERE steamid = 'STEAM_1:0:923062785';
L 07/13/2025 - 17:30:34: Query UPDATE mostactive SET last_accountuse = 1752399034, playername = '不吸吸',timeCT = '11507',timeTT = '13900', timeSPE = '658',total = '26065' WHERE steamid = 'STEAM_1:1:801237070';
L 07/13/2025 - 17:30:34: Query UPDATE mostactive SET last_accountuse = 1752399034, playername = '(S)满穗Cat-雨也',timeCT = '1',timeTT = '0', timeSPE = '3116',total = '3117' WHERE steamid = 'STEAM_1:1:872932010';
L 07/13/2025 - 17:30:34: Query UPDATE mostactive SET last_accountuse = 1752399034, playername = 'ほっぽちゃん',timeCT = '1667',timeTT = '1610', timeSPE = '168',total = '3445' WHERE steamid = 'STEAM_1:0:886323159';
L 07/13/2025 - 17:30:42: Query SELECT timeCT, timeTT, timeSPE FROM mostactive WHERE steamid = 'STEAM_1:0:923062785'
L 07/13/2025 - 17:30:42: Query SELECT timeCT, timeTT, timeSPE FROM mostactive WHERE steamid = 'STEAM_1:1:872932010'
L 07/13/2025 - 17:30:43: Query SELECT timeCT, timeTT, timeSPE FROM mostactive WHERE steamid = 'STEAM_1:0:886323159'
L 07/13/2025 - 17:30:43: Query SELECT timeCT, timeTT, timeSPE FROM mostactive WHERE steamid = 'STEAM_1:0:631481250'
L 07/13/2025 - 17:30:43: Query SELECT timeCT, timeTT, timeSPE FROM mostactive WHERE steamid = 'STEAM_1:1:590841514'
L 07/13/2025 - 17:30:43: Query SELECT timeCT, timeTT, timeSPE FROM mostactive WHERE steamid = 'STEAM_1:1:619101967'
L 07/13/2025 - 17:30:51: Query SELECT timeCT, timeTT, timeSPE FROM mostactive WHERE steamid = 'STEAM_1:1:801237070'
L 07/13/2025 - 17:34:51: Query SELECT timeCT, timeTT, timeSPE FROM mostactive WHERE steamid = 'STEAM_1:0:845964559'
L 07/13/2025 - 17:42:22: Query SELECT timeCT, timeTT, timeSPE FROM mostactive WHERE steamid = 'STEAM_1:1:593866754'
L 07/13/2025 - 17:43:16: Query UPDATE mostactive SET last_accountuse = 1752399796, playername = '(S)满穗Cat-雨也',timeCT = '2',timeTT = '0', timeSPE = '3868',total = '3870' WHERE steamid = 'STEAM_1:1:872932010';
L 07/13/2025 - 17:44:02: Query UPDATE mostactive SET last_accountuse = 1752399842, playername = '白井七ちゃん',timeCT = '4199',timeTT = '2641', timeSPE = '446',total = '7286' WHERE steamid = 'STEAM_1:1:593866754';
L 07/13/2025 - 17:44:07: Query SELECT timeCT, timeTT, timeSPE FROM mostactive WHERE steamid = 'STEAM_1:1:872932010'
L 07/13/2025 - 17:44:15: Query SELECT timeCT, timeTT, timeSPE FROM mostactive WHERE steamid = 'STEAM_1:1:752993704'
L 07/13/2025 - 17:44:45: Query UPDATE mostactive SET last_accountuse = 1752399885, playername = '满穗Cat-雨也',timeCT = '2',timeTT = '0', timeSPE = '3907',total = '3909' WHERE steamid = 'STEAM_1:1:872932010';
L 07/13/2025 - 17:44:57: Query SELECT timeCT, timeTT, timeSPE FROM mostactive WHERE steamid = 'STEAM_1:1:872932010'
L 07/13/2025 - 17:45:07: Query UPDATE mostactive SET last_accountuse = 1752399907, playername = '洛琪希是可爱的定义',timeCT = '1077',timeTT = '1447', timeSPE = '3267',total = '5791' WHERE steamid = 'STEAM_1:1:752993704';
L 07/13/2025 - 17:45:44: Query SELECT timeCT, timeTT, timeSPE FROM mostactive WHERE steamid = 'STEAM_1:1:752993704'
L 07/13/2025 - 17:46:27: Query SELECT timeCT, timeTT, timeSPE FROM mostactive WHERE steamid = 'STEAM_1:1:593866754'
L 07/13/2025 - 17:54:04: Query UPDATE mostactive SET last_accountuse = 1752400444, playername = 'ᗜ◡ᗜ',timeCT = '13205',timeTT = '15889', timeSPE = '1365',total = '30459' WHERE steamid = 'STEAM_1:1:590841514';
L 07/13/2025 - 17:54:04: Query UPDATE mostactive SET last_accountuse = 1752400444, playername = 'Yy',timeCT = '6336',timeTT = '8857', timeSPE = '2543',total = '17736' WHERE steamid = 'STEAM_1:0:631481250';
L 07/13/2025 - 17:54:04: Query UPDATE mostactive SET last_accountuse = 1752400444, playername = '(S)Tom',timeCT = '4304',timeTT = '5580', timeSPE = '5239',total = '15123' WHERE steamid = 'STEAM_1:0:845964559';
L 07/13/2025 - 17:54:04: Query UPDATE mostactive SET last_accountuse = 1752400444, playername = '(S)suki',timeCT = '3814',timeTT = '5003', timeSPE = '2234',total = '11051' WHERE steamid = 'STEAM_1:1:619101967';
L 07/13/2025 - 17:54:04: Query UPDATE mostactive SET last_accountuse = 1752400444, playername = '思',timeCT = '9789',timeTT = '8842', timeSPE = '891',total = '19522' WHERE steamid = 'STEAM_1:0:923062785';
L 07/13/2025 - 17:54:04: Query UPDATE mostactive SET last_accountuse = 1752400444, playername = 'Kobe Bryant',timeCT = '12658',timeTT = '14140', timeSPE = '660',total = '27458' WHERE steamid = 'STEAM_1:1:801237070';
L 07/13/2025 - 17:54:04: Query UPDATE mostactive SET last_accountuse = 1752400444, playername = '(S)洛琪希是可爱的定义',timeCT = '1077',timeTT = '1447', timeSPE = '3766',total = '6290' WHERE steamid = 'STEAM_1:1:752993704';
L 07/13/2025 - 17:54:04: Query UPDATE mostactive SET last_accountuse = 1752400444, playername = 'ほっぽちゃん',timeCT = '2827',timeTT = '1850', timeSPE = '169',total = '4846' WHERE steamid = 'STEAM_1:0:886323159';
L 07/13/2025 - 17:54:04: Query UPDATE mostactive SET last_accountuse = 1752400444, playername = '(S)满穗Cat-雨也',timeCT = '2',timeTT = '0', timeSPE = '4453',total = '4455' WHERE steamid = 'STEAM_1:1:872932010';
L 07/13/2025 - 17:54:04: Query UPDATE mostactive SET last_accountuse = 1752400444, playername = '白井七ちゃん',timeCT = '4319',timeTT = '2881', timeSPE = '543',total = '7743' WHERE steamid = 'STEAM_1:1:593866754';
L 07/13/2025 - 17:54:12: Query SELECT timeCT, timeTT, timeSPE FROM mostactive WHERE steamid = 'STEAM_1:0:923062785'
L 07/13/2025 - 17:54:13: Query SELECT timeCT, timeTT, timeSPE FROM mostactive WHERE steamid = 'STEAM_1:1:872932010'
L 07/13/2025 - 17:54:13: Query SELECT timeCT, timeTT, timeSPE FROM mostactive WHERE steamid = 'STEAM_1:0:631481250'
L 07/13/2025 - 17:54:13: Query SELECT timeCT, timeTT, timeSPE FROM mostactive WHERE steamid = 'STEAM_1:1:590841514'
L 07/13/2025 - 17:54:13: Query SELECT timeCT, timeTT, timeSPE FROM mostactive WHERE steamid = 'STEAM_1:0:886323159'
L 07/13/2025 - 17:54:13: Query SELECT timeCT, timeTT, timeSPE FROM mostactive WHERE steamid = 'STEAM_1:1:593866754'
L 07/13/2025 - 17:54:15: Query SELECT timeCT, timeTT, timeSPE FROM mostactive WHERE steamid = 'STEAM_1:1:752993704'
L 07/13/2025 - 17:54:16: Query SELECT timeCT, timeTT, timeSPE FROM mostactive WHERE steamid = 'STEAM_1:1:619101967'
L 07/13/2025 - 17:54:18: Query SELECT timeCT, timeTT, timeSPE FROM mostactive WHERE steamid = 'STEAM_1:0:845964559'
L 07/13/2025 - 17:54:20: Query SELECT timeCT, timeTT, timeSPE FROM mostactive WHERE steamid = 'STEAM_1:1:801237070'
L 07/13/2025 - 17:54:42: Query UPDATE mostactive SET last_accountuse = 1752400482, playername = '(S)suki',timeCT = '3815',timeTT = '5003', timeSPE = '2259',total = '11077' WHERE steamid = 'STEAM_1:1:619101967';
L 07/13/2025 - 17:55:34: Query UPDATE mostactive SET last_accountuse = 1752400534, playername = 'ᗜ◡ᗜ',timeCT = '13205',timeTT = '15969', timeSPE = '1366',total = '30540' WHERE steamid = 'STEAM_1:1:590841514';
L 07/13/2025 - 17:55:34: Query UPDATE mostactive SET last_accountuse = 1752400534, playername = 'Yy',timeCT = '6336',timeTT = '8937', timeSPE = '2544',total = '17817' WHERE steamid = 'STEAM_1:0:631481250';
L 07/13/2025 - 17:55:34: Query UPDATE mostactive SET last_accountuse = 1752400534, playername = '(S)Tom',timeCT = '4304',timeTT = '5580', timeSPE = '5315',total = '15199' WHERE steamid = 'STEAM_1:0:845964559';
L 07/13/2025 - 17:55:34: Query UPDATE mostactive SET last_accountuse = 1752400534, playername = '思',timeCT = '9789',timeTT = '8923', timeSPE = '892',total = '19604' WHERE steamid = 'STEAM_1:0:923062785';
L 07/13/2025 - 17:55:34: Query UPDATE mostactive SET last_accountuse = 1752400534, playername = 'Kobe Bryant',timeCT = '12731',timeTT = '14140', timeSPE = '661',total = '27532' WHERE steamid = 'STEAM_1:1:801237070';
L 07/13/2025 - 17:55:34: Query UPDATE mostactive SET last_accountuse = 1752400534, playername = '(S)洛琪希是可爱的定义',timeCT = '1078',timeTT = '1447', timeSPE = '3844',total = '6369' WHERE steamid = 'STEAM_1:1:752993704';
L 07/13/2025 - 17:55:34: Query UPDATE mostactive SET last_accountuse = 1752400534, playername = 'ほっぽちゃん',timeCT = '2907',timeTT = '1850', timeSPE = '170',total = '4927' WHERE steamid = 'STEAM_1:0:886323159';
L 07/13/2025 - 17:55:34: Query UPDATE mostactive SET last_accountuse = 1752400534, playername = '(S)满穗Cat-雨也',timeCT = '2',timeTT = '0', timeSPE = '4534',total = '4536' WHERE steamid = 'STEAM_1:1:872932010';
L 07/13/2025 - 17:55:34: Query UPDATE mostactive SET last_accountuse = 1752400534, playername = '白井七ちゃん',timeCT = '4399',timeTT = '2881', timeSPE = '544',total = '7824' WHERE steamid = 'STEAM_1:1:593866754';
L 07/13/2025 - 17:55:41: Query SELECT timeCT, timeTT, timeSPE FROM mostactive WHERE steamid = 'STEAM_1:1:872932010'
L 07/13/2025 - 17:55:41: Query SELECT timeCT, timeTT, timeSPE FROM mostactive WHERE steamid = 'STEAM_1:0:923062785'
L 07/13/2025 - 17:55:42: Query SELECT timeCT, timeTT, timeSPE FROM mostactive WHERE steamid = 'STEAM_1:1:593866754'
L 07/13/2025 - 17:55:42: Query SELECT timeCT, timeTT, timeSPE FROM mostactive WHERE steamid = 'STEAM_1:0:886323159'
L 07/13/2025 - 17:55:42: Query SELECT timeCT, timeTT, timeSPE FROM mostactive WHERE steamid = 'STEAM_1:0:631481250'
L 07/13/2025 - 17:55:42: Query SELECT timeCT, timeTT, timeSPE FROM mostactive WHERE steamid = 'STEAM_1:1:590841514'
L 07/13/2025 - 17:55:45: Query SELECT timeCT, timeTT, timeSPE FROM mostactive WHERE steamid = 'STEAM_1:1:752993704'
L 07/13/2025 - 17:55:46: Query SELECT timeCT, timeTT, timeSPE FROM mostactive WHERE steamid = 'STEAM_1:0:845964559'
L 07/13/2025 - 17:55:47: Query SELECT timeCT, timeTT, timeSPE FROM mostactive WHERE steamid = 'STEAM_1:1:801237070'
L 07/13/2025 - 17:56:20: Query UPDATE mostactive SET last_accountuse = 1752400580, playername = '(S)Kobe Bryant',timeCT = '12732',timeTT = '14140', timeSPE = '692',total = '27564' WHERE steamid = 'STEAM_1:1:801237070';
L 07/13/2025 - 17:56:37: Query SELECT timeCT, timeTT, timeSPE FROM mostactive WHERE steamid = 'STEAM_1:1:801237070'
L 07/13/2025 - 17:59:34: Query UPDATE mostactive SET last_accountuse = 1752400774, playername = 'ᗜ◡ᗜ',timeCT = '13205',timeTT = '16199', timeSPE = '1367',total = '30771' WHERE steamid = 'STEAM_1:1:590841514';
L 07/13/2025 - 17:59:34: Query UPDATE mostactive SET last_accountuse = 1752400774, playername = 'Yy',timeCT = '6336',timeTT = '9168', timeSPE = '2544',total = '18048' WHERE steamid = 'STEAM_1:0:631481250';
L 07/13/2025 - 17:59:34: Query UPDATE mostactive SET last_accountuse = 1752400774, playername = '(S)Tom',timeCT = '4304',timeTT = '5580', timeSPE = '5543',total = '15427' WHERE steamid = 'STEAM_1:0:845964559';
L 07/13/2025 - 17:59:34: Query UPDATE mostactive SET last_accountuse = 1752400774, playername = 'Kobe Bryant',timeCT = '12830',timeTT = '14140', timeSPE = '771',total = '27741' WHERE steamid = 'STEAM_1:1:801237070';
L 07/13/2025 - 17:59:34: Query UPDATE mostactive SET last_accountuse = 1752400774, playername = '思',timeCT = '9789',timeTT = '9155', timeSPE = '892',total = '19836' WHERE steamid = 'STEAM_1:0:923062785';
L 07/13/2025 - 17:59:34: Query UPDATE mostactive SET last_accountuse = 1752400774, playername = '(S)洛琪希是可爱的定义',timeCT = '1190',timeTT = '1447', timeSPE = '3960',total = '6597' WHERE steamid = 'STEAM_1:1:752993704';
L 07/13/2025 - 17:59:34: Query UPDATE mostactive SET last_accountuse = 1752400774, playername = 'ほっぽちゃん',timeCT = '3138',timeTT = '1850', timeSPE = '171',total = '5159' WHERE steamid = 'STEAM_1:0:886323159';
L 07/13/2025 - 17:59:34: Query UPDATE mostactive SET last_accountuse = 1752400774, playername = '(S)满穗Cat-雨也',timeCT = '3',timeTT = '0', timeSPE = '4765',total = '4768' WHERE steamid = 'STEAM_1:1:872932010';
L 07/13/2025 - 17:59:34: Query UPDATE mostactive SET last_accountuse = 1752400774, playername = '白井七ちゃん',timeCT = '4630',timeTT = '2881', timeSPE = '545',total = '8056' WHERE steamid = 'STEAM_1:1:593866754';
L 07/13/2025 - 17:59:41: Query SELECT timeCT, timeTT, timeSPE FROM mostactive WHERE steamid = 'STEAM_1:0:923062785'
L 07/13/2025 - 17:59:41: Query SELECT timeCT, timeTT, timeSPE FROM mostactive WHERE steamid = 'STEAM_1:1:872932010'
L 07/13/2025 - 17:59:42: Query SELECT timeCT, timeTT, timeSPE FROM mostactive WHERE steamid = 'STEAM_1:1:593866754'
L 07/13/2025 - 17:59:42: Query SELECT timeCT, timeTT, timeSPE FROM mostactive WHERE steamid = 'STEAM_1:1:590841514'
L 07/13/2025 - 17:59:42: Query SELECT timeCT, timeTT, timeSPE FROM mostactive WHERE steamid = 'STEAM_1:0:886323159'
L 07/13/2025 - 17:59:42: Query SELECT timeCT, timeTT, timeSPE FROM mostactive WHERE steamid = 'STEAM_1:0:631481250'
L 07/13/2025 - 17:59:43: Query SELECT timeCT, timeTT, timeSPE FROM mostactive WHERE steamid = 'STEAM_1:1:752993704'
L 07/13/2025 - 17:59:45: Query SELECT timeCT, timeTT, timeSPE FROM mostactive WHERE steamid = 'STEAM_1:0:845964559'
L 07/13/2025 - 17:59:46: Query SELECT timeCT, timeTT, timeSPE FROM mostactive WHERE steamid = 'STEAM_1:1:801237070'
L 07/13/2025 - 18:02:09: Query UPDATE mostactive SET last_accountuse = 1752400929, playername = '(S)Tom',timeCT = '4305',timeTT = '5580', timeSPE = '5686',total = '15571' WHERE steamid = 'STEAM_1:0:845964559';
L 07/13/2025 - 18:06:52: Query UPDATE mostactive SET last_accountuse = 1752401212, playername = 'ᗜ◡ᗜ',timeCT = '13445',timeTT = '16389', timeSPE = '1367',total = '31201' WHERE steamid = 'STEAM_1:1:590841514';
L 07/13/2025 - 18:06:52: Query UPDATE mostactive SET last_accountuse = 1752401212, playername = 'Yy',timeCT = '6576',timeTT = '9358', timeSPE = '2544',total = '18478' WHERE steamid = 'STEAM_1:0:631481250';
L 07/13/2025 - 18:06:52: Query UPDATE mostactive SET last_accountuse = 1752401212, playername = 'Kobe Bryant',timeCT = '13001',timeTT = '14380', timeSPE = '786',total = '28167' WHERE steamid = 'STEAM_1:1:801237070';
L 07/13/2025 - 18:06:52: Query UPDATE mostactive SET last_accountuse = 1752401212, playername = '思',timeCT = '10029',timeTT = '9346', timeSPE = '892',total = '20267' WHERE steamid = 'STEAM_1:0:923062785';
L 07/13/2025 - 18:06:52: Query UPDATE mostactive SET last_accountuse = 1752401212, playername = '(S)洛琪希是可爱的定义',timeCT = '1191',timeTT = '1447', timeSPE = '4388',total = '7026' WHERE steamid = 'STEAM_1:1:752993704';
L 07/13/2025 - 18:06:52: Query UPDATE mostactive SET last_accountuse = 1752401212, playername = 'ほっぽちゃん',timeCT = '3327',timeTT = '2090', timeSPE = '172',total = '5589' WHERE steamid = 'STEAM_1:0:886323159';
L 07/13/2025 - 18:06:52: Query UPDATE mostactive SET last_accountuse = 1752401212, playername = '(S)满穗Cat-雨也',timeCT = '3',timeTT = '0', timeSPE = '5196',total = '5199' WHERE steamid = 'STEAM_1:1:872932010';
L 07/13/2025 - 18:06:52: Query UPDATE mostactive SET last_accountuse = 1752401212, playername = '白井七ちゃん',timeCT = '4820',timeTT = '3121', timeSPE = '545',total = '8486' WHERE steamid = 'STEAM_1:1:593866754';
L 07/13/2025 - 18:07:03: Query SELECT timeCT, timeTT, timeSPE FROM mostactive WHERE steamid = 'STEAM_1:0:923062785'
L 07/13/2025 - 18:07:03: Query SELECT timeCT, timeTT, timeSPE FROM mostactive WHERE steamid = 'STEAM_1:1:872932010'
L 07/13/2025 - 18:07:04: Query SELECT timeCT, timeTT, timeSPE FROM mostactive WHERE steamid = 'STEAM_1:0:631481250'
L 07/13/2025 - 18:07:04: Query SELECT timeCT, timeTT, timeSPE FROM mostactive WHERE steamid = 'STEAM_1:0:886323159'
L 07/13/2025 - 18:07:04: Query SELECT timeCT, timeTT, timeSPE FROM mostactive WHERE steamid = 'STEAM_1:1:590841514'
L 07/13/2025 - 18:07:04: Query SELECT timeCT, timeTT, timeSPE FROM mostactive WHERE steamid = 'STEAM_1:1:593866754'
L 07/13/2025 - 18:07:05: Query SELECT timeCT, timeTT, timeSPE FROM mostactive WHERE steamid = 'STEAM_1:1:752993704'
L 07/13/2025 - 18:07:11: Query SELECT timeCT, timeTT, timeSPE FROM mostactive WHERE steamid = 'STEAM_1:1:801237070'
L 07/13/2025 - 18:13:51: Query UPDATE mostactive SET last_accountuse = 1752401631, playername = 'ほっぽちゃん',timeCT = '3733',timeTT = '2090', timeSPE = '173',total = '5996' WHERE steamid = 'STEAM_1:0:886323159';
L 07/13/2025 - 18:14:04: Query UPDATE mostactive SET last_accountuse = 1752401644, playername = 'Kobe Bryant',timeCT = '13413',timeTT = '14380', timeSPE = '787',total = '28580' WHERE steamid = 'STEAM_1:1:801237070';
L 07/13/2025 - 18:14:26: Query UPDATE mostactive SET last_accountuse = 1752401666, playername = '思',timeCT = '10041',timeTT = '9776', timeSPE = '893',total = '20710' WHERE steamid = 'STEAM_1:0:923062785';
L 07/13/2025 - 18:14:27: Query UPDATE mostactive SET last_accountuse = 1752401667, playername = 'ᗜ◡ᗜ',timeCT = '13458',timeTT = '16818', timeSPE = '1368',total = '31644' WHERE steamid = 'STEAM_1:1:590841514';
L 07/13/2025 - 18:14:30: Query UPDATE mostactive SET last_accountuse = 1752401670, playername = 'Yy',timeCT = '6591',timeTT = '9788', timeSPE = '2544',total = '18923' WHERE steamid = 'STEAM_1:0:631481250';
L 07/13/2025 - 18:14:32: Query UPDATE mostactive SET last_accountuse = 1752401672, playername = '白井七ちゃん',timeCT = '5249',timeTT = '3138', timeSPE = '546',total = '8933' WHERE steamid = 'STEAM_1:1:593866754';
L 07/13/2025 - 18:15:38: Query UPDATE mostactive SET last_accountuse = 1752401738, playername = '(S)满穗Cat-雨也',timeCT = '3',timeTT = '0', timeSPE = '5711',total = '5714' WHERE steamid = 'STEAM_1:1:872932010';
L 07/13/2025 - 18:16:54: Query UPDATE mostactive SET last_accountuse = 1752401814, playername = '(S)洛琪希是可爱的定义',timeCT = '1191',timeTT = '1447', timeSPE = '4977',total = '7615' WHERE steamid = 'STEAM_1:1:752993704';
