L 07/11/2025 - 22:46:33: Query CREATE TABLE IF NOT EXISTS `mostactive` (`playername` varchar(128) NOT NULL, `steamid` varchar(32) PRIMARY KEY NOT NULL,`last_accountuse` int(64) NOT NULL, `timeCT` INT( 16 ), `timeTT` INT( 16 ),`timeSPE` INT( 16 ), `total` INT( 16 ))
L 07/11/2025 - 22:46:33: Query DELETE FROM `mostactive` WHERE `last_accountuse`<'1749998793' AND `last_accountuse`>'0';
L 07/11/2025 - 22:46:33: Query SELECT timeCT, timeTT, timeSPE FROM mostactive WHERE steamid = 'STEAM_1:1:590841514'
L 07/11/2025 - 22:46:33: Query SELECT timeCT, timeTT, timeSPE FROM mostactive WHERE steamid = 'STEAM_1:1:593866754'
L 07/11/2025 - 22:46:33: Query SELECT timeCT, timeTT, timeSPE FROM mostactive WHERE steamid = 'STEAM_1:0:589812545'
L 07/11/2025 - 22:46:33: Query SELECT timeCT, timeTT, timeSPE FROM mostactive WHERE steamid = 'STEAM_1:0:845964559'
L 07/11/2025 - 22:46:33: Query SELECT timeCT, timeTT, timeSPE FROM mostactive WHERE steamid = 'STEAM_1:1:619101967'
L 07/11/2025 - 22:46:36: Query UPDATE mostactive SET last_accountuse = 1752245196, playername = '(S)紙飛行機',timeCT = '3280',timeTT = '4886', timeSPE = '169',total = '8335' WHERE steamid = 'STEAM_1:1:590841514';
L 07/11/2025 - 22:46:36: Query UPDATE mostactive SET last_accountuse = 1752245196, playername = '白井七ちゃん',timeCT = '2728',timeTT = '1590', timeSPE = '269',total = '4587' WHERE steamid = 'STEAM_1:1:593866754';
L 07/11/2025 - 22:46:36: Query UPDATE mostactive SET last_accountuse = 1752245196, playername = '穗',timeCT = '1583',timeTT = '3018', timeSPE = '285',total = '4886' WHERE steamid = 'STEAM_1:0:589812545';
L 07/11/2025 - 22:46:36: Query UPDATE mostactive SET last_accountuse = 1752245196, playername = 'Tom',timeCT = '3201',timeTT = '3126', timeSPE = '1591',total = '7918' WHERE steamid = 'STEAM_1:0:845964559';
L 07/11/2025 - 22:46:36: Query UPDATE mostactive SET last_accountuse = 1752245196, playername = 'suki',timeCT = '958',timeTT = '1551', timeSPE = '1099',total = '3608' WHERE steamid = 'STEAM_1:1:619101967';
L 07/11/2025 - 22:46:48: Query SELECT timeCT, timeTT, timeSPE FROM mostactive WHERE steamid = 'STEAM_1:1:593866754'
L 07/11/2025 - 22:46:48: Query SELECT timeCT, timeTT, timeSPE FROM mostactive WHERE steamid = 'STEAM_1:1:590841514'
L 07/11/2025 - 22:46:48: Query SELECT timeCT, timeTT, timeSPE FROM mostactive WHERE steamid = 'STEAM_1:1:619101967'
L 07/11/2025 - 22:46:51: Query SELECT timeCT, timeTT, timeSPE FROM mostactive WHERE steamid = 'STEAM_1:0:845964559'
L 07/11/2025 - 22:46:55: Query SELECT timeCT, timeTT, timeSPE FROM mostactive WHERE steamid = 'STEAM_1:0:589812545'
L 07/11/2025 - 22:46:59: Query SELECT timeCT, timeTT, timeSPE FROM mostactive WHERE steamid = 'STEAM_1:1:752993704'
L 07/11/2025 - 22:47:27: Query UPDATE mostactive SET last_accountuse = 1752245247, playername = '紙飛行機',timeCT = '3280',timeTT = '4924', timeSPE = '170',total = '8374' WHERE steamid = 'STEAM_1:1:590841514';
L 07/11/2025 - 22:47:27: Query UPDATE mostactive SET last_accountuse = 1752245247, playername = 'ほしづきよ',timeCT = '39',timeTT = '0', timeSPE = '1156',total = '1195' WHERE steamid = 'STEAM_1:1:752993704';
L 07/11/2025 - 22:47:27: Query UPDATE mostactive SET last_accountuse = 1752245247, playername = '白井七ちゃん',timeCT = '2766',timeTT = '1590', timeSPE = '270',total = '4626' WHERE steamid = 'STEAM_1:1:593866754';
L 07/11/2025 - 22:47:27: Query UPDATE mostactive SET last_accountuse = 1752245247, playername = '穗',timeCT = '1614',timeTT = '3018', timeSPE = '286',total = '4918' WHERE steamid = 'STEAM_1:0:589812545';
L 07/11/2025 - 22:47:27: Query UPDATE mostactive SET last_accountuse = 1752245247, playername = 'Tom',timeCT = '3201',timeTT = '3160', timeSPE = '1592',total = '7953' WHERE steamid = 'STEAM_1:0:845964559';
L 07/11/2025 - 22:47:27: Query UPDATE mostactive SET last_accountuse = 1752245247, playername = 'suki',timeCT = '958',timeTT = '1588', timeSPE = '1100',total = '3646' WHERE steamid = 'STEAM_1:1:619101967';
L 07/11/2025 - 22:47:38: Query SELECT timeCT, timeTT, timeSPE FROM mostactive WHERE steamid = 'STEAM_1:1:590841514'
L 07/11/2025 - 22:47:39: Query SELECT timeCT, timeTT, timeSPE FROM mostactive WHERE steamid = 'STEAM_1:1:593866754'
L 07/11/2025 - 22:47:39: Query SELECT timeCT, timeTT, timeSPE FROM mostactive WHERE steamid = 'STEAM_1:1:619101967'
L 07/11/2025 - 22:47:42: Query SELECT timeCT, timeTT, timeSPE FROM mostactive WHERE steamid = 'STEAM_1:0:845964559'
L 07/11/2025 - 22:47:45: Query SELECT timeCT, timeTT, timeSPE FROM mostactive WHERE steamid = 'STEAM_1:0:589812545'
L 07/11/2025 - 22:47:47: Query SELECT timeCT, timeTT, timeSPE FROM mostactive WHERE steamid = 'STEAM_1:1:752993704'
L 07/11/2025 - 22:58:40: Query UPDATE mostactive SET last_accountuse = 1752245920, playername = '紙飛行機',timeCT = '3542',timeTT = '5285', timeSPE = '205',total = '9032' WHERE steamid = 'STEAM_1:1:590841514';
L 07/11/2025 - 22:58:40: Query UPDATE mostactive SET last_accountuse = 1752245920, playername = 'ほしづきよ',timeCT = '367',timeTT = '262', timeSPE = '1215',total = '1844' WHERE steamid = 'STEAM_1:1:752993704';
L 07/11/2025 - 22:58:40: Query UPDATE mostactive SET last_accountuse = 1752245920, playername = '白井七ちゃん',timeCT = '3007',timeTT = '1932', timeSPE = '344',total = '5283' WHERE steamid = 'STEAM_1:1:593866754';
L 07/11/2025 - 22:58:40: Query UPDATE mostactive SET last_accountuse = 1752245920, playername = '穗',timeCT = '1855',timeTT = '3369', timeSPE = '345',total = '5569' WHERE steamid = 'STEAM_1:0:589812545';
L 07/11/2025 - 22:58:40: Query UPDATE mostactive SET last_accountuse = 1752245920, playername = 'Tom',timeCT = '3545',timeTT = '3401', timeSPE = '1661',total = '8607' WHERE steamid = 'STEAM_1:0:845964559';
L 07/11/2025 - 22:58:40: Query UPDATE mostactive SET last_accountuse = 1752245920, playername = 'suki',timeCT = '1320',timeTT = '1829', timeSPE = '1154',total = '4303' WHERE steamid = 'STEAM_1:1:619101967';
L 07/11/2025 - 22:58:48: Query SELECT timeCT, timeTT, timeSPE FROM mostactive WHERE steamid = 'STEAM_1:1:590841514'
L 07/11/2025 - 22:58:49: Query SELECT timeCT, timeTT, timeSPE FROM mostactive WHERE steamid = 'STEAM_1:1:593866754'
L 07/11/2025 - 22:58:49: Query SELECT timeCT, timeTT, timeSPE FROM mostactive WHERE steamid = 'STEAM_1:1:619101967'
L 07/11/2025 - 22:58:52: Query SELECT timeCT, timeTT, timeSPE FROM mostactive WHERE steamid = 'STEAM_1:0:845964559'
L 07/11/2025 - 22:58:54: Query SELECT timeCT, timeTT, timeSPE FROM mostactive WHERE steamid = 'STEAM_1:1:752993704'
L 07/11/2025 - 22:58:54: Query SELECT timeCT, timeTT, timeSPE FROM mostactive WHERE steamid = 'STEAM_1:0:589812545'
L 07/11/2025 - 23:01:50: Query SELECT timeCT, timeTT, timeSPE FROM mostactive WHERE steamid = 'STEAM_1:1:771136871'
L 07/11/2025 - 23:05:25: Query UPDATE mostactive SET last_accountuse = 1752246325, playername = '(S)传说少年',timeCT = '16',timeTT = '0', timeSPE = '255',total = '271' WHERE steamid = 'STEAM_1:1:771136871';
L 07/11/2025 - 23:08:49: Query UPDATE mostactive SET last_accountuse = 1752246529, playername = '紙飛行機',timeCT = '3905',timeTT = '5521', timeSPE = '206',total = '9632' WHERE steamid = 'STEAM_1:1:590841514';
L 07/11/2025 - 23:08:49: Query UPDATE mostactive SET last_accountuse = 1752246529, playername = 'ほしづきよ',timeCT = '597',timeTT = '626', timeSPE = '1216',total = '2439' WHERE steamid = 'STEAM_1:1:752993704';
L 07/11/2025 - 23:08:49: Query UPDATE mostactive SET last_accountuse = 1752246529, playername = '白井七ちゃん',timeCT = '3370',timeTT = '2168', timeSPE = '345',total = '5883' WHERE steamid = 'STEAM_1:1:593866754';
L 07/11/2025 - 23:08:49: Query UPDATE mostactive SET last_accountuse = 1752246529, playername = '穗',timeCT = '2218',timeTT = '3598', timeSPE = '347',total = '6163' WHERE steamid = 'STEAM_1:0:589812545';
L 07/11/2025 - 23:08:49: Query UPDATE mostactive SET last_accountuse = 1752246529, playername = 'Tom',timeCT = '3777',timeTT = '3764', timeSPE = '1663',total = '9204' WHERE steamid = 'STEAM_1:0:845964559';
L 07/11/2025 - 23:08:49: Query UPDATE mostactive SET last_accountuse = 1752246529, playername = 'suki',timeCT = '1555',timeTT = '2192', timeSPE = '1156',total = '4903' WHERE steamid = 'STEAM_1:1:619101967';
L 07/11/2025 - 23:08:57: Query SELECT timeCT, timeTT, timeSPE FROM mostactive WHERE steamid = 'STEAM_1:1:590841514'
L 07/11/2025 - 23:08:57: Query SELECT timeCT, timeTT, timeSPE FROM mostactive WHERE steamid = 'STEAM_1:1:593866754'
L 07/11/2025 - 23:08:57: Query SELECT timeCT, timeTT, timeSPE FROM mostactive WHERE steamid = 'STEAM_1:1:619101967'
L 07/11/2025 - 23:08:59: Query SELECT timeCT, timeTT, timeSPE FROM mostactive WHERE steamid = 'STEAM_1:1:752993704'
L 07/11/2025 - 23:09:01: Query SELECT timeCT, timeTT, timeSPE FROM mostactive WHERE steamid = 'STEAM_1:0:845964559'
L 07/11/2025 - 23:09:04: Query SELECT timeCT, timeTT, timeSPE FROM mostactive WHERE steamid = 'STEAM_1:0:589812545'
L 07/11/2025 - 23:20:38: Query UPDATE mostactive SET last_accountuse = 1752247238, playername = '紙飛行機',timeCT = '4307',timeTT = '5820', timeSPE = '206',total = '10333' WHERE steamid = 'STEAM_1:1:590841514';
L 07/11/2025 - 23:20:38: Query UPDATE mostactive SET last_accountuse = 1752247238, playername = 'ほしづきよ',timeCT = '897',timeTT = '1024', timeSPE = '1217',total = '3138' WHERE steamid = 'STEAM_1:1:752993704';
L 07/11/2025 - 23:20:38: Query UPDATE mostactive SET last_accountuse = 1752247238, playername = '白井七ちゃん',timeCT = '3771',timeTT = '2467', timeSPE = '346',total = '6584' WHERE steamid = 'STEAM_1:1:593866754';
L 07/11/2025 - 23:20:38: Query UPDATE mostactive SET last_accountuse = 1752247238, playername = '穗',timeCT = '2611',timeTT = '3897', timeSPE = '349',total = '6857' WHERE steamid = 'STEAM_1:0:589812545';
L 07/11/2025 - 23:20:38: Query UPDATE mostactive SET last_accountuse = 1752247238, playername = 'Tom',timeCT = '4076',timeTT = '4161', timeSPE = '1665',total = '9902' WHERE steamid = 'STEAM_1:0:845964559';
L 07/11/2025 - 23:20:38: Query UPDATE mostactive SET last_accountuse = 1752247238, playername = 'suki',timeCT = '1854',timeTT = '2593', timeSPE = '1157',total = '5604' WHERE steamid = 'STEAM_1:1:619101967';
L 07/11/2025 - 23:20:49: Query SELECT timeCT, timeTT, timeSPE FROM mostactive WHERE steamid = 'STEAM_1:1:590841514'
L 07/11/2025 - 23:20:49: Query SELECT timeCT, timeTT, timeSPE FROM mostactive WHERE steamid = 'STEAM_1:1:593866754'
L 07/11/2025 - 23:20:50: Query SELECT timeCT, timeTT, timeSPE FROM mostactive WHERE steamid = 'STEAM_1:1:619101967'
L 07/11/2025 - 23:20:53: Query SELECT timeCT, timeTT, timeSPE FROM mostactive WHERE steamid = 'STEAM_1:0:845964559'
L 07/11/2025 - 23:20:54: Query SELECT timeCT, timeTT, timeSPE FROM mostactive WHERE steamid = 'STEAM_1:1:752993704'
L 07/11/2025 - 23:20:56: Query SELECT timeCT, timeTT, timeSPE FROM mostactive WHERE steamid = 'STEAM_1:0:589812545'
L 07/11/2025 - 23:30:50: Query UPDATE mostactive SET last_accountuse = 1752247850, playername = '紙飛行機',timeCT = '4735',timeTT = '5992', timeSPE = '207',total = '10934' WHERE steamid = 'STEAM_1:1:590841514';
L 07/11/2025 - 23:30:52: Query UPDATE mostactive SET last_accountuse = 1752247852, playername = 'ほしづきよ',timeCT = '1071',timeTT = '1446', timeSPE = '1218',total = '3735' WHERE steamid = 'STEAM_1:1:752993704';
L 07/11/2025 - 23:30:52: Query UPDATE mostactive SET last_accountuse = 1752247852, playername = '白井七ちゃん',timeCT = '4199',timeTT = '2641', timeSPE = '346',total = '7186' WHERE steamid = 'STEAM_1:1:593866754';
L 07/11/2025 - 23:30:53: Query UPDATE mostactive SET last_accountuse = 1752247853, playername = 'suki',timeCT = '2029',timeTT = '3019', timeSPE = '1159',total = '6207' WHERE steamid = 'STEAM_1:1:619101967';
L 07/11/2025 - 23:30:56: Query UPDATE mostactive SET last_accountuse = 1752247856, playername = '穗',timeCT = '3031',timeTT = '4075', timeSPE = '351',total = '7457' WHERE steamid = 'STEAM_1:0:589812545';
L 07/11/2025 - 23:31:01: Query UPDATE mostactive SET last_accountuse = 1752247861, playername = 'Tom',timeCT = '4259',timeTT = '4584', timeSPE = '1667',total = '10510' WHERE steamid = 'STEAM_1:0:845964559';
L 07/11/2025 - 23:31:04: Query SELECT timeCT, timeTT, timeSPE FROM mostactive WHERE steamid = 'STEAM_1:1:745318118'
L 07/11/2025 - 23:31:04: Query INSERT INTO mostactive(playername, steamid, last_accountuse, timeCT, timeTT, timeSPE, total) VALUES('朝朝', 'STEAM_1:1:745318118', '1752247864', '0', '0', '0', '0');
L 07/11/2025 - 23:31:06: Query UPDATE mostactive SET last_accountuse = 1752247866, playername = '朝朝',timeCT = '0',timeTT = '0', timeSPE = '2',total = '2' WHERE steamid = 'STEAM_1:1:745318118';
L 07/11/2025 - 23:31:14: Query SELECT timeCT, timeTT, timeSPE FROM mostactive WHERE steamid = 'STEAM_1:1:745318118'
L 07/11/2025 - 23:31:28: Query UPDATE mostactive SET last_accountuse = 1752247888, playername = '朝朝',timeCT = '8',timeTT = '0', timeSPE = '8',total = '16' WHERE steamid = 'STEAM_1:1:745318118';
