L 07/13/2025 - 15:11:22: Query CREATE TABLE IF NOT EXISTS `mostactive` (`playername` varchar(128) NOT NULL, `steamid` varchar(32) PRIMARY KEY NOT NULL,`last_accountuse` int(64) NOT NULL, `timeCT` INT( 16 ), `timeTT` INT( 16 ),`timeSPE` INT( 16 ), `total` INT( 16 ))
L 07/13/2025 - 15:11:22: Query DELETE FROM `mostactive` WHERE `last_accountuse`<'1750144282' AND `last_accountuse`>'0';
L 07/13/2025 - 15:11:22: Query SELECT timeCT, timeTT, timeSPE FROM mostactive WHERE steamid = 'STEAM_1:1:590841514'
L 07/13/2025 - 15:11:22: Query SELECT timeCT, timeTT, timeSPE FROM mostactive WHERE steamid = 'STEAM_1:0:923062785'
L 07/13/2025 - 15:11:25: Query UPDATE mostactive SET last_accountuse = 1752390685, playername = 'ᗜ◡ᗜ',timeCT = '9437',timeTT = '10446', timeSPE = '1159',total = '21042' WHERE steamid = 'STEAM_1:1:590841514';
L 07/13/2025 - 15:11:25: Query UPDATE mostactive SET last_accountuse = 1752390685, playername = '思',timeCT = '4365',timeTT = '4960', timeSPE = '766',total = '10091' WHERE steamid = 'STEAM_1:0:923062785';
L 07/13/2025 - 15:11:35: Query SELECT timeCT, timeTT, timeSPE FROM mostactive WHERE steamid = 'STEAM_1:0:923062785'
L 07/13/2025 - 15:11:36: Query SELECT timeCT, timeTT, timeSPE FROM mostactive WHERE steamid = 'STEAM_1:1:590841514'
L 07/13/2025 - 15:26:22: Query UPDATE mostactive SET last_accountuse = 1752391582, playername = 'ᗜ◡ᗜ',timeCT = '9713',timeTT = '11044', timeSPE = '1171',total = '21928' WHERE steamid = 'STEAM_1:1:590841514';
L 07/13/2025 - 15:26:22: Query UPDATE mostactive SET last_accountuse = 1752391582, playername = '思',timeCT = '4840',timeTT = '5365', timeSPE = '772',total = '10977' WHERE steamid = 'STEAM_1:0:923062785';
L 07/13/2025 - 15:26:31: Query SELECT timeCT, timeTT, timeSPE FROM mostactive WHERE steamid = 'STEAM_1:0:923062785'
L 07/13/2025 - 15:26:32: Query SELECT timeCT, timeTT, timeSPE FROM mostactive WHERE steamid = 'STEAM_1:1:590841514'
L 07/13/2025 - 15:29:11: Query SELECT timeCT, timeTT, timeSPE FROM mostactive WHERE steamid = 'STEAM_1:0:888979204'
L 07/13/2025 - 15:29:24: Query SELECT timeCT, timeTT, timeSPE FROM mostactive WHERE steamid = 'STEAM_1:0:631481250'
L 07/13/2025 - 15:29:25: Query SELECT timeCT, timeTT, timeSPE FROM mostactive WHERE steamid = 'STEAM_1:0:485289027'
L 07/13/2025 - 15:30:25: Query SELECT timeCT, timeTT, timeSPE FROM mostactive WHERE steamid = 'STEAM_1:0:631481250'
L 07/13/2025 - 15:34:38: Query SELECT timeCT, timeTT, timeSPE FROM mostactive WHERE steamid = 'STEAM_1:1:801237070'
L 07/13/2025 - 15:34:45: Query UPDATE mostactive SET last_accountuse = 1752392085, playername = 'ᗜ◡ᗜ',timeCT = '9713',timeTT = '11514', timeSPE = '1195',total = '22422' WHERE steamid = 'STEAM_1:1:590841514';
L 07/13/2025 - 15:34:45: Query UPDATE mostactive SET last_accountuse = 1752392085, playername = 'Yy',timeCT = '3219',timeTT = '4101', timeSPE = '2379',total = '9699' WHERE steamid = 'STEAM_1:0:631481250';
L 07/13/2025 - 15:34:45: Query UPDATE mostactive SET last_accountuse = 1752392085, playername = '思',timeCT = '5330',timeTT = '5365', timeSPE = '776',total = '11471' WHERE steamid = 'STEAM_1:0:923062785';
L 07/13/2025 - 15:34:45: Query UPDATE mostactive SET last_accountuse = 1752392085, playername = 'Kobe Bryant',timeCT = '8370',timeTT = '10740', timeSPE = '543',total = '19653' WHERE steamid = 'STEAM_1:1:801237070';
