L 07/13/2025 - 10:32:44: Query CREATE TABLE IF NOT EXISTS `mostactive` (`playername` varchar(128) NOT NULL, `steamid` varchar(32) PRIMARY KEY NOT NULL,`last_accountuse` int(64) NOT NULL, `timeCT` INT( 16 ), `timeTT` INT( 16 ),`timeSPE` INT( 16 ), `total` INT( 16 ))
L 07/13/2025 - 10:32:44: Query DELETE FROM `mostactive` WHERE `last_accountuse`<'1750127564' AND `last_accountuse`>'0';
L 07/13/2025 - 10:32:44: Query SELECT timeCT, timeTT, timeSPE FROM mostactive WHERE steamid = 'STEAM_1:1:590841514'
L 07/13/2025 - 10:32:44: Query SELECT timeCT, timeTT, timeSPE FROM mostactive WHERE steamid = 'STEAM_1:1:801237070'
L 07/13/2025 - 10:32:44: Query SELECT timeCT, timeTT, timeSPE FROM mostactive WHERE steamid = 'STEAM_1:0:919518965'
L 07/13/2025 - 10:32:44: Query SELECT timeCT, timeTT, timeSPE FROM mostactive WHERE steamid = 'STEAM_1:0:631481250'
L 07/13/2025 - 10:32:44: Query SELECT timeCT, timeTT, timeSPE FROM mostactive WHERE steamid = 'STEAM_1:1:752993704'
L 07/13/2025 - 10:32:47: Query UPDATE mostactive SET last_accountuse = 1752373967, playername = 'ᗜ◡ᗜ',timeCT = '7559',timeTT = '8780', timeSPE = '344',total = '16683' WHERE steamid = 'STEAM_1:1:590841514';
L 07/13/2025 - 10:32:47: Query UPDATE mostactive SET last_accountuse = 1752373967, playername = 'Kobe Bryant',timeCT = '7617',timeTT = '6935', timeSPE = '512',total = '15064' WHERE steamid = 'STEAM_1:1:801237070';
L 07/13/2025 - 10:32:47: Query UPDATE mostactive SET last_accountuse = 1752373967, playername = '囧囧囧囧囧猫',timeCT = '58',timeTT = '0', timeSPE = '1',total = '59' WHERE steamid = 'STEAM_1:0:919518965';
L 07/13/2025 - 10:32:47: Query UPDATE mostactive SET last_accountuse = 1752373967, playername = 'Yy',timeCT = '2717',timeTT = '2277', timeSPE = '26',total = '5020' WHERE steamid = 'STEAM_1:0:631481250';
L 07/13/2025 - 10:32:47: Query UPDATE mostactive SET last_accountuse = 1752373967, playername = '(S)洛琪希是可爱的定义',timeCT = '1077',timeTT = '1446', timeSPE = '1655',total = '4178' WHERE steamid = 'STEAM_1:1:752993704';
L 07/13/2025 - 10:32:57: Query SELECT timeCT, timeTT, timeSPE FROM mostactive WHERE steamid = 'STEAM_1:0:631481250'
L 07/13/2025 - 10:32:58: Query SELECT timeCT, timeTT, timeSPE FROM mostactive WHERE steamid = 'STEAM_1:1:590841514'
L 07/13/2025 - 10:33:00: Query SELECT timeCT, timeTT, timeSPE FROM mostactive WHERE steamid = 'STEAM_1:0:919518965'
L 07/13/2025 - 10:33:01: Query SELECT timeCT, timeTT, timeSPE FROM mostactive WHERE steamid = 'STEAM_1:1:801237070'
L 07/13/2025 - 10:33:02: Query SELECT timeCT, timeTT, timeSPE FROM mostactive WHERE steamid = 'STEAM_1:1:752993704'
L 07/13/2025 - 10:35:59: Query SELECT timeCT, timeTT, timeSPE FROM mostactive WHERE steamid = 'STEAM_1:1:616323251'
L 07/13/2025 - 10:35:59: Query INSERT INTO mostactive(playername, steamid, last_accountuse, timeCT, timeTT, timeSPE, total) VALUES('po but mutation', 'STEAM_1:1:616323251', '1752374159', '0', '0', '0', '0');
L 07/13/2025 - 10:53:52: Query UPDATE mostactive SET last_accountuse = 1752375232, playername = 'ᗜ◡ᗜ',timeCT = '7747',timeTT = '9050', timeSPE = '1140',total = '17937' WHERE steamid = 'STEAM_1:1:590841514';
L 07/13/2025 - 10:53:52: Query UPDATE mostactive SET last_accountuse = 1752375232, playername = 'Kobe Bryant',timeCT = '7889',timeTT = '7902', timeSPE = '524',total = '16315' WHERE steamid = 'STEAM_1:1:801237070';
L 07/13/2025 - 10:53:52: Query UPDATE mostactive SET last_accountuse = 1752375232, playername = '囧囧囧囧囧猫',timeCT = '1040',timeTT = '263', timeSPE = '8',total = '1311' WHERE steamid = 'STEAM_1:0:919518965';
L 07/13/2025 - 10:53:52: Query UPDATE mostactive SET last_accountuse = 1752375232, playername = 'Yy',timeCT = '2989',timeTT = '3233', timeSPE = '52',total = '6274' WHERE steamid = 'STEAM_1:0:631481250';
L 07/13/2025 - 10:53:52: Query UPDATE mostactive SET last_accountuse = 1752375232, playername = '(S)洛琪希是可爱的定义',timeCT = '1077',timeTT = '1446', timeSPE = '2905',total = '5428' WHERE steamid = 'STEAM_1:1:752993704';
L 07/13/2025 - 10:53:52: Query UPDATE mostactive SET last_accountuse = 1752375232, playername = '(S)小波AFKing',timeCT = '112',timeTT = '0', timeSPE = '961',total = '1073' WHERE steamid = 'STEAM_1:1:616323251';
L 07/13/2025 - 10:53:59: Query SELECT timeCT, timeTT, timeSPE FROM mostactive WHERE steamid = 'STEAM_1:1:616323251'
L 07/13/2025 - 10:54:00: Query SELECT timeCT, timeTT, timeSPE FROM mostactive WHERE steamid = 'STEAM_1:0:631481250'
L 07/13/2025 - 10:54:00: Query SELECT timeCT, timeTT, timeSPE FROM mostactive WHERE steamid = 'STEAM_1:1:590841514'
L 07/13/2025 - 10:54:02: Query SELECT timeCT, timeTT, timeSPE FROM mostactive WHERE steamid = 'STEAM_1:1:752993704'
L 07/13/2025 - 10:54:03: Query SELECT timeCT, timeTT, timeSPE FROM mostactive WHERE steamid = 'STEAM_1:0:919518965'
L 07/13/2025 - 10:54:09: Query SELECT timeCT, timeTT, timeSPE FROM mostactive WHERE steamid = 'STEAM_1:1:801237070'
L 07/13/2025 - 10:59:14: Query UPDATE mostactive SET last_accountuse = 1752375554, playername = '(S)洛琪希是可爱的定义',timeCT = '1077',timeTT = '1447', timeSPE = '3215',total = '5739' WHERE steamid = 'STEAM_1:1:752993704';
L 07/13/2025 - 11:02:41: Query UPDATE mostactive SET last_accountuse = 1752375761, playername = 'ᗜ◡ᗜ',timeCT = '8043',timeTT = '9273', timeSPE = '1141',total = '18457' WHERE steamid = 'STEAM_1:1:590841514';
L 07/13/2025 - 11:02:41: Query UPDATE mostactive SET last_accountuse = 1752375761, playername = 'Kobe Bryant',timeCT = '8102',timeTT = '8198', timeSPE = '526',total = '16826' WHERE steamid = 'STEAM_1:1:801237070';
L 07/13/2025 - 11:02:41: Query UPDATE mostactive SET last_accountuse = 1752375761, playername = '囧囧囧囧囧猫',timeCT = '1336',timeTT = '483', timeSPE = '9',total = '1828' WHERE steamid = 'STEAM_1:0:919518965';
L 07/13/2025 - 11:02:41: Query UPDATE mostactive SET last_accountuse = 1752375761, playername = 'Yy',timeCT = '3212',timeTT = '3529', timeSPE = '53',total = '6794' WHERE steamid = 'STEAM_1:0:631481250';
L 07/13/2025 - 11:02:41: Query UPDATE mostactive SET last_accountuse = 1752375761, playername = '(S)小波AFKing',timeCT = '113',timeTT = '0', timeSPE = '1481',total = '1594' WHERE steamid = 'STEAM_1:1:616323251';
L 07/13/2025 - 11:02:47: Query SELECT timeCT, timeTT, timeSPE FROM mostactive WHERE steamid = 'STEAM_1:1:616323251'
L 07/13/2025 - 11:02:48: Query SELECT timeCT, timeTT, timeSPE FROM mostactive WHERE steamid = 'STEAM_1:0:631481250'
L 07/13/2025 - 11:02:49: Query SELECT timeCT, timeTT, timeSPE FROM mostactive WHERE steamid = 'STEAM_1:1:590841514'
L 07/13/2025 - 11:02:51: Query SELECT timeCT, timeTT, timeSPE FROM mostactive WHERE steamid = 'STEAM_1:0:919518965'
L 07/13/2025 - 11:02:57: Query SELECT timeCT, timeTT, timeSPE FROM mostactive WHERE steamid = 'STEAM_1:1:801237070'
L 07/13/2025 - 11:08:58: Query UPDATE mostactive SET last_accountuse = 1752376138, playername = 'Kobe Bryant',timeCT = '8153',timeTT = '8504', timeSPE = '530',total = '17187' WHERE steamid = 'STEAM_1:1:801237070';
L 07/13/2025 - 11:08:59: Query UPDATE mostactive SET last_accountuse = 1752376139, playername = 'ᗜ◡ᗜ',timeCT = '8360',timeTT = '9325', timeSPE = '1142',total = '18827' WHERE steamid = 'STEAM_1:1:590841514';
L 07/13/2025 - 11:09:03: Query UPDATE mostactive SET last_accountuse = 1752376143, playername = '囧囧囧囧囧猫',timeCT = '1651',timeTT = '539', timeSPE = '10',total = '2200' WHERE steamid = 'STEAM_1:0:919518965';
L 07/13/2025 - 11:09:12: Query UPDATE mostactive SET last_accountuse = 1752376152, playername = '(S)po but mutation',timeCT = '114',timeTT = '0', timeSPE = '1864',total = '1978' WHERE steamid = 'STEAM_1:1:616323251';
L 07/13/2025 - 11:46:53: Query UPDATE mostactive SET last_accountuse = 1752378413, playername = '(S)Yy',timeCT = '3219',timeTT = '3841', timeSPE = '2378',total = '9438' WHERE steamid = 'STEAM_1:0:631481250';
