L 07/12/2025 - 14:02:19: Query CREATE TABLE IF NOT EXISTS `mostactive` (`playername` varchar(128) NOT NULL, `steamid` varchar(32) PRIMARY KEY NOT NULL,`last_accountuse` int(64) NOT NULL, `timeCT` INT( 16 ), `timeTT` INT( 16 ),`timeSPE` INT( 16 ), `total` INT( 16 ))
L 07/12/2025 - 14:02:19: Query DELETE FROM `mostactive` WHERE `last_accountuse`<'1750053739' AND `last_accountuse`>'0';
L 07/12/2025 - 14:02:19: Query SELECT timeCT, timeTT, timeSPE FROM mostactive WHERE steamid = 'STEAM_1:0:923062785'
L 07/12/2025 - 14:02:19: Query SELECT timeCT, timeTT, timeSPE FROM mostactive WHERE steamid = 'STEAM_1:0:756384916'
L 07/12/2025 - 14:02:22: Query UPDATE mostactive SET last_accountuse = 1752300142, playername = '思',timeCT = '0',timeTT = '36', timeSPE = '15',total = '51' WHERE steamid = 'STEAM_1:0:923062785';
L 07/12/2025 - 14:02:22: Query UPDATE mostactive SET last_accountuse = 1752300142, playername = '若能化作基米',timeCT = '750',timeTT = '687', timeSPE = '112',total = '1549' WHERE steamid = 'STEAM_1:0:756384916';
L 07/12/2025 - 14:02:29: Query SELECT timeCT, timeTT, timeSPE FROM mostactive WHERE steamid = 'STEAM_1:0:923062785'
L 07/12/2025 - 14:02:34: Query SELECT timeCT, timeTT, timeSPE FROM mostactive WHERE steamid = 'STEAM_1:0:756384916'
L 07/12/2025 - 14:04:27: Query SELECT timeCT, timeTT, timeSPE FROM mostactive WHERE steamid = 'STEAM_1:1:801237070'
L 07/12/2025 - 14:09:34: Query SELECT timeCT, timeTT, timeSPE FROM mostactive WHERE steamid = 'STEAM_1:0:886323159'
L 07/12/2025 - 14:09:34: Query INSERT INTO mostactive(playername, steamid, last_accountuse, timeCT, timeTT, timeSPE, total) VALUES('ほっぽちゃん', 'STEAM_1:0:886323159', '1752300574', '0', '0', '0', '0');
L 07/12/2025 - 14:10:01: Query UPDATE mostactive SET last_accountuse = 1752300601, playername = 'SLE.low',timeCT = '269',timeTT = '210', timeSPE = '24',total = '503' WHERE steamid = 'STEAM_1:0:923062785';
L 07/12/2025 - 14:10:01: Query UPDATE mostactive SET last_accountuse = 1752300601, playername = 'Kobe Bryant',timeCT = '3191',timeTT = '3754', timeSPE = '247',total = '7192' WHERE steamid = 'STEAM_1:1:801237070';
L 07/12/2025 - 14:10:01: Query UPDATE mostactive SET last_accountuse = 1752300601, playername = 'ほっぽちゃん',timeCT = '0',timeTT = '26', timeSPE = '1',total = '27' WHERE steamid = 'STEAM_1:0:886323159';
L 07/12/2025 - 14:10:01: Query UPDATE mostactive SET last_accountuse = 1752300601, playername = '若能化作基米',timeCT = '1193',timeTT = '687', timeSPE = '116',total = '1996' WHERE steamid = 'STEAM_1:0:756384916';
L 07/12/2025 - 14:10:07: Query SELECT timeCT, timeTT, timeSPE FROM mostactive WHERE steamid = 'STEAM_1:0:923062785'
L 07/12/2025 - 14:10:08: Query SELECT timeCT, timeTT, timeSPE FROM mostactive WHERE steamid = 'STEAM_1:0:886323159'
L 07/12/2025 - 14:10:13: Query SELECT timeCT, timeTT, timeSPE FROM mostactive WHERE steamid = 'STEAM_1:1:801237070'
L 07/12/2025 - 14:10:14: Query SELECT timeCT, timeTT, timeSPE FROM mostactive WHERE steamid = 'STEAM_1:0:756384916'
L 07/12/2025 - 14:14:01: Query UPDATE mostactive SET last_accountuse = 1752300841, playername = 'SLE.low',timeCT = '443',timeTT = '258', timeSPE = '35',total = '736' WHERE steamid = 'STEAM_1:0:923062785';
L 07/12/2025 - 14:14:01: Query UPDATE mostactive SET last_accountuse = 1752300841, playername = 'Kobe Bryant',timeCT = '3239',timeTT = '3928', timeSPE = '253',total = '7420' WHERE steamid = 'STEAM_1:1:801237070';
L 07/12/2025 - 14:14:01: Query UPDATE mostactive SET last_accountuse = 1752300841, playername = 'ほっぽちゃん',timeCT = '48',timeTT = '200', timeSPE = '11',total = '259' WHERE steamid = 'STEAM_1:0:886323159';
L 07/12/2025 - 14:14:01: Query UPDATE mostactive SET last_accountuse = 1752300841, playername = 'SLE.jianqi',timeCT = '1367',timeTT = '735', timeSPE = '120',total = '2222' WHERE steamid = 'STEAM_1:0:756384916';
L 07/12/2025 - 14:14:07: Query SELECT timeCT, timeTT, timeSPE FROM mostactive WHERE steamid = 'STEAM_1:0:923062785'
L 07/12/2025 - 14:14:08: Query SELECT timeCT, timeTT, timeSPE FROM mostactive WHERE steamid = 'STEAM_1:0:886323159'
L 07/12/2025 - 14:14:13: Query SELECT timeCT, timeTT, timeSPE FROM mostactive WHERE steamid = 'STEAM_1:0:756384916'
L 07/12/2025 - 14:14:13: Query SELECT timeCT, timeTT, timeSPE FROM mostactive WHERE steamid = 'STEAM_1:1:801237070'
L 07/12/2025 - 14:15:50: Query SELECT timeCT, timeTT, timeSPE FROM mostactive WHERE steamid = 'STEAM_1:0:845964559'
L 07/12/2025 - 14:16:50: Query UPDATE mostactive SET last_accountuse = 1752301010, playername = 'SLE.low',timeCT = '525',timeTT = '329', timeSPE = '45',total = '899' WHERE steamid = 'STEAM_1:0:923062785';
L 07/12/2025 - 14:16:50: Query UPDATE mostactive SET last_accountuse = 1752301010, playername = '(S)Tom',timeCT = '4259',timeTT = '4584', timeSPE = '1727',total = '10570' WHERE steamid = 'STEAM_1:0:845964559';
L 07/12/2025 - 14:16:50: Query UPDATE mostactive SET last_accountuse = 1752301010, playername = 'Kobe Bryant',timeCT = '3310',timeTT = '4010', timeSPE = '257',total = '7577' WHERE steamid = 'STEAM_1:1:801237070';
L 07/12/2025 - 14:16:50: Query UPDATE mostactive SET last_accountuse = 1752301010, playername = 'ほっぽちゃん',timeCT = '119',timeTT = '282', timeSPE = '20',total = '421' WHERE steamid = 'STEAM_1:0:886323159';
L 07/12/2025 - 14:16:50: Query UPDATE mostactive SET last_accountuse = 1752301010, playername = '若能化作基米',timeCT = '1449',timeTT = '806', timeSPE = '125',total = '2380' WHERE steamid = 'STEAM_1:0:756384916';
L 07/12/2025 - 14:16:58: Query SELECT timeCT, timeTT, timeSPE FROM mostactive WHERE steamid = 'STEAM_1:0:923062785'
L 07/12/2025 - 14:16:59: Query SELECT timeCT, timeTT, timeSPE FROM mostactive WHERE steamid = 'STEAM_1:0:886323159'
L 07/12/2025 - 14:17:02: Query SELECT timeCT, timeTT, timeSPE FROM mostactive WHERE steamid = 'STEAM_1:0:756384916'
L 07/12/2025 - 14:17:05: Query SELECT timeCT, timeTT, timeSPE FROM mostactive WHERE steamid = 'STEAM_1:0:845964559'
L 07/12/2025 - 14:17:07: Query SELECT timeCT, timeTT, timeSPE FROM mostactive WHERE steamid = 'STEAM_1:1:801237070'
L 07/12/2025 - 14:18:29: Query SELECT timeCT, timeTT, timeSPE FROM mostactive WHERE steamid = 'STEAM_1:1:752993704'
L 07/12/2025 - 14:20:48: Query UPDATE mostactive SET last_accountuse = 1752301248, playername = 'SLE.low',timeCT = '670',timeTT = '414', timeSPE = '46',total = '1130' WHERE steamid = 'STEAM_1:0:923062785';
L 07/12/2025 - 14:20:48: Query UPDATE mostactive SET last_accountuse = 1752301248, playername = '(S)Tom',timeCT = '4259',timeTT = '4585', timeSPE = '1949',total = '10793' WHERE steamid = 'STEAM_1:0:845964559';
L 07/12/2025 - 14:20:48: Query UPDATE mostactive SET last_accountuse = 1752301248, playername = 'Kobe Bryant',timeCT = '3395',timeTT = '4145', timeSPE = '259',total = '7799' WHERE steamid = 'STEAM_1:1:801237070';
L 07/12/2025 - 14:20:48: Query UPDATE mostactive SET last_accountuse = 1752301248, playername = 'ほっぽちゃん',timeCT = '204',timeTT = '425', timeSPE = '21',total = '650' WHERE steamid = 'STEAM_1:0:886323159';
L 07/12/2025 - 14:20:48: Query UPDATE mostactive SET last_accountuse = 1752301248, playername = 'SLE.jianqi',timeCT = '1588',timeTT = '892', timeSPE = '126',total = '2606' WHERE steamid = 'STEAM_1:0:756384916';
L 07/12/2025 - 14:20:48: Query UPDATE mostactive SET last_accountuse = 1752301248, playername = '(S)ほしづきよ',timeCT = '1071',timeTT = '1446', timeSPE = '1357',total = '3874' WHERE steamid = 'STEAM_1:1:752993704';
L 07/12/2025 - 14:20:56: Query SELECT timeCT, timeTT, timeSPE FROM mostactive WHERE steamid = 'STEAM_1:0:923062785'
L 07/12/2025 - 14:20:57: Query SELECT timeCT, timeTT, timeSPE FROM mostactive WHERE steamid = 'STEAM_1:0:886323159'
L 07/12/2025 - 14:21:00: Query SELECT timeCT, timeTT, timeSPE FROM mostactive WHERE steamid = 'STEAM_1:1:752993704'
L 07/12/2025 - 14:21:01: Query SELECT timeCT, timeTT, timeSPE FROM mostactive WHERE steamid = 'STEAM_1:0:756384916'
L 07/12/2025 - 14:21:03: Query SELECT timeCT, timeTT, timeSPE FROM mostactive WHERE steamid = 'STEAM_1:0:845964559'
L 07/12/2025 - 14:21:04: Query SELECT timeCT, timeTT, timeSPE FROM mostactive WHERE steamid = 'STEAM_1:1:801237070'
L 07/12/2025 - 14:25:30: Query UPDATE mostactive SET last_accountuse = 1752301530, playername = '(S)ほしづきよ',timeCT = '1072',timeTT = '1446', timeSPE = '1625',total = '4143' WHERE steamid = 'STEAM_1:1:752993704';
L 07/12/2025 - 14:26:48: Query UPDATE mostactive SET last_accountuse = 1752301608, playername = 'SLE.low',timeCT = '772',timeTT = '664', timeSPE = '46',total = '1482' WHERE steamid = 'STEAM_1:0:923062785';
L 07/12/2025 - 14:26:48: Query UPDATE mostactive SET last_accountuse = 1752301608, playername = '(S)Tom',timeCT = '4259',timeTT = '4585', timeSPE = '2295',total = '11139' WHERE steamid = 'STEAM_1:0:845964559';
L 07/12/2025 - 14:26:48: Query UPDATE mostactive SET last_accountuse = 1752301608, playername = 'Kobe Bryant',timeCT = '3645',timeTT = '4237', timeSPE = '261',total = '8143' WHERE steamid = 'STEAM_1:1:801237070';
L 07/12/2025 - 14:26:48: Query UPDATE mostactive SET last_accountuse = 1752301608, playername = 'ほっぽちゃん',timeCT = '454',timeTT = '525', timeSPE = '22',total = '1001' WHERE steamid = 'STEAM_1:0:886323159';
L 07/12/2025 - 14:26:48: Query UPDATE mostactive SET last_accountuse = 1752301608, playername = '若能化作基米',timeCT = '1683',timeTT = '1143', timeSPE = '127',total = '2953' WHERE steamid = 'STEAM_1:0:756384916';
L 07/12/2025 - 14:26:59: Query SELECT timeCT, timeTT, timeSPE FROM mostactive WHERE steamid = 'STEAM_1:0:923062785'
L 07/12/2025 - 14:27:00: Query SELECT timeCT, timeTT, timeSPE FROM mostactive WHERE steamid = 'STEAM_1:0:886323159'
L 07/12/2025 - 14:27:08: Query SELECT timeCT, timeTT, timeSPE FROM mostactive WHERE steamid = 'STEAM_1:0:756384916'
L 07/12/2025 - 14:27:08: Query SELECT timeCT, timeTT, timeSPE FROM mostactive WHERE steamid = 'STEAM_1:0:845964559'
L 07/12/2025 - 14:27:10: Query SELECT timeCT, timeTT, timeSPE FROM mostactive WHERE steamid = 'STEAM_1:1:801237070'
L 07/12/2025 - 14:35:16: Query UPDATE mostactive SET last_accountuse = 1752302116, playername = 'Kobe Bryant',timeCT = '4035',timeTT = '4272', timeSPE = '321',total = '8628' WHERE steamid = 'STEAM_1:1:801237070';
L 07/12/2025 - 14:35:48: Query SELECT timeCT, timeTT, timeSPE FROM mostactive WHERE steamid = 'STEAM_1:1:801237070'
L 07/12/2025 - 14:38:19: Query UPDATE mostactive SET last_accountuse = 1752302299, playername = 'SLE.low',timeCT = '1183',timeTT = '882', timeSPE = '97',total = '2162' WHERE steamid = 'STEAM_1:0:923062785';
L 07/12/2025 - 14:38:19: Query UPDATE mostactive SET last_accountuse = 1752302299, playername = '(S)Tom',timeCT = '4301',timeTT = '4596', timeSPE = '2913',total = '11810' WHERE steamid = 'STEAM_1:0:845964559';
L 07/12/2025 - 14:38:19: Query UPDATE mostactive SET last_accountuse = 1752302299, playername = 'Kobe Bryant',timeCT = '4036',timeTT = '4415', timeSPE = '329',total = '8780' WHERE steamid = 'STEAM_1:1:801237070';
L 07/12/2025 - 14:38:19: Query UPDATE mostactive SET last_accountuse = 1752302299, playername = 'H9',timeCT = '672',timeTT = '971', timeSPE = '37',total = '1680' WHERE steamid = 'STEAM_1:0:886323159';
L 07/12/2025 - 14:38:19: Query UPDATE mostactive SET last_accountuse = 1752302299, playername = '若能化作基米',timeCT = '1901',timeTT = '1589', timeSPE = '134',total = '3624' WHERE steamid = 'STEAM_1:0:756384916';
L 07/12/2025 - 14:38:27: Query SELECT timeCT, timeTT, timeSPE FROM mostactive WHERE steamid = 'STEAM_1:0:923062785'
L 07/12/2025 - 14:38:28: Query SELECT timeCT, timeTT, timeSPE FROM mostactive WHERE steamid = 'STEAM_1:0:886323159'
L 07/12/2025 - 14:38:33: Query SELECT timeCT, timeTT, timeSPE FROM mostactive WHERE steamid = 'STEAM_1:0:845964559'
L 07/12/2025 - 14:38:34: Query SELECT timeCT, timeTT, timeSPE FROM mostactive WHERE steamid = 'STEAM_1:0:756384916'
L 07/12/2025 - 14:38:57: Query SELECT timeCT, timeTT, timeSPE FROM mostactive WHERE steamid = 'STEAM_1:1:801237070'
L 07/12/2025 - 14:45:04: Query UPDATE mostactive SET last_accountuse = 1752302704, playername = 'SLE.low',timeCT = '1331',timeTT = '1130', timeSPE = '98',total = '2559' WHERE steamid = 'STEAM_1:0:923062785';
L 07/12/2025 - 14:45:04: Query UPDATE mostactive SET last_accountuse = 1752302704, playername = '(S)Tom',timeCT = '4302',timeTT = '4596', timeSPE = '3303',total = '12201' WHERE steamid = 'STEAM_1:0:845964559';
L 07/12/2025 - 14:45:04: Query UPDATE mostactive SET last_accountuse = 1752302704, playername = 'Kobe Bryant',timeCT = '4151',timeTT = '4663', timeSPE = '333',total = '9147' WHERE steamid = 'STEAM_1:1:801237070';
L 07/12/2025 - 14:45:04: Query UPDATE mostactive SET last_accountuse = 1752302704, playername = '菌0H9',timeCT = '920',timeTT = '1118', timeSPE = '38',total = '2076' WHERE steamid = 'STEAM_1:0:886323159';
L 07/12/2025 - 14:45:04: Query UPDATE mostactive SET last_accountuse = 1752302704, playername = '若能化作基米',timeCT = '2149',timeTT = '1730', timeSPE = '135',total = '4014' WHERE steamid = 'STEAM_1:0:756384916';
L 07/12/2025 - 14:45:11: Query SELECT timeCT, timeTT, timeSPE FROM mostactive WHERE steamid = 'STEAM_1:0:923062785'
L 07/12/2025 - 14:45:12: Query SELECT timeCT, timeTT, timeSPE FROM mostactive WHERE steamid = 'STEAM_1:0:886323159'
L 07/12/2025 - 14:45:15: Query SELECT timeCT, timeTT, timeSPE FROM mostactive WHERE steamid = 'STEAM_1:0:756384916'
L 07/12/2025 - 14:45:17: Query SELECT timeCT, timeTT, timeSPE FROM mostactive WHERE steamid = 'STEAM_1:0:845964559'
L 07/12/2025 - 14:45:47: Query SELECT timeCT, timeTT, timeSPE FROM mostactive WHERE steamid = 'STEAM_1:1:801237070'
L 07/12/2025 - 14:52:45: Query UPDATE mostactive SET last_accountuse = 1752303165, playername = 'SLE.low',timeCT = '1634',timeTT = '1281', timeSPE = '98',total = '3013' WHERE steamid = 'STEAM_1:0:923062785';
L 07/12/2025 - 14:52:45: Query UPDATE mostactive SET last_accountuse = 1752303165, playername = '(S)Tom',timeCT = '4303',timeTT = '4596', timeSPE = '3751',total = '12650' WHERE steamid = 'STEAM_1:0:845964559';
L 07/12/2025 - 14:52:45: Query UPDATE mostactive SET last_accountuse = 1752303165, playername = 'Kobe Bryant',timeCT = '4416',timeTT = '4814', timeSPE = '335',total = '9565' WHERE steamid = 'STEAM_1:1:801237070';
L 07/12/2025 - 14:52:45: Query UPDATE mostactive SET last_accountuse = 1752303165, playername = 'ほっぽちゃん',timeCT = '1070',timeTT = '1417', timeSPE = '42',total = '2529' WHERE steamid = 'STEAM_1:0:886323159';
L 07/12/2025 - 14:52:45: Query UPDATE mostactive SET last_accountuse = 1752303165, playername = '若能化作基米',timeCT = '2300',timeTT = '2029', timeSPE = '136',total = '4465' WHERE steamid = 'STEAM_1:0:756384916';
L 07/12/2025 - 14:52:55: Query SELECT timeCT, timeTT, timeSPE FROM mostactive WHERE steamid = 'STEAM_1:0:923062785'
L 07/12/2025 - 14:52:56: Query SELECT timeCT, timeTT, timeSPE FROM mostactive WHERE steamid = 'STEAM_1:0:886323159'
L 07/12/2025 - 14:53:00: Query SELECT timeCT, timeTT, timeSPE FROM mostactive WHERE steamid = 'STEAM_1:0:756384916'
L 07/12/2025 - 14:53:01: Query SELECT timeCT, timeTT, timeSPE FROM mostactive WHERE steamid = 'STEAM_1:0:845964559'
L 07/12/2025 - 14:53:03: Query SELECT timeCT, timeTT, timeSPE FROM mostactive WHERE steamid = 'STEAM_1:1:801237070'
L 07/12/2025 - 14:58:05: Query UPDATE mostactive SET last_accountuse = 1752303485, playername = 'SLE.low',timeCT = '1703',timeTT = '1522', timeSPE = '98',total = '3323' WHERE steamid = 'STEAM_1:0:923062785';
L 07/12/2025 - 14:58:05: Query UPDATE mostactive SET last_accountuse = 1752303485, playername = '(S)Tom',timeCT = '4304',timeTT = '4596', timeSPE = '4055',total = '12955' WHERE steamid = 'STEAM_1:0:845964559';
L 07/12/2025 - 14:58:05: Query UPDATE mostactive SET last_accountuse = 1752303485, playername = 'Kobe Bryant',timeCT = '4476',timeTT = '5055', timeSPE = '337',total = '9868' WHERE steamid = 'STEAM_1:1:801237070';
L 07/12/2025 - 14:58:05: Query UPDATE mostactive SET last_accountuse = 1752303485, playername = 'ほっぽちゃん',timeCT = '1311',timeTT = '1484', timeSPE = '43',total = '2838' WHERE steamid = 'STEAM_1:0:886323159';
L 07/12/2025 - 14:58:05: Query UPDATE mostactive SET last_accountuse = 1752303485, playername = '若能化作基米',timeCT = '2541',timeTT = '2093', timeSPE = '137',total = '4771' WHERE steamid = 'STEAM_1:0:756384916';
L 07/12/2025 - 14:58:12: Query SELECT timeCT, timeTT, timeSPE FROM mostactive WHERE steamid = 'STEAM_1:0:923062785'
L 07/12/2025 - 14:58:13: Query SELECT timeCT, timeTT, timeSPE FROM mostactive WHERE steamid = 'STEAM_1:0:886323159'
L 07/12/2025 - 14:58:17: Query SELECT timeCT, timeTT, timeSPE FROM mostactive WHERE steamid = 'STEAM_1:0:756384916'
L 07/12/2025 - 14:58:17: Query SELECT timeCT, timeTT, timeSPE FROM mostactive WHERE steamid = 'STEAM_1:0:845964559'
L 07/12/2025 - 14:58:18: Query SELECT timeCT, timeTT, timeSPE FROM mostactive WHERE steamid = 'STEAM_1:1:801237070'
L 07/12/2025 - 14:58:43: Query UPDATE mostactive SET last_accountuse = 1752303523, playername = 'SLE.low',timeCT = '1703',timeTT = '1553', timeSPE = '98',total = '3354' WHERE steamid = 'STEAM_1:0:923062785';
L 07/12/2025 - 14:58:43: Query UPDATE mostactive SET last_accountuse = 1752303523, playername = '(S)Tom',timeCT = '4304',timeTT = '4596', timeSPE = '4081',total = '12981' WHERE steamid = 'STEAM_1:0:845964559';
L 07/12/2025 - 14:58:43: Query UPDATE mostactive SET last_accountuse = 1752303523, playername = 'Kobe Bryant',timeCT = '4476',timeTT = '5079', timeSPE = '338',total = '9893' WHERE steamid = 'STEAM_1:1:801237070';
L 07/12/2025 - 14:58:43: Query UPDATE mostactive SET last_accountuse = 1752303523, playername = 'ほっぽちゃん',timeCT = '1341',timeTT = '1484', timeSPE = '43',total = '2868' WHERE steamid = 'STEAM_1:0:886323159';
L 07/12/2025 - 14:58:43: Query UPDATE mostactive SET last_accountuse = 1752303523, playername = '若能化作基米',timeCT = '2567',timeTT = '2093', timeSPE = '137',total = '4797' WHERE steamid = 'STEAM_1:0:756384916';
L 07/12/2025 - 14:59:02: Query SELECT timeCT, timeTT, timeSPE FROM mostactive WHERE steamid = 'STEAM_1:0:923062785'
L 07/12/2025 - 14:59:08: Query SELECT timeCT, timeTT, timeSPE FROM mostactive WHERE steamid = 'STEAM_1:0:756384916'
L 07/12/2025 - 15:11:20: Query UPDATE mostactive SET last_accountuse = 1752304280, playername = '若能化作基米',timeCT = '2567',timeTT = '2773', timeSPE = '189',total = '5529' WHERE steamid = 'STEAM_1:0:756384916';
L 07/12/2025 - 15:13:27: Query UPDATE mostactive SET last_accountuse = 1752304407, playername = 'SLE.low',timeCT = '1727',timeTT = '2335', timeSPE = '157',total = '4219' WHERE steamid = 'STEAM_1:0:923062785';
