L 07/14/2025 - 18:36:08: Query CREATE TABLE IF NOT EXISTS `mostactive` (`playername` varchar(128) NOT NULL, `steamid` varchar(32) PRIMARY KEY NOT NULL,`last_accountuse` int(64) NOT NULL, `timeCT` INT( 16 ), `timeTT` INT( 16 ),`timeSPE` INT( 16 ), `total` INT( 16 ))
L 07/14/2025 - 18:36:08: Query DELETE FROM `mostactive` WHERE `last_accountuse`<'1750242968' AND `last_accountuse`>'0';
L 07/14/2025 - 18:36:08: Query SELECT timeCT, timeTT, timeSPE FROM mostactive WHERE steamid = 'STEAM_1:1:590841514'
L 07/14/2025 - 18:36:11: Query UPDATE mostactive SET last_accountuse = 1752489371, playername = '(ᗜᴗᗜ)',timeCT = '14123',timeTT = '17713', timeSPE = '7290',total = '39126' WHERE steamid = 'STEAM_1:1:590841514';
L 07/14/2025 - 18:36:20: Query SELECT timeCT, timeTT, timeSPE FROM mostactive WHERE steamid = 'STEAM_1:1:590841514'
L 07/14/2025 - 18:37:30: Query SELECT timeCT, timeTT, timeSPE FROM mostactive WHERE steamid = 'STEAM_1:1:619101967'
L 07/14/2025 - 18:41:57: Query UPDATE mostactive SET last_accountuse = 1752489717, playername = '(ᗜᴗᗜ)',timeCT = '14163',timeTT = '18006', timeSPE = '7293',total = '39462' WHERE steamid = 'STEAM_1:1:590841514';
L 07/14/2025 - 18:41:57: Query UPDATE mostactive SET last_accountuse = 1752489717, playername = 'suki',timeCT = '4081',timeTT = '5346', timeSPE = '2269',total = '11696' WHERE steamid = 'STEAM_1:1:619101967';
L 07/14/2025 - 18:42:04: Query SELECT timeCT, timeTT, timeSPE FROM mostactive WHERE steamid = 'STEAM_1:1:590841514'
L 07/14/2025 - 18:42:05: Query SELECT timeCT, timeTT, timeSPE FROM mostactive WHERE steamid = 'STEAM_1:1:619101967'
L 07/14/2025 - 18:48:48: Query UPDATE mostactive SET last_accountuse = 1752490128, playername = '(ᗜᴗᗜ)',timeCT = '14380',timeTT = '18187', timeSPE = '7297',total = '39864' WHERE steamid = 'STEAM_1:1:590841514';
L 07/14/2025 - 18:48:48: Query UPDATE mostactive SET last_accountuse = 1752490128, playername = 'suki',timeCT = '4262',timeTT = '5565', timeSPE = '2271',total = '12098' WHERE steamid = 'STEAM_1:1:619101967';
L 07/14/2025 - 18:48:55: Query SELECT timeCT, timeTT, timeSPE FROM mostactive WHERE steamid = 'STEAM_1:1:590841514'
L 07/14/2025 - 18:48:56: Query SELECT timeCT, timeTT, timeSPE FROM mostactive WHERE steamid = 'STEAM_1:1:619101967'
L 07/14/2025 - 18:49:33: Query SELECT timeCT, timeTT, timeSPE FROM mostactive WHERE steamid = 'STEAM_1:0:923062785'
L 07/14/2025 - 18:55:30: Query UPDATE mostactive SET last_accountuse = 1752490530, playername = '(S)(ᗜᴗᗜ)',timeCT = '14612',timeTT = '18327', timeSPE = '7320',total = '40259' WHERE steamid = 'STEAM_1:1:590841514';
L 07/14/2025 - 18:55:30: Query UPDATE mostactive SET last_accountuse = 1752490530, playername = 'suki',timeCT = '4417',timeTT = '5803', timeSPE = '2272',total = '12492' WHERE steamid = 'STEAM_1:1:619101967';
L 07/14/2025 - 18:55:30: Query UPDATE mostactive SET last_accountuse = 1752490530, playername = '(S)落红不为低头',timeCT = '12989',timeTT = '13804', timeSPE = '1308',total = '28101' WHERE steamid = 'STEAM_1:0:923062785';
L 07/14/2025 - 18:55:40: Query SELECT timeCT, timeTT, timeSPE FROM mostactive WHERE steamid = 'STEAM_1:0:923062785'
L 07/14/2025 - 18:55:40: Query SELECT timeCT, timeTT, timeSPE FROM mostactive WHERE steamid = 'STEAM_1:1:590841514'
L 07/14/2025 - 18:55:41: Query SELECT timeCT, timeTT, timeSPE FROM mostactive WHERE steamid = 'STEAM_1:1:619101967'
L 07/14/2025 - 18:56:09: Query UPDATE mostactive SET last_accountuse = 1752490569, playername = '(S)落红不为低头',timeCT = '12989',timeTT = '13805', timeSPE = '1336',total = '28130' WHERE steamid = 'STEAM_1:0:923062785';
L 07/14/2025 - 18:57:56: Query SELECT timeCT, timeTT, timeSPE FROM mostactive WHERE steamid = 'STEAM_1:0:923062785'
L 07/14/2025 - 19:02:58: Query UPDATE mostactive SET last_accountuse = 1752490978, playername = '(S)落红不为低头',timeCT = '12989',timeTT = '13805', timeSPE = '1639',total = '28433' WHERE steamid = 'STEAM_1:0:923062785';
L 07/14/2025 - 19:03:10: Query UPDATE mostactive SET last_accountuse = 1752490990, playername = '(ᗜᴗᗜ)',timeCT = '14858',timeTT = '18530', timeSPE = '7321',total = '40709' WHERE steamid = 'STEAM_1:1:590841514';
L 07/14/2025 - 19:03:10: Query UPDATE mostactive SET last_accountuse = 1752490990, playername = 'suki',timeCT = '4620',timeTT = '6048', timeSPE = '2273',total = '12941' WHERE steamid = 'STEAM_1:1:619101967';
L 07/14/2025 - 19:03:17: Query SELECT timeCT, timeTT, timeSPE FROM mostactive WHERE steamid = 'STEAM_1:1:590841514'
L 07/14/2025 - 19:03:18: Query SELECT timeCT, timeTT, timeSPE FROM mostactive WHERE steamid = 'STEAM_1:1:619101967'
L 07/14/2025 - 19:03:46: Query UPDATE mostactive SET last_accountuse = 1752491026, playername = 'suki',timeCT = '4620',timeTT = '6075', timeSPE = '2274',total = '12969' WHERE steamid = 'STEAM_1:1:619101967';
L 07/14/2025 - 19:03:47: Query UPDATE mostactive SET last_accountuse = 1752491027, playername = '(S)(ᗜᴗᗜ)',timeCT = '14884',timeTT = '18530', timeSPE = '7325',total = '40739' WHERE steamid = 'STEAM_1:1:590841514';
